Archive member included to satisfy reference by file (symbol)

c:/program files/microchip/xc32/v4.20/bin/bin/../../lib/gcc/pic32c/8.3.1/../../../../pic32c/lib/arm/v5te/nofp\libpic32c.a(data_init_wrapper.o)
                              build/lcdc_rgba888_mxt_9x60_wvga/debug/_ext/2052985144/cstartup.o (__pic32c_data_initialization)
c:/program files/microchip/xc32/v4.20/bin/bin/../../lib/gcc/pic32c/8.3.1/../../../../pic32c/lib/arm/v5te/nofp\libpic32c.a(data_init_0_1.o)
                              c:/program files/microchip/xc32/v4.20/bin/bin/../../lib/gcc/pic32c/8.3.1/../../../../pic32c/lib/arm/v5te/nofp\libpic32c.a(data_init_wrapper.o) (__pic32c_data_initialization_impl)
c:/program files/microchip/xc32/v4.20/bin/bin/../../lib/gcc/pic32c/8.3.1/arm/v5te/nofp\libgcc.a(_udivsi3.o)
                              build/lcdc_rgba888_mxt_9x60_wvga/debug/_ext/1121151461/gfx_canvas.o (__aeabi_uidiv)
c:/program files/microchip/xc32/v4.20/bin/bin/../../lib/gcc/pic32c/8.3.1/arm/v5te/nofp\libgcc.a(_divsi3.o)
                              build/lcdc_rgba888_mxt_9x60_wvga/debug/_ext/305146849/legato_math.o (__aeabi_idiv)
c:/program files/microchip/xc32/v4.20/bin/bin/../../lib/gcc/pic32c/8.3.1/arm/v5te/nofp\libgcc.a(_dvmd_tls.o)
                              c:/program files/microchip/xc32/v4.20/bin/bin/../../lib/gcc/pic32c/8.3.1/arm/v5te/nofp\libgcc.a(_udivsi3.o) (__aeabi_idiv0)
c:/program files/microchip/xc32/v4.20/bin/bin/../../lib/gcc/pic32c/8.3.1/arm/v5te/nofp\libgcc.a(_arm_addsubdf3.o)
                              build/lcdc_rgba888_mxt_9x60_wvga/debug/_ext/1360937237/app_scene2.o (__aeabi_i2d)
c:/program files/microchip/xc32/v4.20/bin/bin/../../lib/gcc/pic32c/8.3.1/arm/v5te/nofp\libgcc.a(_arm_muldivdf3.o)
                              build/lcdc_rgba888_mxt_9x60_wvga/debug/_ext/1360937237/app_scene2.o (__aeabi_dmul)
c:/program files/microchip/xc32/v4.20/bin/bin/../../lib/gcc/pic32c/8.3.1/arm/v5te/nofp\libgcc.a(_arm_fixunsdfsi.o)
                              build/lcdc_rgba888_mxt_9x60_wvga/debug/_ext/1360937237/app_scene2.o (__aeabi_d2uiz)
c:/program files/microchip/xc32/v4.20/bin/bin/../../lib/gcc/pic32c/8.3.1/arm/v5te/nofp\libgcc.a(_arm_addsubsf3.o)
                              build/lcdc_rgba888_mxt_9x60_wvga/debug/_ext/305146849/legato_math.o (__aeabi_fsub)
c:/program files/microchip/xc32/v4.20/bin/bin/../../lib/gcc/pic32c/8.3.1/arm/v5te/nofp\libgcc.a(_arm_muldivsf3.o)
                              build/lcdc_rgba888_mxt_9x60_wvga/debug/_ext/1165331637/gfx_driver.o (__aeabi_fmul)
c:/program files/microchip/xc32/v4.20/bin/bin/../../lib/gcc/pic32c/8.3.1/arm/v5te/nofp\libgcc.a(_arm_cmpsf2.o)
                              build/lcdc_rgba888_mxt_9x60_wvga/debug/_ext/305146849/legato_math.o (__aeabi_fcmplt)
c:/program files/microchip/xc32/v4.20/bin/bin/../../lib/gcc/pic32c/8.3.1/arm/v5te/nofp\libgcc.a(_arm_fixsfsi.o)
                              build/lcdc_rgba888_mxt_9x60_wvga/debug/_ext/1165331637/gfx_driver.o (__aeabi_f2iz)
c:/program files/microchip/xc32/v4.20/bin/bin/../../lib/gcc/pic32c/8.3.1/arm/v5te/nofp\libgcc.a(_arm_fixunssfsi.o)
                              build/lcdc_rgba888_mxt_9x60_wvga/debug/_ext/1165331637/gfx_driver.o (__aeabi_f2uiz)
c:/program files/microchip/xc32/v4.20/bin/bin/../../lib/gcc/pic32c/8.3.1/arm/v5te/nofp\libgcc.a(_aeabi_uldivmod.o)
                              build/lcdc_rgba888_mxt_9x60_wvga/debug/_ext/1812361045/sys_time.o (__aeabi_uldivmod)
c:/program files/microchip/xc32/v4.20/bin/bin/../../lib/gcc/pic32c/8.3.1/arm/v5te/nofp\libgcc.a(_udivmoddi4.o)
                              c:/program files/microchip/xc32/v4.20/bin/bin/../../lib/gcc/pic32c/8.3.1/arm/v5te/nofp\libgcc.a(_aeabi_uldivmod.o) (__udivmoddi4)
c:/program files/microchip/xc32/v4.20/bin/bin/../../lib/gcc/pic32c/8.3.1/../../../../pic32c/lib/arm/v5te/nofp\libm-musl.a(atan.o)
                              build/lcdc_rgba888_mxt_9x60_wvga/debug/_ext/305146849/legato_math.o (atan)
c:/program files/microchip/xc32/v4.20/bin/bin/../../lib/gcc/pic32c/8.3.1/../../../../pic32c/lib/arm/v5te/nofp\libm-musl.a(fabs.o)
                              c:/program files/microchip/xc32/v4.20/bin/bin/../../lib/gcc/pic32c/8.3.1/../../../../pic32c/lib/arm/v5te/nofp\libm-musl.a(atan.o) (fabs)
c:/program files/microchip/xc32/v4.20/bin/bin/../../lib/gcc/pic32c/8.3.1/../../../../pic32c/lib/arm/v5te/nofp\libg-musl.a(__libc_start_main.o)
                              build/lcdc_rgba888_mxt_9x60_wvga/debug/_ext/2052985144/cstartup.o (__libc_init_array)
c:/program files/microchip/xc32/v4.20/bin/bin/../../lib/gcc/pic32c/8.3.1/../../../../pic32c/lib/arm/v5te/nofp\libg-musl.a(libc.o)
                              c:/program files/microchip/xc32/v4.20/bin/bin/../../lib/gcc/pic32c/8.3.1/../../../../pic32c/lib/arm/v5te/nofp\libg-musl.a(__libc_start_main.o) (__progname_full)
c:/program files/microchip/xc32/v4.20/bin/bin/../../lib/gcc/pic32c/8.3.1/../../../../pic32c/lib/arm/v5te/nofp\libg-musl.a(__sio_printf_doux.o)
[...]
Memory Configuration

Name             Origin             Length             Attributes
sram             0x00300000         0x00010000         xw
ram              0x21000000         0x07000000         xwl !r
ram_nocache      0x20000000         0x01000000         !xrw
rom              0x00000000         0x00000000         xrl
*default*        0x00000000         0xffffffff

Linker script and memory map

LOAD c:/program files/microchip/xc32/v4.20/bin/bin/../../lib/gcc/pic32c/8.3.1/arm/v5te/nofp/crti.o
LOAD c:/program files/microchip/xc32/v4.20/bin/bin/../../lib/gcc/pic32c/8.3.1/arm/v5te/nofp/crtbegin.o
LOAD build/lcdc_rgba888_mxt_9x60_wvga/debug/_ext/236556520/bsp.o
LOAD build/lcdc_rgba888_mxt_9x60_wvga/debug/_ext/103208383/drv_i2c.o
LOAD build/lcdc_rgba888_mxt_9x60_wvga/debug/_ext/1959449242/drv_maxtouch.o
LOAD build/lcdc_rgba888_mxt_9x60_wvga/debug/_ext/1121151461/gfx_canvas_api.o
LOAD build/lcdc_rgba888_mxt_9x60_wvga/debug/_ext/1121151461/gfx_canvas.o
LOAD build/lcdc_rgba888_mxt_9x60_wvga/debug/_ext/1165331637/gfx_driver.o
LOAD build/lcdc_rgba888_mxt_9x60_wvga/debug/_ext/129784465/drv_gfx_lcdc.o
LOAD build/lcdc_rgba888_mxt_9x60_wvga/debug/_ext/305146849/legato_math.o
LOAD build/lcdc_rgba888_mxt_9x60_wvga/debug/_ext/305146849/legato_color_blend.o
LOAD build/lcdc_rgba888_mxt_9x60_wvga/debug/_ext/305146849/legato_color_convert.o
LOAD build/lcdc_rgba888_mxt_9x60_wvga/debug/_ext/305146849/legato_rect.o
LOAD build/lcdc_rgba888_mxt_9x60_wvga/debug/_ext/305146849/legato_color_value.o
LOAD build/lcdc_rgba888_mxt_9x60_wvga/debug/_ext/305146849/legato_utils.o
LOAD build/lcdc_rgba888_mxt_9x60_wvga/debug/_ext/305146849/legato_pixelbuffer.o
LOAD build/lcdc_rgba888_mxt_9x60_wvga/debug/_ext/305146849/legato_color_lerp.o
LOAD build/lcdc_rgba888_mxt_9x60_wvga/debug/_ext/305146849/legato_error.o
LOAD build/lcdc_rgba888_mxt_9x60_wvga/debug/_ext/305146849/legato_color.o
LOAD build/lcdc_rgba888_mxt_9x60_wvga/debug/_ext/1618192685/legato_state.o
LOAD build/lcdc_rgba888_mxt_9x60_wvga/debug/_ext/1618192685/legato_stream.o
LOAD build/lcdc_rgba888_mxt_9x60_wvga/debug/_ext/1618192685/legato_scheme.o
LOAD build/lcdc_rgba888_mxt_9x60_wvga/debug/_ext/1618192685/legato_event.o
LOAD build/lcdc_rgba888_mxt_9x60_wvga/debug/_ext/1618192685/legato_input.o
LOAD build/lcdc_rgba888_mxt_9x60_wvga/debug/_ext/109670485/legato_rectarray.o
LOAD build/lcdc_rgba888_mxt_9x60_wvga/debug/_ext/109670485/legato_array.o
LOAD build/lcdc_rgba888_mxt_9x60_wvga/debug/_ext/109670485/legato_list.o
LOAD build/lcdc_rgba888_mxt_9x60_wvga/debug/_ext/1618103421/legato_rasterfont_liberationmono1.o
LOAD build/lcdc_rgba888_mxt_9x60_wvga/debug/_ext/1618103421/legato_rasterfont_stream.o
LOAD build/lcdc_rgba888_mxt_9x60_wvga/debug/_ext/1618103421/legato_font.o
LOAD build/lcdc_rgba888_mxt_9x60_wvga/debug/_ext/1618103421/legato_rasterfont_liberationmono8.o
LOAD build/lcdc_rgba888_mxt_9x60_wvga/debug/_ext/644506877/le_gen_fonts.o
LOAD build/lcdc_rgba888_mxt_9x60_wvga/debug/_ext/1497821479/le_gen_images.o
LOAD build/lcdc_rgba888_mxt_9x60_wvga/debug/_ext/534613472/le_gen_screen_Screen0.o
LOAD build/lcdc_rgba888_mxt_9x60_wvga/debug/_ext/706129189/le_gen_init.o
LOAD build/lcdc_rgba888_mxt_9x60_wvga/debug/_ext/706129189/le_gen_globalpalette.o
LOAD build/lcdc_rgba888_mxt_9x60_wvga/debug/_ext/706129189/le_gen_scheme.o
LOAD build/lcdc_rgba888_mxt_9x60_wvga/debug/_ext/706129189/le_gen_stringtable.o
LOAD build/lcdc_rgba888_mxt_9x60_wvga/debug/_ext/706129189/le_gen_harmony.o
LOAD build/lcdc_rgba888_mxt_9x60_wvga/debug/_ext/2086705360/legato_imagedecoder_jpeg.o
LOAD build/lcdc_rgba888_mxt_9x60_wvga/debug/_ext/2086705360/legato_imagedecoder_jpeg_common.o
LOAD build/lcdc_rgba888_mxt_9x60_wvga/debug/_ext/2086705360/jidctint.o
LOAD build/lcdc_rgba888_mxt_9x60_wvga/debug/_ext/2086794059/legato_imagedecoder_mono_read_stream.o
LOAD build/lcdc_rgba888_mxt_9x60_wvga/debug/_ext/2086794059/legato_imagedecoder_mono_read_internal.o
LOAD build/lcdc_rgba888_mxt_9x60_wvga/debug/_ext/2086794059/legato_imagedecoder_mono.o
LOAD build/lcdc_rgba888_mxt_9x60_wvga/debug/_ext/1872343871/lodepng.o
LOAD build/lcdc_rgba888_mxt_9x60_wvga/debug/_ext/1872343871/legato_imagedecoder_png.o
LOAD build/lcdc_rgba888_mxt_9x60_wvga/debug/_ext/1872342336/legato_imagedecoder_raw_setup.o
LOAD build/lcdc_rgba888_mxt_9x60_wvga/debug/_ext/1872342336/legato_imagedecoder_raw_scale.o
LOAD build/lcdc_rgba888_mxt_9x60_wvga/debug/_ext/1872342336/legato_imagedecoder_raw.o
LOAD build/lcdc_rgba888_mxt_9x60_wvga/debug/_ext/1872342336/legato_imagedecoder_raw_read_internal.o
LOAD build/lcdc_rgba888_mxt_9x60_wvga/debug/_ext/1872342336/legato_imagedecoder_raw_write.o
LOAD build/lcdc_rgba888_mxt_9x60_wvga/debug/_ext/1872342336/legato_imagedecoder_raw_blend.o
LOAD build/lcdc_rgba888_mxt_9x60_wvga/debug/_ext/1872342336/legato_imagedecoder_raw_mask.o
LOAD build/lcdc_rgba888_mxt_9x60_wvga/debug/_ext/1872342336/legato_imagedecoder_raw_convert.o
LOAD build/lcdc_rgba888_mxt_9x60_wvga/debug/_ext/1872342336/legato_imagedecoder_raw_rotate.o
LOAD build/lcdc_rgba888_mxt_9x60_wvga/debug/_ext/1872342336/legato_imagedecoder_raw_read_stream_rleindex.o
LOAD build/lcdc_rgba888_mxt_9x60_wvga/debug/_ext/1872342336/legato_imagedecoder_raw_palette_internal.o
LOAD build/lcdc_rgba888_mxt_9x60_wvga/debug/_ext/1872342336/legato_imagedecoder_raw_read_stream_index.o
LOAD build/lcdc_rgba888_mxt_9x60_wvga/debug/_ext/1872342336/legato_imagedecoder_raw_read_stream_color.o
LOAD build/lcdc_rgba888_mxt_9x60_wvga/debug/_ext/1872342336/legato_imagedecoder_raw_read_stream_rlecolor.o
LOAD build/lcdc_rgba888_mxt_9x60_wvga/debug/_ext/1872342336/legato_imagedecoder_raw_palette_stream.o
LOAD build/lcdc_rgba888_mxt_9x60_wvga/debug/_ext/1381099687/legato_image_utils.o
LOAD build/lcdc_rgba888_mxt_9x60_wvga/debug/_ext/1381099687/legato_image.o
LOAD build/lcdc_rgba888_mxt_9x60_wvga/debug/_ext/1381099687/legato_palette.o
LOAD build/lcdc_rgba888_mxt_9x60_wvga/debug/_ext/28088523/legato_fixedheap.o
LOAD build/lcdc_rgba888_mxt_9x60_wvga/debug/_ext/28088523/legato_memory.o
LOAD build/lcdc_rgba888_mxt_9x60_wvga/debug/_ext/28088523/legato_variableheap.o
LOAD build/lcdc_rgba888_mxt_9x60_wvga/debug/_ext/1081070089/legato_draw_rect.o
LOAD build/lcdc_rgba888_mxt_9x60_wvga/debug/_ext/1081070089/legato_draw_line.o
LOAD build/lcdc_rgba888_mxt_9x60_wvga/debug/_ext/1081070089/legato_renderer.o
LOAD build/lcdc_rgba888_mxt_9x60_wvga/debug/_ext/1081070089/legato_draw.o
LOAD build/lcdc_rgba888_mxt_9x60_wvga/debug/_ext/1081070089/legato_draw_arc.o
LOAD build/lcdc_rgba888_mxt_9x60_wvga/debug/_ext/1081070089/legato_gpu.o
LOAD build/lcdc_rgba888_mxt_9x60_wvga/debug/_ext/157682245/legato_string_renderer.o
LOAD build/lcdc_rgba888_mxt_9x60_wvga/debug/_ext/157682245/legato_stringutils.o
LOAD build/lcdc_rgba888_mxt_9x60_wvga/debug/_ext/157682245/legato_dynamicstring.o
LOAD build/lcdc_rgba888_mxt_9x60_wvga/debug/_ext/157682245/legato_tablestring.o
LOAD build/lcdc_rgba888_mxt_9x60_wvga/debug/_ext/157682245/legato_string.o
LOAD build/lcdc_rgba888_mxt_9x60_wvga/debug/_ext/157682245/legato_string_renderer_stream.o
LOAD build/lcdc_rgba888_mxt_9x60_wvga/debug/_ext/157682245/legato_fixedstring.o
LOAD build/lcdc_rgba888_mxt_9x60_wvga/debug/_ext/157682245/legato_stringtable.o
LOAD build/lcdc_rgba888_mxt_9x60_wvga/debug/_ext/1029185477/legato_widget_arc.o
LOAD build/lcdc_rgba888_mxt_9x60_wvga/debug/_ext/1029185477/legato_widget_arc_skin_classic.o
LOAD build/lcdc_rgba888_mxt_9x60_wvga/debug/_ext/1946336466/legato_widget_bar_graph.o
LOAD build/lcdc_rgba888_mxt_9x60_wvga/debug/_ext/1946336466/legato_widget_bar_graph_skin_classic.o
LOAD build/lcdc_rgba888_mxt_9x60_wvga/debug/_ext/1339002025/legato_widget_button.o
LOAD build/lcdc_rgba888_mxt_9x60_wvga/debug/_ext/1339002025/legato_widget_button_skin_classic.o
LOAD build/lcdc_rgba888_mxt_9x60_wvga/debug/_ext/935657338/legato_widget_checkbox_skin_classic.o
LOAD build/lcdc_rgba888_mxt_9x60_wvga/debug/_ext/935657338/legato_widget_checkbox.o
LOAD build/lcdc_rgba888_mxt_9x60_wvga/debug/_ext/1356472903/legato_widget_circle_skin_classic.o
LOAD build/lcdc_rgba888_mxt_9x60_wvga/debug/_ext/1356472903/legato_widget_circle.o
LOAD build/lcdc_rgba888_mxt_9x60_wvga/debug/_ext/2122148963/legato_widget_circular_gauge.o
LOAD build/lcdc_rgba888_mxt_9x60_wvga/debug/_ext/2122148963/legato_widget_circular_gauge_skin_classic.o
LOAD build/lcdc_rgba888_mxt_9x60_wvga/debug/_ext/1715456695/legato_widget_circular_slider.o
LOAD build/lcdc_rgba888_mxt_9x60_wvga/debug/_ext/1715456695/legato_widget_circular_slider_skin_classic.o
LOAD build/lcdc_rgba888_mxt_9x60_wvga/debug/_ext/1444382766/legato_widget_drawsurface.o
LOAD build/lcdc_rgba888_mxt_9x60_wvga/debug/_ext/1444382766/legato_widget_drawsurface_skin_classic.o
LOAD build/lcdc_rgba888_mxt_9x60_wvga/debug/_ext/511583513/legato_widget_gradient_skin_classic.o
LOAD build/lcdc_rgba888_mxt_9x60_wvga/debug/_ext/511583513/legato_widget_gradient.o
LOAD build/lcdc_rgba888_mxt_9x60_wvga/debug/_ext/94869853/legato_widget_groupbox.o
LOAD build/lcdc_rgba888_mxt_9x60_wvga/debug/_ext/94869853/legato_widget_groupbox_skin_classic.o
LOAD build/lcdc_rgba888_mxt_9x60_wvga/debug/_ext/1197524732/legato_widget_image_skin_classic.o
LOAD build/lcdc_rgba888_mxt_9x60_wvga/debug/_ext/1197524732/legato_widget_image.o
LOAD build/lcdc_rgba888_mxt_9x60_wvga/debug/_ext/1694778207/legato_widget_imagerotate_skin_classic.o
LOAD build/lcdc_rgba888_mxt_9x60_wvga/debug/_ext/1694778207/legato_widget_imagerotate.o
LOAD build/lcdc_rgba888_mxt_9x60_wvga/debug/_ext/609407686/legato_widget_imagescale.o
LOAD build/lcdc_rgba888_mxt_9x60_wvga/debug/_ext/609407686/legato_widget_imagescale_skin_classic.o
LOAD build/lcdc_rgba888_mxt_9x60_wvga/debug/_ext/2015859515/legato_widget_imagesequence_skin_classic.o
LOAD build/lcdc_rgba888_mxt_9x60_wvga/debug/_ext/2015859515/legato_widget_imagesequence.o
LOAD build/lcdc_rgba888_mxt_9x60_wvga/debug/_ext/1582032715/legato_widget_keypad.o
LOAD build/lcdc_rgba888_mxt_9x60_wvga/debug/_ext/1582032715/legato_widget_keypad_skin_classic.o
LOAD build/lcdc_rgba888_mxt_9x60_wvga/debug/_ext/1195110755/legato_widget_label.o
LOAD build/lcdc_rgba888_mxt_9x60_wvga/debug/_ext/1195110755/legato_widget_label_skin_classic.o
LOAD build/lcdc_rgba888_mxt_9x60_wvga/debug/_ext/1839659221/legato_widget_line.o
LOAD build/lcdc_rgba888_mxt_9x60_wvga/debug/_ext/1839659221/legato_widget_line_skin_classic.o
LOAD build/lcdc_rgba888_mxt_9x60_wvga/debug/_ext/1047821571/legato_widget_line_graph.o
LOAD build/lcdc_rgba888_mxt_9x60_wvga/debug/_ext/1047821571/legato_widget_line_graph_skin_classic.o
LOAD build/lcdc_rgba888_mxt_9x60_wvga/debug/_ext/1839659051/legato_widget_list.o
LOAD build/lcdc_rgba888_mxt_9x60_wvga/debug/_ext/1839659051/legato_widget_list_skin_classic.o
LOAD build/lcdc_rgba888_mxt_9x60_wvga/debug/_ext/1634291878/legato_widget_listwheel.o
LOAD build/lcdc_rgba888_mxt_9x60_wvga/debug/_ext/1634291878/legato_widget_listwheel_skin_classic.o
LOAD build/lcdc_rgba888_mxt_9x60_wvga/debug/_ext/1290198647/legato_widget_pie_chart_skin_classic.o
LOAD build/lcdc_rgba888_mxt_9x60_wvga/debug/_ext/1290198647/legato_widget_pie_chart.o
LOAD build/lcdc_rgba888_mxt_9x60_wvga/debug/_ext/231973969/legato_widget_progressbar.o
LOAD build/lcdc_rgba888_mxt_9x60_wvga/debug/_ext/231973969/legato_widget_progressbar_skin_classic.o
LOAD build/lcdc_rgba888_mxt_9x60_wvga/debug/_ext/1643194869/legato_widget_radial_menu_state.o
LOAD build/lcdc_rgba888_mxt_9x60_wvga/debug/_ext/1643194869/legato_widget_radial_menu.o
LOAD build/lcdc_rgba888_mxt_9x60_wvga/debug/_ext/1643194869/legato_widget_radial_menu_skin_classic.o
LOAD build/lcdc_rgba888_mxt_9x60_wvga/debug/_ext/1338867754/legato_radiobutton_group.o
LOAD build/lcdc_rgba888_mxt_9x60_wvga/debug/_ext/1338867754/legato_widget_radiobutton.o
LOAD build/lcdc_rgba888_mxt_9x60_wvga/debug/_ext/1338867754/legato_widget_radiobutton_skin_classic.o
LOAD build/lcdc_rgba888_mxt_9x60_wvga/debug/_ext/337100648/legato_widget_rectangle.o
LOAD build/lcdc_rgba888_mxt_9x60_wvga/debug/_ext/337100648/legato_widget_rectangle_skin_classic.o
LOAD build/lcdc_rgba888_mxt_9x60_wvga/debug/_ext/1040606897/legato_widget_scrollbar.o
LOAD build/lcdc_rgba888_mxt_9x60_wvga/debug/_ext/1040606897/legato_widget_scrollbar_skin_classic.o
LOAD build/lcdc_rgba888_mxt_9x60_wvga/debug/_ext/1817042520/legato_widget_slider.o
LOAD build/lcdc_rgba888_mxt_9x60_wvga/debug/_ext/1817042520/legato_widget_slider_skin_classic.o
LOAD build/lcdc_rgba888_mxt_9x60_wvga/debug/_ext/1805132566/legato_widget_textfield.o
LOAD build/lcdc_rgba888_mxt_9x60_wvga/debug/_ext/1805132566/legato_widget_textfield_skin_classic.o
LOAD build/lcdc_rgba888_mxt_9x60_wvga/debug/_ext/1093664902/legato_widget_touchtest.o
LOAD build/lcdc_rgba888_mxt_9x60_wvga/debug/_ext/1093664902/legato_widget_touchtest_skin_classic.o
LOAD build/lcdc_rgba888_mxt_9x60_wvga/debug/_ext/1928937831/legato_widget_window_skin_classic.o
LOAD build/lcdc_rgba888_mxt_9x60_wvga/debug/_ext/1928937831/legato_widget_window.o
LOAD build/lcdc_rgba888_mxt_9x60_wvga/debug/_ext/261620856/legato_widget_skin_classic.o
LOAD build/lcdc_rgba888_mxt_9x60_wvga/debug/_ext/261620856/legato_widget.o
LOAD build/lcdc_rgba888_mxt_9x60_wvga/debug/_ext/261620856/legato_editwidget.o
LOAD build/lcdc_rgba888_mxt_9x60_wvga/debug/_ext/261620856/legato_widget_skin_classic_common.o
LOAD build/lcdc_rgba888_mxt_9x60_wvga/debug/_ext/4986847/plib_aic.o
LOAD build/lcdc_rgba888_mxt_9x60_wvga/debug/_ext/4988870/plib_clk.o
LOAD build/lcdc_rgba888_mxt_9x60_wvga/debug/_ext/813772974/plib_flexcom6_twi_master.o
LOAD build/lcdc_rgba888_mxt_9x60_wvga/debug/_ext/154914322/plib_lcdc.o
LOAD build/lcdc_rgba888_mxt_9x60_wvga/debug/_ext/4998521/plib_mmu.o
LOAD build/lcdc_rgba888_mxt_9x60_wvga/debug/_ext/5001274/plib_pio.o
LOAD build/lcdc_rgba888_mxt_9x60_wvga/debug/_ext/5003525/plib_rtc.o
LOAD build/lcdc_rgba888_mxt_9x60_wvga/debug/_ext/1247087435/plib_tc0.o
LOAD build/lcdc_rgba888_mxt_9x60_wvga/debug/_ext/1247087435/plib_tc1.o
LOAD build/lcdc_rgba888_mxt_9x60_wvga/debug/_ext/286729486/xc32_monitor.o
LOAD build/lcdc_rgba888_mxt_9x60_wvga/debug/_ext/1408246553/sys_cache.o
LOAD build/lcdc_rgba888_mxt_9x60_wvga/debug/_ext/1414187873/sys_input.o
LOAD build/lcdc_rgba888_mxt_9x60_wvga/debug/_ext/1414187873/sys_input_listener.o
LOAD build/lcdc_rgba888_mxt_9x60_wvga/debug/_ext/1826491803/sys_int.o
LOAD build/lcdc_rgba888_mxt_9x60_wvga/debug/_ext/1812361045/sys_time.o
LOAD build/lcdc_rgba888_mxt_9x60_wvga/debug/_ext/2052985144/initialization.o
LOAD build/lcdc_rgba888_mxt_9x60_wvga/debug/_ext/2052985144/cstartup.o
LOAD build/lcdc_rgba888_mxt_9x60_wvga/debug/_ext/2052985144/fault_handlers.o
LOAD build/lcdc_rgba888_mxt_9x60_wvga/debug/_ext/2052985144/interrupts.o
LOAD build/lcdc_rgba888_mxt_9x60_wvga/debug/_ext/2052985144/tasks.o
LOAD build/lcdc_rgba888_mxt_9x60_wvga/debug/_ext/1360937237/app.o
LOAD build/lcdc_rgba888_mxt_9x60_wvga/debug/_ext/1360937237/main.o
LOAD build/lcdc_rgba888_mxt_9x60_wvga/debug/_ext/1360937237/app_scene0.o
LOAD build/lcdc_rgba888_mxt_9x60_wvga/debug/_ext/1360937237/app_scene1.o
LOAD build/lcdc_rgba888_mxt_9x60_wvga/debug/_ext/1360937237/app_scene2.o
                0x00000001                __MPLAB_BUILD = 0x1
                0x00001000                C_STACK_SIZE = 0x1000
                0x00000060                IRQ_STACK_SIZE = 0x60
                0x00000060                FIQ_STACK_SIZE = 0x60
                0x00001000                SVC_STACK_SIZE = 0x1000
                0x00000040                ABT_STACK_SIZE = 0x40
                0x00000040                UND_STACK_SIZE = 0x40

.text           0x23f00000   0x56bc90
                0x23f00000                . = ALIGN (0x4)
                [!provide]                PROVIDE (_sfixed = .)
 *(.textEntry)
 .textEntry     0x23f00000      0x110 build/lcdc_rgba888_mxt_9x60_wvga/debug/_ext/2052985144/cstartup.o
                0x23f00000                entry
 *(.text .text.* .gnu.linkonce.t.*)
 .text          0x23f00110       0x70 c:/program files/microchip/xc32/v4.20/bin/bin/../../lib/gcc/pic32c/8.3.1/arm/v5te/nofp/crtbegin.o
 .text.BSP_Initialize
                0x23f00180       0x20 build/lcdc_rgba888_mxt_9x60_wvga/debug/_ext/236556520/bsp.o
                0x23f00180                BSP_Initialize
 .text._DRV_I2C_DriverHandleValidate
                0x23f001a0       0x6c build/lcdc_rgba888_mxt_9x60_wvga/debug/_ext/103208383/drv_i2c.o
 .text._DRV_I2C_RemoveTransferObjFromList
                0x23f0020c       0x28 build/lcdc_rgba888_mxt_9x60_wvga/debug/_ext/103208383/drv_i2c.o
 .text._DRV_I2C_RemoveClientTransfersFromList
                0x23f00234       0x5c build/lcdc_rgba888_mxt_9x60_wvga/debug/_ext/103208383/drv_i2c.o
 .text._DRV_I2C_ClientCallback
                0x23f00290       0x80 build/lcdc_rgba888_mxt_9x60_wvga/debug/_ext/103208383/drv_i2c.o
 .text._DRV_I2C_NextTransferInitiate
                0x23f00310      0x12c build/lcdc_rgba888_mxt_9x60_wvga/debug/_ext/103208383/drv_i2c.o
 .text._DRV_I2C_ResourceLock
                0x23f0043c       0xdc build/lcdc_rgba888_mxt_9x60_wvga/debug/_ext/103208383/drv_i2c.o
 .text._DRV_I2C_ResourceUnlock
                0x23f00518       0xbc build/lcdc_rgba888_mxt_9x60_wvga/debug/_ext/103208383/drv_i2c.o
 .text._DRV_I2C_WriteReadTransferAdd
                0x23f005d4      0x360 build/lcdc_rgba888_mxt_9x60_wvga/debug/_ext/103208383/drv_i2c.o
 .text._DRV_I2C_PLibCallbackHandler
                0x23f00934       0x84 build/lcdc_rgba888_mxt_9x60_wvga/debug/_ext/103208383/drv_i2c.o
 .text.DRV_I2C_Initialize
                0x23f009b8       0xbc build/lcdc_rgba888_mxt_9x60_wvga/debug/_ext/103208383/drv_i2c.o
                0x23f009b8                DRV_I2C_Initialize
 .text.DRV_I2C_Open
                0x23f00a74      0x1ac build/lcdc_rgba888_mxt_9x60_wvga/debug/_ext/103208383/drv_i2c.o
                0x23f00a74                DRV_I2C_Open
 .text.DRV_I2C_Close
                0x23f00c20       0x98 build/lcdc_rgba888_mxt_9x60_wvga/debug/_ext/103208383/drv_i2c.o
                0x23f00c20                DRV_I2C_Close
 .text.DRV_I2C_TransferEventHandlerSet
                0x23f00cb8       0x50 build/lcdc_rgba888_mxt_9x60_wvga/debug/_ext/103208383/drv_i2c.o
                0x23f00cb8                DRV_I2C_TransferEventHandlerSet
 .text.DRV_I2C_ReadTransferAdd
                0x23f00d08       0x34 build/lcdc_rgba888_mxt_9x60_wvga/debug/_ext/103208383/drv_i2c.o
                0x23f00d08                DRV_I2C_ReadTransferAdd
 .text.DRV_I2C_WriteTransferAdd
                0x23f00d3c       0x30 build/lcdc_rgba888_mxt_9x60_wvga/debug/_ext/103208383/drv_i2c.o
                0x23f00d3c                DRV_I2C_WriteTransferAdd
 .text.DRV_MAXTOUCH_I2CEventHandler
                0x23f00d6c      0x23c build/lcdc_rgba888_mxt_9x60_wvga/debug/_ext/1959449242/drv_maxtouch.o
                0x23f00d6c                DRV_MAXTOUCH_I2CEventHandler
 .text._RegWrite16
                0x23f00fa8       0x60 build/lcdc_rgba888_mxt_9x60_wvga/debug/_ext/1959449242/drv_maxtouch.o
 .text.resetTimer_Callback
                0x23f01008       0x70 build/lcdc_rgba888_mxt_9x60_wvga/debug/_ext/1959449242/drv_maxtouch.o
 .text._MessageObjectRead
                0x23f01078       0x94 build/lcdc_rgba888_mxt_9x60_wvga/debug/_ext/1959449242/drv_maxtouch.o
 .text.mxt_proc_t100_message
                0x23f0110c       0xd4 build/lcdc_rgba888_mxt_9x60_wvga/debug/_ext/1959449242/drv_maxtouch.o
 .text._mxt_DelayMS
                0x23f011e0       0x38 build/lcdc_rgba888_mxt_9x60_wvga/debug/_ext/1959449242/drv_maxtouch.o
 .text.mxt_calculate_crc
                0x23f01218       0xac build/lcdc_rgba888_mxt_9x60_wvga/debug/_ext/1959449242/drv_maxtouch.o
 .text.MXT_INTERRUPT_PIN_VALUE_GET
                0x23f012c4       0x14 build/lcdc_rgba888_mxt_9x60_wvga/debug/_ext/1959449242/drv_maxtouch.o
                0x23f012c4                MXT_INTERRUPT_PIN_VALUE_GET
 .text.DRV_MAXTOUCH_Initialize
                0x23f012d8       0xd4 build/lcdc_rgba888_mxt_9x60_wvga/debug/_ext/1959449242/drv_maxtouch.o
                0x23f012d8                DRV_MAXTOUCH_Initialize
 .text.DRV_MAXTOUCH_Open
                0x23f013ac      0x12c build/lcdc_rgba888_mxt_9x60_wvga/debug/_ext/1959449242/drv_maxtouch.o
                0x23f013ac                DRV_MAXTOUCH_Open
 .text.DRV_MAXTOUCH_Tasks
                0x23f014d8      0xadc build/lcdc_rgba888_mxt_9x60_wvga/debug/_ext/1959449242/drv_maxtouch.o
                0x23f014d8                DRV_MAXTOUCH_Tasks
 .text.gfxcCreate
                0x23f01fb4       0x80 build/lcdc_rgba888_mxt_9x60_wvga/debug/_ext/1121151461/gfx_canvas_api.o
                0x23f01fb4                gfxcCreate
 .text.gfxcSetPixelBuffer
                0x23f02034       0x78 build/lcdc_rgba888_mxt_9x60_wvga/debug/_ext/1121151461/gfx_canvas_api.o
                0x23f02034                gfxcSetPixelBuffer
 .text.gfxcSetLayer
                0x23f020ac       0x50 build/lcdc_rgba888_mxt_9x60_wvga/debug/_ext/1121151461/gfx_canvas_api.o
                0x23f020ac                gfxcSetLayer
 .text.gfxcSetWindowPosition
                0x23f020fc       0x3c build/lcdc_rgba888_mxt_9x60_wvga/debug/_ext/1121151461/gfx_canvas_api.o
                0x23f020fc                gfxcSetWindowPosition
 .text.gfxcSetWindowSize
                0x23f02138       0x3c build/lcdc_rgba888_mxt_9x60_wvga/debug/_ext/1121151461/gfx_canvas_api.o
                0x23f02138                gfxcSetWindowSize
 .text.gfxcShowCanvas
                0x23f02174       0x2c build/lcdc_rgba888_mxt_9x60_wvga/debug/_ext/1121151461/gfx_canvas_api.o
                0x23f02174                gfxcShowCanvas
 .text.gfxcHideCanvas
                0x23f021a0       0x28 build/lcdc_rgba888_mxt_9x60_wvga/debug/_ext/1121151461/gfx_canvas_api.o
                0x23f021a0                gfxcHideCanvas
 .text.gfxcCanvasUpdate
                0x23f021c8       0x20 build/lcdc_rgba888_mxt_9x60_wvga/debug/_ext/1121151461/gfx_canvas_api.o
                0x23f021c8                gfxcCanvasUpdate
 .text.effectsTimerCallback
                0x23f021e8       0x18 build/lcdc_rgba888_mxt_9x60_wvga/debug/_ext/1121151461/gfx_canvas.o
 .text.GFXC_Update
                0x23f02200        0x4 build/lcdc_rgba888_mxt_9x60_wvga/debug/_ext/1121151461/gfx_canvas.o
 .text.GFX_CANVAS_IOCTL
                0x23f02204      0x2b4 build/lcdc_rgba888_mxt_9x60_wvga/debug/_ext/1121151461/gfx_canvas.o
 .text.GFXC_BlitBuffer
                0x23f024b8       0xf0 build/lcdc_rgba888_mxt_9x60_wvga/debug/_ext/1121151461/gfx_canvas.o
 .text.GFX_CANVAS_Initialize
                0x23f025a8      0x110 build/lcdc_rgba888_mxt_9x60_wvga/debug/_ext/1121151461/gfx_canvas.o
                0x23f025a8                GFX_CANVAS_Initialize
 .text._gfxcCanvasUpdate
                0x23f026b8      0x2f8 build/lcdc_rgba888_mxt_9x60_wvga/debug/_ext/1121151461/gfx_canvas.o
                0x23f026b8                _gfxcCanvasUpdate
 .text.GFX_CANVAS_Task
                0x23f029b0      0x3d8 build/lcdc_rgba888_mxt_9x60_wvga/debug/_ext/1121151461/gfx_canvas.o
                0x23f029b0                GFX_CANVAS_Task
 .text.gfxPixelBufferCreate
                0x23f02d88       0xd8 build/lcdc_rgba888_mxt_9x60_wvga/debug/_ext/1165331637/gfx_driver.o
                0x23f02d88                gfxPixelBufferCreate
 .text.gfxPixelBufferOffsetGet
                0x23f02e60       0x4c build/lcdc_rgba888_mxt_9x60_wvga/debug/_ext/1165331637/gfx_driver.o
                0x23f02e60                gfxPixelBufferOffsetGet
 .text.gfxPixelBuffer_IsLocked
                0x23f02eac       0x14 build/lcdc_rgba888_mxt_9x60_wvga/debug/_ext/1165331637/gfx_driver.o
                0x23f02eac                gfxPixelBuffer_IsLocked
 .text.getLCDCStrideFromColorMode
                0x23f02ec0       0x30 build/lcdc_rgba888_mxt_9x60_wvga/debug/_ext/129784465/drv_gfx_lcdc.o
 .text._IntHandlerLayerReadComplete
                0x23f02ef0       0xb4 build/lcdc_rgba888_mxt_9x60_wvga/debug/_ext/129784465/drv_gfx_lcdc.o
                0x23f02ef0                _IntHandlerLayerReadComplete
 .text.DRV_LCDC_Update
                0x23f02fa4       0x50 build/lcdc_rgba888_mxt_9x60_wvga/debug/_ext/129784465/drv_gfx_lcdc.o
                0x23f02fa4                DRV_LCDC_Update
 .text.LCDC_BrightnessSet
                0x23f02ff4       0x24 build/lcdc_rgba888_mxt_9x60_wvga/debug/_ext/129784465/drv_gfx_lcdc.o
                0x23f02ff4                LCDC_BrightnessSet
 .text.DRV_LCDC_Initialize
                0x23f03018      0x370 build/lcdc_rgba888_mxt_9x60_wvga/debug/_ext/129784465/drv_gfx_lcdc.o
                0x23f03018                DRV_LCDC_Initialize
 .text.DRV_LCDC_BlitBuffer
                0x23f03388       0xf0 build/lcdc_rgba888_mxt_9x60_wvga/debug/_ext/129784465/drv_gfx_lcdc.o
                0x23f03388                DRV_LCDC_BlitBuffer
 .text.DRV_LCDC_IOCTL
                0x23f03478      0x70c build/lcdc_rgba888_mxt_9x60_wvga/debug/_ext/129784465/drv_gfx_lcdc.o
                0x23f03478                DRV_LCDC_IOCTL
 .text.leQueryArcQuadrants
                0x23f03b84      0x124 build/lcdc_rgba888_mxt_9x60_wvga/debug/_ext/305146849/legato_math.o
 .text.leNormalizeAngle
                0x23f03ca8       0x30 build/lcdc_rgba888_mxt_9x60_wvga/debug/_ext/305146849/legato_math.o
                0x23f03ca8                leNormalizeAngle
 .text.leSin    0x23f03cd8       0x80 build/lcdc_rgba888_mxt_9x60_wvga/debug/_ext/305146849/legato_math.o
                0x23f03cd8                leSin
 .text.leCos    0x23f03d58       0x78 build/lcdc_rgba888_mxt_9x60_wvga/debug/_ext/305146849/legato_math.o
                0x23f03d58                leCos
 .text.lePolarToXY
                0x23f03dd0       0x60 build/lcdc_rgba888_mxt_9x60_wvga/debug/_ext/305146849/legato_math.o
                0x23f03dd0                lePolarToXY
 .text.leMini   0x23f03e30        0xc build/lcdc_rgba888_mxt_9x60_wvga/debug/_ext/305146849/legato_math.o
                0x23f03e30                leMini
 .text.leMaxi   0x23f03e3c        0xc build/lcdc_rgba888_mxt_9x60_wvga/debug/_ext/305146849/legato_math.o
                0x23f03e3c                leMaxi
 .text.leClampi
                0x23f03e48       0x18 build/lcdc_rgba888_mxt_9x60_wvga/debug/_ext/305146849/legato_math.o
                0x23f03e48                leClampi
 .text.lePercent
                0x23f03e60       0x1c build/lcdc_rgba888_mxt_9x60_wvga/debug/_ext/305146849/legato_math.o
                0x23f03e60                lePercent
 .text.lePercentWholeRounded
                0x23f03e7c       0x3c build/lcdc_rgba888_mxt_9x60_wvga/debug/_ext/305146849/legato_math.o
                0x23f03e7c                lePercentWholeRounded
 .text.lePercentOf
                0x23f03eb8       0x58 build/lcdc_rgba888_mxt_9x60_wvga/debug/_ext/305146849/legato_math.o
                0x23f03eb8                lePercentOf
 .text.leScaleInteger
                0x23f03f10       0x44 build/lcdc_rgba888_mxt_9x60_wvga/debug/_ext/305146849/legato_math.o
                0x23f03f10                leScaleInteger
 .text.leLerp   0x23f03f54       0x58 build/lcdc_rgba888_mxt_9x60_wvga/debug/_ext/305146849/legato_math.o
                0x23f03f54                leLerp
 .text.lePointOnLineSide
                0x23f03fac       0x60 build/lcdc_rgba888_mxt_9x60_wvga/debug/_ext/305146849/legato_math.o
                0x23f03fac                lePointOnLineSide
 .text.leRotatePoint
                0x23f0400c       0xbc build/lcdc_rgba888_mxt_9x60_wvga/debug/_ext/305146849/legato_math.o
                0x23f0400c                leRotatePoint
 .text.leRotatedRectBounds
                0x23f040c8      0x14c build/lcdc_rgba888_mxt_9x60_wvga/debug/_ext/305146849/legato_math.o
                0x23f040c8                leRotatedRectBounds
 .text.leSqrt   0x23f04214       0x58 build/lcdc_rgba888_mxt_9x60_wvga/debug/_ext/305146849/legato_math.o
                0x23f04214                leSqrt
 .text.lePointOnCircle
                0x23f0426c       0x30 build/lcdc_rgba888_mxt_9x60_wvga/debug/_ext/305146849/legato_math.o
                0x23f0426c                lePointOnCircle
 .text.leResolveAngles
                0x23f0429c      0x2a8 build/lcdc_rgba888_mxt_9x60_wvga/debug/_ext/305146849/legato_math.o
                0x23f0429c                leResolveAngles
 .text.leRound  0x23f04544       0xa0 build/lcdc_rgba888_mxt_9x60_wvga/debug/_ext/305146849/legato_math.o
                0x23f04544                leRound
 .text.leColorBlend_RGBA_8888
                0x23f045e4      0x168 build/lcdc_rgba888_mxt_9x60_wvga/debug/_ext/305146849/legato_color_blend.o
                0x23f045e4                leColorBlend_RGBA_8888
 .text.leColorBlend_ARGB_8888
                0x23f0474c      0x14c build/lcdc_rgba888_mxt_9x60_wvga/debug/_ext/305146849/legato_color_blend.o
                0x23f0474c                leColorBlend_ARGB_8888
 .text.no_conv  0x23f04898        0x4 build/lcdc_rgba888_mxt_9x60_wvga/debug/_ext/305146849/legato_color_convert.o
 .text.gs8_rgb332
                0x23f0489c       0x10 build/lcdc_rgba888_mxt_9x60_wvga/debug/_ext/305146849/legato_color_convert.o
 .text.gs8_rgb565
                0x23f048ac       0x20 build/lcdc_rgba888_mxt_9x60_wvga/debug/_ext/305146849/legato_color_convert.o
 .text.gs8_rgba5551
                0x23f048cc       0x28 build/lcdc_rgba888_mxt_9x60_wvga/debug/_ext/305146849/legato_color_convert.o
 .text.gs8_rgb888
                0x23f048f4       0x10 build/lcdc_rgba888_mxt_9x60_wvga/debug/_ext/305146849/legato_color_convert.o
 .text.gs8_rgba8888
                0x23f04904       0x14 build/lcdc_rgba888_mxt_9x60_wvga/debug/_ext/305146849/legato_color_convert.o
 .text.gs8_argb8888
                0x23f04918       0x14 build/lcdc_rgba888_mxt_9x60_wvga/debug/_ext/305146849/legato_color_convert.o
 .text.gs8_mono
                0x23f0492c       0x10 build/lcdc_rgba888_mxt_9x60_wvga/debug/_ext/305146849/legato_color_convert.o
 .text.rgb332_rgb565
                0x23f0493c       0x2c build/lcdc_rgba888_mxt_9x60_wvga/debug/_ext/305146849/legato_color_convert.o
 .text.rgb332_rgba5551
                0x23f04968       0x2c build/lcdc_rgba888_mxt_9x60_wvga/debug/_ext/305146849/legato_color_convert.o
 .text.rgb332_rgb888
                0x23f04994       0x30 build/lcdc_rgba888_mxt_9x60_wvga/debug/_ext/305146849/legato_color_convert.o
 .text.rgb332_rgba8888
                0x23f049c4       0x2c build/lcdc_rgba888_mxt_9x60_wvga/debug/_ext/305146849/legato_color_convert.o
 .text.rgb332_argb8888
                0x23f049f0       0x30 build/lcdc_rgba888_mxt_9x60_wvga/debug/_ext/305146849/legato_color_convert.o
 .text.rgb565_rgb332
                0x23f04a20       0x20 build/lcdc_rgba888_mxt_9x60_wvga/debug/_ext/305146849/legato_color_convert.o
 .text.rgb565_rgba5551
                0x23f04a40       0x20 build/lcdc_rgba888_mxt_9x60_wvga/debug/_ext/305146849/legato_color_convert.o
 .text.rgb565_rgb888
                0x23f04a60       0x24 build/lcdc_rgba888_mxt_9x60_wvga/debug/_ext/305146849/legato_color_convert.o
 .text.rgb565_rgba8888
                0x23f04a84       0x24 build/lcdc_rgba888_mxt_9x60_wvga/debug/_ext/305146849/legato_color_convert.o
 .text.rgb565_argb8888
                0x23f04aa8       0x28 build/lcdc_rgba888_mxt_9x60_wvga/debug/_ext/305146849/legato_color_convert.o
 .text.rgba5551_gs8
                0x23f04ad0        0x4 build/lcdc_rgba888_mxt_9x60_wvga/debug/_ext/305146849/legato_color_convert.o
 .text.rgba5551_rgb332
                0x23f04ad4       0x20 build/lcdc_rgba888_mxt_9x60_wvga/debug/_ext/305146849/legato_color_convert.o
 .text.rgba5551_rgb565
                0x23f04af4       0x1c build/lcdc_rgba888_mxt_9x60_wvga/debug/_ext/305146849/legato_color_convert.o
 .text.rgba5551_rgb888
                0x23f04b10       0x30 build/lcdc_rgba888_mxt_9x60_wvga/debug/_ext/305146849/legato_color_convert.o
 .text.rgba5551_rgba8888
                0x23f04b40       0x40 build/lcdc_rgba888_mxt_9x60_wvga/debug/_ext/305146849/legato_color_convert.o
 .text.rgba5551_argb8888
                0x23f04b80       0x40 build/lcdc_rgba888_mxt_9x60_wvga/debug/_ext/305146849/legato_color_convert.o
 .text.rgb888_gs8
                0x23f04bc0        0x4 build/lcdc_rgba888_mxt_9x60_wvga/debug/_ext/305146849/legato_color_convert.o
 .text.rgb888_rgb332
                0x23f04bc4       0x24 build/lcdc_rgba888_mxt_9x60_wvga/debug/_ext/305146849/legato_color_convert.o
 .text.rgb888_rgb565
                0x23f04be8       0x20 build/lcdc_rgba888_mxt_9x60_wvga/debug/_ext/305146849/legato_color_convert.o
 .text.rgb888_rgba5551
                0x23f04c08       0x28 build/lcdc_rgba888_mxt_9x60_wvga/debug/_ext/305146849/legato_color_convert.o
 .text.rgb888_rgba8888
                0x23f04c30        0xc build/lcdc_rgba888_mxt_9x60_wvga/debug/_ext/305146849/legato_color_convert.o
 .text.rgb888_argb8888
                0x23f04c3c        0x8 build/lcdc_rgba888_mxt_9x60_wvga/debug/_ext/305146849/legato_color_convert.o
 .text.rgba8888_gs8
                0x23f04c44        0x4 build/lcdc_rgba888_mxt_9x60_wvga/debug/_ext/305146849/legato_color_convert.o
 .text.rgba8888_rgb332
                0x23f04c48       0x20 build/lcdc_rgba888_mxt_9x60_wvga/debug/_ext/305146849/legato_color_convert.o
 .text.rgba8888_rgb565
                0x23f04c68       0x20 build/lcdc_rgba888_mxt_9x60_wvga/debug/_ext/305146849/legato_color_convert.o
 .text.rgba8888_rgba5551
                0x23f04c88       0x34 build/lcdc_rgba888_mxt_9x60_wvga/debug/_ext/305146849/legato_color_convert.o
 .text.rgba8888_rgb888
                0x23f04cbc        0x8 build/lcdc_rgba888_mxt_9x60_wvga/debug/_ext/305146849/legato_color_convert.o
 .text.rgba8888_argb8888
                0x23f04cc4        0x8 build/lcdc_rgba888_mxt_9x60_wvga/debug/_ext/305146849/legato_color_convert.o
 .text.argb8888_rgba5551
                0x23f04ccc       0x34 build/lcdc_rgba888_mxt_9x60_wvga/debug/_ext/305146849/legato_color_convert.o
 .text.argb8888_rgb888
                0x23f04d00        0x8 build/lcdc_rgba888_mxt_9x60_wvga/debug/_ext/305146849/legato_color_convert.o
 .text.argb8888_rgba8888
                0x23f04d08        0x8 build/lcdc_rgba888_mxt_9x60_wvga/debug/_ext/305146849/legato_color_convert.o
 .text.rgb565_gs8
                0x23f04d10       0x54 build/lcdc_rgba888_mxt_9x60_wvga/debug/_ext/305146849/legato_color_convert.o
 .text.rgb332_gs8
                0x23f04d64       0x54 build/lcdc_rgba888_mxt_9x60_wvga/debug/_ext/305146849/legato_color_convert.o
 .text.leColorConvert
                0x23f04db8       0x28 build/lcdc_rgba888_mxt_9x60_wvga/debug/_ext/305146849/legato_color_convert.o
                0x23f04db8                leColorConvert
 .text.leRectContainsPoint
                0x23f04de0       0x60 build/lcdc_rgba888_mxt_9x60_wvga/debug/_ext/305146849/legato_rect.o
                0x23f04de0                leRectContainsPoint
 .text.leRectContainsRect
                0x23f04e40       0x70 build/lcdc_rgba888_mxt_9x60_wvga/debug/_ext/305146849/legato_rect.o
                0x23f04e40                leRectContainsRect
 .text.leRectIntersects
                0x23f04eb0       0x70 build/lcdc_rgba888_mxt_9x60_wvga/debug/_ext/305146849/legato_rect.o
                0x23f04eb0                leRectIntersects
 .text.leRectCombine
                0x23f04f20       0x88 build/lcdc_rgba888_mxt_9x60_wvga/debug/_ext/305146849/legato_rect.o
                0x23f04f20                leRectCombine
 .text.leRectClipAdj
                0x23f04fa8      0x180 build/lcdc_rgba888_mxt_9x60_wvga/debug/_ext/305146849/legato_rect.o
                0x23f04fa8                leRectClipAdj
 .text.leRectClip
                0x23f05128       0xa0 build/lcdc_rgba888_mxt_9x60_wvga/debug/_ext/305146849/legato_rect.o
                0x23f05128                leRectClip
 .text.leRectCompare
                0x23f051c8       0x60 build/lcdc_rgba888_mxt_9x60_wvga/debug/_ext/305146849/legato_rect.o
                0x23f051c8                leRectCompare
 .text.leRectsAreSimilar
                0x23f05228       0xcc build/lcdc_rgba888_mxt_9x60_wvga/debug/_ext/305146849/legato_rect.o
                0x23f05228                leRectsAreSimilar
 .text.leUtils_PickFromWidget
                0x23f052f4       0xe4 build/lcdc_rgba888_mxt_9x60_wvga/debug/_ext/305146849/legato_utils.o
                0x23f052f4                leUtils_PickFromWidget
 .text.leUtils_ClipRectToParent
                0x23f053d8       0x84 build/lcdc_rgba888_mxt_9x60_wvga/debug/_ext/305146849/legato_utils.o
                0x23f053d8                leUtils_ClipRectToParent
 .text.leUtils_RectToScreenSpace
                0x23f0545c       0x44 build/lcdc_rgba888_mxt_9x60_wvga/debug/_ext/305146849/legato_utils.o
                0x23f0545c                leUtils_RectToScreenSpace
 .text.leUtils_ClipRectToAncestors
                0x23f054a0       0x94 build/lcdc_rgba888_mxt_9x60_wvga/debug/_ext/305146849/legato_utils.o
                0x23f054a0                leUtils_ClipRectToAncestors
 .text.leUtils_ArrangeRectangle
                0x23f05534      0x280 build/lcdc_rgba888_mxt_9x60_wvga/debug/_ext/305146849/legato_utils.o
                0x23f05534                leUtils_ArrangeRectangle
 .text.leUtils_ArrangeRectangleRelative
                0x23f057b4      0x2b0 build/lcdc_rgba888_mxt_9x60_wvga/debug/_ext/305146849/legato_utils.o
                0x23f057b4                leUtils_ArrangeRectangleRelative
 .text.leUtils_GetSchemeLookupTable
                0x23f05a64       0x64 build/lcdc_rgba888_mxt_9x60_wvga/debug/_ext/305146849/legato_utils.o
                0x23f05a64                leUtils_GetSchemeLookupTable
 .text.indexGet1bpp
                0x23f05ac8       0x20 build/lcdc_rgba888_mxt_9x60_wvga/debug/_ext/305146849/legato_pixelbuffer.o
 .text.indexGet4bpp
                0x23f05ae8       0x18 build/lcdc_rgba888_mxt_9x60_wvga/debug/_ext/305146849/legato_pixelbuffer.o
 .text.indexGet
                0x23f05b00       0x64 build/lcdc_rgba888_mxt_9x60_wvga/debug/_ext/305146849/legato_pixelbuffer.o
 .text.get1byte
                0x23f05b64        0x8 build/lcdc_rgba888_mxt_9x60_wvga/debug/_ext/305146849/legato_pixelbuffer.o
 .text.get2byte
                0x23f05b6c        0x8 build/lcdc_rgba888_mxt_9x60_wvga/debug/_ext/305146849/legato_pixelbuffer.o
 .text.get3byte
                0x23f05b74       0x1c build/lcdc_rgba888_mxt_9x60_wvga/debug/_ext/305146849/legato_pixelbuffer.o
 .text.get4byte
                0x23f05b90        0x8 build/lcdc_rgba888_mxt_9x60_wvga/debug/_ext/305146849/legato_pixelbuffer.o
 .text.set1byte
                0x23f05b98        0xc build/lcdc_rgba888_mxt_9x60_wvga/debug/_ext/305146849/legato_pixelbuffer.o
 .text.set2byte
                0x23f05ba4        0xc build/lcdc_rgba888_mxt_9x60_wvga/debug/_ext/305146849/legato_pixelbuffer.o
 .text.set3byte
                0x23f05bb0       0x1c build/lcdc_rgba888_mxt_9x60_wvga/debug/_ext/305146849/legato_pixelbuffer.o
 .text.set4byte
                0x23f05bcc        0xc build/lcdc_rgba888_mxt_9x60_wvga/debug/_ext/305146849/legato_pixelbuffer.o
 .text.lePixelBufferCreate
                0x23f05bd8       0xd0 build/lcdc_rgba888_mxt_9x60_wvga/debug/_ext/305146849/legato_pixelbuffer.o
                0x23f05bd8                lePixelBufferCreate
 .text.lePixelBufferOffsetGet
                0x23f05ca8       0x5c build/lcdc_rgba888_mxt_9x60_wvga/debug/_ext/305146849/legato_pixelbuffer.o
                0x23f05ca8                lePixelBufferOffsetGet
 .text.lePixelBufferOffsetGet_Unsafe
                0x23f05d04       0x44 build/lcdc_rgba888_mxt_9x60_wvga/debug/_ext/305146849/legato_pixelbuffer.o
                0x23f05d04                lePixelBufferOffsetGet_Unsafe
 .text.lePixelBufferGet_Unsafe
                0x23f05d48       0x64 build/lcdc_rgba888_mxt_9x60_wvga/debug/_ext/305146849/legato_pixelbuffer.o
                0x23f05d48                lePixelBufferGet_Unsafe
 .text.lePixelBufferGet
                0x23f05dac       0x34 build/lcdc_rgba888_mxt_9x60_wvga/debug/_ext/305146849/legato_pixelbuffer.o
                0x23f05dac                lePixelBufferGet
 .text.lePixelBufferClipRect
                0x23f05de0       0x84 build/lcdc_rgba888_mxt_9x60_wvga/debug/_ext/305146849/legato_pixelbuffer.o
                0x23f05de0                lePixelBufferClipRect
 .text.lePixelBufferGetIndex_Unsafe
                0x23f05e64       0x2c build/lcdc_rgba888_mxt_9x60_wvga/debug/_ext/305146849/legato_pixelbuffer.o
                0x23f05e64                lePixelBufferGetIndex_Unsafe
 .text.lePixelBufferSet_Unsafe
                0x23f05e90       0x7c build/lcdc_rgba888_mxt_9x60_wvga/debug/_ext/305146849/legato_pixelbuffer.o
                0x23f05e90                lePixelBufferSet_Unsafe
 .text.lePixelBufferSet
                0x23f05f0c       0x28 build/lcdc_rgba888_mxt_9x60_wvga/debug/_ext/305146849/legato_pixelbuffer.o
                0x23f05f0c                lePixelBufferSet
 .text.lePixelBufferAreaFill_Unsafe
                0x23f05f34      0x110 build/lcdc_rgba888_mxt_9x60_wvga/debug/_ext/305146849/legato_pixelbuffer.o
                0x23f05f34                lePixelBufferAreaFill_Unsafe
 .text.lePixelBufferAreaFill
                0x23f06044       0x70 build/lcdc_rgba888_mxt_9x60_wvga/debug/_ext/305146849/legato_pixelbuffer.o
                0x23f06044                lePixelBufferAreaFill
 .text.lePixelBufferCopy
                0x23f060b4       0xd8 build/lcdc_rgba888_mxt_9x60_wvga/debug/_ext/305146849/legato_pixelbuffer.o
                0x23f060b4                lePixelBufferCopy
 .text.lerp_argb8888
                0x23f0618c       0x78 build/lcdc_rgba888_mxt_9x60_wvga/debug/_ext/305146849/legato_color_lerp.o
 .text.lerp_rgba8888
                0x23f06204       0x78 build/lcdc_rgba888_mxt_9x60_wvga/debug/_ext/305146849/legato_color_lerp.o
 .text.lerp_rgb888
                0x23f0627c       0x60 build/lcdc_rgba888_mxt_9x60_wvga/debug/_ext/305146849/legato_color_lerp.o
 .text.lerp_rgba5551
                0x23f062dc       0x74 build/lcdc_rgba888_mxt_9x60_wvga/debug/_ext/305146849/legato_color_lerp.o
 .text.lerp_rgb565
                0x23f06350       0x60 build/lcdc_rgba888_mxt_9x60_wvga/debug/_ext/305146849/legato_color_lerp.o
 .text.lerp_rgb332
                0x23f063b0       0x60 build/lcdc_rgba888_mxt_9x60_wvga/debug/_ext/305146849/legato_color_lerp.o
 .text.lerp_gs8
                0x23f06410        0xc build/lcdc_rgba888_mxt_9x60_wvga/debug/_ext/305146849/legato_color_lerp.o
 .text.leColorLerp
                0x23f0641c       0x40 build/lcdc_rgba888_mxt_9x60_wvga/debug/_ext/305146849/legato_color_lerp.o
                0x23f0641c                leColorLerp
 .text.leColorBilerp
                0x23f0645c       0x5c build/lcdc_rgba888_mxt_9x60_wvga/debug/_ext/305146849/legato_color_lerp.o
                0x23f0645c                leColorBilerp
 .text.leColorChannelAlpha
                0x23f064b8       0x30 build/lcdc_rgba888_mxt_9x60_wvga/debug/_ext/305146849/legato_color.o
                0x23f064b8                leColorChannelAlpha
 .text.leColorSwap
                0x23f064e8       0xa8 build/lcdc_rgba888_mxt_9x60_wvga/debug/_ext/305146849/legato_color.o
                0x23f064e8                leColorSwap
 .text.updateWidget
                0x23f06590       0x4c build/lcdc_rgba888_mxt_9x60_wvga/debug/_ext/1618192685/legato_state.o
 .text.leGetState
                0x23f065dc        0xc build/lcdc_rgba888_mxt_9x60_wvga/debug/_ext/1618192685/legato_state.o
                0x23f065dc                leGetState
 .text.leAddLayer
                0x23f065e8       0xb8 build/lcdc_rgba888_mxt_9x60_wvga/debug/_ext/1618192685/legato_state.o
                0x23f065e8                leAddLayer
 .text.leInitialize
                0x23f066a0       0xa8 build/lcdc_rgba888_mxt_9x60_wvga/debug/_ext/1618192685/legato_state.o
                0x23f066a0                leInitialize
 .text.leGetLayerState
                0x23f06748       0x50 build/lcdc_rgba888_mxt_9x60_wvga/debug/_ext/1618192685/legato_state.o
                0x23f06748                leGetLayerState
 .text.leGetLayerColorMode
                0x23f06798       0x54 build/lcdc_rgba888_mxt_9x60_wvga/debug/_ext/1618192685/legato_state.o
                0x23f06798                leGetLayerColorMode
 .text.leGetLayerRenderHorizontal
                0x23f067ec       0x54 build/lcdc_rgba888_mxt_9x60_wvga/debug/_ext/1618192685/legato_state.o
                0x23f067ec                leGetLayerRenderHorizontal
 .text.leGetFocusWidget
                0x23f06840       0x10 build/lcdc_rgba888_mxt_9x60_wvga/debug/_ext/1618192685/legato_state.o
                0x23f06840                leGetFocusWidget
 .text.leSetFocusWidget
                0x23f06850       0x84 build/lcdc_rgba888_mxt_9x60_wvga/debug/_ext/1618192685/legato_state.o
                0x23f06850                leSetFocusWidget
 .text.leGetEditWidget
                0x23f068d4       0x10 build/lcdc_rgba888_mxt_9x60_wvga/debug/_ext/1618192685/legato_state.o
                0x23f068d4                leGetEditWidget
 .text.leSetEditWidget
                0x23f068e4       0x84 build/lcdc_rgba888_mxt_9x60_wvga/debug/_ext/1618192685/legato_state.o
                0x23f068e4                leSetEditWidget
 .text.leRedrawAll
                0x23f06968       0x50 build/lcdc_rgba888_mxt_9x60_wvga/debug/_ext/1618192685/legato_state.o
                0x23f06968                leRedrawAll
 .text.leSetLayerColorMode
                0x23f069b8       0x74 build/lcdc_rgba888_mxt_9x60_wvga/debug/_ext/1618192685/legato_state.o
                0x23f069b8                leSetLayerColorMode
 .text.leSetStringTable
                0x23f06a2c       0x18 build/lcdc_rgba888_mxt_9x60_wvga/debug/_ext/1618192685/legato_state.o
                0x23f06a2c                leSetStringTable
 .text.leIsDrawing
                0x23f06a44       0x14 build/lcdc_rgba888_mxt_9x60_wvga/debug/_ext/1618192685/legato_state.o
                0x23f06a44                leIsDrawing
 .text.leUpdate
                0x23f06a58      0x114 build/lcdc_rgba888_mxt_9x60_wvga/debug/_ext/1618192685/legato_state.o
                0x23f06a58                leUpdate
 .text.leAddRootWidget
                0x23f06b6c       0x68 build/lcdc_rgba888_mxt_9x60_wvga/debug/_ext/1618192685/legato_state.o
                0x23f06b6c                leAddRootWidget
 .text.leRemoveRootWidget
                0x23f06bd4       0x74 build/lcdc_rgba888_mxt_9x60_wvga/debug/_ext/1618192685/legato_state.o
                0x23f06bd4                leRemoveRootWidget
 .text.leGetWidgetLayer
                0x23f06c48       0x8c build/lcdc_rgba888_mxt_9x60_wvga/debug/_ext/1618192685/legato_state.o
                0x23f06c48                leGetWidgetLayer
 .text.leWidgetIsInScene
                0x23f06cd4       0x14 build/lcdc_rgba888_mxt_9x60_wvga/debug/_ext/1618192685/legato_state.o
                0x23f06cd4                leWidgetIsInScene
 .text.leScheme_GetRenderColor
                0x23f06ce8       0x38 build/lcdc_rgba888_mxt_9x60_wvga/debug/_ext/1618192685/legato_scheme.o
                0x23f06ce8                leScheme_GetRenderColor
 .text._leGetEventState
                0x23f06d20        0xc build/lcdc_rgba888_mxt_9x60_wvga/debug/_ext/1618192685/legato_event.o
                0x23f06d20                _leGetEventState
 .text.leEvent_Init
                0x23f06d2c       0x20 build/lcdc_rgba888_mxt_9x60_wvga/debug/_ext/1618192685/legato_event.o
                0x23f06d2c                leEvent_Init
 .text.leEvent_AddEvent
                0x23f06d4c       0x28 build/lcdc_rgba888_mxt_9x60_wvga/debug/_ext/1618192685/legato_event.o
                0x23f06d4c                leEvent_AddEvent
 .text.leEvent_ProcessEvents
                0x23f06d74       0xb4 build/lcdc_rgba888_mxt_9x60_wvga/debug/_ext/1618192685/legato_event.o
                0x23f06d74                leEvent_ProcessEvents
 .text.leWidgetEvent_Accept
                0x23f06e28       0x14 build/lcdc_rgba888_mxt_9x60_wvga/debug/_ext/1618192685/legato_event.o
                0x23f06e28                leWidgetEvent_Accept
 .text.leInput_Init
                0x23f06e3c       0x2c build/lcdc_rgba888_mxt_9x60_wvga/debug/_ext/1618192685/legato_input.o
                0x23f06e3c                leInput_Init
 .text.leInput_InjectTouchDown
                0x23f06e68       0xd8 build/lcdc_rgba888_mxt_9x60_wvga/debug/_ext/1618192685/legato_input.o
                0x23f06e68                leInput_InjectTouchDown
 .text.leInput_InjectTouchUp
                0x23f06f40       0xb4 build/lcdc_rgba888_mxt_9x60_wvga/debug/_ext/1618192685/legato_input.o
                0x23f06f40                leInput_InjectTouchUp
 .text.leInput_InjectTouchMoved
                0x23f06ff4      0x12c build/lcdc_rgba888_mxt_9x60_wvga/debug/_ext/1618192685/legato_input.o
                0x23f06ff4                leInput_InjectTouchMoved
 .text.handleTouchDown
                0x23f07120      0x118 build/lcdc_rgba888_mxt_9x60_wvga/debug/_ext/1618192685/legato_input.o
                0x23f07120                handleTouchDown
 .text.handleTouchUp
                0x23f07238       0x70 build/lcdc_rgba888_mxt_9x60_wvga/debug/_ext/1618192685/legato_input.o
                0x23f07238                handleTouchUp
 .text.handleTouchMoved
                0x23f072a8       0x70 build/lcdc_rgba888_mxt_9x60_wvga/debug/_ext/1618192685/legato_input.o
                0x23f072a8                handleTouchMoved
 .text._leInput_HandleInputEvent
                0x23f07318       0x40 build/lcdc_rgba888_mxt_9x60_wvga/debug/_ext/1618192685/legato_input.o
                0x23f07318                _leInput_HandleInputEvent
 .text._shuffleLeft
                0x23f07358       0xac build/lcdc_rgba888_mxt_9x60_wvga/debug/_ext/109670485/legato_rectarray.o
 .text.leRectArray_Create
                0x23f07404       0x1c build/lcdc_rgba888_mxt_9x60_wvga/debug/_ext/109670485/legato_rectarray.o
                0x23f07404                leRectArray_Create
 .text.leRectArray_Resize
                0x23f07420       0x7c build/lcdc_rgba888_mxt_9x60_wvga/debug/_ext/109670485/legato_rectarray.o
                0x23f07420                leRectArray_Resize
 .text.leRectArray_PushBack
                0x23f0749c       0x70 build/lcdc_rgba888_mxt_9x60_wvga/debug/_ext/109670485/legato_rectarray.o
                0x23f0749c                leRectArray_PushBack
 .text.leRectArray_RemoveAt
                0x23f0750c       0x38 build/lcdc_rgba888_mxt_9x60_wvga/debug/_ext/109670485/legato_rectarray.o
                0x23f0750c                leRectArray_RemoveAt
 .text.leRectArray_Copy
                0x23f07544       0x74 build/lcdc_rgba888_mxt_9x60_wvga/debug/_ext/109670485/legato_rectarray.o
                0x23f07544                leRectArray_Copy
 .text.leRectArray_Clear
                0x23f075b8       0x14 build/lcdc_rgba888_mxt_9x60_wvga/debug/_ext/109670485/legato_rectarray.o
                0x23f075b8                leRectArray_Clear
 .text.leRectArray_Destroy
                0x23f075cc       0x3c build/lcdc_rgba888_mxt_9x60_wvga/debug/_ext/109670485/legato_rectarray.o
                0x23f075cc                leRectArray_Destroy
 .text.leRectArray_RemoveDuplicates
                0x23f07608       0x90 build/lcdc_rgba888_mxt_9x60_wvga/debug/_ext/109670485/legato_rectarray.o
                0x23f07608                leRectArray_RemoveDuplicates
 .text.leRectArray_SortBySize
                0x23f07698       0xdc build/lcdc_rgba888_mxt_9x60_wvga/debug/_ext/109670485/legato_rectarray.o
                0x23f07698                leRectArray_SortBySize
 .text.leRectArray_SortByX
                0x23f07774       0xfc build/lcdc_rgba888_mxt_9x60_wvga/debug/_ext/109670485/legato_rectarray.o
                0x23f07774                leRectArray_SortByX
 .text.leRectArray_SortByY
                0x23f07870       0xf4 build/lcdc_rgba888_mxt_9x60_wvga/debug/_ext/109670485/legato_rectarray.o
                0x23f07870                leRectArray_SortByY
 .text.leRectArray_MergeSimilar
                0x23f07964       0x98 build/lcdc_rgba888_mxt_9x60_wvga/debug/_ext/109670485/legato_rectarray.o
                0x23f07964                leRectArray_MergeSimilar
 .text.leRectArray_RemoveOverlapping
                0x23f079fc       0x84 build/lcdc_rgba888_mxt_9x60_wvga/debug/_ext/109670485/legato_rectarray.o
                0x23f079fc                leRectArray_RemoveOverlapping
 .text.leRectArray_PadRectangleWidth
                0x23f07a80      0x120 build/lcdc_rgba888_mxt_9x60_wvga/debug/_ext/109670485/legato_rectarray.o
                0x23f07a80                leRectArray_PadRectangleWidth
 .text.leRectArray_CropToSizeY
                0x23f07ba0      0x134 build/lcdc_rgba888_mxt_9x60_wvga/debug/_ext/109670485/legato_rectarray.o
                0x23f07ba0                leRectArray_CropToSizeY
 .text.leRectArray_CropToSizeX
                0x23f07cd4      0x134 build/lcdc_rgba888_mxt_9x60_wvga/debug/_ext/109670485/legato_rectarray.o
                0x23f07cd4                leRectArray_CropToSizeX
 .text._shuffleRight
                0x23f07e08       0x78 build/lcdc_rgba888_mxt_9x60_wvga/debug/_ext/109670485/legato_array.o
 .text._shuffleLeft
                0x23f07e80       0x5c build/lcdc_rgba888_mxt_9x60_wvga/debug/_ext/109670485/legato_array.o
 .text.leArray_Create
                0x23f07edc       0x1c build/lcdc_rgba888_mxt_9x60_wvga/debug/_ext/109670485/legato_array.o
                0x23f07edc                leArray_Create
 .text.leArray_Resize
                0x23f07ef8       0x70 build/lcdc_rgba888_mxt_9x60_wvga/debug/_ext/109670485/legato_array.o
                0x23f07ef8                leArray_Resize
 .text.leArray_PushBack
                0x23f07f68       0x60 build/lcdc_rgba888_mxt_9x60_wvga/debug/_ext/109670485/legato_array.o
                0x23f07f68                leArray_PushBack
 .text.leArray_InsertAt
                0x23f07fc8       0x9c build/lcdc_rgba888_mxt_9x60_wvga/debug/_ext/109670485/legato_array.o
                0x23f07fc8                leArray_InsertAt
 .text.leArray_RemoveAt
                0x23f08064       0x38 build/lcdc_rgba888_mxt_9x60_wvga/debug/_ext/109670485/legato_array.o
                0x23f08064                leArray_RemoveAt
 .text.leArray_Get
                0x23f0809c       0x18 build/lcdc_rgba888_mxt_9x60_wvga/debug/_ext/109670485/legato_array.o
                0x23f0809c                leArray_Get
 .text.leArray_Find
                0x23f080b4       0x68 build/lcdc_rgba888_mxt_9x60_wvga/debug/_ext/109670485/legato_array.o
                0x23f080b4                leArray_Find
 .text.leArray_Remove
                0x23f0811c       0x58 build/lcdc_rgba888_mxt_9x60_wvga/debug/_ext/109670485/legato_array.o
                0x23f0811c                leArray_Remove
 .text.leArray_Clear
                0x23f08174       0x38 build/lcdc_rgba888_mxt_9x60_wvga/debug/_ext/109670485/legato_array.o
                0x23f08174                leArray_Clear
 .text.leList_Create
                0x23f081ac       0x1c build/lcdc_rgba888_mxt_9x60_wvga/debug/_ext/109670485/legato_list.o
                0x23f081ac                leList_Create
 .text.leList_PushBack
                0x23f081c8       0x68 build/lcdc_rgba888_mxt_9x60_wvga/debug/_ext/109670485/legato_list.o
                0x23f081c8                leList_PushBack
 .text.leList_Get
                0x23f08230       0x44 build/lcdc_rgba888_mxt_9x60_wvga/debug/_ext/109670485/legato_list.o
                0x23f08230                leList_Get
 .text.leList_Remove
                0x23f08274       0xbc build/lcdc_rgba888_mxt_9x60_wvga/debug/_ext/109670485/legato_list.o
                0x23f08274                leList_Remove
 .text.leList_Destroy
                0x23f08330       0x4c build/lcdc_rgba888_mxt_9x60_wvga/debug/_ext/109670485/legato_list.o
                0x23f08330                leList_Destroy
 .text.drawGlyphRow8bpp
                0x23f0837c       0xf8 build/lcdc_rgba888_mxt_9x60_wvga/debug/_ext/1618103421/legato_font.o
 .text.drawGlyphRow1bpp
                0x23f08474       0xd0 build/lcdc_rgba888_mxt_9x60_wvga/debug/_ext/1618103421/legato_font.o
 .text.drawGlyphRow8bppMono
                0x23f08544       0x5c build/lcdc_rgba888_mxt_9x60_wvga/debug/_ext/1618103421/legato_font.o
 .text.drawGlyphRow1bppMono
                0x23f085a0       0x64 build/lcdc_rgba888_mxt_9x60_wvga/debug/_ext/1618103421/legato_font.o
 .text._drawUnknownGlyph
                0x23f08604       0xf4 build/lcdc_rgba888_mxt_9x60_wvga/debug/_ext/1618103421/legato_font.o
 .text.leFont_GetGlyphInfo
                0x23f086f8       0xe0 build/lcdc_rgba888_mxt_9x60_wvga/debug/_ext/1618103421/legato_font.o
                0x23f086f8                leFont_GetGlyphInfo
 .text.leFont_DrawGlyphData
                0x23f087d8      0x12c build/lcdc_rgba888_mxt_9x60_wvga/debug/_ext/1618103421/legato_font.o
                0x23f087d8                leFont_DrawGlyphData
 .text.leFont_DrawGlyphData_Lookup
                0x23f08904      0x300 build/lcdc_rgba888_mxt_9x60_wvga/debug/_ext/1618103421/legato_font.o
                0x23f08904                leFont_DrawGlyphData_Lookup
 .text.leFont_DrawGlyph
                0x23f08c04       0xa4 build/lcdc_rgba888_mxt_9x60_wvga/debug/_ext/1618103421/legato_font.o
                0x23f08c04                leFont_DrawGlyph
 .text.leFont_DrawGlyph_Lookup
                0x23f08ca8       0xb4 build/lcdc_rgba888_mxt_9x60_wvga/debug/_ext/1618103421/legato_font.o
                0x23f08ca8                leFont_DrawGlyph_Lookup
 .text.screenInit_Screen0
                0x23f08d5c       0x28 build/lcdc_rgba888_mxt_9x60_wvga/debug/_ext/534613472/le_gen_screen_Screen0.o
                0x23f08d5c                screenInit_Screen0
 .text.screenShow_Screen0
                0x23f08d84     0x1df0 build/lcdc_rgba888_mxt_9x60_wvga/debug/_ext/534613472/le_gen_screen_Screen0.o
                0x23f08d84                screenShow_Screen0
 .text.screenUpdate_Screen0
                0x23f0ab74       0x88 build/lcdc_rgba888_mxt_9x60_wvga/debug/_ext/534613472/le_gen_screen_Screen0.o
                0x23f0ab74                screenUpdate_Screen0
 .text.screenHide_Screen0
                0x23f0abfc      0x284 build/lcdc_rgba888_mxt_9x60_wvga/debug/_ext/534613472/le_gen_screen_Screen0.o
                0x23f0abfc                screenHide_Screen0
 .text.legato_showScreen
                0x23f0ae80       0x1c build/lcdc_rgba888_mxt_9x60_wvga/debug/_ext/706129189/le_gen_init.o
                0x23f0ae80                legato_showScreen
 .text.legato_initializeScreenState
                0x23f0ae9c       0x40 build/lcdc_rgba888_mxt_9x60_wvga/debug/_ext/706129189/le_gen_init.o
                0x23f0ae9c                legato_initializeScreenState
 .text.legato_updateScreenState
                0x23f0aedc       0x8c build/lcdc_rgba888_mxt_9x60_wvga/debug/_ext/706129189/le_gen_init.o
                0x23f0aedc                legato_updateScreenState
 .text.initializeStrings
                0x23f0af68      0x148 build/lcdc_rgba888_mxt_9x60_wvga/debug/_ext/706129189/le_gen_stringtable.o
                0x23f0af68                initializeStrings
 .text.touchMoveHandler
                0x23f0b0b0       0x18 build/lcdc_rgba888_mxt_9x60_wvga/debug/_ext/706129189/le_gen_harmony.o
 .text.touchUpHandler
                0x23f0b0c8       0x18 build/lcdc_rgba888_mxt_9x60_wvga/debug/_ext/706129189/le_gen_harmony.o
 .text.touchDownHandler
                0x23f0b0e0       0x18 build/lcdc_rgba888_mxt_9x60_wvga/debug/_ext/706129189/le_gen_harmony.o
 .text.Legato_Initialize
                0x23f0b0f8       0x98 build/lcdc_rgba888_mxt_9x60_wvga/debug/_ext/706129189/le_gen_harmony.o
                0x23f0b0f8                Legato_Initialize
 .text.Legato_Tasks
                0x23f0b190       0x4c build/lcdc_rgba888_mxt_9x60_wvga/debug/_ext/706129189/le_gen_harmony.o
                0x23f0b190                Legato_Tasks
 .text._supportsImage
                0x23f0b1dc       0x28 build/lcdc_rgba888_mxt_9x60_wvga/debug/_ext/2086705360/legato_imagedecoder_jpeg.o
 .text.internalMemoryRead
                0x23f0b204       0x48 build/lcdc_rgba888_mxt_9x60_wvga/debug/_ext/2086705360/legato_imagedecoder_jpeg.o
 .text.exec     0x23f0b24c        0x8 build/lcdc_rgba888_mxt_9x60_wvga/debug/_ext/2086705360/legato_imagedecoder_jpeg.o
 .text._render  0x23f0b254      0x1fc build/lcdc_rgba888_mxt_9x60_wvga/debug/_ext/2086705360/legato_imagedecoder_jpeg.o
 .text._draw    0x23f0b450      0x20c build/lcdc_rgba888_mxt_9x60_wvga/debug/_ext/2086705360/legato_imagedecoder_jpeg.o
 .text.blitToImage
                0x23f0b65c       0xa4 build/lcdc_rgba888_mxt_9x60_wvga/debug/_ext/2086705360/legato_imagedecoder_jpeg.o
 .text.blitToFrameBuffer
                0x23f0b700       0x98 build/lcdc_rgba888_mxt_9x60_wvga/debug/_ext/2086705360/legato_imagedecoder_jpeg.o
 .text._leJPEGImageDecoder_Init
                0x23f0b798       0x5c build/lcdc_rgba888_mxt_9x60_wvga/debug/_ext/2086705360/legato_imagedecoder_jpeg.o
                0x23f0b798                _leJPEGImageDecoder_Init
 .text.JPEG_wReadWord
                0x23f0b7f4       0x50 build/lcdc_rgba888_mxt_9x60_wvga/debug/_ext/2086705360/legato_imagedecoder_jpeg_common.o
 .text.JPEG_bReadByte
                0x23f0b844       0x2c build/lcdc_rgba888_mxt_9x60_wvga/debug/_ext/2086705360/legato_imagedecoder_jpeg_common.o
 .text.JPEG_bGet1Bit
                0x23f0b870      0x154 build/lcdc_rgba888_mxt_9x60_wvga/debug/_ext/2086705360/legato_imagedecoder_jpeg_common.o
 .text.JPEG_wGetBits
                0x23f0b9c4       0x4c build/lcdc_rgba888_mxt_9x60_wvga/debug/_ext/2086705360/legato_imagedecoder_jpeg_common.o
 .text.JPEG_sGetBitsValue
                0x23f0ba10       0x50 build/lcdc_rgba888_mxt_9x60_wvga/debug/_ext/2086705360/legato_imagedecoder_jpeg_common.o
 .text.JPEG_bGetNextHuffByte
                0x23f0ba60       0x98 build/lcdc_rgba888_mxt_9x60_wvga/debug/_ext/2086705360/legato_imagedecoder_jpeg_common.o
 .text.JPEG_vResetDecoder
                0x23f0baf8       0x20 build/lcdc_rgba888_mxt_9x60_wvga/debug/_ext/2086705360/legato_imagedecoder_jpeg_common.o
                0x23f0baf8                JPEG_vResetDecoder
 .text.JPEG_bReadHeader
                0x23f0bb18      0x7c8 build/lcdc_rgba888_mxt_9x60_wvga/debug/_ext/2086705360/legato_imagedecoder_jpeg_common.o
                0x23f0bb18                JPEG_bReadHeader
 .text.JPEG_bGenerateHuffmanTables
                0x23f0c2e0       0x90 build/lcdc_rgba888_mxt_9x60_wvga/debug/_ext/2086705360/legato_imagedecoder_jpeg_common.o
                0x23f0c2e0                JPEG_bGenerateHuffmanTables
 .text.JPEG_bDecodeOneBlock
                0x23f0c370      0x270 build/lcdc_rgba888_mxt_9x60_wvga/debug/_ext/2086705360/legato_imagedecoder_jpeg_common.o
                0x23f0c370                JPEG_bDecodeOneBlock
 .text.JPEG_vInitDisplay
                0x23f0c5e0       0x10 build/lcdc_rgba888_mxt_9x60_wvga/debug/_ext/2086705360/legato_imagedecoder_jpeg_common.o
                0x23f0c5e0                JPEG_vInitDisplay
 .text.JPEG_bPaintOneBlock
                0x23f0c5f0      0x9c4 build/lcdc_rgba888_mxt_9x60_wvga/debug/_ext/2086705360/legato_imagedecoder_jpeg_common.o
                0x23f0c5f0                JPEG_bPaintOneBlock
 .text.jpeg_idct_islow_leg
                0x23f0cfb4      0x514 build/lcdc_rgba888_mxt_9x60_wvga/debug/_ext/2086705360/jidctint.o
                0x23f0cfb4                jpeg_idct_islow_leg
 .text.stage_decode
                0x23f0d4c8       0x3c build/lcdc_rgba888_mxt_9x60_wvga/debug/_ext/2086794059/legato_imagedecoder_mono_read_internal.o
 .text._leMonoImageDecoder_ReadStage_Internal
                0x23f0d504       0x30 build/lcdc_rgba888_mxt_9x60_wvga/debug/_ext/2086794059/legato_imagedecoder_mono_read_internal.o
                0x23f0d504                _leMonoImageDecoder_ReadStage_Internal
 .text._supportsImage
                0x23f0d534       0x14 build/lcdc_rgba888_mxt_9x60_wvga/debug/_ext/2086794059/legato_imagedecoder_mono.o
 .text._decoderCleanup
                0x23f0d548       0x64 build/lcdc_rgba888_mxt_9x60_wvga/debug/_ext/2086794059/legato_imagedecoder_mono.o
 .text._decoderExec
                0x23f0d5ac       0x84 build/lcdc_rgba888_mxt_9x60_wvga/debug/_ext/2086794059/legato_imagedecoder_mono.o
 .text._decoderIsDone
                0x23f0d630       0x10 build/lcdc_rgba888_mxt_9x60_wvga/debug/_ext/2086794059/legato_imagedecoder_mono.o
 .text.stage_sourceIterateSetup
                0x23f0d640       0xb4 build/lcdc_rgba888_mxt_9x60_wvga/debug/_ext/2086794059/legato_imagedecoder_mono.o
 .text.stage_FrameBufferWrite
                0x23f0d6f4       0x20 build/lcdc_rgba888_mxt_9x60_wvga/debug/_ext/2086794059/legato_imagedecoder_mono.o
 .text.stage_ImageWrite
                0x23f0d714       0x28 build/lcdc_rgba888_mxt_9x60_wvga/debug/_ext/2086794059/legato_imagedecoder_mono.o
 .text._leMonoImageDecoder_Init
                0x23f0d73c       0x84 build/lcdc_rgba888_mxt_9x60_wvga/debug/_ext/2086794059/legato_imagedecoder_mono.o
                0x23f0d73c                _leMonoImageDecoder_Init
 .text._leMonoImageDecoder_InjectStage
                0x23f0d7c0       0x38 build/lcdc_rgba888_mxt_9x60_wvga/debug/_ext/2086794059/legato_imagedecoder_mono.o
                0x23f0d7c0                _leMonoImageDecoder_InjectStage
 .text._leMonoImageDecoder_SourceIterateSetupStage
                0x23f0d7f8       0x38 build/lcdc_rgba888_mxt_9x60_wvga/debug/_ext/2086794059/legato_imagedecoder_mono.o
                0x23f0d7f8                _leMonoImageDecoder_SourceIterateSetupStage
 .text._leMonoImageDecoder_FrameBufferWriteStage
                0x23f0d830       0x30 build/lcdc_rgba888_mxt_9x60_wvga/debug/_ext/2086794059/legato_imagedecoder_mono.o
                0x23f0d830                _leMonoImageDecoder_FrameBufferWriteStage
 .text._draw    0x23f0d860      0x154 build/lcdc_rgba888_mxt_9x60_wvga/debug/_ext/2086794059/legato_imagedecoder_mono.o
 .text._leMonoImageDecoder_ImageWriteStage
                0x23f0d9b4       0x30 build/lcdc_rgba888_mxt_9x60_wvga/debug/_ext/2086794059/legato_imagedecoder_mono.o
                0x23f0d9b4                _leMonoImageDecoder_ImageWriteStage
 .text._copy    0x23f0d9e4      0x190 build/lcdc_rgba888_mxt_9x60_wvga/debug/_ext/2086794059/legato_imagedecoder_mono.o
 .text.readBitsFromStream
                0x23f0db74       0x50 build/lcdc_rgba888_mxt_9x60_wvga/debug/_ext/1872343871/lodepng.o
 .text.huffmanDecodeSymbol
                0x23f0dbc4       0x64 build/lcdc_rgba888_mxt_9x60_wvga/debug/_ext/1872343871/lodepng.o
 .text.readBitFromReversedStream
                0x23f0dc28       0x24 build/lcdc_rgba888_mxt_9x60_wvga/debug/_ext/1872343871/lodepng.o
 .text.readBitsFromReversedStream
                0x23f0dc4c       0x48 build/lcdc_rgba888_mxt_9x60_wvga/debug/_ext/1872343871/lodepng.o
 .text.getNumColorChannels
                0x23f0dc94       0x50 build/lcdc_rgba888_mxt_9x60_wvga/debug/_ext/1872343871/lodepng.o
 .text.lodepng_color_mode_equal
                0x23f0dce4      0x120 build/lcdc_rgba888_mxt_9x60_wvga/debug/_ext/1872343871/lodepng.o
 .text.addColorBits
                0x23f0de04       0x50 build/lcdc_rgba888_mxt_9x60_wvga/debug/_ext/1872343871/lodepng.o
 .text.getPixelColorsRGBA8
                0x23f0de54      0x51c build/lcdc_rgba888_mxt_9x60_wvga/debug/_ext/1872343871/lodepng.o
 .text.Adam7_getpassvalues
                0x23f0e370      0x18c build/lcdc_rgba888_mxt_9x60_wvga/debug/_ext/1872343871/lodepng.o
 .text.unfilter
                0x23f0e4fc      0x424 build/lcdc_rgba888_mxt_9x60_wvga/debug/_ext/1872343871/lodepng.o
 .text.removePaddingBits
                0x23f0e920       0xa4 build/lcdc_rgba888_mxt_9x60_wvga/debug/_ext/1872343871/lodepng.o
 .text.ucvector_reserve
                0x23f0e9c4       0x58 build/lcdc_rgba888_mxt_9x60_wvga/debug/_ext/1872343871/lodepng.o
 .text.ucvector_resize
                0x23f0ea1c       0x20 build/lcdc_rgba888_mxt_9x60_wvga/debug/_ext/1872343871/lodepng.o
 .text.ucvector_push_back
                0x23f0ea3c       0x34 build/lcdc_rgba888_mxt_9x60_wvga/debug/_ext/1872343871/lodepng.o
 .text.color_tree_cleanup
                0x23f0ea70       0x34 build/lcdc_rgba888_mxt_9x60_wvga/debug/_ext/1872343871/lodepng.o
 .text.LodePNGIText_cleanup
                0x23f0eaa4       0x90 build/lcdc_rgba888_mxt_9x60_wvga/debug/_ext/1872343871/lodepng.o
 .text.LodePNGText_cleanup
                0x23f0eb34       0x60 build/lcdc_rgba888_mxt_9x60_wvga/debug/_ext/1872343871/lodepng.o
 .text.HuffmanTree_cleanup
                0x23f0eb94       0x24 build/lcdc_rgba888_mxt_9x60_wvga/debug/_ext/1872343871/lodepng.o
 .text.string_set
                0x23f0ebb8       0x68 build/lcdc_rgba888_mxt_9x60_wvga/debug/_ext/1872343871/lodepng.o
 .text.string_init
                0x23f0ec20       0x2c build/lcdc_rgba888_mxt_9x60_wvga/debug/_ext/1872343871/lodepng.o
 .text.uivector_reserve
                0x23f0ec4c       0x58 build/lcdc_rgba888_mxt_9x60_wvga/debug/_ext/1872343871/lodepng.o
 .text.HuffmanTree_makeFromLengths
                0x23f0eca4      0x424 build/lcdc_rgba888_mxt_9x60_wvga/debug/_ext/1872343871/lodepng.o
 .text.lodepng_read32bitInt
                0x23f0f0c8       0x24 build/lcdc_rgba888_mxt_9x60_wvga/debug/_ext/1872343871/lodepng.o
                0x23f0f0c8                lodepng_read32bitInt
 .text.lodepng_inflate
                0x23f0f0ec      0x998 build/lcdc_rgba888_mxt_9x60_wvga/debug/_ext/1872343871/lodepng.o
                0x23f0f0ec                lodepng_inflate
 .text.lodepng_zlib_decompress
                0x23f0fa84      0x198 build/lcdc_rgba888_mxt_9x60_wvga/debug/_ext/1872343871/lodepng.o
                0x23f0fa84                lodepng_zlib_decompress
 .text.zlib_decompress
                0x23f0fc1c       0x34 build/lcdc_rgba888_mxt_9x60_wvga/debug/_ext/1872343871/lodepng.o
 .text.lodepng_crc32
                0x23f0fc50       0x4c build/lcdc_rgba888_mxt_9x60_wvga/debug/_ext/1872343871/lodepng.o
                0x23f0fc50                lodepng_crc32
 .text.lodepng_chunk_type_equals
                0x23f0fc9c       0x80 build/lcdc_rgba888_mxt_9x60_wvga/debug/_ext/1872343871/lodepng.o
                0x23f0fc9c                lodepng_chunk_type_equals
 .text.lodepng_chunk_check_crc
                0x23f0fd1c       0x38 build/lcdc_rgba888_mxt_9x60_wvga/debug/_ext/1872343871/lodepng.o
                0x23f0fd1c                lodepng_chunk_check_crc
 .text.lodepng_chunk_next_const
                0x23f0fd54       0x18 build/lcdc_rgba888_mxt_9x60_wvga/debug/_ext/1872343871/lodepng.o
                0x23f0fd54                lodepng_chunk_next_const
 .text.lodepng_chunk_append
                0x23f0fd6c       0xa4 build/lcdc_rgba888_mxt_9x60_wvga/debug/_ext/1872343871/lodepng.o
                0x23f0fd6c                lodepng_chunk_append
 .text.lodepng_color_mode_init
                0x23f0fe10       0x30 build/lcdc_rgba888_mxt_9x60_wvga/debug/_ext/1872343871/lodepng.o
                0x23f0fe10                lodepng_color_mode_init
 .text.lodepng_palette_clear
                0x23f0fe40       0x28 build/lcdc_rgba888_mxt_9x60_wvga/debug/_ext/1872343871/lodepng.o
                0x23f0fe40                lodepng_palette_clear
 .text.lodepng_color_mode_copy
                0x23f0fe68       0x98 build/lcdc_rgba888_mxt_9x60_wvga/debug/_ext/1872343871/lodepng.o
                0x23f0fe68                lodepng_color_mode_copy
 .text.lodepng_get_bpp
                0x23f0ff00       0x1c build/lcdc_rgba888_mxt_9x60_wvga/debug/_ext/1872343871/lodepng.o
                0x23f0ff00                lodepng_get_bpp
 .text.lodepng_get_raw_size_idat
                0x23f0ff1c       0x34 build/lcdc_rgba888_mxt_9x60_wvga/debug/_ext/1872343871/lodepng.o
 .text.lodepng_get_raw_size
                0x23f0ff50       0x38 build/lcdc_rgba888_mxt_9x60_wvga/debug/_ext/1872343871/lodepng.o
                0x23f0ff50                lodepng_get_raw_size
 .text.lodepng_add_text
                0x23f0ff88       0xcc build/lcdc_rgba888_mxt_9x60_wvga/debug/_ext/1872343871/lodepng.o
                0x23f0ff88                lodepng_add_text
 .text.lodepng_add_itext
                0x23f10054      0x17c build/lcdc_rgba888_mxt_9x60_wvga/debug/_ext/1872343871/lodepng.o
                0x23f10054                lodepng_add_itext
 .text.lodepng_info_init
                0x23f101d0       0x74 build/lcdc_rgba888_mxt_9x60_wvga/debug/_ext/1872343871/lodepng.o
                0x23f101d0                lodepng_info_init
 .text.lodepng_info_cleanup
                0x23f10244       0x3c build/lcdc_rgba888_mxt_9x60_wvga/debug/_ext/1872343871/lodepng.o
                0x23f10244                lodepng_info_cleanup
 .text.lodepng_convert
                0x23f10280      0xbb8 build/lcdc_rgba888_mxt_9x60_wvga/debug/_ext/1872343871/lodepng.o
                0x23f10280                lodepng_convert
 .text.lodepng_inspect
                0x23f10e38      0x290 build/lcdc_rgba888_mxt_9x60_wvga/debug/_ext/1872343871/lodepng.o
                0x23f10e38                lodepng_inspect
 .text.lodepng_decode
                0x23f110c8     0x1740 build/lcdc_rgba888_mxt_9x60_wvga/debug/_ext/1872343871/lodepng.o
                0x23f110c8                lodepng_decode
 .text.lodepng_decoder_settings_init
                0x23f12808       0x2c build/lcdc_rgba888_mxt_9x60_wvga/debug/_ext/1872343871/lodepng.o
                0x23f12808                lodepng_decoder_settings_init
 .text.lodepng_state_init
                0x23f12834       0x28 build/lcdc_rgba888_mxt_9x60_wvga/debug/_ext/1872343871/lodepng.o
                0x23f12834                lodepng_state_init
 .text.lodepng_state_cleanup
                0x23f1285c       0x1c build/lcdc_rgba888_mxt_9x60_wvga/debug/_ext/1872343871/lodepng.o
                0x23f1285c                lodepng_state_cleanup
 .text.lodepng_decode_memory
                0x23f12878       0x68 build/lcdc_rgba888_mxt_9x60_wvga/debug/_ext/1872343871/lodepng.o
                0x23f12878                lodepng_decode_memory
 .text._supportsImage
                0x23f128e0       0x28 build/lcdc_rgba888_mxt_9x60_wvga/debug/_ext/1872343871/legato_imagedecoder_png.o
 .text._decoderCleanup
                0x23f12908        0x4 build/lcdc_rgba888_mxt_9x60_wvga/debug/_ext/1872343871/legato_imagedecoder_png.o
 .text._decoderExec
                0x23f1290c        0x8 build/lcdc_rgba888_mxt_9x60_wvga/debug/_ext/1872343871/legato_imagedecoder_png.o
 .text._decoderIsDone
                0x23f12914        0x8 build/lcdc_rgba888_mxt_9x60_wvga/debug/_ext/1872343871/legato_imagedecoder_png.o
 .text._render  0x23f1291c       0xf4 build/lcdc_rgba888_mxt_9x60_wvga/debug/_ext/1872343871/legato_imagedecoder_png.o
 .text._draw    0x23f12a10      0x1f0 build/lcdc_rgba888_mxt_9x60_wvga/debug/_ext/1872343871/legato_imagedecoder_png.o
 .text._lePNGImageDecoder_Init
                0x23f12c00       0x6c build/lcdc_rgba888_mxt_9x60_wvga/debug/_ext/1872343871/legato_imagedecoder_png.o
                0x23f12c00                _lePNGImageDecoder_Init
 .text.stage_sourceIterateSetup
                0x23f12c6c       0xb4 build/lcdc_rgba888_mxt_9x60_wvga/debug/_ext/1872342336/legato_imagedecoder_raw_setup.o
 .text.stage_targetIterateSetup
                0x23f12d20       0x94 build/lcdc_rgba888_mxt_9x60_wvga/debug/_ext/1872342336/legato_imagedecoder_raw_setup.o
 .text._leRawImageDecoder_SourceIterateSetupStage
                0x23f12db4       0x38 build/lcdc_rgba888_mxt_9x60_wvga/debug/_ext/1872342336/legato_imagedecoder_raw_setup.o
                0x23f12db4                _leRawImageDecoder_SourceIterateSetupStage
 .text._leRawImageDecoder_TargetIterateSetupStage
                0x23f12dec       0x38 build/lcdc_rgba888_mxt_9x60_wvga/debug/_ext/1872342336/legato_imagedecoder_raw_setup.o
                0x23f12dec                _leRawImageDecoder_TargetIterateSetupStage
 .text.stage_postRead
                0x23f12e24       0x14 build/lcdc_rgba888_mxt_9x60_wvga/debug/_ext/1872342336/legato_imagedecoder_raw_scale.o
 .text.stage_scaledNearestNeighborPreRead
                0x23f12e38       0xc4 build/lcdc_rgba888_mxt_9x60_wvga/debug/_ext/1872342336/legato_imagedecoder_raw_scale.o
 .text.stage_bilinearPreRead
                0x23f12efc      0x164 build/lcdc_rgba888_mxt_9x60_wvga/debug/_ext/1872342336/legato_imagedecoder_raw_scale.o
 .text.stage_scaledBilinearPostRead
                0x23f13060       0x8c build/lcdc_rgba888_mxt_9x60_wvga/debug/_ext/1872342336/legato_imagedecoder_raw_scale.o
 .text._leRawImageDecoder_ScaleNearestNeighborPreReadStage
                0x23f130ec       0x6c build/lcdc_rgba888_mxt_9x60_wvga/debug/_ext/1872342336/legato_imagedecoder_raw_scale.o
                0x23f130ec                _leRawImageDecoder_ScaleNearestNeighborPreReadStage
 .text._leRawImageDecoder_ScaleBilinearPreReadStage
                0x23f13158       0x74 build/lcdc_rgba888_mxt_9x60_wvga/debug/_ext/1872342336/legato_imagedecoder_raw_scale.o
                0x23f13158                _leRawImageDecoder_ScaleBilinearPreReadStage
 .text._leRawImageDecoder_PostReadStage
                0x23f131cc       0x30 build/lcdc_rgba888_mxt_9x60_wvga/debug/_ext/1872342336/legato_imagedecoder_raw_scale.o
                0x23f131cc                _leRawImageDecoder_PostReadStage
 .text._leRawImageDecoder_ScaleBilinearPostReadStage
                0x23f131fc       0x30 build/lcdc_rgba888_mxt_9x60_wvga/debug/_ext/1872342336/legato_imagedecoder_raw_scale.o
                0x23f131fc                _leRawImageDecoder_ScaleBilinearPostReadStage
 .text._supportsImage
                0x23f1322c       0x14 build/lcdc_rgba888_mxt_9x60_wvga/debug/_ext/1872342336/legato_imagedecoder_raw.o
 .text._decoderCleanup
                0x23f13240       0x64 build/lcdc_rgba888_mxt_9x60_wvga/debug/_ext/1872342336/legato_imagedecoder_raw.o
 .text._decoderExec
                0x23f132a4       0x84 build/lcdc_rgba888_mxt_9x60_wvga/debug/_ext/1872342336/legato_imagedecoder_raw.o
 .text._decoderIsDone
                0x23f13328       0x10 build/lcdc_rgba888_mxt_9x60_wvga/debug/_ext/1872342336/legato_imagedecoder_raw.o
 .text._initReadStage
                0x23f13338       0x1c build/lcdc_rgba888_mxt_9x60_wvga/debug/_ext/1872342336/legato_imagedecoder_raw.o
 .text._initMaskStage
                0x23f13354       0x24 build/lcdc_rgba888_mxt_9x60_wvga/debug/_ext/1872342336/legato_imagedecoder_raw.o
 .text._initBlendStage
                0x23f13378       0x44 build/lcdc_rgba888_mxt_9x60_wvga/debug/_ext/1872342336/legato_imagedecoder_raw.o
 .text._initConvertStage
                0x23f133bc       0x4c build/lcdc_rgba888_mxt_9x60_wvga/debug/_ext/1872342336/legato_imagedecoder_raw.o
 .text._rotateDraw
                0x23f13408      0x2b0 build/lcdc_rgba888_mxt_9x60_wvga/debug/_ext/1872342336/legato_imagedecoder_raw.o
 .text._rotate  0x23f136b8      0x2f4 build/lcdc_rgba888_mxt_9x60_wvga/debug/_ext/1872342336/legato_imagedecoder_raw.o
 .text._resizeDraw
                0x23f139ac      0x294 build/lcdc_rgba888_mxt_9x60_wvga/debug/_ext/1872342336/legato_imagedecoder_raw.o
 .text._resize  0x23f13c40      0x238 build/lcdc_rgba888_mxt_9x60_wvga/debug/_ext/1872342336/legato_imagedecoder_raw.o
 .text._copy    0x23f13e78      0x1b8 build/lcdc_rgba888_mxt_9x60_wvga/debug/_ext/1872342336/legato_imagedecoder_raw.o
 .text._initLookupStage
                0x23f14030       0x4c build/lcdc_rgba888_mxt_9x60_wvga/debug/_ext/1872342336/legato_imagedecoder_raw.o
 .text._render  0x23f1407c      0x260 build/lcdc_rgba888_mxt_9x60_wvga/debug/_ext/1872342336/legato_imagedecoder_raw.o
 .text._draw    0x23f142dc      0x2f4 build/lcdc_rgba888_mxt_9x60_wvga/debug/_ext/1872342336/legato_imagedecoder_raw.o
 .text._leRawImageDecoder_Init
                0x23f145d0       0xa8 build/lcdc_rgba888_mxt_9x60_wvga/debug/_ext/1872342336/legato_imagedecoder_raw.o
                0x23f145d0                _leRawImageDecoder_Init
 .text._leRawImageDecoder_InjectStage
                0x23f14678       0x38 build/lcdc_rgba888_mxt_9x60_wvga/debug/_ext/1872342336/legato_imagedecoder_raw.o
                0x23f14678                _leRawImageDecoder_InjectStage
 .text.stage_decode
                0x23f146b0       0x74 build/lcdc_rgba888_mxt_9x60_wvga/debug/_ext/1872342336/legato_imagedecoder_raw_read_internal.o
 .text.rleRandomDecode
                0x23f14724       0x54 build/lcdc_rgba888_mxt_9x60_wvga/debug/_ext/1872342336/legato_imagedecoder_raw_read_internal.o
 .text.rleSequentialDecode
                0x23f14778       0x48 build/lcdc_rgba888_mxt_9x60_wvga/debug/_ext/1872342336/legato_imagedecoder_raw_read_internal.o
 .text.colorDecode
                0x23f147c0       0x34 build/lcdc_rgba888_mxt_9x60_wvga/debug/_ext/1872342336/legato_imagedecoder_raw_read_internal.o
 .text.indexRLERandomDecode
                0x23f147f4       0x80 build/lcdc_rgba888_mxt_9x60_wvga/debug/_ext/1872342336/legato_imagedecoder_raw_read_internal.o
 .text.indexRLESequentialDecode
                0x23f14874       0x74 build/lcdc_rgba888_mxt_9x60_wvga/debug/_ext/1872342336/legato_imagedecoder_raw_read_internal.o
 .text.indexDecode
                0x23f148e8       0x30 build/lcdc_rgba888_mxt_9x60_wvga/debug/_ext/1872342336/legato_imagedecoder_raw_read_internal.o
 .text._leRawImageDecoder_ReadStage_Internal
                0x23f14918      0x100 build/lcdc_rgba888_mxt_9x60_wvga/debug/_ext/1872342336/legato_imagedecoder_raw_read_internal.o
                0x23f14918                _leRawImageDecoder_ReadStage_Internal
 .text.stage_FrameBufferWrite
                0x23f14a18       0x24 build/lcdc_rgba888_mxt_9x60_wvga/debug/_ext/1872342336/legato_imagedecoder_raw_write.o
 .text.stage_ImageWrite
                0x23f14a3c       0x28 build/lcdc_rgba888_mxt_9x60_wvga/debug/_ext/1872342336/legato_imagedecoder_raw_write.o
 .text._leRawImageDecoder_FrameBufferWriteStage
                0x23f14a64       0x30 build/lcdc_rgba888_mxt_9x60_wvga/debug/_ext/1872342336/legato_imagedecoder_raw_write.o
                0x23f14a64                _leRawImageDecoder_FrameBufferWriteStage
 .text._leRawImageDecoder_ImageWriteStage
                0x23f14a94       0x30 build/lcdc_rgba888_mxt_9x60_wvga/debug/_ext/1872342336/legato_imagedecoder_raw_write.o
                0x23f14a94                _leRawImageDecoder_ImageWriteStage
 .text.stage_BlendRGBA5551
                0x23f14ac4       0x1c build/lcdc_rgba888_mxt_9x60_wvga/debug/_ext/1872342336/legato_imagedecoder_raw_blend.o
 .text.stage_BlendARGB8888
                0x23f14ae0       0x70 build/lcdc_rgba888_mxt_9x60_wvga/debug/_ext/1872342336/legato_imagedecoder_raw_blend.o
 .text.stage_BlendRGBA8888
                0x23f14b50       0x70 build/lcdc_rgba888_mxt_9x60_wvga/debug/_ext/1872342336/legato_imagedecoder_raw_blend.o
 .text._leRawImageDecoder_BlendStage_Internal
                0x23f14bc0       0xa0 build/lcdc_rgba888_mxt_9x60_wvga/debug/_ext/1872342336/legato_imagedecoder_raw_blend.o
                0x23f14bc0                _leRawImageDecoder_BlendStage_Internal
 .text.stage_rejectMaskedColor
                0x23f14c60       0x24 build/lcdc_rgba888_mxt_9x60_wvga/debug/_ext/1872342336/legato_imagedecoder_raw_mask.o
 .text._leRawImageDecoder_MaskStage_Internal
                0x23f14c84       0x2c build/lcdc_rgba888_mxt_9x60_wvga/debug/_ext/1872342336/legato_imagedecoder_raw_mask.o
                0x23f14c84                _leRawImageDecoder_MaskStage_Internal
 .text.stage_convertColor
                0x23f14cb0       0x2c build/lcdc_rgba888_mxt_9x60_wvga/debug/_ext/1872342336/legato_imagedecoder_raw_convert.o
 .text._leRawImageDecoder_ConvertStage
                0x23f14cdc       0x90 build/lcdc_rgba888_mxt_9x60_wvga/debug/_ext/1872342336/legato_imagedecoder_raw_convert.o
                0x23f14cdc                _leRawImageDecoder_ConvertStage
 .text.stage_rotateNearestNeighborPreRead
                0x23f14d6c      0x120 build/lcdc_rgba888_mxt_9x60_wvga/debug/_ext/1872342336/legato_imagedecoder_raw_rotate.o
 .text.stage_bilinearPreRead
                0x23f14e8c      0x20c build/lcdc_rgba888_mxt_9x60_wvga/debug/_ext/1872342336/legato_imagedecoder_raw_rotate.o
 .text.stage_rotateBilinearPostRead
                0x23f15098       0x60 build/lcdc_rgba888_mxt_9x60_wvga/debug/_ext/1872342336/legato_imagedecoder_raw_rotate.o
 .text._leRawImageDecoder_RotateNearestNeighborPreReadStage
                0x23f150f8       0x30 build/lcdc_rgba888_mxt_9x60_wvga/debug/_ext/1872342336/legato_imagedecoder_raw_rotate.o
                0x23f150f8                _leRawImageDecoder_RotateNearestNeighborPreReadStage
 .text._leRawImageDecoder_RotateBilinearPreReadStage
                0x23f15128       0x38 build/lcdc_rgba888_mxt_9x60_wvga/debug/_ext/1872342336/legato_imagedecoder_raw_rotate.o
                0x23f15128                _leRawImageDecoder_RotateBilinearPreReadStage
 .text._leRawImageDecoder_RotateBilinearPostReadStage
                0x23f15160       0x30 build/lcdc_rgba888_mxt_9x60_wvga/debug/_ext/1872342336/legato_imagedecoder_raw_rotate.o
                0x23f15160                _leRawImageDecoder_RotateBilinearPostReadStage
 .text.stage_imageRenderPostLookup
                0x23f15190       0x48 build/lcdc_rgba888_mxt_9x60_wvga/debug/_ext/1872342336/legato_imagedecoder_raw_palette_internal.o
 .text.stage_lookup
                0x23f151d8       0x40 build/lcdc_rgba888_mxt_9x60_wvga/debug/_ext/1872342336/legato_imagedecoder_raw_palette_internal.o
 .text._leRawImageDecoder_LookupStage_Internal
                0x23f15218       0x50 build/lcdc_rgba888_mxt_9x60_wvga/debug/_ext/1872342336/legato_imagedecoder_raw_palette_internal.o
                0x23f15218                _leRawImageDecoder_LookupStage_Internal
 .text._leRawImageDecoder_ImageRenderPostLookupStage
                0x23f15268       0x38 build/lcdc_rgba888_mxt_9x60_wvga/debug/_ext/1872342336/legato_imagedecoder_raw_palette_internal.o
                0x23f15268                _leRawImageDecoder_ImageRenderPostLookupStage
 .text.getDiscreteValueAtIndex1
                0x23f152a0       0x18 build/lcdc_rgba888_mxt_9x60_wvga/debug/_ext/1381099687/legato_image_utils.o
 .text.getDiscreteValueAtIndex4
                0x23f152b8       0x10 build/lcdc_rgba888_mxt_9x60_wvga/debug/_ext/1381099687/legato_image_utils.o
 .text.getDiscreteValueAtIndex8
                0x23f152c8        0x8 build/lcdc_rgba888_mxt_9x60_wvga/debug/_ext/1381099687/legato_image_utils.o
 .text.calcOffset1bpp
                0x23f152d0        0x8 build/lcdc_rgba888_mxt_9x60_wvga/debug/_ext/1381099687/legato_image_utils.o
 .text.calcOffset4bpp
                0x23f152d8        0x8 build/lcdc_rgba888_mxt_9x60_wvga/debug/_ext/1381099687/legato_image_utils.o
 .text.calcOffset8bpp
                0x23f152e0        0x4 build/lcdc_rgba888_mxt_9x60_wvga/debug/_ext/1381099687/legato_image_utils.o
 .text.calcOffset16bpp
                0x23f152e4        0x8 build/lcdc_rgba888_mxt_9x60_wvga/debug/_ext/1381099687/legato_image_utils.o
 .text.calcOffset24bpp
                0x23f152ec        0x8 build/lcdc_rgba888_mxt_9x60_wvga/debug/_ext/1381099687/legato_image_utils.o
 .text.calcOffset32bpp
                0x23f152f4        0x8 build/lcdc_rgba888_mxt_9x60_wvga/debug/_ext/1381099687/legato_image_utils.o
 .text.leGetRLEDataAtIndex
                0x23f152fc       0xd8 build/lcdc_rgba888_mxt_9x60_wvga/debug/_ext/1381099687/legato_image_utils.o
                0x23f152fc                leGetRLEDataAtIndex
 .text.leGetDiscreteValueAtIndex
                0x23f153d4       0x18 build/lcdc_rgba888_mxt_9x60_wvga/debug/_ext/1381099687/legato_image_utils.o
                0x23f153d4                leGetDiscreteValueAtIndex
 .text.leGetOffsetFromIndexAndBPP
                0x23f153ec       0x18 build/lcdc_rgba888_mxt_9x60_wvga/debug/_ext/1381099687/legato_image_utils.o
                0x23f153ec                leGetOffsetFromIndexAndBPP
 .text.leImage_InitDecoders
                0x23f15404       0x30 build/lcdc_rgba888_mxt_9x60_wvga/debug/_ext/1381099687/legato_image.o
                0x23f15404                leImage_InitDecoders
 .text.leImage_Create
                0x23f15434       0x94 build/lcdc_rgba888_mxt_9x60_wvga/debug/_ext/1381099687/legato_image.o
                0x23f15434                leImage_Create
 .text.leImage_Allocate
                0x23f154c8       0xb4 build/lcdc_rgba888_mxt_9x60_wvga/debug/_ext/1381099687/legato_image.o
                0x23f154c8                leImage_Allocate
 .text.leImage_Draw
                0x23f1557c       0xd4 build/lcdc_rgba888_mxt_9x60_wvga/debug/_ext/1381099687/legato_image.o
                0x23f1557c                leImage_Draw
 .text.leFixedHeap_Init
                0x23f15650       0xb0 build/lcdc_rgba888_mxt_9x60_wvga/debug/_ext/28088523/legato_fixedheap.o
                0x23f15650                leFixedHeap_Init
 .text.leFixedHeap_Alloc
                0x23f15700       0x48 build/lcdc_rgba888_mxt_9x60_wvga/debug/_ext/28088523/legato_fixedheap.o
                0x23f15700                leFixedHeap_Alloc
 .text.leFixedHeap_Free
                0x23f15748       0x1c build/lcdc_rgba888_mxt_9x60_wvga/debug/_ext/28088523/legato_fixedheap.o
                0x23f15748                leFixedHeap_Free
 .text.leFixedHeap_Contains
                0x23f15764       0x60 build/lcdc_rgba888_mxt_9x60_wvga/debug/_ext/28088523/legato_fixedheap.o
                0x23f15764                leFixedHeap_Contains
 .text._fixedHeapAlloc
                0x23f157c4       0x60 build/lcdc_rgba888_mxt_9x60_wvga/debug/_ext/28088523/legato_memory.o
 .text._findFixedHeapForPointer
                0x23f15824       0x5c build/lcdc_rgba888_mxt_9x60_wvga/debug/_ext/28088523/legato_memory.o
 .text.leMemory_Init
                0x23f15880       0xb0 build/lcdc_rgba888_mxt_9x60_wvga/debug/_ext/28088523/legato_memory.o
                0x23f15880                leMemory_Init
 .text.leMalloc
                0x23f15930       0x28 build/lcdc_rgba888_mxt_9x60_wvga/debug/_ext/28088523/legato_memory.o
                0x23f15930                leMalloc
 .text.leFree   0x23f15958       0x6c build/lcdc_rgba888_mxt_9x60_wvga/debug/_ext/28088523/legato_memory.o
                0x23f15958                leFree
 .text.leRealloc
                0x23f159c4      0x25c build/lcdc_rgba888_mxt_9x60_wvga/debug/_ext/28088523/legato_memory.o
                0x23f159c4                leRealloc
 .text._insertIntoList
                0x23f15c20       0x84 build/lcdc_rgba888_mxt_9x60_wvga/debug/_ext/28088523/legato_variableheap.o
 .text._removeFromList
                0x23f15ca4       0x38 build/lcdc_rgba888_mxt_9x60_wvga/debug/_ext/28088523/legato_variableheap.o
 .text._findPreviousBlock
                0x23f15cdc       0xa0 build/lcdc_rgba888_mxt_9x60_wvga/debug/_ext/28088523/legato_variableheap.o
 .text._findNextBlock
                0x23f15d7c       0x74 build/lcdc_rgba888_mxt_9x60_wvga/debug/_ext/28088523/legato_variableheap.o
 .text._canSplit
                0x23f15df0       0x3c build/lcdc_rgba888_mxt_9x60_wvga/debug/_ext/28088523/legato_variableheap.o
 .text._combineFreeBlockNext
                0x23f15e2c       0x7c build/lcdc_rgba888_mxt_9x60_wvga/debug/_ext/28088523/legato_variableheap.o
 .text._growAllocBlock
                0x23f15ea8      0x104 build/lcdc_rgba888_mxt_9x60_wvga/debug/_ext/28088523/legato_variableheap.o
 .text.leVariableHeap_Init
                0x23f15fac       0x58 build/lcdc_rgba888_mxt_9x60_wvga/debug/_ext/28088523/legato_variableheap.o
                0x23f15fac                leVariableHeap_Init
 .text.leVariableHeap_Alloc
                0x23f16004      0x130 build/lcdc_rgba888_mxt_9x60_wvga/debug/_ext/28088523/legato_variableheap.o
                0x23f16004                leVariableHeap_Alloc
 .text.leVariableHeap_Free
                0x23f16134       0xd8 build/lcdc_rgba888_mxt_9x60_wvga/debug/_ext/28088523/legato_variableheap.o
                0x23f16134                leVariableHeap_Free
 .text.leVariableHeap_Realloc
                0x23f1620c      0x2a0 build/lcdc_rgba888_mxt_9x60_wvga/debug/_ext/28088523/legato_variableheap.o
                0x23f1620c                leVariableHeap_Realloc
 .text.leVariableHeap_Contains
                0x23f164ac       0x20 build/lcdc_rgba888_mxt_9x60_wvga/debug/_ext/28088523/legato_variableheap.o
                0x23f164ac                leVariableHeap_Contains
 .text.leVariableHeap_SizeOf
                0x23f164cc        0x8 build/lcdc_rgba888_mxt_9x60_wvga/debug/_ext/28088523/legato_variableheap.o
                0x23f164cc                leVariableHeap_SizeOf
 .text.leVariableHeap_Validate
                0x23f164d4        0x8 build/lcdc_rgba888_mxt_9x60_wvga/debug/_ext/28088523/legato_variableheap.o
                0x23f164d4                leVariableHeap_Validate
 .text.leRenderer_RectFill
                0x23f164dc       0x6c build/lcdc_rgba888_mxt_9x60_wvga/debug/_ext/1081070089/legato_draw_rect.o
                0x23f164dc                leRenderer_RectFill
 .text.leRenderer_HorzLine
                0x23f16548       0xe4 build/lcdc_rgba888_mxt_9x60_wvga/debug/_ext/1081070089/legato_draw_line.o
                0x23f16548                leRenderer_HorzLine
 .text.leRenderer_VertLine
                0x23f1662c       0xe4 build/lcdc_rgba888_mxt_9x60_wvga/debug/_ext/1081070089/legato_draw_line.o
                0x23f1662c                leRenderer_VertLine
 .text.findDirtyWidget
                0x23f16710       0x90 build/lcdc_rgba888_mxt_9x60_wvga/debug/_ext/1081070089/legato_renderer.o
 .text._nextRect
                0x23f167a0       0x34 build/lcdc_rgba888_mxt_9x60_wvga/debug/_ext/1081070089/legato_renderer.o
 .text.invalidateWidget
                0x23f167d4       0xe0 build/lcdc_rgba888_mxt_9x60_wvga/debug/_ext/1081070089/legato_renderer.o
 .text.addDamageRectToList
                0x23f168b4       0xb8 build/lcdc_rgba888_mxt_9x60_wvga/debug/_ext/1081070089/legato_renderer.o
 .text.leRenderer_IsIdle
                0x23f1696c       0x18 build/lcdc_rgba888_mxt_9x60_wvga/debug/_ext/1081070089/legato_renderer.o
                0x23f1696c                leRenderer_IsIdle
 .text.leGetRenderBuffer
                0x23f16984       0x28 build/lcdc_rgba888_mxt_9x60_wvga/debug/_ext/1081070089/legato_renderer.o
                0x23f16984                leGetRenderBuffer
 .text.leRenderer_CurrentColorMode
                0x23f169ac       0x20 build/lcdc_rgba888_mxt_9x60_wvga/debug/_ext/1081070089/legato_renderer.o
                0x23f169ac                leRenderer_CurrentColorMode
 .text.leRenderer_ConvertColor
                0x23f169cc       0x34 build/lcdc_rgba888_mxt_9x60_wvga/debug/_ext/1081070089/legato_renderer.o
                0x23f169cc                leRenderer_ConvertColor
 .text.leRenderer_DisplaySize
                0x23f16a00       0x40 build/lcdc_rgba888_mxt_9x60_wvga/debug/_ext/1081070089/legato_renderer.o
                0x23f16a00                leRenderer_DisplaySize
 .text.leRenderer_GetClipRect