Archive member included to satisfy reference by file (symbol)

c:/program files/microchip/xc32/v4.20/bin/bin/../../lib/gcc/pic32c/8.3.1/../../../../pic32c/lib/arm/v5te/nofp\libpic32c.a(data_init_wrapper.o)
                              build/lcdc_rgba888_mxt_9x60_wvga/production/_ext/2052985144/cstartup.o (__pic32c_data_initialization)
c:/program files/microchip/xc32/v4.20/bin/bin/../../lib/gcc/pic32c/8.3.1/../../../../pic32c/lib/arm/v5te/nofp\libpic32c.a(data_init_0_1.o)
                              c:/program files/microchip/xc32/v4.20/bin/bin/../../lib/gcc/pic32c/8.3.1/../../../../pic32c/lib/arm/v5te/nofp\libpic32c.a(data_init_wrapper.o) (__pic32c_data_initialization_impl)
c:/program files/microchip/xc32/v4.20/bin/bin/../../lib/gcc/pic32c/8.3.1/arm/v5te/nofp\libgcc.a(_udivsi3.o)
                              build/lcdc_rgba888_mxt_9x60_wvga/production/_ext/305146849/legato_math.o (__aeabi_uidiv)
c:/program files/microchip/xc32/v4.20/bin/bin/../../lib/gcc/pic32c/8.3.1/arm/v5te/nofp\libgcc.a(_divsi3.o)
                              build/lcdc_rgba888_mxt_9x60_wvga/production/_ext/305146849/legato_math.o (__aeabi_idiv)
c:/program files/microchip/xc32/v4.20/bin/bin/../../lib/gcc/pic32c/8.3.1/arm/v5te/nofp\libgcc.a(_dvmd_tls.o)
                              c:/program files/microchip/xc32/v4.20/bin/bin/../../lib/gcc/pic32c/8.3.1/arm/v5te/nofp\libgcc.a(_udivsi3.o) (__aeabi_idiv0)
c:/program files/microchip/xc32/v4.20/bin/bin/../../lib/gcc/pic32c/8.3.1/arm/v5te/nofp\libgcc.a(_arm_addsubsf3.o)
                              build/lcdc_rgba888_mxt_9x60_wvga/production/_ext/305146849/legato_math.o (__aeabi_fsub)
c:/program files/microchip/xc32/v4.20/bin/bin/../../lib/gcc/pic32c/8.3.1/arm/v5te/nofp\libgcc.a(_arm_muldivsf3.o)
                              build/lcdc_rgba888_mxt_9x60_wvga/production/_ext/1165331637/gfx_driver.o (__aeabi_fmul)
c:/program files/microchip/xc32/v4.20/bin/bin/../../lib/gcc/pic32c/8.3.1/arm/v5te/nofp\libgcc.a(_arm_cmpsf2.o)
                              build/lcdc_rgba888_mxt_9x60_wvga/production/_ext/305146849/legato_math.o (__aeabi_fcmplt)
c:/program files/microchip/xc32/v4.20/bin/bin/../../lib/gcc/pic32c/8.3.1/arm/v5te/nofp\libgcc.a(_arm_fixsfsi.o)
                              build/lcdc_rgba888_mxt_9x60_wvga/production/_ext/1165331637/gfx_driver.o (__aeabi_f2iz)
c:/program files/microchip/xc32/v4.20/bin/bin/../../lib/gcc/pic32c/8.3.1/arm/v5te/nofp\libgcc.a(_arm_fixunssfsi.o)
                              build/lcdc_rgba888_mxt_9x60_wvga/production/_ext/1165331637/gfx_driver.o (__aeabi_f2uiz)
c:/program files/microchip/xc32/v4.20/bin/bin/../../lib/gcc/pic32c/8.3.1/arm/v5te/nofp\libgcc.a(_aeabi_uldivmod.o)
                              build/lcdc_rgba888_mxt_9x60_wvga/production/_ext/1812361045/sys_time.o (__aeabi_uldivmod)
c:/program files/microchip/xc32/v4.20/bin/bin/../../lib/gcc/pic32c/8.3.1/arm/v5te/nofp\libgcc.a(_udivmoddi4.o)
                              c:/program files/microchip/xc32/v4.20/bin/bin/../../lib/gcc/pic32c/8.3.1/arm/v5te/nofp\libgcc.a(_aeabi_uldivmod.o) (__udivmoddi4)
c:/program files/microchip/xc32/v4.20/bin/bin/../../lib/gcc/pic32c/8.3.1/../../../../pic32c/lib/arm/v5te/nofp\libm-musl.a(atan.o)
                              build/lcdc_rgba888_mxt_9x60_wvga/production/_ext/305146849/legato_math.o (atan)
c:/program files/microchip/xc32/v4.20/bin/bin/../../lib/gcc/pic32c/8.3.1/../../../../pic32c/lib/arm/v5te/nofp\libm-musl.a(fabs.o)
                              c:/program files/microchip/xc32/v4.20/bin/bin/../../lib/gcc/pic32c/8.3.1/../../../../pic32c/lib/arm/v5te/nofp\libm-musl.a(atan.o) (fabs)
c:/program files/microchip/xc32/v4.20/bin/bin/../../lib/gcc/pic32c/8.3.1/../../../../pic32c/lib/arm/v5te/nofp\libc-musl.a(__libc_start_main.o)
                              build/lcdc_rgba888_mxt_9x60_wvga/production/_ext/2052985144/cstartup.o (__libc_init_array)
c:/program files/microchip/xc32/v4.20/bin/bin/../../lib/gcc/pic32c/8.3.1/../../../../pic32c/lib/arm/v5te/nofp\libc-musl.a(libc.o)
                              c:/program files/microchip/xc32/v4.20/bin/bin/../../lib/gcc/pic32c/8.3.1/../../../../pic32c/lib/arm/v5te/nofp\libc-musl.a(__libc_start_main.o) (__progname_full)
c:/program files/microchip/xc32/v4.20/bin/bin/../../lib/gcc/pic32c/8.3.1/../../../../pic32c/lib/arm/v5te/nofp\libc-musl.a(__sio_printf_doux.o)
                              (_printf_cdnopuxX)
c:/program files/microchip/xc32/v4.20/bin/bin/../../lib/gcc/pic32c/8.3.1/../../../../pic32c/lib/arm/v5te/nofp\libc-musl.a(__sio_sprintf_doux.o)
                              (_sprintf_cdnopuxX)
c:/program files/microchip/xc32/v4.20/bin/bin/../../lib/gcc/pic32c/8.3.1/../../../../pic32c/lib/arm/v5te/nofp\libc-musl.a(__sio_sscanf_dosux.o)
                              (_sscanf_cdnopsuxX)
c:/program files/microchip/xc32/v4.20/bin/bin/../../lib/gcc/pic32c/8.3.1/../../../../pic32c/lib/arm/v5te/nofp\libc-musl.a(__fmt_d.o)
[...]
Memory Configuration

Name             Origin             Length             Attributes
sram             0x00300000         0x00010000         xw
ram              0x21000000         0x07000000         xwl !r
ram_nocache      0x20000000         0x01000000         !xrw
rom              0x00000000         0x00000000         xrl
*default*        0x00000000         0xffffffff

Linker script and memory map

LOAD c:/program files/microchip/xc32/v4.20/bin/bin/../../lib/gcc/pic32c/8.3.1/arm/v5te/nofp/crti.o
LOAD c:/program files/microchip/xc32/v4.20/bin/bin/../../lib/gcc/pic32c/8.3.1/arm/v5te/nofp/crtbegin.o
LOAD build/lcdc_rgba888_mxt_9x60_wvga/production/_ext/236556520/bsp.o
LOAD build/lcdc_rgba888_mxt_9x60_wvga/production/_ext/103208383/drv_i2c.o
LOAD build/lcdc_rgba888_mxt_9x60_wvga/production/_ext/1959449242/drv_maxtouch.o
LOAD build/lcdc_rgba888_mxt_9x60_wvga/production/_ext/1165331637/gfx_driver.o
LOAD build/lcdc_rgba888_mxt_9x60_wvga/production/_ext/129784465/drv_gfx_lcdc.o
LOAD build/lcdc_rgba888_mxt_9x60_wvga/production/_ext/305146849/legato_math.o
LOAD build/lcdc_rgba888_mxt_9x60_wvga/production/_ext/305146849/legato_color_blend.o
LOAD build/lcdc_rgba888_mxt_9x60_wvga/production/_ext/305146849/legato_color_convert.o
LOAD build/lcdc_rgba888_mxt_9x60_wvga/production/_ext/305146849/legato_rect.o
LOAD build/lcdc_rgba888_mxt_9x60_wvga/production/_ext/305146849/legato_color_value.o
LOAD build/lcdc_rgba888_mxt_9x60_wvga/production/_ext/305146849/legato_utils.o
LOAD build/lcdc_rgba888_mxt_9x60_wvga/production/_ext/305146849/legato_pixelbuffer.o
LOAD build/lcdc_rgba888_mxt_9x60_wvga/production/_ext/305146849/legato_color_lerp.o
LOAD build/lcdc_rgba888_mxt_9x60_wvga/production/_ext/305146849/legato_error.o
LOAD build/lcdc_rgba888_mxt_9x60_wvga/production/_ext/305146849/legato_color.o
LOAD build/lcdc_rgba888_mxt_9x60_wvga/production/_ext/1618192685/legato_state.o
LOAD build/lcdc_rgba888_mxt_9x60_wvga/production/_ext/1618192685/legato_stream.o
LOAD build/lcdc_rgba888_mxt_9x60_wvga/production/_ext/1618192685/legato_scheme.o
LOAD build/lcdc_rgba888_mxt_9x60_wvga/production/_ext/1618192685/legato_event.o
LOAD build/lcdc_rgba888_mxt_9x60_wvga/production/_ext/1618192685/legato_input.o
LOAD build/lcdc_rgba888_mxt_9x60_wvga/production/_ext/109670485/legato_rectarray.o
LOAD build/lcdc_rgba888_mxt_9x60_wvga/production/_ext/109670485/legato_array.o
LOAD build/lcdc_rgba888_mxt_9x60_wvga/production/_ext/109670485/legato_list.o
LOAD build/lcdc_rgba888_mxt_9x60_wvga/production/_ext/1618103421/legato_rasterfont_liberationmono1.o
LOAD build/lcdc_rgba888_mxt_9x60_wvga/production/_ext/1618103421/legato_rasterfont_stream.o
LOAD build/lcdc_rgba888_mxt_9x60_wvga/production/_ext/1618103421/legato_font.o
LOAD build/lcdc_rgba888_mxt_9x60_wvga/production/_ext/1618103421/legato_rasterfont_liberationmono8.o
LOAD build/lcdc_rgba888_mxt_9x60_wvga/production/_ext/644506877/le_gen_fonts.o
LOAD build/lcdc_rgba888_mxt_9x60_wvga/production/_ext/1497821479/le_gen_images.o
LOAD build/lcdc_rgba888_mxt_9x60_wvga/production/_ext/534613472/le_gen_screen_Screen0.o
LOAD build/lcdc_rgba888_mxt_9x60_wvga/production/_ext/534613472/le_gen_screen_Screen1.o
LOAD build/lcdc_rgba888_mxt_9x60_wvga/production/_ext/706129189/le_gen_init.o
LOAD build/lcdc_rgba888_mxt_9x60_wvga/production/_ext/706129189/le_gen_globalpalette.o
LOAD build/lcdc_rgba888_mxt_9x60_wvga/production/_ext/706129189/le_gen_scheme.o
LOAD build/lcdc_rgba888_mxt_9x60_wvga/production/_ext/706129189/le_gen_stringtable.o
LOAD build/lcdc_rgba888_mxt_9x60_wvga/production/_ext/706129189/le_gen_harmony.o
LOAD build/lcdc_rgba888_mxt_9x60_wvga/production/_ext/2086705360/legato_imagedecoder_jpeg.o
LOAD build/lcdc_rgba888_mxt_9x60_wvga/production/_ext/2086705360/legato_imagedecoder_jpeg_common.o
LOAD build/lcdc_rgba888_mxt_9x60_wvga/production/_ext/2086705360/jidctint.o
LOAD build/lcdc_rgba888_mxt_9x60_wvga/production/_ext/2086794059/legato_imagedecoder_mono_read_stream.o
LOAD build/lcdc_rgba888_mxt_9x60_wvga/production/_ext/2086794059/legato_imagedecoder_mono_read_internal.o
LOAD build/lcdc_rgba888_mxt_9x60_wvga/production/_ext/2086794059/legato_imagedecoder_mono.o
LOAD build/lcdc_rgba888_mxt_9x60_wvga/production/_ext/1872343871/lodepng.o
LOAD build/lcdc_rgba888_mxt_9x60_wvga/production/_ext/1872343871/legato_imagedecoder_png.o
LOAD build/lcdc_rgba888_mxt_9x60_wvga/production/_ext/1872342336/legato_imagedecoder_raw_setup.o
LOAD build/lcdc_rgba888_mxt_9x60_wvga/production/_ext/1872342336/legato_imagedecoder_raw_scale.o
LOAD build/lcdc_rgba888_mxt_9x60_wvga/production/_ext/1872342336/legato_imagedecoder_raw.o
LOAD build/lcdc_rgba888_mxt_9x60_wvga/production/_ext/1872342336/legato_imagedecoder_raw_read_internal.o
LOAD build/lcdc_rgba888_mxt_9x60_wvga/production/_ext/1872342336/legato_imagedecoder_raw_write.o
LOAD build/lcdc_rgba888_mxt_9x60_wvga/production/_ext/1872342336/legato_imagedecoder_raw_blend.o
LOAD build/lcdc_rgba888_mxt_9x60_wvga/production/_ext/1872342336/legato_imagedecoder_raw_mask.o
LOAD build/lcdc_rgba888_mxt_9x60_wvga/production/_ext/1872342336/legato_imagedecoder_raw_convert.o
LOAD build/lcdc_rgba888_mxt_9x60_wvga/production/_ext/1872342336/legato_imagedecoder_raw_rotate.o
LOAD build/lcdc_rgba888_mxt_9x60_wvga/production/_ext/1872342336/legato_imagedecoder_raw_read_stream_rleindex.o
LOAD build/lcdc_rgba888_mxt_9x60_wvga/production/_ext/1872342336/legato_imagedecoder_raw_palette_internal.o
LOAD build/lcdc_rgba888_mxt_9x60_wvga/production/_ext/1872342336/legato_imagedecoder_raw_read_stream_index.o
LOAD build/lcdc_rgba888_mxt_9x60_wvga/production/_ext/1872342336/legato_imagedecoder_raw_read_stream_color.o
LOAD build/lcdc_rgba888_mxt_9x60_wvga/production/_ext/1872342336/legato_imagedecoder_raw_read_stream_rlecolor.o
LOAD build/lcdc_rgba888_mxt_9x60_wvga/production/_ext/1872342336/legato_imagedecoder_raw_palette_stream.o
LOAD build/lcdc_rgba888_mxt_9x60_wvga/production/_ext/1381099687/legato_image_utils.o
LOAD build/lcdc_rgba888_mxt_9x60_wvga/production/_ext/1381099687/legato_image.o
LOAD build/lcdc_rgba888_mxt_9x60_wvga/production/_ext/1381099687/legato_palette.o
LOAD build/lcdc_rgba888_mxt_9x60_wvga/production/_ext/28088523/legato_fixedheap.o
LOAD build/lcdc_rgba888_mxt_9x60_wvga/production/_ext/28088523/legato_memory.o
LOAD build/lcdc_rgba888_mxt_9x60_wvga/production/_ext/28088523/legato_variableheap.o
LOAD build/lcdc_rgba888_mxt_9x60_wvga/production/_ext/1081070089/legato_draw_rect.o
LOAD build/lcdc_rgba888_mxt_9x60_wvga/production/_ext/1081070089/legato_draw_line.o
LOAD build/lcdc_rgba888_mxt_9x60_wvga/production/_ext/1081070089/legato_renderer.o
LOAD build/lcdc_rgba888_mxt_9x60_wvga/production/_ext/1081070089/legato_draw.o
LOAD build/lcdc_rgba888_mxt_9x60_wvga/production/_ext/1081070089/legato_draw_arc.o
LOAD build/lcdc_rgba888_mxt_9x60_wvga/production/_ext/1081070089/legato_gpu.o
LOAD build/lcdc_rgba888_mxt_9x60_wvga/production/_ext/157682245/legato_string_renderer.o
LOAD build/lcdc_rgba888_mxt_9x60_wvga/production/_ext/157682245/legato_stringutils.o
LOAD build/lcdc_rgba888_mxt_9x60_wvga/production/_ext/157682245/legato_dynamicstring.o
LOAD build/lcdc_rgba888_mxt_9x60_wvga/production/_ext/157682245/legato_tablestring.o
LOAD build/lcdc_rgba888_mxt_9x60_wvga/production/_ext/157682245/legato_string.o
LOAD build/lcdc_rgba888_mxt_9x60_wvga/production/_ext/157682245/legato_string_renderer_stream.o
LOAD build/lcdc_rgba888_mxt_9x60_wvga/production/_ext/157682245/legato_fixedstring.o
LOAD build/lcdc_rgba888_mxt_9x60_wvga/production/_ext/157682245/legato_stringtable.o
LOAD build/lcdc_rgba888_mxt_9x60_wvga/production/_ext/1029185477/legato_widget_arc.o
LOAD build/lcdc_rgba888_mxt_9x60_wvga/production/_ext/1029185477/legato_widget_arc_skin_classic.o
LOAD build/lcdc_rgba888_mxt_9x60_wvga/production/_ext/1946336466/legato_widget_bar_graph.o
LOAD build/lcdc_rgba888_mxt_9x60_wvga/production/_ext/1946336466/legato_widget_bar_graph_skin_classic.o
LOAD build/lcdc_rgba888_mxt_9x60_wvga/production/_ext/1339002025/legato_widget_button.o
LOAD build/lcdc_rgba888_mxt_9x60_wvga/production/_ext/1339002025/legato_widget_button_skin_classic.o
LOAD build/lcdc_rgba888_mxt_9x60_wvga/production/_ext/935657338/legato_widget_checkbox_skin_classic.o
LOAD build/lcdc_rgba888_mxt_9x60_wvga/production/_ext/935657338/legato_widget_checkbox.o
LOAD build/lcdc_rgba888_mxt_9x60_wvga/production/_ext/1356472903/legato_widget_circle_skin_classic.o
LOAD build/lcdc_rgba888_mxt_9x60_wvga/production/_ext/1356472903/legato_widget_circle.o
LOAD build/lcdc_rgba888_mxt_9x60_wvga/production/_ext/2122148963/legato_widget_circular_gauge.o
LOAD build/lcdc_rgba888_mxt_9x60_wvga/production/_ext/2122148963/legato_widget_circular_gauge_skin_classic.o
LOAD build/lcdc_rgba888_mxt_9x60_wvga/production/_ext/1715456695/legato_widget_circular_slider.o
LOAD build/lcdc_rgba888_mxt_9x60_wvga/production/_ext/1715456695/legato_widget_circular_slider_skin_classic.o
LOAD build/lcdc_rgba888_mxt_9x60_wvga/production/_ext/1444382766/legato_widget_drawsurface.o
LOAD build/lcdc_rgba888_mxt_9x60_wvga/production/_ext/1444382766/legato_widget_drawsurface_skin_classic.o
LOAD build/lcdc_rgba888_mxt_9x60_wvga/production/_ext/511583513/legato_widget_gradient_skin_classic.o
LOAD build/lcdc_rgba888_mxt_9x60_wvga/production/_ext/511583513/legato_widget_gradient.o
LOAD build/lcdc_rgba888_mxt_9x60_wvga/production/_ext/94869853/legato_widget_groupbox.o
LOAD build/lcdc_rgba888_mxt_9x60_wvga/production/_ext/94869853/legato_widget_groupbox_skin_classic.o
LOAD build/lcdc_rgba888_mxt_9x60_wvga/production/_ext/1197524732/legato_widget_image_skin_classic.o
LOAD build/lcdc_rgba888_mxt_9x60_wvga/production/_ext/1197524732/legato_widget_image.o
LOAD build/lcdc_rgba888_mxt_9x60_wvga/production/_ext/1694778207/legato_widget_imagerotate_skin_classic.o
LOAD build/lcdc_rgba888_mxt_9x60_wvga/production/_ext/1694778207/legato_widget_imagerotate.o
LOAD build/lcdc_rgba888_mxt_9x60_wvga/production/_ext/609407686/legato_widget_imagescale.o
LOAD build/lcdc_rgba888_mxt_9x60_wvga/production/_ext/609407686/legato_widget_imagescale_skin_classic.o
LOAD build/lcdc_rgba888_mxt_9x60_wvga/production/_ext/2015859515/legato_widget_imagesequence_skin_classic.o
LOAD build/lcdc_rgba888_mxt_9x60_wvga/production/_ext/2015859515/legato_widget_imagesequence.o
LOAD build/lcdc_rgba888_mxt_9x60_wvga/production/_ext/1582032715/legato_widget_keypad.o
LOAD build/lcdc_rgba888_mxt_9x60_wvga/production/_ext/1582032715/legato_widget_keypad_skin_classic.o
LOAD build/lcdc_rgba888_mxt_9x60_wvga/production/_ext/1195110755/legato_widget_label.o
LOAD build/lcdc_rgba888_mxt_9x60_wvga/production/_ext/1195110755/legato_widget_label_skin_classic.o
LOAD build/lcdc_rgba888_mxt_9x60_wvga/production/_ext/1839659221/legato_widget_line.o
LOAD build/lcdc_rgba888_mxt_9x60_wvga/production/_ext/1839659221/legato_widget_line_skin_classic.o
LOAD build/lcdc_rgba888_mxt_9x60_wvga/production/_ext/1047821571/legato_widget_line_graph.o
LOAD build/lcdc_rgba888_mxt_9x60_wvga/production/_ext/1047821571/legato_widget_line_graph_skin_classic.o
LOAD build/lcdc_rgba888_mxt_9x60_wvga/production/_ext/1839659051/legato_widget_list.o
LOAD build/lcdc_rgba888_mxt_9x60_wvga/production/_ext/1839659051/legato_widget_list_skin_classic.o
LOAD build/lcdc_rgba888_mxt_9x60_wvga/production/_ext/1634291878/legato_widget_listwheel.o
LOAD build/lcdc_rgba888_mxt_9x60_wvga/production/_ext/1634291878/legato_widget_listwheel_skin_classic.o
LOAD build/lcdc_rgba888_mxt_9x60_wvga/production/_ext/1290198647/legato_widget_pie_chart_skin_classic.o
LOAD build/lcdc_rgba888_mxt_9x60_wvga/production/_ext/1290198647/legato_widget_pie_chart.o
LOAD build/lcdc_rgba888_mxt_9x60_wvga/production/_ext/231973969/legato_widget_progressbar.o
LOAD build/lcdc_rgba888_mxt_9x60_wvga/production/_ext/231973969/legato_widget_progressbar_skin_classic.o
LOAD build/lcdc_rgba888_mxt_9x60_wvga/production/_ext/1643194869/legato_widget_radial_menu_state.o
LOAD build/lcdc_rgba888_mxt_9x60_wvga/production/_ext/1643194869/legato_widget_radial_menu.o
LOAD build/lcdc_rgba888_mxt_9x60_wvga/production/_ext/1643194869/legato_widget_radial_menu_skin_classic.o
LOAD build/lcdc_rgba888_mxt_9x60_wvga/production/_ext/1338867754/legato_radiobutton_group.o
LOAD build/lcdc_rgba888_mxt_9x60_wvga/production/_ext/1338867754/legato_widget_radiobutton.o
LOAD build/lcdc_rgba888_mxt_9x60_wvga/production/_ext/1338867754/legato_widget_radiobutton_skin_classic.o
LOAD build/lcdc_rgba888_mxt_9x60_wvga/production/_ext/337100648/legato_widget_rectangle.o
LOAD build/lcdc_rgba888_mxt_9x60_wvga/production/_ext/337100648/legato_widget_rectangle_skin_classic.o
LOAD build/lcdc_rgba888_mxt_9x60_wvga/production/_ext/1040606897/legato_widget_scrollbar.o
LOAD build/lcdc_rgba888_mxt_9x60_wvga/production/_ext/1040606897/legato_widget_scrollbar_skin_classic.o
LOAD build/lcdc_rgba888_mxt_9x60_wvga/production/_ext/1817042520/legato_widget_slider.o
LOAD build/lcdc_rgba888_mxt_9x60_wvga/production/_ext/1817042520/legato_widget_slider_skin_classic.o
LOAD build/lcdc_rgba888_mxt_9x60_wvga/production/_ext/1805132566/legato_widget_textfield.o
LOAD build/lcdc_rgba888_mxt_9x60_wvga/production/_ext/1805132566/legato_widget_textfield_skin_classic.o
LOAD build/lcdc_rgba888_mxt_9x60_wvga/production/_ext/1093664902/legato_widget_touchtest.o
LOAD build/lcdc_rgba888_mxt_9x60_wvga/production/_ext/1093664902/legato_widget_touchtest_skin_classic.o
LOAD build/lcdc_rgba888_mxt_9x60_wvga/production/_ext/1928937831/legato_widget_window_skin_classic.o
LOAD build/lcdc_rgba888_mxt_9x60_wvga/production/_ext/1928937831/legato_widget_window.o
LOAD build/lcdc_rgba888_mxt_9x60_wvga/production/_ext/261620856/legato_widget_skin_classic.o
LOAD build/lcdc_rgba888_mxt_9x60_wvga/production/_ext/261620856/legato_widget.o
LOAD build/lcdc_rgba888_mxt_9x60_wvga/production/_ext/261620856/legato_editwidget.o
LOAD build/lcdc_rgba888_mxt_9x60_wvga/production/_ext/261620856/legato_widget_skin_classic_common.o
LOAD build/lcdc_rgba888_mxt_9x60_wvga/production/_ext/4986847/plib_aic.o
LOAD build/lcdc_rgba888_mxt_9x60_wvga/production/_ext/4988870/plib_clk.o
LOAD build/lcdc_rgba888_mxt_9x60_wvga/production/_ext/813772974/plib_flexcom6_twi_master.o
LOAD build/lcdc_rgba888_mxt_9x60_wvga/production/_ext/154914322/plib_lcdc.o
LOAD build/lcdc_rgba888_mxt_9x60_wvga/production/_ext/4998521/plib_mmu.o
LOAD build/lcdc_rgba888_mxt_9x60_wvga/production/_ext/5001274/plib_pio.o
LOAD build/lcdc_rgba888_mxt_9x60_wvga/production/_ext/1247087435/plib_tc0.o
LOAD build/lcdc_rgba888_mxt_9x60_wvga/production/_ext/286729486/xc32_monitor.o
LOAD build/lcdc_rgba888_mxt_9x60_wvga/production/_ext/1408246553/sys_cache.o
LOAD build/lcdc_rgba888_mxt_9x60_wvga/production/_ext/1414187873/sys_input.o
LOAD build/lcdc_rgba888_mxt_9x60_wvga/production/_ext/1414187873/sys_input_listener.o
LOAD build/lcdc_rgba888_mxt_9x60_wvga/production/_ext/1826491803/sys_int.o
LOAD build/lcdc_rgba888_mxt_9x60_wvga/production/_ext/1812361045/sys_time.o
LOAD build/lcdc_rgba888_mxt_9x60_wvga/production/_ext/2052985144/initialization.o
LOAD build/lcdc_rgba888_mxt_9x60_wvga/production/_ext/2052985144/cstartup.o
LOAD build/lcdc_rgba888_mxt_9x60_wvga/production/_ext/2052985144/fault_handlers.o
LOAD build/lcdc_rgba888_mxt_9x60_wvga/production/_ext/2052985144/interrupts.o
LOAD build/lcdc_rgba888_mxt_9x60_wvga/production/_ext/2052985144/tasks.o
LOAD build/lcdc_rgba888_mxt_9x60_wvga/production/_ext/1360937237/app.o
LOAD build/lcdc_rgba888_mxt_9x60_wvga/production/_ext/1360937237/main.o
LOAD build/lcdc_rgba888_mxt_9x60_wvga/production/_ext/1360937237/app_screen0.o
LOAD build/lcdc_rgba888_mxt_9x60_wvga/production/_ext/5003525/plib_rtc.o
LOAD build/lcdc_rgba888_mxt_9x60_wvga/production/_ext/1360937237/app_screen1.o
LOAD build/lcdc_rgba888_mxt_9x60_wvga/production/_ext/1121151461/gfx_canvas_api.o
LOAD build/lcdc_rgba888_mxt_9x60_wvga/production/_ext/1121151461/gfx_canvas.o
                0x00000001                __MPLAB_BUILD = 0x1
                0x00001000                C_STACK_SIZE = 0x1000
                0x00000060                IRQ_STACK_SIZE = 0x60
                0x00000060                FIQ_STACK_SIZE = 0x60
                0x00001000                SVC_STACK_SIZE = 0x1000
                0x00000040                ABT_STACK_SIZE = 0x40
                0x00000040                UND_STACK_SIZE = 0x40

.text           0x23f00000   0x43d9b8
                0x23f00000                . = ALIGN (0x4)
                [!provide]                PROVIDE (_sfixed = .)
 *(.textEntry)
 .textEntry     0x23f00000      0x110 build/lcdc_rgba888_mxt_9x60_wvga/production/_ext/2052985144/cstartup.o
                0x23f00000                entry
 *(.text .text.* .gnu.linkonce.t.*)
 .text          0x23f00110       0x70 c:/program files/microchip/xc32/v4.20/bin/bin/../../lib/gcc/pic32c/8.3.1/arm/v5te/nofp/crtbegin.o
 .text.BSP_Initialize
                0x23f00180       0x20 build/lcdc_rgba888_mxt_9x60_wvga/production/_ext/236556520/bsp.o
                0x23f00180                BSP_Initialize
 .text._DRV_I2C_DriverHandleValidate
                0x23f001a0       0x6c build/lcdc_rgba888_mxt_9x60_wvga/production/_ext/103208383/drv_i2c.o
 .text._DRV_I2C_RemoveTransferObjFromList
                0x23f0020c       0x28 build/lcdc_rgba888_mxt_9x60_wvga/production/_ext/103208383/drv_i2c.o
 .text._DRV_I2C_RemoveClientTransfersFromList
                0x23f00234       0x5c build/lcdc_rgba888_mxt_9x60_wvga/production/_ext/103208383/drv_i2c.o
 .text._DRV_I2C_ClientCallback
                0x23f00290       0x80 build/lcdc_rgba888_mxt_9x60_wvga/production/_ext/103208383/drv_i2c.o
 .text._DRV_I2C_NextTransferInitiate
                0x23f00310      0x12c build/lcdc_rgba888_mxt_9x60_wvga/production/_ext/103208383/drv_i2c.o
 .text._DRV_I2C_ResourceLock
                0x23f0043c       0xdc build/lcdc_rgba888_mxt_9x60_wvga/production/_ext/103208383/drv_i2c.o
 .text._DRV_I2C_ResourceUnlock
                0x23f00518       0xbc build/lcdc_rgba888_mxt_9x60_wvga/production/_ext/103208383/drv_i2c.o
 .text._DRV_I2C_WriteReadTransferAdd
                0x23f005d4      0x360 build/lcdc_rgba888_mxt_9x60_wvga/production/_ext/103208383/drv_i2c.o
 .text._DRV_I2C_PLibCallbackHandler
                0x23f00934       0x84 build/lcdc_rgba888_mxt_9x60_wvga/production/_ext/103208383/drv_i2c.o
 .text.DRV_I2C_Initialize
                0x23f009b8       0xbc build/lcdc_rgba888_mxt_9x60_wvga/production/_ext/103208383/drv_i2c.o
                0x23f009b8                DRV_I2C_Initialize
 .text.DRV_I2C_Open
                0x23f00a74      0x1ac build/lcdc_rgba888_mxt_9x60_wvga/production/_ext/103208383/drv_i2c.o
                0x23f00a74                DRV_I2C_Open
 .text.DRV_I2C_Close
                0x23f00c20       0x98 build/lcdc_rgba888_mxt_9x60_wvga/production/_ext/103208383/drv_i2c.o
                0x23f00c20                DRV_I2C_Close
 .text.DRV_I2C_TransferEventHandlerSet
                0x23f00cb8       0x50 build/lcdc_rgba888_mxt_9x60_wvga/production/_ext/103208383/drv_i2c.o
                0x23f00cb8                DRV_I2C_TransferEventHandlerSet
 .text.DRV_I2C_ReadTransferAdd
                0x23f00d08       0x34 build/lcdc_rgba888_mxt_9x60_wvga/production/_ext/103208383/drv_i2c.o
                0x23f00d08                DRV_I2C_ReadTransferAdd
 .text.DRV_I2C_WriteTransferAdd
                0x23f00d3c       0x30 build/lcdc_rgba888_mxt_9x60_wvga/production/_ext/103208383/drv_i2c.o
                0x23f00d3c                DRV_I2C_WriteTransferAdd
 .text.DRV_MAXTOUCH_I2CEventHandler
                0x23f00d6c      0x23c build/lcdc_rgba888_mxt_9x60_wvga/production/_ext/1959449242/drv_maxtouch.o
                0x23f00d6c                DRV_MAXTOUCH_I2CEventHandler
 .text._RegWrite16
                0x23f00fa8       0x60 build/lcdc_rgba888_mxt_9x60_wvga/production/_ext/1959449242/drv_maxtouch.o
 .text.resetTimer_Callback
                0x23f01008       0x70 build/lcdc_rgba888_mxt_9x60_wvga/production/_ext/1959449242/drv_maxtouch.o
 .text._MessageObjectRead
                0x23f01078       0x94 build/lcdc_rgba888_mxt_9x60_wvga/production/_ext/1959449242/drv_maxtouch.o
 .text.mxt_proc_t100_message
                0x23f0110c       0xd4 build/lcdc_rgba888_mxt_9x60_wvga/production/_ext/1959449242/drv_maxtouch.o
 .text._mxt_DelayMS
                0x23f011e0       0x38 build/lcdc_rgba888_mxt_9x60_wvga/production/_ext/1959449242/drv_maxtouch.o
 .text.mxt_calculate_crc
                0x23f01218       0xac build/lcdc_rgba888_mxt_9x60_wvga/production/_ext/1959449242/drv_maxtouch.o
 .text.MXT_INTERRUPT_PIN_VALUE_GET
                0x23f012c4       0x14 build/lcdc_rgba888_mxt_9x60_wvga/production/_ext/1959449242/drv_maxtouch.o
                0x23f012c4                MXT_INTERRUPT_PIN_VALUE_GET
 .text.DRV_MAXTOUCH_Initialize
                0x23f012d8       0xd4 build/lcdc_rgba888_mxt_9x60_wvga/production/_ext/1959449242/drv_maxtouch.o
                0x23f012d8                DRV_MAXTOUCH_Initialize
 .text.DRV_MAXTOUCH_Open
                0x23f013ac      0x12c build/lcdc_rgba888_mxt_9x60_wvga/production/_ext/1959449242/drv_maxtouch.o
                0x23f013ac                DRV_MAXTOUCH_Open
 .text.DRV_MAXTOUCH_Tasks
                0x23f014d8      0xadc build/lcdc_rgba888_mxt_9x60_wvga/production/_ext/1959449242/drv_maxtouch.o
                0x23f014d8                DRV_MAXTOUCH_Tasks
 .text.gfxPixelBufferCreate
                0x23f01fb4       0xd8 build/lcdc_rgba888_mxt_9x60_wvga/production/_ext/1165331637/gfx_driver.o
                0x23f01fb4                gfxPixelBufferCreate
 .text.gfxPixelBufferOffsetGet
                0x23f0208c       0x4c build/lcdc_rgba888_mxt_9x60_wvga/production/_ext/1165331637/gfx_driver.o
                0x23f0208c                gfxPixelBufferOffsetGet
 .text.gfxPixelBuffer_IsLocked
                0x23f020d8       0x14 build/lcdc_rgba888_mxt_9x60_wvga/production/_ext/1165331637/gfx_driver.o
                0x23f020d8                gfxPixelBuffer_IsLocked
 .text.getLCDCStrideFromColorMode
                0x23f020ec       0x30 build/lcdc_rgba888_mxt_9x60_wvga/production/_ext/129784465/drv_gfx_lcdc.o
 .text._IntHandlerLayerReadComplete
                0x23f0211c       0xb4 build/lcdc_rgba888_mxt_9x60_wvga/production/_ext/129784465/drv_gfx_lcdc.o
                0x23f0211c                _IntHandlerLayerReadComplete
 .text.DRV_LCDC_Update
                0x23f021d0       0x50 build/lcdc_rgba888_mxt_9x60_wvga/production/_ext/129784465/drv_gfx_lcdc.o
                0x23f021d0                DRV_LCDC_Update
 .text.LCDC_BrightnessSet
                0x23f02220       0x24 build/lcdc_rgba888_mxt_9x60_wvga/production/_ext/129784465/drv_gfx_lcdc.o
                0x23f02220                LCDC_BrightnessSet
 .text.DRV_LCDC_Initialize
                0x23f02244      0x370 build/lcdc_rgba888_mxt_9x60_wvga/production/_ext/129784465/drv_gfx_lcdc.o
                0x23f02244                DRV_LCDC_Initialize
 .text.DRV_LCDC_BlitBuffer
                0x23f025b4       0xf0 build/lcdc_rgba888_mxt_9x60_wvga/production/_ext/129784465/drv_gfx_lcdc.o
                0x23f025b4                DRV_LCDC_BlitBuffer
 .text.DRV_LCDC_IOCTL
                0x23f026a4      0x70c build/lcdc_rgba888_mxt_9x60_wvga/production/_ext/129784465/drv_gfx_lcdc.o
                0x23f026a4                DRV_LCDC_IOCTL
 .text.leQueryArcQuadrants
                0x23f02db0      0x124 build/lcdc_rgba888_mxt_9x60_wvga/production/_ext/305146849/legato_math.o
 .text.leNormalizeAngle
                0x23f02ed4       0x30 build/lcdc_rgba888_mxt_9x60_wvga/production/_ext/305146849/legato_math.o
                0x23f02ed4                leNormalizeAngle
 .text.leSin    0x23f02f04       0x80 build/lcdc_rgba888_mxt_9x60_wvga/production/_ext/305146849/legato_math.o
                0x23f02f04                leSin
 .text.leCos    0x23f02f84       0x78 build/lcdc_rgba888_mxt_9x60_wvga/production/_ext/305146849/legato_math.o
                0x23f02f84                leCos
 .text.lePolarToXY
                0x23f02ffc       0x60 build/lcdc_rgba888_mxt_9x60_wvga/production/_ext/305146849/legato_math.o
                0x23f02ffc                lePolarToXY
 .text.leMini   0x23f0305c        0xc build/lcdc_rgba888_mxt_9x60_wvga/production/_ext/305146849/legato_math.o
                0x23f0305c                leMini
 .text.leMaxi   0x23f03068        0xc build/lcdc_rgba888_mxt_9x60_wvga/production/_ext/305146849/legato_math.o
                0x23f03068                leMaxi
 .text.leClampi
                0x23f03074       0x18 build/lcdc_rgba888_mxt_9x60_wvga/production/_ext/305146849/legato_math.o
                0x23f03074                leClampi
 .text.lePercent
                0x23f0308c       0x1c build/lcdc_rgba888_mxt_9x60_wvga/production/_ext/305146849/legato_math.o
                0x23f0308c                lePercent
 .text.lePercentWholeRounded
                0x23f030a8       0x3c build/lcdc_rgba888_mxt_9x60_wvga/production/_ext/305146849/legato_math.o
                0x23f030a8                lePercentWholeRounded
 .text.lePercentOf
                0x23f030e4       0x58 build/lcdc_rgba888_mxt_9x60_wvga/production/_ext/305146849/legato_math.o
                0x23f030e4                lePercentOf
 .text.leScaleInteger
                0x23f0313c       0x44 build/lcdc_rgba888_mxt_9x60_wvga/production/_ext/305146849/legato_math.o
                0x23f0313c                leScaleInteger
 .text.leLerp   0x23f03180       0x58 build/lcdc_rgba888_mxt_9x60_wvga/production/_ext/305146849/legato_math.o
                0x23f03180                leLerp
 .text.lePointOnLineSide
                0x23f031d8       0x60 build/lcdc_rgba888_mxt_9x60_wvga/production/_ext/305146849/legato_math.o
                0x23f031d8                lePointOnLineSide
 .text.leRotatePoint
                0x23f03238       0xbc build/lcdc_rgba888_mxt_9x60_wvga/production/_ext/305146849/legato_math.o
                0x23f03238                leRotatePoint
 .text.leRotatedRectBounds
                0x23f032f4      0x14c build/lcdc_rgba888_mxt_9x60_wvga/production/_ext/305146849/legato_math.o
                0x23f032f4                leRotatedRectBounds
 .text.leSqrt   0x23f03440       0x58 build/lcdc_rgba888_mxt_9x60_wvga/production/_ext/305146849/legato_math.o
                0x23f03440                leSqrt
 .text.lePointOnCircle
                0x23f03498       0x30 build/lcdc_rgba888_mxt_9x60_wvga/production/_ext/305146849/legato_math.o
                0x23f03498                lePointOnCircle
 .text.leResolveAngles
                0x23f034c8      0x2a8 build/lcdc_rgba888_mxt_9x60_wvga/production/_ext/305146849/legato_math.o
                0x23f034c8                leResolveAngles
 .text.leRound  0x23f03770       0xa0 build/lcdc_rgba888_mxt_9x60_wvga/production/_ext/305146849/legato_math.o
                0x23f03770                leRound
 .text.leColorBlend_RGBA_8888
                0x23f03810      0x168 build/lcdc_rgba888_mxt_9x60_wvga/production/_ext/305146849/legato_color_blend.o
                0x23f03810                leColorBlend_RGBA_8888
 .text.leColorBlend_ARGB_8888
                0x23f03978      0x14c build/lcdc_rgba888_mxt_9x60_wvga/production/_ext/305146849/legato_color_blend.o
                0x23f03978                leColorBlend_ARGB_8888
 .text.no_conv  0x23f03ac4        0x4 build/lcdc_rgba888_mxt_9x60_wvga/production/_ext/305146849/legato_color_convert.o
 .text.gs8_rgb332
                0x23f03ac8       0x10 build/lcdc_rgba888_mxt_9x60_wvga/production/_ext/305146849/legato_color_convert.o
 .text.gs8_rgb565
                0x23f03ad8       0x20 build/lcdc_rgba888_mxt_9x60_wvga/production/_ext/305146849/legato_color_convert.o
 .text.gs8_rgba5551
                0x23f03af8       0x28 build/lcdc_rgba888_mxt_9x60_wvga/production/_ext/305146849/legato_color_convert.o
 .text.gs8_rgb888
                0x23f03b20       0x10 build/lcdc_rgba888_mxt_9x60_wvga/production/_ext/305146849/legato_color_convert.o
 .text.gs8_rgba8888
                0x23f03b30       0x14 build/lcdc_rgba888_mxt_9x60_wvga/production/_ext/305146849/legato_color_convert.o
 .text.gs8_argb8888
                0x23f03b44       0x14 build/lcdc_rgba888_mxt_9x60_wvga/production/_ext/305146849/legato_color_convert.o
 .text.gs8_mono
                0x23f03b58       0x10 build/lcdc_rgba888_mxt_9x60_wvga/production/_ext/305146849/legato_color_convert.o
 .text.rgb332_rgb565
                0x23f03b68       0x2c build/lcdc_rgba888_mxt_9x60_wvga/production/_ext/305146849/legato_color_convert.o
 .text.rgb332_rgba5551
                0x23f03b94       0x2c build/lcdc_rgba888_mxt_9x60_wvga/production/_ext/305146849/legato_color_convert.o
 .text.rgb332_rgb888
                0x23f03bc0       0x30 build/lcdc_rgba888_mxt_9x60_wvga/production/_ext/305146849/legato_color_convert.o
 .text.rgb332_rgba8888
                0x23f03bf0       0x2c build/lcdc_rgba888_mxt_9x60_wvga/production/_ext/305146849/legato_color_convert.o
 .text.rgb332_argb8888
                0x23f03c1c       0x30 build/lcdc_rgba888_mxt_9x60_wvga/production/_ext/305146849/legato_color_convert.o
 .text.rgb565_rgb332
                0x23f03c4c       0x20 build/lcdc_rgba888_mxt_9x60_wvga/production/_ext/305146849/legato_color_convert.o
 .text.rgb565_rgba5551
                0x23f03c6c       0x20 build/lcdc_rgba888_mxt_9x60_wvga/production/_ext/305146849/legato_color_convert.o
 .text.rgb565_rgb888
                0x23f03c8c       0x24 build/lcdc_rgba888_mxt_9x60_wvga/production/_ext/305146849/legato_color_convert.o
 .text.rgb565_rgba8888
                0x23f03cb0       0x24 build/lcdc_rgba888_mxt_9x60_wvga/production/_ext/305146849/legato_color_convert.o
 .text.rgb565_argb8888
                0x23f03cd4       0x28 build/lcdc_rgba888_mxt_9x60_wvga/production/_ext/305146849/legato_color_convert.o
 .text.rgba5551_gs8
                0x23f03cfc        0x4 build/lcdc_rgba888_mxt_9x60_wvga/production/_ext/305146849/legato_color_convert.o
 .text.rgba5551_rgb332
                0x23f03d00       0x20 build/lcdc_rgba888_mxt_9x60_wvga/production/_ext/305146849/legato_color_convert.o
 .text.rgba5551_rgb565
                0x23f03d20       0x1c build/lcdc_rgba888_mxt_9x60_wvga/production/_ext/305146849/legato_color_convert.o
 .text.rgba5551_rgb888
                0x23f03d3c       0x30 build/lcdc_rgba888_mxt_9x60_wvga/production/_ext/305146849/legato_color_convert.o
 .text.rgba5551_rgba8888
                0x23f03d6c       0x40 build/lcdc_rgba888_mxt_9x60_wvga/production/_ext/305146849/legato_color_convert.o
 .text.rgba5551_argb8888
                0x23f03dac       0x40 build/lcdc_rgba888_mxt_9x60_wvga/production/_ext/305146849/legato_color_convert.o
 .text.rgb888_gs8
                0x23f03dec        0x4 build/lcdc_rgba888_mxt_9x60_wvga/production/_ext/305146849/legato_color_convert.o
 .text.rgb888_rgb332
                0x23f03df0       0x24 build/lcdc_rgba888_mxt_9x60_wvga/production/_ext/305146849/legato_color_convert.o
 .text.rgb888_rgb565
                0x23f03e14       0x20 build/lcdc_rgba888_mxt_9x60_wvga/production/_ext/305146849/legato_color_convert.o
 .text.rgb888_rgba5551
                0x23f03e34       0x28 build/lcdc_rgba888_mxt_9x60_wvga/production/_ext/305146849/legato_color_convert.o
 .text.rgb888_rgba8888
                0x23f03e5c        0xc build/lcdc_rgba888_mxt_9x60_wvga/production/_ext/305146849/legato_color_convert.o
 .text.rgb888_argb8888
                0x23f03e68        0x8 build/lcdc_rgba888_mxt_9x60_wvga/production/_ext/305146849/legato_color_convert.o
 .text.rgba8888_gs8
                0x23f03e70        0x4 build/lcdc_rgba888_mxt_9x60_wvga/production/_ext/305146849/legato_color_convert.o
 .text.rgba8888_rgb332
                0x23f03e74       0x20 build/lcdc_rgba888_mxt_9x60_wvga/production/_ext/305146849/legato_color_convert.o
 .text.rgba8888_rgb565
                0x23f03e94       0x20 build/lcdc_rgba888_mxt_9x60_wvga/production/_ext/305146849/legato_color_convert.o
 .text.rgba8888_rgba5551
                0x23f03eb4       0x34 build/lcdc_rgba888_mxt_9x60_wvga/production/_ext/305146849/legato_color_convert.o
 .text.rgba8888_rgb888
                0x23f03ee8        0x8 build/lcdc_rgba888_mxt_9x60_wvga/production/_ext/305146849/legato_color_convert.o
 .text.rgba8888_argb8888
                0x23f03ef0        0x8 build/lcdc_rgba888_mxt_9x60_wvga/production/_ext/305146849/legato_color_convert.o
 .text.argb8888_rgba5551
                0x23f03ef8       0x34 build/lcdc_rgba888_mxt_9x60_wvga/production/_ext/305146849/legato_color_convert.o
 .text.argb8888_rgb888
                0x23f03f2c        0x8 build/lcdc_rgba888_mxt_9x60_wvga/production/_ext/305146849/legato_color_convert.o
 .text.argb8888_rgba8888
                0x23f03f34        0x8 build/lcdc_rgba888_mxt_9x60_wvga/production/_ext/305146849/legato_color_convert.o
 .text.rgb565_gs8
                0x23f03f3c       0x54 build/lcdc_rgba888_mxt_9x60_wvga/production/_ext/305146849/legato_color_convert.o
 .text.rgb332_gs8
                0x23f03f90       0x54 build/lcdc_rgba888_mxt_9x60_wvga/production/_ext/305146849/legato_color_convert.o
 .text.leColorConvert
                0x23f03fe4       0x28 build/lcdc_rgba888_mxt_9x60_wvga/production/_ext/305146849/legato_color_convert.o
                0x23f03fe4                leColorConvert
 .text.leRectContainsPoint
                0x23f0400c       0x60 build/lcdc_rgba888_mxt_9x60_wvga/production/_ext/305146849/legato_rect.o
                0x23f0400c                leRectContainsPoint
 .text.leRectContainsRect
                0x23f0406c       0x70 build/lcdc_rgba888_mxt_9x60_wvga/production/_ext/305146849/legato_rect.o
                0x23f0406c                leRectContainsRect
 .text.leRectIntersects
                0x23f040dc       0x70 build/lcdc_rgba888_mxt_9x60_wvga/production/_ext/305146849/legato_rect.o
                0x23f040dc                leRectIntersects
 .text.leRectCombine
                0x23f0414c       0x88 build/lcdc_rgba888_mxt_9x60_wvga/production/_ext/305146849/legato_rect.o
                0x23f0414c                leRectCombine
 .text.leRectClipAdj
                0x23f041d4      0x180 build/lcdc_rgba888_mxt_9x60_wvga/production/_ext/305146849/legato_rect.o
                0x23f041d4                leRectClipAdj
 .text.leRectClip
                0x23f04354       0xa0 build/lcdc_rgba888_mxt_9x60_wvga/production/_ext/305146849/legato_rect.o
                0x23f04354                leRectClip
 .text.leRectCompare
                0x23f043f4       0x60 build/lcdc_rgba888_mxt_9x60_wvga/production/_ext/305146849/legato_rect.o
                0x23f043f4                leRectCompare
 .text.leRectsAreSimilar
                0x23f04454       0xcc build/lcdc_rgba888_mxt_9x60_wvga/production/_ext/305146849/legato_rect.o
                0x23f04454                leRectsAreSimilar
 .text.leUtils_PickFromWidget
                0x23f04520       0xe4 build/lcdc_rgba888_mxt_9x60_wvga/production/_ext/305146849/legato_utils.o
                0x23f04520                leUtils_PickFromWidget
 .text.leUtils_ClipRectToParent
                0x23f04604       0x84 build/lcdc_rgba888_mxt_9x60_wvga/production/_ext/305146849/legato_utils.o
                0x23f04604                leUtils_ClipRectToParent
 .text.leUtils_RectToScreenSpace
                0x23f04688       0x44 build/lcdc_rgba888_mxt_9x60_wvga/production/_ext/305146849/legato_utils.o
                0x23f04688                leUtils_RectToScreenSpace
 .text.leUtils_ClipRectToAncestors
                0x23f046cc       0x94 build/lcdc_rgba888_mxt_9x60_wvga/production/_ext/305146849/legato_utils.o
                0x23f046cc                leUtils_ClipRectToAncestors
 .text.leUtils_ArrangeRectangle
                0x23f04760      0x280 build/lcdc_rgba888_mxt_9x60_wvga/production/_ext/305146849/legato_utils.o
                0x23f04760                leUtils_ArrangeRectangle
 .text.leUtils_ArrangeRectangleRelative
                0x23f049e0      0x2b0 build/lcdc_rgba888_mxt_9x60_wvga/production/_ext/305146849/legato_utils.o
                0x23f049e0                leUtils_ArrangeRectangleRelative
 .text.leUtils_GetSchemeLookupTable
                0x23f04c90       0x64 build/lcdc_rgba888_mxt_9x60_wvga/production/_ext/305146849/legato_utils.o
                0x23f04c90                leUtils_GetSchemeLookupTable
 .text.indexGet1bpp
                0x23f04cf4       0x20 build/lcdc_rgba888_mxt_9x60_wvga/production/_ext/305146849/legato_pixelbuffer.o
 .text.indexGet4bpp
                0x23f04d14       0x18 build/lcdc_rgba888_mxt_9x60_wvga/production/_ext/305146849/legato_pixelbuffer.o
 .text.indexGet
                0x23f04d2c       0x64 build/lcdc_rgba888_mxt_9x60_wvga/production/_ext/305146849/legato_pixelbuffer.o
 .text.get1byte
                0x23f04d90        0x8 build/lcdc_rgba888_mxt_9x60_wvga/production/_ext/305146849/legato_pixelbuffer.o
 .text.get2byte
                0x23f04d98        0x8 build/lcdc_rgba888_mxt_9x60_wvga/production/_ext/305146849/legato_pixelbuffer.o
 .text.get3byte
                0x23f04da0       0x1c build/lcdc_rgba888_mxt_9x60_wvga/production/_ext/305146849/legato_pixelbuffer.o
 .text.get4byte
                0x23f04dbc        0x8 build/lcdc_rgba888_mxt_9x60_wvga/production/_ext/305146849/legato_pixelbuffer.o
 .text.set1byte
                0x23f04dc4        0xc build/lcdc_rgba888_mxt_9x60_wvga/production/_ext/305146849/legato_pixelbuffer.o
 .text.set2byte
                0x23f04dd0        0xc build/lcdc_rgba888_mxt_9x60_wvga/production/_ext/305146849/legato_pixelbuffer.o
 .text.set3byte
                0x23f04ddc       0x1c build/lcdc_rgba888_mxt_9x60_wvga/production/_ext/305146849/legato_pixelbuffer.o
 .text.set4byte
                0x23f04df8        0xc build/lcdc_rgba888_mxt_9x60_wvga/production/_ext/305146849/legato_pixelbuffer.o
 .text.lePixelBufferCreate
                0x23f04e04       0xd0 build/lcdc_rgba888_mxt_9x60_wvga/production/_ext/305146849/legato_pixelbuffer.o
                0x23f04e04                lePixelBufferCreate
 .text.lePixelBufferOffsetGet
                0x23f04ed4       0x5c build/lcdc_rgba888_mxt_9x60_wvga/production/_ext/305146849/legato_pixelbuffer.o
                0x23f04ed4                lePixelBufferOffsetGet
 .text.lePixelBufferOffsetGet_Unsafe
                0x23f04f30       0x44 build/lcdc_rgba888_mxt_9x60_wvga/production/_ext/305146849/legato_pixelbuffer.o
                0x23f04f30                lePixelBufferOffsetGet_Unsafe
 .text.lePixelBufferGet_Unsafe
                0x23f04f74       0x64 build/lcdc_rgba888_mxt_9x60_wvga/production/_ext/305146849/legato_pixelbuffer.o
                0x23f04f74                lePixelBufferGet_Unsafe
 .text.lePixelBufferGet
                0x23f04fd8       0x34 build/lcdc_rgba888_mxt_9x60_wvga/production/_ext/305146849/legato_pixelbuffer.o
                0x23f04fd8                lePixelBufferGet
 .text.lePixelBufferClipRect
                0x23f0500c       0x84 build/lcdc_rgba888_mxt_9x60_wvga/production/_ext/305146849/legato_pixelbuffer.o
                0x23f0500c                lePixelBufferClipRect
 .text.lePixelBufferGetIndex_Unsafe
                0x23f05090       0x2c build/lcdc_rgba888_mxt_9x60_wvga/production/_ext/305146849/legato_pixelbuffer.o
                0x23f05090                lePixelBufferGetIndex_Unsafe
 .text.lePixelBufferSet_Unsafe
                0x23f050bc       0x7c build/lcdc_rgba888_mxt_9x60_wvga/production/_ext/305146849/legato_pixelbuffer.o
                0x23f050bc                lePixelBufferSet_Unsafe
 .text.lePixelBufferSet
                0x23f05138       0x28 build/lcdc_rgba888_mxt_9x60_wvga/production/_ext/305146849/legato_pixelbuffer.o
                0x23f05138                lePixelBufferSet
 .text.lePixelBufferAreaFill_Unsafe
                0x23f05160      0x110 build/lcdc_rgba888_mxt_9x60_wvga/production/_ext/305146849/legato_pixelbuffer.o
                0x23f05160                lePixelBufferAreaFill_Unsafe
 .text.lePixelBufferAreaFill
                0x23f05270       0x70 build/lcdc_rgba888_mxt_9x60_wvga/production/_ext/305146849/legato_pixelbuffer.o
                0x23f05270                lePixelBufferAreaFill
 .text.lePixelBufferCopy
                0x23f052e0       0xd8 build/lcdc_rgba888_mxt_9x60_wvga/production/_ext/305146849/legato_pixelbuffer.o
                0x23f052e0                lePixelBufferCopy
 .text.lerp_argb8888
                0x23f053b8       0x78 build/lcdc_rgba888_mxt_9x60_wvga/production/_ext/305146849/legato_color_lerp.o
 .text.lerp_rgba8888
                0x23f05430       0x78 build/lcdc_rgba888_mxt_9x60_wvga/production/_ext/305146849/legato_color_lerp.o
 .text.lerp_rgb888
                0x23f054a8       0x60 build/lcdc_rgba888_mxt_9x60_wvga/production/_ext/305146849/legato_color_lerp.o
 .text.lerp_rgba5551
                0x23f05508       0x74 build/lcdc_rgba888_mxt_9x60_wvga/production/_ext/305146849/legato_color_lerp.o
 .text.lerp_rgb565
                0x23f0557c       0x60 build/lcdc_rgba888_mxt_9x60_wvga/production/_ext/305146849/legato_color_lerp.o
 .text.lerp_rgb332
                0x23f055dc       0x60 build/lcdc_rgba888_mxt_9x60_wvga/production/_ext/305146849/legato_color_lerp.o
 .text.lerp_gs8
                0x23f0563c        0xc build/lcdc_rgba888_mxt_9x60_wvga/production/_ext/305146849/legato_color_lerp.o
 .text.leColorLerp
                0x23f05648       0x40 build/lcdc_rgba888_mxt_9x60_wvga/production/_ext/305146849/legato_color_lerp.o
                0x23f05648                leColorLerp
 .text.leColorBilerp
                0x23f05688       0x5c build/lcdc_rgba888_mxt_9x60_wvga/production/_ext/305146849/legato_color_lerp.o
                0x23f05688                leColorBilerp
 .text.leColorChannelAlpha
                0x23f056e4       0x30 build/lcdc_rgba888_mxt_9x60_wvga/production/_ext/305146849/legato_color.o
                0x23f056e4                leColorChannelAlpha
 .text.leColorSwap
                0x23f05714       0xa8 build/lcdc_rgba888_mxt_9x60_wvga/production/_ext/305146849/legato_color.o
                0x23f05714                leColorSwap
 .text.updateWidget
                0x23f057bc       0x4c build/lcdc_rgba888_mxt_9x60_wvga/production/_ext/1618192685/legato_state.o
 .text.leGetState
                0x23f05808        0xc build/lcdc_rgba888_mxt_9x60_wvga/production/_ext/1618192685/legato_state.o
                0x23f05808                leGetState
 .text.leAddLayer
                0x23f05814       0xb8 build/lcdc_rgba888_mxt_9x60_wvga/production/_ext/1618192685/legato_state.o
                0x23f05814                leAddLayer
 .text.leInitialize
                0x23f058cc       0xa4 build/lcdc_rgba888_mxt_9x60_wvga/production/_ext/1618192685/legato_state.o
                0x23f058cc                leInitialize
 .text.leGetLayerState
                0x23f05970       0x50 build/lcdc_rgba888_mxt_9x60_wvga/production/_ext/1618192685/legato_state.o
                0x23f05970                leGetLayerState
 .text.leGetLayerColorMode
                0x23f059c0       0x54 build/lcdc_rgba888_mxt_9x60_wvga/production/_ext/1618192685/legato_state.o
                0x23f059c0                leGetLayerColorMode
 .text.leGetLayerRenderHorizontal
                0x23f05a14       0x54 build/lcdc_rgba888_mxt_9x60_wvga/production/_ext/1618192685/legato_state.o
                0x23f05a14                leGetLayerRenderHorizontal
 .text.leGetFocusWidget
                0x23f05a68       0x10 build/lcdc_rgba888_mxt_9x60_wvga/production/_ext/1618192685/legato_state.o
                0x23f05a68                leGetFocusWidget
 .text.leSetFocusWidget
                0x23f05a78       0x84 build/lcdc_rgba888_mxt_9x60_wvga/production/_ext/1618192685/legato_state.o
                0x23f05a78                leSetFocusWidget
 .text.leGetEditWidget
                0x23f05afc       0x10 build/lcdc_rgba888_mxt_9x60_wvga/production/_ext/1618192685/legato_state.o
                0x23f05afc                leGetEditWidget
 .text.leSetEditWidget
                0x23f05b0c       0x84 build/lcdc_rgba888_mxt_9x60_wvga/production/_ext/1618192685/legato_state.o
                0x23f05b0c                leSetEditWidget
 .text.leRedrawAll
                0x23f05b90       0x50 build/lcdc_rgba888_mxt_9x60_wvga/production/_ext/1618192685/legato_state.o
                0x23f05b90                leRedrawAll
 .text.leSetLayerColorMode
                0x23f05be0       0x74 build/lcdc_rgba888_mxt_9x60_wvga/production/_ext/1618192685/legato_state.o
                0x23f05be0                leSetLayerColorMode
 .text.leSetStringTable
                0x23f05c54       0x18 build/lcdc_rgba888_mxt_9x60_wvga/production/_ext/1618192685/legato_state.o
                0x23f05c54                leSetStringTable
 .text.leIsDrawing
                0x23f05c6c       0x14 build/lcdc_rgba888_mxt_9x60_wvga/production/_ext/1618192685/legato_state.o
                0x23f05c6c                leIsDrawing
 .text.leUpdate
                0x23f05c80      0x114 build/lcdc_rgba888_mxt_9x60_wvga/production/_ext/1618192685/legato_state.o
                0x23f05c80                leUpdate
 .text.leAddRootWidget
                0x23f05d94       0x68 build/lcdc_rgba888_mxt_9x60_wvga/production/_ext/1618192685/legato_state.o
                0x23f05d94                leAddRootWidget
 .text.leRemoveRootWidget
                0x23f05dfc       0x74 build/lcdc_rgba888_mxt_9x60_wvga/production/_ext/1618192685/legato_state.o
                0x23f05dfc                leRemoveRootWidget
 .text.leGetWidgetLayer
                0x23f05e70       0x8c build/lcdc_rgba888_mxt_9x60_wvga/production/_ext/1618192685/legato_state.o
                0x23f05e70                leGetWidgetLayer
 .text.leWidgetIsInScene
                0x23f05efc       0x14 build/lcdc_rgba888_mxt_9x60_wvga/production/_ext/1618192685/legato_state.o
                0x23f05efc                leWidgetIsInScene
 .text.leScheme_GetRenderColor
                0x23f05f10       0x38 build/lcdc_rgba888_mxt_9x60_wvga/production/_ext/1618192685/legato_scheme.o
                0x23f05f10                leScheme_GetRenderColor
 .text._leGetEventState
                0x23f05f48        0xc build/lcdc_rgba888_mxt_9x60_wvga/production/_ext/1618192685/legato_event.o
                0x23f05f48                _leGetEventState
 .text.leEvent_Init
                0x23f05f54       0x20 build/lcdc_rgba888_mxt_9x60_wvga/production/_ext/1618192685/legato_event.o
                0x23f05f54                leEvent_Init
 .text.leEvent_AddEvent
                0x23f05f74       0x28 build/lcdc_rgba888_mxt_9x60_wvga/production/_ext/1618192685/legato_event.o
                0x23f05f74                leEvent_AddEvent
 .text.leEvent_ProcessEvents
                0x23f05f9c       0xb4 build/lcdc_rgba888_mxt_9x60_wvga/production/_ext/1618192685/legato_event.o
                0x23f05f9c                leEvent_ProcessEvents
 .text.leWidgetEvent_Accept
                0x23f06050       0x14 build/lcdc_rgba888_mxt_9x60_wvga/production/_ext/1618192685/legato_event.o
                0x23f06050                leWidgetEvent_Accept
 .text.leInput_Init
                0x23f06064       0x2c build/lcdc_rgba888_mxt_9x60_wvga/production/_ext/1618192685/legato_input.o
                0x23f06064                leInput_Init
 .text.leInput_InjectTouchDown
                0x23f06090       0xd8 build/lcdc_rgba888_mxt_9x60_wvga/production/_ext/1618192685/legato_input.o
                0x23f06090                leInput_InjectTouchDown
 .text.leInput_InjectTouchUp
                0x23f06168       0xb4 build/lcdc_rgba888_mxt_9x60_wvga/production/_ext/1618192685/legato_input.o
                0x23f06168                leInput_InjectTouchUp
 .text.leInput_InjectTouchMoved
                0x23f0621c      0x12c build/lcdc_rgba888_mxt_9x60_wvga/production/_ext/1618192685/legato_input.o
                0x23f0621c                leInput_InjectTouchMoved
 .text.handleTouchDown
                0x23f06348      0x118 build/lcdc_rgba888_mxt_9x60_wvga/production/_ext/1618192685/legato_input.o
                0x23f06348                handleTouchDown
 .text.handleTouchUp
                0x23f06460       0x70 build/lcdc_rgba888_mxt_9x60_wvga/production/_ext/1618192685/legato_input.o
                0x23f06460                handleTouchUp
 .text.handleTouchMoved
                0x23f064d0       0x70 build/lcdc_rgba888_mxt_9x60_wvga/production/_ext/1618192685/legato_input.o
                0x23f064d0                handleTouchMoved
 .text._leInput_HandleInputEvent
                0x23f06540       0x40 build/lcdc_rgba888_mxt_9x60_wvga/production/_ext/1618192685/legato_input.o
                0x23f06540                _leInput_HandleInputEvent
 .text._shuffleLeft
                0x23f06580       0xac build/lcdc_rgba888_mxt_9x60_wvga/production/_ext/109670485/legato_rectarray.o
 .text.leRectArray_Create
                0x23f0662c       0x1c build/lcdc_rgba888_mxt_9x60_wvga/production/_ext/109670485/legato_rectarray.o
                0x23f0662c                leRectArray_Create
 .text.leRectArray_Resize
                0x23f06648       0x7c build/lcdc_rgba888_mxt_9x60_wvga/production/_ext/109670485/legato_rectarray.o
                0x23f06648                leRectArray_Resize
 .text.leRectArray_PushBack
                0x23f066c4       0x70 build/lcdc_rgba888_mxt_9x60_wvga/production/_ext/109670485/legato_rectarray.o
                0x23f066c4                leRectArray_PushBack
 .text.leRectArray_RemoveAt
                0x23f06734       0x38 build/lcdc_rgba888_mxt_9x60_wvga/production/_ext/109670485/legato_rectarray.o
                0x23f06734                leRectArray_RemoveAt
 .text.leRectArray_Copy
                0x23f0676c       0x74 build/lcdc_rgba888_mxt_9x60_wvga/production/_ext/109670485/legato_rectarray.o
                0x23f0676c                leRectArray_Copy
 .text.leRectArray_Clear
                0x23f067e0       0x14 build/lcdc_rgba888_mxt_9x60_wvga/production/_ext/109670485/legato_rectarray.o
                0x23f067e0                leRectArray_Clear
 .text.leRectArray_Destroy
                0x23f067f4       0x3c build/lcdc_rgba888_mxt_9x60_wvga/production/_ext/109670485/legato_rectarray.o
                0x23f067f4                leRectArray_Destroy
 .text.leRectArray_RemoveDuplicates
                0x23f06830       0x90 build/lcdc_rgba888_mxt_9x60_wvga/production/_ext/109670485/legato_rectarray.o
                0x23f06830                leRectArray_RemoveDuplicates
 .text.leRectArray_SortBySize
                0x23f068c0       0xdc build/lcdc_rgba888_mxt_9x60_wvga/production/_ext/109670485/legato_rectarray.o
                0x23f068c0                leRectArray_SortBySize
 .text.leRectArray_SortByX
                0x23f0699c       0xfc build/lcdc_rgba888_mxt_9x60_wvga/production/_ext/109670485/legato_rectarray.o
                0x23f0699c                leRectArray_SortByX
 .text.leRectArray_SortByY
                0x23f06a98       0xf4 build/lcdc_rgba888_mxt_9x60_wvga/production/_ext/109670485/legato_rectarray.o
                0x23f06a98                leRectArray_SortByY
 .text.leRectArray_MergeSimilar
                0x23f06b8c       0x98 build/lcdc_rgba888_mxt_9x60_wvga/production/_ext/109670485/legato_rectarray.o
                0x23f06b8c                leRectArray_MergeSimilar
 .text.leRectArray_RemoveOverlapping
                0x23f06c24       0x84 build/lcdc_rgba888_mxt_9x60_wvga/production/_ext/109670485/legato_rectarray.o
                0x23f06c24                leRectArray_RemoveOverlapping
 .text.leRectArray_PadRectangleWidth
                0x23f06ca8      0x120 build/lcdc_rgba888_mxt_9x60_wvga/production/_ext/109670485/legato_rectarray.o
                0x23f06ca8                leRectArray_PadRectangleWidth
 .text.leRectArray_CropToSizeY
                0x23f06dc8      0x134 build/lcdc_rgba888_mxt_9x60_wvga/production/_ext/109670485/legato_rectarray.o
                0x23f06dc8                leRectArray_CropToSizeY
 .text.leRectArray_CropToSizeX
                0x23f06efc      0x134 build/lcdc_rgba888_mxt_9x60_wvga/production/_ext/109670485/legato_rectarray.o
                0x23f06efc                leRectArray_CropToSizeX
 .text._shuffleRight
                0x23f07030       0x78 build/lcdc_rgba888_mxt_9x60_wvga/production/_ext/109670485/legato_array.o
 .text._shuffleLeft
                0x23f070a8       0x5c build/lcdc_rgba888_mxt_9x60_wvga/production/_ext/109670485/legato_array.o
 .text.leArray_Create
                0x23f07104       0x1c build/lcdc_rgba888_mxt_9x60_wvga/production/_ext/109670485/legato_array.o
                0x23f07104                leArray_Create
 .text.leArray_Resize
                0x23f07120       0x70 build/lcdc_rgba888_mxt_9x60_wvga/production/_ext/109670485/legato_array.o
                0x23f07120                leArray_Resize
 .text.leArray_PushBack
                0x23f07190       0x60 build/lcdc_rgba888_mxt_9x60_wvga/production/_ext/109670485/legato_array.o
                0x23f07190                leArray_PushBack
 .text.leArray_InsertAt
                0x23f071f0       0x9c build/lcdc_rgba888_mxt_9x60_wvga/production/_ext/109670485/legato_array.o
                0x23f071f0                leArray_InsertAt
 .text.leArray_RemoveAt
                0x23f0728c       0x38 build/lcdc_rgba888_mxt_9x60_wvga/production/_ext/109670485/legato_array.o
                0x23f0728c                leArray_RemoveAt
 .text.leArray_Get
                0x23f072c4       0x18 build/lcdc_rgba888_mxt_9x60_wvga/production/_ext/109670485/legato_array.o
                0x23f072c4                leArray_Get
 .text.leArray_Find
                0x23f072dc       0x68 build/lcdc_rgba888_mxt_9x60_wvga/production/_ext/109670485/legato_array.o
                0x23f072dc                leArray_Find
 .text.leArray_Remove
                0x23f07344       0x58 build/lcdc_rgba888_mxt_9x60_wvga/production/_ext/109670485/legato_array.o
                0x23f07344                leArray_Remove
 .text.leArray_Clear
                0x23f0739c       0x38 build/lcdc_rgba888_mxt_9x60_wvga/production/_ext/109670485/legato_array.o
                0x23f0739c                leArray_Clear
 .text.leList_Create
                0x23f073d4       0x1c build/lcdc_rgba888_mxt_9x60_wvga/production/_ext/109670485/legato_list.o
                0x23f073d4                leList_Create
 .text.leList_PushBack
                0x23f073f0       0x68 build/lcdc_rgba888_mxt_9x60_wvga/production/_ext/109670485/legato_list.o
                0x23f073f0                leList_PushBack
 .text.leList_Get
                0x23f07458       0x44 build/lcdc_rgba888_mxt_9x60_wvga/production/_ext/109670485/legato_list.o
                0x23f07458                leList_Get
 .text.leList_Remove
                0x23f0749c       0xbc build/lcdc_rgba888_mxt_9x60_wvga/production/_ext/109670485/legato_list.o
                0x23f0749c                leList_Remove
 .text.leList_Destroy
                0x23f07558       0x4c build/lcdc_rgba888_mxt_9x60_wvga/production/_ext/109670485/legato_list.o
                0x23f07558                leList_Destroy
 .text.drawGlyphRow8bpp
                0x23f075a4       0xf8 build/lcdc_rgba888_mxt_9x60_wvga/production/_ext/1618103421/legato_font.o
 .text.drawGlyphRow1bpp
                0x23f0769c       0xd0 build/lcdc_rgba888_mxt_9x60_wvga/production/_ext/1618103421/legato_font.o
 .text.drawGlyphRow8bppMono
                0x23f0776c       0x5c build/lcdc_rgba888_mxt_9x60_wvga/production/_ext/1618103421/legato_font.o
 .text.drawGlyphRow1bppMono
                0x23f077c8       0x64 build/lcdc_rgba888_mxt_9x60_wvga/production/_ext/1618103421/legato_font.o
 .text._drawUnknownGlyph
                0x23f0782c       0xf4 build/lcdc_rgba888_mxt_9x60_wvga/production/_ext/1618103421/legato_font.o
 .text.leFont_GetGlyphInfo
                0x23f07920       0xe0 build/lcdc_rgba888_mxt_9x60_wvga/production/_ext/1618103421/legato_font.o
                0x23f07920                leFont_GetGlyphInfo
 .text.leFont_DrawGlyphData
                0x23f07a00      0x12c build/lcdc_rgba888_mxt_9x60_wvga/production/_ext/1618103421/legato_font.o
                0x23f07a00                leFont_DrawGlyphData
 .text.leFont_DrawGlyphData_Lookup
                0x23f07b2c      0x300 build/lcdc_rgba888_mxt_9x60_wvga/production/_ext/1618103421/legato_font.o
                0x23f07b2c                leFont_DrawGlyphData_Lookup
 .text.leFont_DrawGlyph
                0x23f07e2c       0xa4 build/lcdc_rgba888_mxt_9x60_wvga/production/_ext/1618103421/legato_font.o
                0x23f07e2c                leFont_DrawGlyph
 .text.leFont_DrawGlyph_Lookup
                0x23f07ed0       0xb4 build/lcdc_rgba888_mxt_9x60_wvga/production/_ext/1618103421/legato_font.o
                0x23f07ed0                leFont_DrawGlyph_Lookup
 .text.screenInit_Screen0
                0x23f07f84       0x28 build/lcdc_rgba888_mxt_9x60_wvga/production/_ext/534613472/le_gen_screen_Screen0.o
                0x23f07f84                screenInit_Screen0
 .text.screenShow_Screen0
                0x23f07fac      0x52c build/lcdc_rgba888_mxt_9x60_wvga/production/_ext/534613472/le_gen_screen_Screen0.o
                0x23f07fac                screenShow_Screen0
 .text.screenUpdate_Screen0
                0x23f084d8       0x68 build/lcdc_rgba888_mxt_9x60_wvga/production/_ext/534613472/le_gen_screen_Screen0.o
                0x23f084d8                screenUpdate_Screen0
 .text.screenHide_Screen0
                0x23f08540       0xc4 build/lcdc_rgba888_mxt_9x60_wvga/production/_ext/534613472/le_gen_screen_Screen0.o
                0x23f08540                screenHide_Screen0
 .text.screenInit_Screen1
                0x23f08604       0x28 build/lcdc_rgba888_mxt_9x60_wvga/production/_ext/534613472/le_gen_screen_Screen1.o
                0x23f08604                screenInit_Screen1
 .text.screenShow_Screen1
                0x23f0862c      0xf30 build/lcdc_rgba888_mxt_9x60_wvga/production/_ext/534613472/le_gen_screen_Screen1.o
                0x23f0862c                screenShow_Screen1
 .text.screenUpdate_Screen1
                0x23f0955c       0x68 build/lcdc_rgba888_mxt_9x60_wvga/production/_ext/534613472/le_gen_screen_Screen1.o
                0x23f0955c                screenUpdate_Screen1
 .text.screenHide_Screen1
                0x23f095c4      0x1b4 build/lcdc_rgba888_mxt_9x60_wvga/production/_ext/534613472/le_gen_screen_Screen1.o
                0x23f095c4                screenHide_Screen1
 .text.legato_getCurrentScreen
                0x23f09778       0x10 build/lcdc_rgba888_mxt_9x60_wvga/production/_ext/706129189/le_gen_init.o
                0x23f09778                legato_getCurrentScreen
 .text.legato_showScreen
                0x23f09788       0x1c build/lcdc_rgba888_mxt_9x60_wvga/production/_ext/706129189/le_gen_init.o
                0x23f09788                legato_showScreen
 .text.legato_initializeScreenState
                0x23f097a4       0x44 build/lcdc_rgba888_mxt_9x60_wvga/production/_ext/706129189/le_gen_init.o
                0x23f097a4                legato_initializeScreenState
 .text.legato_updateScreenState
                0x23f097e8       0xc8 build/lcdc_rgba888_mxt_9x60_wvga/production/_ext/706129189/le_gen_init.o
                0x23f097e8                legato_updateScreenState
 .text.initializeStrings
                0x23f098b0      0x138 build/lcdc_rgba888_mxt_9x60_wvga/production/_ext/706129189/le_gen_stringtable.o
                0x23f098b0                initializeStrings
 .text.touchMoveHandler
                0x23f099e8       0x18 build/lcdc_rgba888_mxt_9x60_wvga/production/_ext/706129189/le_gen_harmony.o
 .text.touchUpHandler
                0x23f09a00       0x18 build/lcdc_rgba888_mxt_9x60_wvga/production/_ext/706129189/le_gen_harmony.o
 .text.touchDownHandler
                0x23f09a18       0x18 build/lcdc_rgba888_mxt_9x60_wvga/production/_ext/706129189/le_gen_harmony.o
 .text.Legato_Initialize
                0x23f09a30       0x98 build/lcdc_rgba888_mxt_9x60_wvga/production/_ext/706129189/le_gen_harmony.o
                0x23f09a30                Legato_Initialize
 .text.Legato_Tasks
                0x23f09ac8       0x4c build/lcdc_rgba888_mxt_9x60_wvga/production/_ext/706129189/le_gen_harmony.o
                0x23f09ac8                Legato_Tasks
 .text._supportsImage
                0x23f09b14       0x28 build/lcdc_rgba888_mxt_9x60_wvga/production/_ext/2086705360/legato_imagedecoder_jpeg.o
 .text.internalMemoryRead
                0x23f09b3c       0x48 build/lcdc_rgba888_mxt_9x60_wvga/production/_ext/2086705360/legato_imagedecoder_jpeg.o
 .text.exec     0x23f09b84        0x8 build/lcdc_rgba888_mxt_9x60_wvga/production/_ext/2086705360/legato_imagedecoder_jpeg.o
 .text._render  0x23f09b8c      0x1fc build/lcdc_rgba888_mxt_9x60_wvga/production/_ext/2086705360/legato_imagedecoder_jpeg.o
 .text._draw    0x23f09d88      0x20c build/lcdc_rgba888_mxt_9x60_wvga/production/_ext/2086705360/legato_imagedecoder_jpeg.o
 .text.blitToImage
                0x23f09f94       0xa4 build/lcdc_rgba888_mxt_9x60_wvga/production/_ext/2086705360/legato_imagedecoder_jpeg.o
 .text.blitToFrameBuffer
                0x23f0a038       0x98 build/lcdc_rgba888_mxt_9x60_wvga/production/_ext/2086705360/legato_imagedecoder_jpeg.o
 .text._leJPEGImageDecoder_Init
                0x23f0a0d0       0x5c build/lcdc_rgba888_mxt_9x60_wvga/production/_ext/2086705360/legato_imagedecoder_jpeg.o
                0x23f0a0d0                _leJPEGImageDecoder_Init
 .text.JPEG_wReadWord
                0x23f0a12c       0x50 build/lcdc_rgba888_mxt_9x60_wvga/production/_ext/2086705360/legato_imagedecoder_jpeg_common.o
 .text.JPEG_bReadByte
                0x23f0a17c       0x2c build/lcdc_rgba888_mxt_9x60_wvga/production/_ext/2086705360/legato_imagedecoder_jpeg_common.o
 .text.JPEG_bGet1Bit
                0x23f0a1a8      0x154 build/lcdc_rgba888_mxt_9x60_wvga/production/_ext/2086705360/legato_imagedecoder_jpeg_common.o
 .text.JPEG_wGetBits
                0x23f0a2fc       0x4c build/lcdc_rgba888_mxt_9x60_wvga/production/_ext/2086705360/legato_imagedecoder_jpeg_common.o
 .text.JPEG_sGetBitsValue
                0x23f0a348       0x50 build/lcdc_rgba888_mxt_9x60_wvga/production/_ext/2086705360/legato_imagedecoder_jpeg_common.o
 .text.JPEG_bGetNextHuffByte
                0x23f0a398       0x98 build/lcdc_rgba888_mxt_9x60_wvga/production/_ext/2086705360/legato_imagedecoder_jpeg_common.o
 .text.JPEG_vResetDecoder
                0x23f0a430       0x20 build/lcdc_rgba888_mxt_9x60_wvga/production/_ext/2086705360/legato_imagedecoder_jpeg_common.o
                0x23f0a430                JPEG_vResetDecoder
 .text.JPEG_bReadHeader
                0x23f0a450      0x7c8 build/lcdc_rgba888_mxt_9x60_wvga/production/_ext/2086705360/legato_imagedecoder_jpeg_common.o
                0x23f0a450                JPEG_bReadHeader
 .text.JPEG_bGenerateHuffmanTables
                0x23f0ac18       0x90 build/lcdc_rgba888_mxt_9x60_wvga/production/_ext/2086705360/legato_imagedecoder_jpeg_common.o
                0x23f0ac18                JPEG_bGenerateHuffmanTables
 .text.JPEG_bDecodeOneBlock
                0x23f0aca8      0x270 build/lcdc_rgba888_mxt_9x60_wvga/production/_ext/2086705360/legato_imagedecoder_jpeg_common.o
                0x23f0aca8                JPEG_bDecodeOneBlock
 .text.JPEG_vInitDisplay
                0x23f0af18       0x10 build/lcdc_rgba888_mxt_9x60_wvga/production/_ext/2086705360/legato_imagedecoder_jpeg_common.o
                0x23f0af18                JPEG_vInitDisplay
 .text.JPEG_bPaintOneBlock
                0x23f0af28      0x9c4 build/lcdc_rgba888_mxt_9x60_wvga/production/_ext/2086705360/legato_imagedecoder_jpeg_common.o
                0x23f0af28                JPEG_bPaintOneBlock
 .text.jpeg_idct_islow_leg
                0x23f0b8ec      0x514 build/lcdc_rgba888_mxt_9x60_wvga/production/_ext/2086705360/jidctint.o
                0x23f0b8ec                jpeg_idct_islow_leg
 .text.stage_decode
                0x23f0be00       0x3c build/lcdc_rgba888_mxt_9x60_wvga/production/_ext/2086794059/legato_imagedecoder_mono_read_internal.o
 .text._leMonoImageDecoder_ReadStage_Internal
                0x23f0be3c       0x30 build/lcdc_rgba888_mxt_9x60_wvga/production/_ext/2086794059/legato_imagedecoder_mono_read_internal.o
                0x23f0be3c                _leMonoImageDecoder_ReadStage_Internal
 .text._supportsImage
                0x23f0be6c       0x14 build/lcdc_rgba888_mxt_9x60_wvga/production/_ext/2086794059/legato_imagedecoder_mono.o
 .text._decoderCleanup
                0x23f0be80       0x64 build/lcdc_rgba888_mxt_9x60_wvga/production/_ext/2086794059/legato_imagedecoder_mono.o
 .text._decoderExec
                0x23f0bee4       0x84 build/lcdc_rgba888_mxt_9x60_wvga/production/_ext/2086794059/legato_imagedecoder_mono.o
 .text._decoderIsDone
                0x23f0bf68       0x10 build/lcdc_rgba888_mxt_9x60_wvga/production/_ext/2086794059/legato_imagedecoder_mono.o
 .text.stage_sourceIterateSetup
                0x23f0bf78       0xb4 build/lcdc_rgba888_mxt_9x60_wvga/production/_ext/2086794059/legato_imagedecoder_mono.o
 .text.stage_FrameBufferWrite
                0x23f0c02c       0x20 build/lcdc_rgba888_mxt_9x60_wvga/production/_ext/2086794059/legato_imagedecoder_mono.o
 .text.stage_ImageWrite
                0x23f0c04c       0x28 build/lcdc_rgba888_mxt_9x60_wvga/production/_ext/2086794059/legato_imagedecoder_mono.o
 .text._leMonoImageDecoder_Init
                0x23f0c074       0x84 build/lcdc_rgba888_mxt_9x60_wvga/production/_ext/2086794059/legato_imagedecoder_mono.o
                0x23f0c074                _leMonoImageDecoder_Init
 .text._leMonoImageDecoder_InjectStage
                0x23f0c0f8       0x38 build/lcdc_rgba888_mxt_9x60_wvga/production/_ext/2086794059/legato_imagedecoder_mono.o
                0x23f0c0f8                _leMonoImageDecoder_InjectStage
 .text._leMonoImageDecoder_SourceIterateSetupStage
                0x23f0c130       0x38 build/lcdc_rgba888_mxt_9x60_wvga/production/_ext/2086794059/legato_imagedecoder_mono.o
                0x23f0c130                _leMonoImageDecoder_SourceIterateSetupStage
 .text._leMonoImageDecoder_FrameBufferWriteStage
                0x23f0c168       0x30 build/lcdc_rgba888_mxt_9x60_wvga/production/_ext/2086794059/legato_imagedecoder_mono.o
                0x23f0c168                _leMonoImageDecoder_FrameBufferWriteStage
 .text._draw    0x23f0c198      0x154 build/lcdc_rgba888_mxt_9x60_wvga/production/_ext/2086794059/legato_imagedecoder_mono.o
 .text._leMonoImageDecoder_ImageWriteStage
                0x23f0c2ec       0x30 build/lcdc_rgba888_mxt_9x60_wvga/production/_ext/2086794059/legato_imagedecoder_mono.o
                0x23f0c2ec                _leMonoImageDecoder_ImageWriteStage
 .text._copy    0x23f0c31c      0x190 build/lcdc_rgba888_mxt_9x60_wvga/production/_ext/2086794059/legato_imagedecoder_mono.o
 .text.readBitsFromStream
                0x23f0c4ac       0x50 build/lcdc_rgba888_mxt_9x60_wvga/production/_ext/1872343871/lodepng.o
 .text.huffmanDecodeSymbol
                0x23f0c4fc       0x64 build/lcdc_rgba888_mxt_9x60_wvga/production/_ext/1872343871/lodepng.o
 .text.readBitFromReversedStream
                0x23f0c560       0x24 build/lcdc_rgba888_mxt_9x60_wvga/production/_ext/1872343871/lodepng.o
 .text.readBitsFromReversedStream
                0x23f0c584       0x48 build/lcdc_rgba888_mxt_9x60_wvga/production/_ext/1872343871/lodepng.o
 .text.getNumColorChannels
                0x23f0c5cc       0x50 build/lcdc_rgba888_mxt_9x60_wvga/production/_ext/1872343871/lodepng.o
 .text.lodepng_color_mode_equal
                0x23f0c61c      0x120 build/lcdc_rgba888_mxt_9x60_wvga/production/_ext/1872343871/lodepng.o
 .text.addColorBits
                0x23f0c73c       0x50 build/lcdc_rgba888_mxt_9x60_wvga/production/_ext/1872343871/lodepng.o
 .text.getPixelColorsRGBA8
                0x23f0c78c      0x51c build/lcdc_rgba888_mxt_9x60_wvga/production/_ext/1872343871/lodepng.o
 .text.Adam7_getpassvalues
                0x23f0cca8      0x18c build/lcdc_rgba888_mxt_9x60_wvga/production/_ext/1872343871/lodepng.o
 .text.unfilter
                0x23f0ce34      0x424 build/lcdc_rgba888_mxt_9x60_wvga/production/_ext/1872343871/lodepng.o
 .text.removePaddingBits
                0x23f0d258       0xa4 build/lcdc_rgba888_mxt_9x60_wvga/production/_ext/1872343871/lodepng.o
 .text.ucvector_reserve
                0x23f0d2fc       0x58 build/lcdc_rgba888_mxt_9x60_wvga/production/_ext/1872343871/lodepng.o
 .text.ucvector_resize
                0x23f0d354       0x20 build/lcdc_rgba888_mxt_9x60_wvga/production/_ext/1872343871/lodepng.o
 .text.ucvector_push_back
                0x23f0d374       0x34 build/lcdc_rgba888_mxt_9x60_wvga/production/_ext/1872343871/lodepng.o
 .text.color_tree_cleanup
                0x23f0d3a8       0x34 build/lcdc_rgba888_mxt_9x60_wvga/production/_ext/1872343871/lodepng.o
 .text.LodePNGIText_cleanup
                0x23f0d3dc       0x90 build/lcdc_rgba888_mxt_9x60_wvga/production/_ext/1872343871/lodepng.o
 .text.LodePNGText_cleanup
                0x23f0d46c       0x60 build/lcdc_rgba888_mxt_9x60_wvga/production/_ext/1872343871/lodepng.o
 .text.HuffmanTree_cleanup
                0x23f0d4cc       0x24 build/lcdc_rgba888_mxt_9x60_wvga/production/_ext/1872343871/lodepng.o
 .text.string_set
                0x23f0d4f0       0x68 build/lcdc_rgba888_mxt_9x60_wvga/production/_ext/1872343871/lodepng.o
 .text.string_init
                0x23f0d558       0x2c build/lcdc_rgba888_mxt_9x60_wvga/production/_ext/1872343871/lodepng.o
 .text.uivector_reserve
                0x23f0d584       0x58 build/lcdc_rgba888_mxt_9x60_wvga/production/_ext/1872343871/lodepng.o
 .text.HuffmanTree_makeFromLengths
                0x23f0d5dc      0x424 build/lcdc_rgba888_mxt_9x60_wvga/production/_ext/1872343871/lodepng.o
 .text.lodepng_read32bitInt
                0x23f0da00       0x24 build/lcdc_rgba888_mxt_9x60_wvga/production/_ext/1872343871/lodepng.o
                0x23f0da00                lodepng_read32bitInt
 .text.lodepng_inflate
                0x23f0da24      0x998 build/lcdc_rgba888_mxt_9x60_wvga/production/_ext/1872343871/lodepng.o
                0x23f0da24                lodepng_inflate
 .text.lodepng_zlib_decompress
                0x23f0e3bc      0x198 build/lcdc_rgba888_mxt_9x60_wvga/production/_ext/1872343871/lodepng.o
                0x23f0e3bc                lodepng_zlib_decompress
 .text.zlib_decompress
                0x23f0e554       0x34 build/lcdc_rgba888_mxt_9x60_wvga/production/_ext/1872343871/lodepng.o
 .text.lodepng_crc32
                0x23f0e588       0x4c build/lcdc_rgba888_mxt_9x60_wvga/production/_ext/1872343871/lodepng.o
                0x23f0e588                lodepng_crc32
 .text.lodepng_chunk_type_equals
                0x23f0e5d4       0x80 build/lcdc_rgba888_mxt_9x60_wvga/production/_ext/1872343871/lodepng.o
                0x23f0e5d4                lodepng_chunk_type_equals
 .text.lodepng_chunk_check_crc
                0x23f0e654       0x38 build/lcdc_rgba888_mxt_9x60_wvga/production/_ext/1872343871/lodepng.o
                0x23f0e654                lodepng_chunk_check_crc
 .text.lodepng_chunk_next_const
                0x23f0e68c       0x18 build/lcdc_rgba888_mxt_9x60_wvga/production/_ext/1872343871/lodepng.o
                0x23f0e68c                lodepng_chunk_next_const
 .text.lodepng_chunk_append
                0x23f0e6a4       0xa4 build/lcdc_rgba888_mxt_9x60_wvga/production/_ext/1872343871/lodepng.o
                0x23f0e6a4                lodepng_chunk_append
 .text.lodepng_color_mode_init
                0x23f0e748       0x30 build/lcdc_rgba888_mxt_9x60_wvga/production/_ext/1872343871/lodepng.o
                0x23f0e748                lodepng_color_mode_init
 .text.lodepng_palette_clear
                0x23f0e778       0x28 build/lcdc_rgba888_mxt_9x60_wvga/production/_ext/1872343871/lodepng.o
                0x23f0e778                lodepng_palette_clear
 .text.lodepng_color_mode_copy
                0x23f0e7a0       0x98 build/lcdc_rgba888_mxt_9x60_wvga/production/_ext/1872343871/lodepng.o
                0x23f0e7a0                lodepng_color_mode_copy
 .text.lodepng_get_bpp
                0x23f0e838       0x1c build/lcdc_rgba888_mxt_9x60_wvga/production/_ext/1872343871/lodepng.o
                0x23f0e838                lodepng_get_bpp
 .text.lodepng_get_raw_size_idat
                0x23f0e854       0x34 build/lcdc_rgba888_mxt_9x60_wvga/production/_ext/1872343871/lodepng.o
 .text.lodepng_get_raw_size
                0x23f0e888       0x38 build/lcdc_rgba888_mxt_9x60_wvga/production/_ext/1872343871/lodepng.o
                0x23f0e888                lodepng_get_raw_size
 .text.lodepng_add_text
                0x23f0e8c0       0xcc build/lcdc_rgba888_mxt_9x60_wvga/production/_ext/1872343871/lodepng.o
                0x23f0e8c0                lodepng_add_text
 .text.lodepng_add_itext
                0x23f0e98c      0x17c build/lcdc_rgba888_mxt_9x60_wvga/production/_ext/1872343871/lodepng.o
                0x23f0e98c                lodepng_add_itext
 .text.lodepng_info_init
                0x23f0eb08       0x74 build/lcdc_rgba888_mxt_9x60_wvga/production/_ext/1872343871/lodepng.o
                0x23f0eb08                lodepng_info_init
 .text.lodepng_info_cleanup
                0x23f0eb7c       0x3c build/lcdc_rgba888_mxt_9x60_wvga/production/_ext/1872343871/lodepng.o
                0x23f0eb7c                lodepng_info_cleanup
 .text.lodepng_convert
                0x23f0ebb8      0xbb8 build/lcdc_rgba888_mxt_9x60_wvga/production/_ext/1872343871/lodepng.o
                0x23f0ebb8                lodepng_convert
 .text.lodepng_inspect
                0x23f0f770      0x290 build/lcdc_rgba888_mxt_9x60_wvga/production/_ext/1872343871/lodepng.o
                0x23f0f770                lodepng_inspect
 .text.lodepng_decode
                0x23f0fa00     0x1740 build/lcdc_rgba888_mxt_9x60_wvga/production/_ext/1872343871/lodepng.o
                0x23f0fa00                lodepng_decode
 .text.lodepng_decoder_settings_init
                0x23f11140       0x2c build/lcdc_rgba888_mxt_9x60_wvga/production/_ext/1872343871/lodepng.o
                0x23f11140                lodepng_decoder_settings_init
 .text.lodepng_state_init
                0x23f1116c       0x28 build/lcdc_rgba888_mxt_9x60_wvga/production/_ext/1872343871/lodepng.o
                0x23f1116c                lodepng_state_init
 .text.lodepng_state_cleanup
                0x23f11194       0x1c build/lcdc_rgba888_mxt_9x60_wvga/production/_ext/1872343871/lodepng.o
                0x23f11194                lodepng_state_cleanup
 .text.lodepng_decode_memory
                0x23f111b0       0x68 build/lcdc_rgba888_mxt_9x60_wvga/production/_ext/1872343871/lodepng.o
                0x23f111b0                lodepng_decode_memory
 .text._supportsImage
                0x23f11218       0x28 build/lcdc_rgba888_mxt_9x60_wvga/production/_ext/1872343871/legato_imagedecoder_png.o
 .text._decoderCleanup
                0x23f11240        0x4 build/lcdc_rgba888_mxt_9x60_wvga/production/_ext/1872343871/legato_imagedecoder_png.o
 .text._decoderExec
                0x23f11244        0x8 build/lcdc_rgba888_mxt_9x60_wvga/production/_ext/1872343871/legato_imagedecoder_png.o
 .text._decoderIsDone
                0x23f1124c        0x8 build/lcdc_rgba888_mxt_9x60_wvga/production/_ext/1872343871/legato_imagedecoder_png.o
 .text._render  0x23f11254       0xf4 build/lcdc_rgba888_mxt_9x60_wvga/production/_ext/1872343871/legato_imagedecoder_png.o
 .text._draw    0x23f11348      0x1f0 build/lcdc_rgba888_mxt_9x60_wvga/production/_ext/1872343871/legato_imagedecoder_png.o
 .text._lePNGImageDecoder_Init
                0x23f11538       0x6c build/lcdc_rgba888_mxt_9x60_wvga/production/_ext/1872343871/legato_imagedecoder_png.o
                0x23f11538                _lePNGImageDecoder_Init
 .text.stage_sourceIterateSetup
                0x23f115a4       0xb4 build/lcdc_rgba888_mxt_9x60_wvga/production/_ext/1872342336/legato_imagedecoder_raw_setup.o
 .text.stage_targetIterateSetup
                0x23f11658       0x94 build/lcdc_rgba888_mxt_9x60_wvga/production/_ext/1872342336/legato_imagedecoder_raw_setup.o
 .text._leRawImageDecoder_SourceIterateSetupStage
                0x23f116ec       0x38 build/lcdc_rgba888_mxt_9x60_wvga/production/_ext/1872342336/legato_imagedecoder_raw_setup.o
                0x23f116ec                _leRawImageDecoder_SourceIterateSetupStage
 .text._leRawImageDecoder_TargetIterateSetupStage
                0x23f11724       0x38 build/lcdc_rgba888_mxt_9x60_wvga/production/_ext/1872342336/legato_imagedecoder_raw_setup.o
                0x23f11724                _leRawImageDecoder_TargetIterateSetupStage
 .text.stage_postRead
                0x23f1175c       0x14 build/lcdc_rgba888_mxt_9x60_wvga/production/_ext/1872342336/legato_imagedecoder_raw_scale.o
 .text.stage_scaledNearestNeighborPreRead
                0x23f11770       0xc4 build/lcdc_rgba888_mxt_9x60_wvga/production/_ext/1872342336/legato_imagedecoder_raw_scale.o
 .text.stage_bilinearPreRead
                0x23f11834      0x164 build/lcdc_rgba888_mxt_9x60_wvga/production/_ext/1872342336/legato_imagedecoder_raw_scale.o
 .text.stage_scaledBilinearPostRead
                0x23f11998       0x8c build/lcdc_rgba888_mxt_9x60_wvga/production/_ext/1872342336/legato_imagedecoder_raw_scale.o
 .text._leRawImageDecoder_ScaleNearestNeighborPreReadStage
                0x23f11a24       0x6c build/lcdc_rgba888_mxt_9x60_wvga/production/_ext/1872342336/legato_imagedecoder_raw_scale.o
                0x23f11a24                _leRawImageDecoder_ScaleNearestNeighborPreReadStage
 .text._leRawImageDecoder_ScaleBilinearPreReadStage
                0x23f11a90       0x74 build/lcdc_rgba888_mxt_9x60_wvga/production/_ext/1872342336/legato_imagedecoder_raw_scale.o
                0x23f11a90                _leRawImageDecoder_ScaleBilinearPreReadStage
 .text._leRawImageDecoder_PostReadStage
                0x23f11b04       0x30 build/lcdc_rgba888_mxt_9x60_wvga/production/_ext/1872342336/legato_imagedecoder_raw_scale.o
                0x23f11b04                _leRawImageDecoder_PostReadStage
 .text._leRawImageDecoder_ScaleBilinearPostReadStage
                0x23f11b34       0x30 build/lcdc_rgba888_mxt_9x60_wvga/production/_ext/1872342336/legato_imagedecoder_raw_scale.o
                0x23f11b34                _leRawImageDecoder_ScaleBilinearPostReadStage
 .text._supportsImage
                0x23f11b64       0x14 build/lcdc_rgba888_mxt_9x60_wvga/production/_ext/1872342336/legato_imagedecoder_raw.o
 .text._decoderCleanup
                0x23f11b78       0x64 build/lcdc_rgba888_mxt_9x60_wvga/production/_ext/1872342336/legato_imagedecoder_raw.o
 .text._decoderExec
                0x23f11bdc       0x84 build/lcdc_rgba888_mxt_9x60_wvga/production/_ext/1872342336/legato_imagedecoder_raw.o
 .text._decoderIsDone
                0x23f11c60       0x10 build/lcdc_rgba888_mxt_9x60_wvga/production/_ext/1872342336/legato_imagedecoder_raw.o
 .text._initReadStage
                0x23f11c70       0x1c build/lcdc_rgba888_mxt_9x60_wvga/production/_ext/1872342336/legato_imagedecoder_raw.o
 .text._initMaskStage
                0x23f11c8c       0x24 build/lcdc_rgba888_mxt_9x60_wvga/production/_ext/1872342336/legato_imagedecoder_raw.o
 .text._initBlendStage
                0x23f11cb0       0x44 build/lcdc_rgba888_mxt_9x60_wvga/production/_ext/1872342336/legato_imagedecoder_raw.o
 .text._initConvertStage
                0x23f11cf4       0x4c build/lcdc_rgba888_mxt_9x60_wvga/production/_ext/1872342336/legato_imagedecoder_raw.o
 .text._rotateDraw
                0x23f11d40      0x2b0 build/lcdc_rgba888_mxt_9x60_wvga/production/_ext/1872342336/legato_imagedecoder_raw.o
 .text._rotate  0x23f11ff0      0x2f4 build/lcdc_rgba888_mxt_9x60_wvga/production/_ext/1872342336/legato_imagedecoder_raw.o
 .text._resizeDraw
                0x23f122e4      0x294 build/lcdc_rgba888_mxt_9x60_wvga/production/_ext/1872342336/legato_imagedecoder_raw.o
 .text._resize  0x23f12578      0x238 build/lcdc_rgba888_mxt_9x60_wvga/production/_ext/1872342336/legato_imagedecoder_raw.o
 .text._copy    0x23f127b0      0x1b8 build/lcdc_rgba888_mxt_9x60_wvga/production/_ext/1872342336/legato_imagedecoder_raw.o
 .text._initLookupStage
                0x23f12968       0x4c build/lcdc_rgba888_mxt_9x60_wvga/production/_ext/1872342336/legato_imagedecoder_raw.o
 .text._render  0x23f129b4      0x260 build/lcdc_rgba888_mxt_9x60_wvga/production/_ext/1872342336/legato_imagedecoder_raw.o
 .text._draw    0x23f12c14      0x2f4 build/lcdc_rgba888_mxt_9x60_wvga/production/_ext/1872342336/legato_imagedecoder_raw.o
 .text._leRawImageDecoder_Init
                0x23f12f08       0xa8 build/lcdc_rgba888_mxt_9x60_wvga/production/_ext/1872342336/legato_imagedecoder_raw.o
                0x23f12f08                _leRawImageDecoder_Init
 .text._leRawImageDecoder_InjectStage
                0x23f12fb0       0x38 build/lcdc_rgba888_mxt_9x60_wvga/production/_ext/1872342336/legato_imagedecoder_raw.o
                0x23f12fb0                _leRawImageDecoder_InjectStage
 .text.stage_decode
                0x23f12fe8       0x74 build/lcdc_rgba888_mxt_9x60_wvga/production/_ext/1872342336/legato_imagedecoder_raw_read_internal.o
 .text.rleRandomDecode
                0x23f1305c       0x54 build/lcdc_rgba888_mxt_9x60_wvga/production/_ext/1872342336/legato_imagedecoder_raw_read_internal.o
 .text.rleSequentialDecode
                0x23f130b0       0x48 build/lcdc_rgba888_mxt_9x60_wvga/production/_ext/1872342336/legato_imagedecoder_raw_read_internal.o
 .text.colorDecode
                0x23f130f8       0x34 build/lcdc_rgba888_mxt_9x60_wvga/production/_ext/1872342336/legato_imagedecoder_raw_read_internal.o
 .text.indexRLERandomDecode
                0x23f1312c       0x80 build/lcdc_rgba888_mxt_9x60_wvga/production/_ext/1872342336/legato_imagedecoder_raw_read_internal.o
 .text.indexRLESequentialDecode
                0x23f131ac       0x74 build/lcdc_rgba888_mxt_9x60_wvga/production/_ext/1872342336/legato_imagedecoder_raw_read_internal.o
 .text.indexDecode
                0x23f13220       0x30 build/lcdc_rgba888_mxt_9x60_wvga/production/_ext/1872342336/legato_imagedecoder_raw_read_internal.o
 .text._leRawImageDecoder_ReadStage_Internal
                0x23f13250      0x100 build/lcdc_rgba888_mxt_9x60_wvga/production/_ext/1872342336/legato_imagedecoder_raw_read_internal.o
                0x23f13250                _leRawImageDecoder_ReadStage_Internal
 .text.stage_FrameBufferWrite
                0x23f13350       0x24 build/lcdc_rgba888_mxt_9x60_wvga/production/_ext/1872342336/legato_imagedecoder_raw_write.o
 .text.stage_ImageWrite
                0x23f13374       0x28 build/lcdc_rgba888_mxt_9x60_wvga/production/_ext/1872342336/legato_imagedecoder_raw_write.o
 .text._leRawImageDecoder_FrameBufferWriteStage
                0x23f1339c       0x30 build/lcdc_rgba888_mxt_9x60_wvga/production/_ext/1872342336/legato_imagedecoder_raw_write.o
                0x23f1339c                _leRawImageDecoder_FrameBufferWriteStage
 .text._leRawImageDecoder_ImageWriteStage
                0x23f133cc       0x30 build/lcdc_rgba888_mxt_9x60_wvga/production/_ext/1872342336/legato_imagedecoder_raw_write.o
                0x23f133cc                _leRawImageDecoder_ImageWriteStage
 .text.stage_BlendRGBA5551
                0x23f133fc       0x1c build/lcdc_rgba888_mxt_9x60_wvga/production/_ext/1872342336/legato_imagedecoder_raw_blend.o
 .text.stage_BlendARGB8888
                0x23f13418       0x70 build/lcdc_rgba888_mxt_9x60_wvga/production/_ext/1872342336/legato_imagedecoder_raw_blend.o
 .text.stage_BlendRGBA8888
                0x23f13488       0x70 build/lcdc_rgba888_mxt_9x60_wvga/production/_ext/1872342336/legato_imagedecoder_raw_blend.o
 .text._leRawImageDecoder_BlendStage_Internal
                0x23f134f8       0xa0 build/lcdc_rgba888_mxt_9x60_wvga/production/_ext/1872342336/legato_imagedecoder_raw_blend.o
                0x23f134f8                _leRawImageDecoder_BlendStage_Internal
 .text.stage_rejectMaskedColor
                0x23f13598       0x24 build/lcdc_rgba888_mxt_9x60_wvga/production/_ext/1872342336/legato_imagedecoder_raw_mask.o
 .text._leRawImageDecoder_MaskStage_Internal
                0x23f135bc       0x2c build/lcdc_rgba888_mxt_9x60_wvga/production/_ext/1872342336/legato_imagedecoder_raw_mask.o
                0x23f135bc                _leRawImageDecoder_MaskStage_Internal
 .text.stage_convertColor
                0x23f135e8       0x2c build/lcdc_rgba888_mxt_9x60_wvga/production/_ext/1872342336/legato_imagedecoder_raw_convert.o
 .text._leRawImageDecoder_ConvertStage
                0x23f13614       0x90 build/lcdc_rgba888_mxt_9x60_wvga/production/_ext/1872342336/legato_imagedecoder_raw_convert.o
                0x23f13614                _leRawImageDecoder_ConvertStage
 .text.stage_rotateNearestNeighborPreRead
                0x23f136a4      0x120 build/lcdc_rgba888_mxt_9x60_wvga/production/_ext/1872342336/legato_imagedecoder_raw_rotate.o
 .text.stage_bilinearPreRead
                0x23f137c4      0x20c build/lcdc_rgba888_mxt_9x60_wvga/production/_ext/1872342336/legato_imagedecoder_raw_rotate.o
 .text.stage_rotateBilinearPostRead
                0x23f139d0       0x60 build/lcdc_rgba888_mxt_9x60_wvga/production/_ext/1872342336/legato_imagedecoder_raw_rotate.o
 .text._leRawImageDecoder_RotateNearestNeighborPreReadStage
                0x23f13a30       0x30 build/lcdc_rgba888_mxt_9x60_wvga/production/_ext/1872342336/legato_imagedecoder_raw_rotate.o
                0x23f13a30                _leRawImageDecoder_RotateNearestNeighborPreReadStage
 .text._leRawImageDecoder_RotateBilinearPreReadStage
                0x23f13a60       0x38 build/lcdc_rgba888_mxt_9x60_wvga/production/_ext/1872342336/legato_imagedecoder_raw_rotate.o
                0x23f13a60                _leRawImageDecoder_RotateBilinearPreReadStage
 .text._leRawImageDecoder_RotateBilinearPostReadStage
                0x23f13a98       0x30 build/lcdc_rgba888_mxt_9x60_wvga/production/_ext/1872342336/legato_imagedecoder_raw_rotate.o
                0x23f13a98                _leRawImageDecoder_RotateBilinearPostReadStage
 .text.stage_imageRenderPostLookup
                0x23f13ac8       0x48 build/lcdc_rgba888_mxt_9x60_wvga/production/_ext/1872342336/legato_imagedecoder_raw_palette_internal.o
 .text.stage_lookup
                0x23f13b10       0x40 build/lcdc_rgba888_mxt_9x60_wvga/production/_ext/1872342336/legato_imagedecoder_raw_palette_internal.o
 .text._leRawImageDecoder_LookupStage_Internal
                0x23f13b50       0x50 build/lcdc_rgba888_mxt_9x60_wvga/production/_ext/1872342336/legato_imagedecoder_raw_palette_internal.o
                0x23f13b50                _leRawImageDecoder_LookupStage_Internal
 .text._leRawImageDecoder_ImageRenderPostLookupStage
                0x23f13ba0       0x38 build/lcdc_rgba888_mxt_9x60_wvga/production/_ext/1872342336/legato_imagedecoder_raw_palette_internal.o
                0x23f13ba0                _leRawImageDecoder_ImageRenderPostLookupStage
 .text.getDiscreteValueAtIndex1
                0x23f13bd8       0x18 build/lcdc_rgba888_mxt_9x60_wvga/production/_ext/1381099687/legato_image_utils.o
 .text.getDiscreteValueAtIndex4
                0x23f13bf0       0x10 build/lcdc_rgba888_mxt_9x60_wvga/production/_ext/1381099687/legato_image_utils.o
 .text.getDiscreteValueAtIndex8
                0x23f13c00        0x8 build/lcdc_rgba888_mxt_9x60_wvga/production/_ext/1381099687/legato_image_utils.o
 .text.calcOffset1bpp
                0x23f13c08        0x8 build/lcdc_rgba888_mxt_9x60_wvga/production/_ext/1381099687/legato_image_utils.o
 .text.calcOffset4bpp
                0x23f13c10        0x8 build/lcdc_rgba888_mxt_9x60_wvga/production/_ext/1381099687/legato_image_utils.o
 .text.calcOffset8bpp
                0x23f13c18        0x4 build/lcdc_rgba888_mxt_9x60_wvga/production/_ext/1381099687/legato_image_utils.o
 .text.calcOffset16bpp
                0x23f13c1c        0x8 build/lcdc_rgba888_mxt_9x60_wvga/production/_ext/1381099687/legato_image_utils.o
 .text.calcOffset24bpp
                0x23f13c24        0x8 build/lcdc_rgba888_mxt_9x60_wvga/production/_ext/1381099687/legato_image_utils.o
 .text.calcOffset32bpp
                0x23f13c2c        0x8 build/lcdc_rgba888_mxt_9x60_wvga/production/_ext/1381099687/legato_image_utils.o
 .text.leGetRLEDataAtIndex
                0x23f13c34       0xd8 build/lcdc_rgba888_mxt_9x60_wvga/production/_ext/1381099687/legato_image_utils.o
                0x23f13c34                leGetRLEDataAtIndex
 .text.leGetDiscreteValueAtIndex
                0x23f13d0c       0x18 build/lcdc_rgba888_mxt_9x60_wvga/production/_ext/1381099687/legato_image_utils.o
                0x23f13d0c                leGetDiscreteValueAtIndex
 .text.leGetOffsetFromIndexAndBPP
                0x23f13d24       0x18 build/lcdc_rgba888_mxt_9x60_wvga/production/_ext/1381099687/legato_image_utils.o
                0x23f13d24                leGetOffsetFromIndexAndBPP
 .text.leImage_InitDecoders
                0x23f13d3c       0x30 build/lcdc_rgba888_mxt_9x60_wvga/production/_ext/1381099687/legato_image.o
                0x23f13d3c                leImage_InitDecoders
 .text.leImage_Create
                0x23f13d6c       0x94 build/lcdc_rgba888_mxt_9x60_wvga/production/_ext/1381099687/legato_image.o
                0x23f13d6c                leImage_Create
 .text.leImage_Allocate
                0x23f13e00       0xb4 build/lcdc_rgba888_mxt_9x60_wvga/production/_ext/1381099687/legato_image.o
                0x23f13e00                leImage_Allocate
 .text.leImage_Draw
                0x23f13eb4       0xd4 build/lcdc_rgba888_mxt_9x60_wvga/production/_ext/1381099687/legato_image.o
                0x23f13eb4                leImage_Draw
 .text.leFixedHeap_Init
                0x23f13f88       0xb0 build/lcdc_rgba888_mxt_9x60_wvga/production/_ext/28088523/legato_fixedheap.o
                0x23f13f88                leFixedHeap_Init
 .text.leFixedHeap_Alloc
                0x23f14038       0x48 build/lcdc_rgba888_mxt_9x60_wvga/production/_ext/28088523/legato_fixedheap.o
                0x23f14038                leFixedHeap_Alloc
 .text.leFixedHeap_Free
                0x23f14080       0x1c build/lcdc_rgba888_mxt_9x60_wvga/production/_ext/28088523/legato_fixedheap.o
                0x23f14080                leFixedHeap_Free
 .text.leFixedHeap_Contains
                0x23f1409c       0x60 build/lcdc_rgba888_mxt_9x60_wvga/production/_ext/28088523/legato_fixedheap.o
                0x23f1409c                leFixedHeap_Contains
 .text._fixedHeapAlloc
                0x23f140fc       0x60 build/lcdc_rgba888_mxt_9x60_wvga/production/_ext/28088523/legato_memory.o
 .text._findFixedHeapForPointer
                0x23f1415c       0x5c build/lcdc_rgba888_mxt_9x60_wvga/production/_ext/28088523/legato_memory.o
 .text.leMemory_Init
                0x23f141b8       0xb0 build/lcdc_rgba888_mxt_9x60_wvga/production/_ext/28088523/legato_memory.o
                0x23f141b8                leMemory_Init
 .text.leMalloc
                0x23f14268       0x28 build/lcdc_rgba888_mxt_9x60_wvga/production/_ext/28088523/legato_memory.o
                0x23f14268                leMalloc
 .text.leFree   0x23f14290       0x6c build/lcdc_rgba888_mxt_9x60_wvga/production/_ext/28088523/legato_memory.o
                0x23f14290                leFree
 .text.leRealloc
                0x23f142fc      0x25c build/lcdc_rgba888_mxt_9x60_wvga/production/_ext/28088523/legato_memory.o
                0x23f142fc                leRealloc
 .text._insertIntoList
                0x23f14558       0x84 build/lcdc_rgba888_mxt_9x60_wvga/production/_ext/28088523/legato_variableheap.o
 .text._removeFromList
                0x23f145dc       0x38 build/lcdc_rgba888_mxt_9x60_wvga/production/_ext/28088523/legato_variableheap.o
 .text._findPreviousBlock
                0x23f14614       0xa0 build/lcdc_rgba888_mxt_9x60_wvga/production/_ext/28088523/legato_variableheap.o
 .text._findNextBlock
                0x23f146b4       0x74 build/lcdc_rgba888_mxt_9x60_wvga/production/_ext/28088523/legato_variableheap.o
 .text._canSplit
                0x23f14728       0x3c build/lcdc_rgba888_mxt_9x60_wvga/production/_ext/28088523/legato_variableheap.o
 .text._combineFreeBlockNext
                0x23f14764       0x7c build/lcdc_rgba888_mxt_9x60_wvga/production/_ext/28088523/legato_variableheap.o
 .text._growAllocBlock
                0x23f147e0      0x104 build/lcdc_rgba888_mxt_9x60_wvga/production/_ext/28088523/legato_variableheap.o
 .text.leVariableHeap_Init
                0x23f148e4       0x58 build/lcdc_rgba888_mxt_9x60_wvga/production/_ext/28088523/legato_variableheap.o
                0x23f148e4                leVariableHeap_Init
 .text.leVariableHeap_Alloc
                0x23f1493c      0x130 build/lcdc_rgba888_mxt_9x60_wvga/production/_ext/28088523/legato_variableheap.o
                0x23f1493c                leVariableHeap_Alloc
 .text.leVariableHeap_Free
                0x23f14a6c       0xd8 build/lcdc_rgba888_mxt_9x60_wvga/production/_ext/28088523/legato_variableheap.o
                0x23f14a6c                leVariableHeap_Free
 .text.leVariableHeap_Realloc
                0x23f14b44      0x2a0 build/lcdc_rgba888_mxt_9x60_wvga/production/_ext/28088523/legato_variableheap.o
                0x23f14b44                leVariableHeap_Realloc
 .text.leVariableHeap_Contains
                0x23f14de4       0x20 build/lcdc_rgba888_mxt_9x60_wvga/production/_ext/28088523/legato_variableheap.o
                0x23f14de4                leVariableHeap_Contains
 .text.leVariableHeap_SizeOf
                0x23f14e04        0x8 build/lcdc_rgba888_mxt_9x60_wvga/production/_ext/28088523/legato_variableheap.o
                0x23f14e04                leVariableHeap_SizeOf
 .text.leVariableHeap_Validate
                0x23f14e0c        0x8 build/lcdc_rgba888_mxt_9x60_wvga/production/_ext/28088523/legato_variableheap.o
                0x23f14e0c                leVariableHeap_Validate
 .text.leRenderer_RectFill
                0x23f14e14       0x6c build/lcdc_rgba888_mxt_9x60_wvga/production/_ext/1081070089/legato_draw_rect.o
                0x23f14e14                leRenderer_RectFill
 .text.leRenderer_HorzLine
                0x23f14e80       0xe4 build/lcdc_rgba888_mxt_9x60_wvga/production/_ext/1081070089/legato_draw_line.o
                0x23f14e80                leRenderer_HorzLine
 .text.leRenderer_VertLine
                0x23f14f64       0xe4 build/lcdc_rgba888_mxt_9x60_wvga/production/_ext/1081070089/legato_draw_line.o
                0x23f14f64                leRenderer_VertLine
 .text.findDirtyWidget
                0x23f15048       0x90 build/lcdc_rgba888_mxt_9x60_wvga/production/_ext/1081070089/legato_renderer.o
 .text._nextRect