Archive member included to satisfy reference by file (symbol)

c:/program files/microchip/xc32/v4.20/bin/bin/../../lib/gcc/pic32c/8.3.1/../../../../pic32c/lib/arm/v5te/nofp\libpic32c.a(data_init_wrapper.o)
                              build/lcdc_rgba888_mxt_9x60_wvga/debug/_ext/2052985144/cstartup.o (__pic32c_data_initialization)
c:/program files/microchip/xc32/v4.20/bin/bin/../../lib/gcc/pic32c/8.3.1/../../../../pic32c/lib/arm/v5te/nofp\libpic32c.a(data_init_0_1.o)
                              c:/program files/microchip/xc32/v4.20/bin/bin/../../lib/gcc/pic32c/8.3.1/../../../../pic32c/lib/arm/v5te/nofp\libpic32c.a(data_init_wrapper.o) (__pic32c_data_initialization_impl)
c:/program files/microchip/xc32/v4.20/bin/bin/../../lib/gcc/pic32c/8.3.1/arm/v5te/nofp\libgcc.a(_udivsi3.o)
                              build/lcdc_rgba888_mxt_9x60_wvga/debug/_ext/1121151461/gfx_canvas.o (__aeabi_uidiv)
c:/program files/microchip/xc32/v4.20/bin/bin/../../lib/gcc/pic32c/8.3.1/arm/v5te/nofp\libgcc.a(_divsi3.o)
                              build/lcdc_rgba888_mxt_9x60_wvga/debug/_ext/305146849/legato_math.o (__aeabi_idiv)
c:/program files/microchip/xc32/v4.20/bin/bin/../../lib/gcc/pic32c/8.3.1/arm/v5te/nofp\libgcc.a(_dvmd_tls.o)
                              c:/program files/microchip/xc32/v4.20/bin/bin/../../lib/gcc/pic32c/8.3.1/arm/v5te/nofp\libgcc.a(_udivsi3.o) (__aeabi_idiv0)
c:/program files/microchip/xc32/v4.20/bin/bin/../../lib/gcc/pic32c/8.3.1/arm/v5te/nofp\libgcc.a(_arm_addsubsf3.o)
                              build/lcdc_rgba888_mxt_9x60_wvga/debug/_ext/305146849/legato_math.o (__aeabi_fsub)
c:/program files/microchip/xc32/v4.20/bin/bin/../../lib/gcc/pic32c/8.3.1/arm/v5te/nofp\libgcc.a(_arm_muldivsf3.o)
                              build/lcdc_rgba888_mxt_9x60_wvga/debug/_ext/1165331637/gfx_driver.o (__aeabi_fmul)
c:/program files/microchip/xc32/v4.20/bin/bin/../../lib/gcc/pic32c/8.3.1/arm/v5te/nofp\libgcc.a(_arm_cmpsf2.o)
                              build/lcdc_rgba888_mxt_9x60_wvga/debug/_ext/305146849/legato_math.o (__aeabi_fcmplt)
c:/program files/microchip/xc32/v4.20/bin/bin/../../lib/gcc/pic32c/8.3.1/arm/v5te/nofp\libgcc.a(_arm_fixsfsi.o)
                              build/lcdc_rgba888_mxt_9x60_wvga/debug/_ext/1165331637/gfx_driver.o (__aeabi_f2iz)
c:/program files/microchip/xc32/v4.20/bin/bin/../../lib/gcc/pic32c/8.3.1/arm/v5te/nofp\libgcc.a(_arm_fixunssfsi.o)
                              build/lcdc_rgba888_mxt_9x60_wvga/debug/_ext/1165331637/gfx_driver.o (__aeabi_f2uiz)
c:/program files/microchip/xc32/v4.20/bin/bin/../../lib/gcc/pic32c/8.3.1/arm/v5te/nofp\libgcc.a(_aeabi_uldivmod.o)
                              build/lcdc_rgba888_mxt_9x60_wvga/debug/_ext/1812361045/sys_time.o (__aeabi_uldivmod)
c:/program files/microchip/xc32/v4.20/bin/bin/../../lib/gcc/pic32c/8.3.1/arm/v5te/nofp\libgcc.a(_udivmoddi4.o)
                              c:/program files/microchip/xc32/v4.20/bin/bin/../../lib/gcc/pic32c/8.3.1/arm/v5te/nofp\libgcc.a(_aeabi_uldivmod.o) (__udivmoddi4)
c:/program files/microchip/xc32/v4.20/bin/bin/../../lib/gcc/pic32c/8.3.1/../../../../pic32c/lib/arm/v5te/nofp\libm-musl.a(atan.o)
                              build/lcdc_rgba888_mxt_9x60_wvga/debug/_ext/305146849/legato_math.o (atan)
c:/program files/microchip/xc32/v4.20/bin/bin/../../lib/gcc/pic32c/8.3.1/../../../../pic32c/lib/arm/v5te/nofp\libm-musl.a(fabs.o)
                              c:/program files/microchip/xc32/v4.20/bin/bin/../../lib/gcc/pic32c/8.3.1/../../../../pic32c/lib/arm/v5te/nofp\libm-musl.a(atan.o) (fabs)
c:/program files/microchip/xc32/v4.20/bin/bin/../../lib/gcc/pic32c/8.3.1/../../../../pic32c/lib/arm/v5te/nofp\libg-musl.a(__libc_start_main.o)
                              build/lcdc_rgba888_mxt_9x60_wvga/debug/_ext/2052985144/cstartup.o (__libc_init_array)
c:/program files/microchip/xc32/v4.20/bin/bin/../../lib/gcc/pic32c/8.3.1/../../../../pic32c/lib/arm/v5te/nofp\libg-musl.a(libc.o)
                              c:/program files/microchip/xc32/v4.20/bin/bin/../../lib/gcc/pic32c/8.3.1/../../../../pic32c/lib/arm/v5te/nofp\libg-musl.a(__libc_start_main.o) (__progname_full)
c:/program files/microchip/xc32/v4.20/bin/bin/../../lib/gcc/pic32c/8.3.1/../../../../pic32c/lib/arm/v5te/nofp\libg-musl.a(__sio_printf_doux.o)
                              (_printf_cdnopuxX)
c:/program files/microchip/xc32/v4.20/bin/bin/../../lib/gcc/pic32c/8.3.1/../../../../pic32c/lib/arm/v5te/nofp\libg-musl.a(__sio_sprintf_doux.o)
                              (_sprintf_cdnopuxX)
c:/program files/microchip/xc32/v4.20/bin/bin/../../lib/gcc/pic32c/8.3.1/../../../../pic32c/lib/arm/v5te/nofp\libg-musl.a(__sio_sscanf_dosux.o)
                              (_sscanf_cdnopsuxX)
c:/program files/microchip/xc32/v4.20/bin/bin/../../lib/gcc/pic32c/8.3.1/../../../../pic32c/lib/arm/v5te/nofp\libg-musl.a(__fmt_d.o)
[...]
Memory Configuration

Name             Origin             Length             Attributes
sram             0x00300000         0x00010000         xw
ram              0x21000000         0x07000000         xwl !r
ram_nocache      0x20000000         0x01000000         !xrw
rom              0x00000000         0x00000000         xrl
*default*        0x00000000         0xffffffff

Linker script and memory map

LOAD c:/program files/microchip/xc32/v4.20/bin/bin/../../lib/gcc/pic32c/8.3.1/arm/v5te/nofp/crti.o
LOAD c:/program files/microchip/xc32/v4.20/bin/bin/../../lib/gcc/pic32c/8.3.1/arm/v5te/nofp/crtbegin.o
LOAD build/lcdc_rgba888_mxt_9x60_wvga/debug/_ext/236556520/bsp.o
LOAD build/lcdc_rgba888_mxt_9x60_wvga/debug/_ext/103208383/drv_i2c.o
LOAD build/lcdc_rgba888_mxt_9x60_wvga/debug/_ext/1959449242/drv_maxtouch.o
LOAD build/lcdc_rgba888_mxt_9x60_wvga/debug/_ext/1121151461/gfx_canvas_api.o
LOAD build/lcdc_rgba888_mxt_9x60_wvga/debug/_ext/1121151461/gfx_canvas.o
LOAD build/lcdc_rgba888_mxt_9x60_wvga/debug/_ext/1165331637/gfx_driver.o
LOAD build/lcdc_rgba888_mxt_9x60_wvga/debug/_ext/129784465/drv_gfx_lcdc.o
LOAD build/lcdc_rgba888_mxt_9x60_wvga/debug/_ext/305146849/legato_math.o
LOAD build/lcdc_rgba888_mxt_9x60_wvga/debug/_ext/305146849/legato_color_blend.o
LOAD build/lcdc_rgba888_mxt_9x60_wvga/debug/_ext/305146849/legato_color_convert.o
LOAD build/lcdc_rgba888_mxt_9x60_wvga/debug/_ext/305146849/legato_rect.o
LOAD build/lcdc_rgba888_mxt_9x60_wvga/debug/_ext/305146849/legato_color_value.o
LOAD build/lcdc_rgba888_mxt_9x60_wvga/debug/_ext/305146849/legato_utils.o
LOAD build/lcdc_rgba888_mxt_9x60_wvga/debug/_ext/305146849/legato_pixelbuffer.o
LOAD build/lcdc_rgba888_mxt_9x60_wvga/debug/_ext/305146849/legato_color_lerp.o
LOAD build/lcdc_rgba888_mxt_9x60_wvga/debug/_ext/305146849/legato_error.o
LOAD build/lcdc_rgba888_mxt_9x60_wvga/debug/_ext/305146849/legato_color.o
LOAD build/lcdc_rgba888_mxt_9x60_wvga/debug/_ext/1618192685/legato_state.o
LOAD build/lcdc_rgba888_mxt_9x60_wvga/debug/_ext/1618192685/legato_stream.o
LOAD build/lcdc_rgba888_mxt_9x60_wvga/debug/_ext/1618192685/legato_scheme.o
LOAD build/lcdc_rgba888_mxt_9x60_wvga/debug/_ext/1618192685/legato_event.o
LOAD build/lcdc_rgba888_mxt_9x60_wvga/debug/_ext/1618192685/legato_input.o
LOAD build/lcdc_rgba888_mxt_9x60_wvga/debug/_ext/109670485/legato_rectarray.o
LOAD build/lcdc_rgba888_mxt_9x60_wvga/debug/_ext/109670485/legato_array.o
LOAD build/lcdc_rgba888_mxt_9x60_wvga/debug/_ext/109670485/legato_list.o
LOAD build/lcdc_rgba888_mxt_9x60_wvga/debug/_ext/1618103421/legato_rasterfont_liberationmono1.o
LOAD build/lcdc_rgba888_mxt_9x60_wvga/debug/_ext/1618103421/legato_rasterfont_stream.o
LOAD build/lcdc_rgba888_mxt_9x60_wvga/debug/_ext/1618103421/legato_font.o
LOAD build/lcdc_rgba888_mxt_9x60_wvga/debug/_ext/1618103421/legato_rasterfont_liberationmono8.o
LOAD build/lcdc_rgba888_mxt_9x60_wvga/debug/_ext/644506877/le_gen_fonts.o
LOAD build/lcdc_rgba888_mxt_9x60_wvga/debug/_ext/1497821479/le_gen_images.o
LOAD build/lcdc_rgba888_mxt_9x60_wvga/debug/_ext/534613472/le_gen_screen_Screen0.o
LOAD build/lcdc_rgba888_mxt_9x60_wvga/debug/_ext/534613472/le_gen_screen_Screen1.o
LOAD build/lcdc_rgba888_mxt_9x60_wvga/debug/_ext/706129189/le_gen_init.o
LOAD build/lcdc_rgba888_mxt_9x60_wvga/debug/_ext/706129189/le_gen_globalpalette.o
LOAD build/lcdc_rgba888_mxt_9x60_wvga/debug/_ext/706129189/le_gen_scheme.o
LOAD build/lcdc_rgba888_mxt_9x60_wvga/debug/_ext/706129189/le_gen_stringtable.o
LOAD build/lcdc_rgba888_mxt_9x60_wvga/debug/_ext/706129189/le_gen_harmony.o
LOAD build/lcdc_rgba888_mxt_9x60_wvga/debug/_ext/2086705360/legato_imagedecoder_jpeg.o
LOAD build/lcdc_rgba888_mxt_9x60_wvga/debug/_ext/2086705360/legato_imagedecoder_jpeg_common.o
LOAD build/lcdc_rgba888_mxt_9x60_wvga/debug/_ext/2086705360/jidctint.o
LOAD build/lcdc_rgba888_mxt_9x60_wvga/debug/_ext/2086794059/legato_imagedecoder_mono_read_stream.o
LOAD build/lcdc_rgba888_mxt_9x60_wvga/debug/_ext/2086794059/legato_imagedecoder_mono_read_internal.o
LOAD build/lcdc_rgba888_mxt_9x60_wvga/debug/_ext/2086794059/legato_imagedecoder_mono.o
LOAD build/lcdc_rgba888_mxt_9x60_wvga/debug/_ext/1872343871/lodepng.o
LOAD build/lcdc_rgba888_mxt_9x60_wvga/debug/_ext/1872343871/legato_imagedecoder_png.o
LOAD build/lcdc_rgba888_mxt_9x60_wvga/debug/_ext/1872342336/legato_imagedecoder_raw_setup.o
LOAD build/lcdc_rgba888_mxt_9x60_wvga/debug/_ext/1872342336/legato_imagedecoder_raw_scale.o
LOAD build/lcdc_rgba888_mxt_9x60_wvga/debug/_ext/1872342336/legato_imagedecoder_raw.o
LOAD build/lcdc_rgba888_mxt_9x60_wvga/debug/_ext/1872342336/legato_imagedecoder_raw_read_internal.o
LOAD build/lcdc_rgba888_mxt_9x60_wvga/debug/_ext/1872342336/legato_imagedecoder_raw_write.o
LOAD build/lcdc_rgba888_mxt_9x60_wvga/debug/_ext/1872342336/legato_imagedecoder_raw_blend.o
LOAD build/lcdc_rgba888_mxt_9x60_wvga/debug/_ext/1872342336/legato_imagedecoder_raw_mask.o
LOAD build/lcdc_rgba888_mxt_9x60_wvga/debug/_ext/1872342336/legato_imagedecoder_raw_convert.o
LOAD build/lcdc_rgba888_mxt_9x60_wvga/debug/_ext/1872342336/legato_imagedecoder_raw_rotate.o
LOAD build/lcdc_rgba888_mxt_9x60_wvga/debug/_ext/1872342336/legato_imagedecoder_raw_read_stream_rleindex.o
LOAD build/lcdc_rgba888_mxt_9x60_wvga/debug/_ext/1872342336/legato_imagedecoder_raw_palette_internal.o
LOAD build/lcdc_rgba888_mxt_9x60_wvga/debug/_ext/1872342336/legato_imagedecoder_raw_read_stream_index.o
LOAD build/lcdc_rgba888_mxt_9x60_wvga/debug/_ext/1872342336/legato_imagedecoder_raw_read_stream_color.o
LOAD build/lcdc_rgba888_mxt_9x60_wvga/debug/_ext/1872342336/legato_imagedecoder_raw_read_stream_rlecolor.o
LOAD build/lcdc_rgba888_mxt_9x60_wvga/debug/_ext/1872342336/legato_imagedecoder_raw_palette_stream.o
LOAD build/lcdc_rgba888_mxt_9x60_wvga/debug/_ext/1381099687/legato_image_utils.o
LOAD build/lcdc_rgba888_mxt_9x60_wvga/debug/_ext/1381099687/legato_image.o
LOAD build/lcdc_rgba888_mxt_9x60_wvga/debug/_ext/1381099687/legato_palette.o
LOAD build/lcdc_rgba888_mxt_9x60_wvga/debug/_ext/28088523/legato_fixedheap.o
LOAD build/lcdc_rgba888_mxt_9x60_wvga/debug/_ext/28088523/legato_memory.o
LOAD build/lcdc_rgba888_mxt_9x60_wvga/debug/_ext/28088523/legato_variableheap.o
LOAD build/lcdc_rgba888_mxt_9x60_wvga/debug/_ext/1081070089/legato_draw_rect.o
LOAD build/lcdc_rgba888_mxt_9x60_wvga/debug/_ext/1081070089/legato_draw_line.o
LOAD build/lcdc_rgba888_mxt_9x60_wvga/debug/_ext/1081070089/legato_renderer.o
LOAD build/lcdc_rgba888_mxt_9x60_wvga/debug/_ext/1081070089/legato_draw.o
LOAD build/lcdc_rgba888_mxt_9x60_wvga/debug/_ext/1081070089/legato_draw_arc.o
LOAD build/lcdc_rgba888_mxt_9x60_wvga/debug/_ext/1081070089/legato_gpu.o
LOAD build/lcdc_rgba888_mxt_9x60_wvga/debug/_ext/157682245/legato_string_renderer.o
LOAD build/lcdc_rgba888_mxt_9x60_wvga/debug/_ext/157682245/legato_stringutils.o
LOAD build/lcdc_rgba888_mxt_9x60_wvga/debug/_ext/157682245/legato_dynamicstring.o
LOAD build/lcdc_rgba888_mxt_9x60_wvga/debug/_ext/157682245/legato_tablestring.o
LOAD build/lcdc_rgba888_mxt_9x60_wvga/debug/_ext/157682245/legato_string.o
LOAD build/lcdc_rgba888_mxt_9x60_wvga/debug/_ext/157682245/legato_string_renderer_stream.o
LOAD build/lcdc_rgba888_mxt_9x60_wvga/debug/_ext/157682245/legato_fixedstring.o
LOAD build/lcdc_rgba888_mxt_9x60_wvga/debug/_ext/157682245/legato_stringtable.o
LOAD build/lcdc_rgba888_mxt_9x60_wvga/debug/_ext/1029185477/legato_widget_arc.o
LOAD build/lcdc_rgba888_mxt_9x60_wvga/debug/_ext/1029185477/legato_widget_arc_skin_classic.o
LOAD build/lcdc_rgba888_mxt_9x60_wvga/debug/_ext/1946336466/legato_widget_bar_graph.o
LOAD build/lcdc_rgba888_mxt_9x60_wvga/debug/_ext/1946336466/legato_widget_bar_graph_skin_classic.o
LOAD build/lcdc_rgba888_mxt_9x60_wvga/debug/_ext/1339002025/legato_widget_button.o
LOAD build/lcdc_rgba888_mxt_9x60_wvga/debug/_ext/1339002025/legato_widget_button_skin_classic.o
LOAD build/lcdc_rgba888_mxt_9x60_wvga/debug/_ext/935657338/legato_widget_checkbox_skin_classic.o
LOAD build/lcdc_rgba888_mxt_9x60_wvga/debug/_ext/935657338/legato_widget_checkbox.o
LOAD build/lcdc_rgba888_mxt_9x60_wvga/debug/_ext/1356472903/legato_widget_circle_skin_classic.o
LOAD build/lcdc_rgba888_mxt_9x60_wvga/debug/_ext/1356472903/legato_widget_circle.o
LOAD build/lcdc_rgba888_mxt_9x60_wvga/debug/_ext/2122148963/legato_widget_circular_gauge.o
LOAD build/lcdc_rgba888_mxt_9x60_wvga/debug/_ext/2122148963/legato_widget_circular_gauge_skin_classic.o
LOAD build/lcdc_rgba888_mxt_9x60_wvga/debug/_ext/1715456695/legato_widget_circular_slider.o
LOAD build/lcdc_rgba888_mxt_9x60_wvga/debug/_ext/1715456695/legato_widget_circular_slider_skin_classic.o
LOAD build/lcdc_rgba888_mxt_9x60_wvga/debug/_ext/1444382766/legato_widget_drawsurface.o
LOAD build/lcdc_rgba888_mxt_9x60_wvga/debug/_ext/1444382766/legato_widget_drawsurface_skin_classic.o
LOAD build/lcdc_rgba888_mxt_9x60_wvga/debug/_ext/511583513/legato_widget_gradient_skin_classic.o
LOAD build/lcdc_rgba888_mxt_9x60_wvga/debug/_ext/511583513/legato_widget_gradient.o
LOAD build/lcdc_rgba888_mxt_9x60_wvga/debug/_ext/94869853/legato_widget_groupbox.o
LOAD build/lcdc_rgba888_mxt_9x60_wvga/debug/_ext/94869853/legato_widget_groupbox_skin_classic.o
LOAD build/lcdc_rgba888_mxt_9x60_wvga/debug/_ext/1197524732/legato_widget_image_skin_classic.o
LOAD build/lcdc_rgba888_mxt_9x60_wvga/debug/_ext/1197524732/legato_widget_image.o
LOAD build/lcdc_rgba888_mxt_9x60_wvga/debug/_ext/1694778207/legato_widget_imagerotate_skin_classic.o
LOAD build/lcdc_rgba888_mxt_9x60_wvga/debug/_ext/1694778207/legato_widget_imagerotate.o
LOAD build/lcdc_rgba888_mxt_9x60_wvga/debug/_ext/609407686/legato_widget_imagescale.o
LOAD build/lcdc_rgba888_mxt_9x60_wvga/debug/_ext/609407686/legato_widget_imagescale_skin_classic.o
LOAD build/lcdc_rgba888_mxt_9x60_wvga/debug/_ext/2015859515/legato_widget_imagesequence_skin_classic.o
LOAD build/lcdc_rgba888_mxt_9x60_wvga/debug/_ext/2015859515/legato_widget_imagesequence.o
LOAD build/lcdc_rgba888_mxt_9x60_wvga/debug/_ext/1582032715/legato_widget_keypad.o
LOAD build/lcdc_rgba888_mxt_9x60_wvga/debug/_ext/1582032715/legato_widget_keypad_skin_classic.o
LOAD build/lcdc_rgba888_mxt_9x60_wvga/debug/_ext/1195110755/legato_widget_label.o
LOAD build/lcdc_rgba888_mxt_9x60_wvga/debug/_ext/1195110755/legato_widget_label_skin_classic.o
LOAD build/lcdc_rgba888_mxt_9x60_wvga/debug/_ext/1839659221/legato_widget_line.o
LOAD build/lcdc_rgba888_mxt_9x60_wvga/debug/_ext/1839659221/legato_widget_line_skin_classic.o
LOAD build/lcdc_rgba888_mxt_9x60_wvga/debug/_ext/1047821571/legato_widget_line_graph.o
LOAD build/lcdc_rgba888_mxt_9x60_wvga/debug/_ext/1047821571/legato_widget_line_graph_skin_classic.o
LOAD build/lcdc_rgba888_mxt_9x60_wvga/debug/_ext/1839659051/legato_widget_list.o
LOAD build/lcdc_rgba888_mxt_9x60_wvga/debug/_ext/1839659051/legato_widget_list_skin_classic.o
LOAD build/lcdc_rgba888_mxt_9x60_wvga/debug/_ext/1634291878/legato_widget_listwheel.o
LOAD build/lcdc_rgba888_mxt_9x60_wvga/debug/_ext/1634291878/legato_widget_listwheel_skin_classic.o
LOAD build/lcdc_rgba888_mxt_9x60_wvga/debug/_ext/1290198647/legato_widget_pie_chart_skin_classic.o
LOAD build/lcdc_rgba888_mxt_9x60_wvga/debug/_ext/1290198647/legato_widget_pie_chart.o
LOAD build/lcdc_rgba888_mxt_9x60_wvga/debug/_ext/231973969/legato_widget_progressbar.o
LOAD build/lcdc_rgba888_mxt_9x60_wvga/debug/_ext/231973969/legato_widget_progressbar_skin_classic.o
LOAD build/lcdc_rgba888_mxt_9x60_wvga/debug/_ext/1643194869/legato_widget_radial_menu_state.o
LOAD build/lcdc_rgba888_mxt_9x60_wvga/debug/_ext/1643194869/legato_widget_radial_menu.o
LOAD build/lcdc_rgba888_mxt_9x60_wvga/debug/_ext/1643194869/legato_widget_radial_menu_skin_classic.o
LOAD build/lcdc_rgba888_mxt_9x60_wvga/debug/_ext/1338867754/legato_radiobutton_group.o
LOAD build/lcdc_rgba888_mxt_9x60_wvga/debug/_ext/1338867754/legato_widget_radiobutton.o
LOAD build/lcdc_rgba888_mxt_9x60_wvga/debug/_ext/1338867754/legato_widget_radiobutton_skin_classic.o
LOAD build/lcdc_rgba888_mxt_9x60_wvga/debug/_ext/337100648/legato_widget_rectangle.o
LOAD build/lcdc_rgba888_mxt_9x60_wvga/debug/_ext/337100648/legato_widget_rectangle_skin_classic.o
LOAD build/lcdc_rgba888_mxt_9x60_wvga/debug/_ext/1040606897/legato_widget_scrollbar.o
LOAD build/lcdc_rgba888_mxt_9x60_wvga/debug/_ext/1040606897/legato_widget_scrollbar_skin_classic.o
LOAD build/lcdc_rgba888_mxt_9x60_wvga/debug/_ext/1817042520/legato_widget_slider.o
LOAD build/lcdc_rgba888_mxt_9x60_wvga/debug/_ext/1817042520/legato_widget_slider_skin_classic.o
LOAD build/lcdc_rgba888_mxt_9x60_wvga/debug/_ext/1805132566/legato_widget_textfield.o
LOAD build/lcdc_rgba888_mxt_9x60_wvga/debug/_ext/1805132566/legato_widget_textfield_skin_classic.o
LOAD build/lcdc_rgba888_mxt_9x60_wvga/debug/_ext/1093664902/legato_widget_touchtest.o
LOAD build/lcdc_rgba888_mxt_9x60_wvga/debug/_ext/1093664902/legato_widget_touchtest_skin_classic.o
LOAD build/lcdc_rgba888_mxt_9x60_wvga/debug/_ext/1928937831/legato_widget_window_skin_classic.o
LOAD build/lcdc_rgba888_mxt_9x60_wvga/debug/_ext/1928937831/legato_widget_window.o
LOAD build/lcdc_rgba888_mxt_9x60_wvga/debug/_ext/261620856/legato_widget_skin_classic.o
LOAD build/lcdc_rgba888_mxt_9x60_wvga/debug/_ext/261620856/legato_widget.o
LOAD build/lcdc_rgba888_mxt_9x60_wvga/debug/_ext/261620856/legato_editwidget.o
LOAD build/lcdc_rgba888_mxt_9x60_wvga/debug/_ext/261620856/legato_widget_skin_classic_common.o
LOAD build/lcdc_rgba888_mxt_9x60_wvga/debug/_ext/4986847/plib_aic.o
LOAD build/lcdc_rgba888_mxt_9x60_wvga/debug/_ext/4988870/plib_clk.o
LOAD build/lcdc_rgba888_mxt_9x60_wvga/debug/_ext/813772974/plib_flexcom6_twi_master.o
LOAD build/lcdc_rgba888_mxt_9x60_wvga/debug/_ext/154914322/plib_lcdc.o
LOAD build/lcdc_rgba888_mxt_9x60_wvga/debug/_ext/4998521/plib_mmu.o
LOAD build/lcdc_rgba888_mxt_9x60_wvga/debug/_ext/5001274/plib_pio.o
LOAD build/lcdc_rgba888_mxt_9x60_wvga/debug/_ext/5003525/plib_rtc.o
LOAD build/lcdc_rgba888_mxt_9x60_wvga/debug/_ext/1247087435/plib_tc0.o
LOAD build/lcdc_rgba888_mxt_9x60_wvga/debug/_ext/286729486/xc32_monitor.o
LOAD build/lcdc_rgba888_mxt_9x60_wvga/debug/_ext/1408246553/sys_cache.o
LOAD build/lcdc_rgba888_mxt_9x60_wvga/debug/_ext/1414187873/sys_input.o
LOAD build/lcdc_rgba888_mxt_9x60_wvga/debug/_ext/1414187873/sys_input_listener.o
LOAD build/lcdc_rgba888_mxt_9x60_wvga/debug/_ext/1826491803/sys_int.o
LOAD build/lcdc_rgba888_mxt_9x60_wvga/debug/_ext/1812361045/sys_time.o
LOAD build/lcdc_rgba888_mxt_9x60_wvga/debug/_ext/2052985144/initialization.o
LOAD build/lcdc_rgba888_mxt_9x60_wvga/debug/_ext/2052985144/cstartup.o
LOAD build/lcdc_rgba888_mxt_9x60_wvga/debug/_ext/2052985144/fault_handlers.o
LOAD build/lcdc_rgba888_mxt_9x60_wvga/debug/_ext/2052985144/interrupts.o
LOAD build/lcdc_rgba888_mxt_9x60_wvga/debug/_ext/2052985144/tasks.o
LOAD build/lcdc_rgba888_mxt_9x60_wvga/debug/_ext/1360937237/app.o
LOAD build/lcdc_rgba888_mxt_9x60_wvga/debug/_ext/1360937237/main.o
LOAD build/lcdc_rgba888_mxt_9x60_wvga/debug/_ext/1360937237/app_screen0.o
LOAD build/lcdc_rgba888_mxt_9x60_wvga/debug/_ext/1360937237/app_screen1.o
                0x00000001                __MPLAB_BUILD = 0x1
                0x00001000                C_STACK_SIZE = 0x1000
                0x00000060                IRQ_STACK_SIZE = 0x60
                0x00000060                FIQ_STACK_SIZE = 0x60
                0x00001000                SVC_STACK_SIZE = 0x1000
                0x00000040                ABT_STACK_SIZE = 0x40
                0x00000040                UND_STACK_SIZE = 0x40

.text           0x23f00000   0x4726c8
                0x23f00000                . = ALIGN (0x4)
                [!provide]                PROVIDE (_sfixed = .)
 *(.textEntry)
 .textEntry     0x23f00000      0x110 build/lcdc_rgba888_mxt_9x60_wvga/debug/_ext/2052985144/cstartup.o
                0x23f00000                entry
 *(.text .text.* .gnu.linkonce.t.*)
 .text          0x23f00110       0x70 c:/program files/microchip/xc32/v4.20/bin/bin/../../lib/gcc/pic32c/8.3.1/arm/v5te/nofp/crtbegin.o
 .text.BSP_Initialize
                0x23f00180       0x20 build/lcdc_rgba888_mxt_9x60_wvga/debug/_ext/236556520/bsp.o
                0x23f00180                BSP_Initialize
 .text._DRV_I2C_DriverHandleValidate
                0x23f001a0       0x6c build/lcdc_rgba888_mxt_9x60_wvga/debug/_ext/103208383/drv_i2c.o
 .text._DRV_I2C_RemoveTransferObjFromList
                0x23f0020c       0x28 build/lcdc_rgba888_mxt_9x60_wvga/debug/_ext/103208383/drv_i2c.o
 .text._DRV_I2C_RemoveClientTransfersFromList
                0x23f00234       0x5c build/lcdc_rgba888_mxt_9x60_wvga/debug/_ext/103208383/drv_i2c.o
 .text._DRV_I2C_ClientCallback
                0x23f00290       0x80 build/lcdc_rgba888_mxt_9x60_wvga/debug/_ext/103208383/drv_i2c.o
 .text._DRV_I2C_NextTransferInitiate
                0x23f00310      0x12c build/lcdc_rgba888_mxt_9x60_wvga/debug/_ext/103208383/drv_i2c.o
 .text._DRV_I2C_ResourceLock
                0x23f0043c       0xdc build/lcdc_rgba888_mxt_9x60_wvga/debug/_ext/103208383/drv_i2c.o
 .text._DRV_I2C_ResourceUnlock
                0x23f00518       0xbc build/lcdc_rgba888_mxt_9x60_wvga/debug/_ext/103208383/drv_i2c.o
 .text._DRV_I2C_WriteReadTransferAdd
                0x23f005d4      0x360 build/lcdc_rgba888_mxt_9x60_wvga/debug/_ext/103208383/drv_i2c.o
 .text._DRV_I2C_PLibCallbackHandler
                0x23f00934       0x84 build/lcdc_rgba888_mxt_9x60_wvga/debug/_ext/103208383/drv_i2c.o
 .text.DRV_I2C_Initialize
                0x23f009b8       0xbc build/lcdc_rgba888_mxt_9x60_wvga/debug/_ext/103208383/drv_i2c.o
                0x23f009b8                DRV_I2C_Initialize
 .text.DRV_I2C_Open
                0x23f00a74      0x1ac build/lcdc_rgba888_mxt_9x60_wvga/debug/_ext/103208383/drv_i2c.o
                0x23f00a74                DRV_I2C_Open
 .text.DRV_I2C_Close
                0x23f00c20       0x98 build/lcdc_rgba888_mxt_9x60_wvga/debug/_ext/103208383/drv_i2c.o
                0x23f00c20                DRV_I2C_Close
 .text.DRV_I2C_TransferEventHandlerSet
                0x23f00cb8       0x50 build/lcdc_rgba888_mxt_9x60_wvga/debug/_ext/103208383/drv_i2c.o
                0x23f00cb8                DRV_I2C_TransferEventHandlerSet
 .text.DRV_I2C_ReadTransferAdd
                0x23f00d08       0x34 build/lcdc_rgba888_mxt_9x60_wvga/debug/_ext/103208383/drv_i2c.o
                0x23f00d08                DRV_I2C_ReadTransferAdd
 .text.DRV_I2C_WriteTransferAdd
                0x23f00d3c       0x30 build/lcdc_rgba888_mxt_9x60_wvga/debug/_ext/103208383/drv_i2c.o
                0x23f00d3c                DRV_I2C_WriteTransferAdd
 .text.DRV_MAXTOUCH_I2CEventHandler
                0x23f00d6c      0x23c build/lcdc_rgba888_mxt_9x60_wvga/debug/_ext/1959449242/drv_maxtouch.o
                0x23f00d6c                DRV_MAXTOUCH_I2CEventHandler
 .text._RegWrite16
                0x23f00fa8       0x60 build/lcdc_rgba888_mxt_9x60_wvga/debug/_ext/1959449242/drv_maxtouch.o
 .text.resetTimer_Callback
                0x23f01008       0x70 build/lcdc_rgba888_mxt_9x60_wvga/debug/_ext/1959449242/drv_maxtouch.o
 .text._MessageObjectRead
                0x23f01078       0x94 build/lcdc_rgba888_mxt_9x60_wvga/debug/_ext/1959449242/drv_maxtouch.o
 .text.mxt_proc_t100_message
                0x23f0110c       0xd4 build/lcdc_rgba888_mxt_9x60_wvga/debug/_ext/1959449242/drv_maxtouch.o
 .text._mxt_DelayMS
                0x23f011e0       0x38 build/lcdc_rgba888_mxt_9x60_wvga/debug/_ext/1959449242/drv_maxtouch.o
 .text.mxt_calculate_crc
                0x23f01218       0xac build/lcdc_rgba888_mxt_9x60_wvga/debug/_ext/1959449242/drv_maxtouch.o
 .text.MXT_INTERRUPT_PIN_VALUE_GET
                0x23f012c4       0x14 build/lcdc_rgba888_mxt_9x60_wvga/debug/_ext/1959449242/drv_maxtouch.o
                0x23f012c4                MXT_INTERRUPT_PIN_VALUE_GET
 .text.DRV_MAXTOUCH_Initialize
                0x23f012d8       0xd4 build/lcdc_rgba888_mxt_9x60_wvga/debug/_ext/1959449242/drv_maxtouch.o
                0x23f012d8                DRV_MAXTOUCH_Initialize
 .text.DRV_MAXTOUCH_Open
                0x23f013ac      0x12c build/lcdc_rgba888_mxt_9x60_wvga/debug/_ext/1959449242/drv_maxtouch.o
                0x23f013ac                DRV_MAXTOUCH_Open
 .text.DRV_MAXTOUCH_Tasks
                0x23f014d8      0xadc build/lcdc_rgba888_mxt_9x60_wvga/debug/_ext/1959449242/drv_maxtouch.o
                0x23f014d8                DRV_MAXTOUCH_Tasks
 .text.gfxcCreate
                0x23f01fb4       0x98 build/lcdc_rgba888_mxt_9x60_wvga/debug/_ext/1121151461/gfx_canvas_api.o
                0x23f01fb4                gfxcCreate
 .text.gfxcSetPixelBuffer
                0x23f0204c       0x78 build/lcdc_rgba888_mxt_9x60_wvga/debug/_ext/1121151461/gfx_canvas_api.o
                0x23f0204c                gfxcSetPixelBuffer
 .text.gfxcSetLayer
                0x23f020c4       0x50 build/lcdc_rgba888_mxt_9x60_wvga/debug/_ext/1121151461/gfx_canvas_api.o
                0x23f020c4                gfxcSetLayer
 .text.gfxcSetWindowPosition
                0x23f02114       0x3c build/lcdc_rgba888_mxt_9x60_wvga/debug/_ext/1121151461/gfx_canvas_api.o
                0x23f02114                gfxcSetWindowPosition
 .text.gfxcSetWindowSize
                0x23f02150       0x3c build/lcdc_rgba888_mxt_9x60_wvga/debug/_ext/1121151461/gfx_canvas_api.o
                0x23f02150                gfxcSetWindowSize
 .text.gfxcShowCanvas
                0x23f0218c       0x2c build/lcdc_rgba888_mxt_9x60_wvga/debug/_ext/1121151461/gfx_canvas_api.o
                0x23f0218c                gfxcShowCanvas
 .text.gfxcCanvasUpdate
                0x23f021b8       0x20 build/lcdc_rgba888_mxt_9x60_wvga/debug/_ext/1121151461/gfx_canvas_api.o
                0x23f021b8                gfxcCanvasUpdate
 .text.effectsTimerCallback
                0x23f021d8       0x18 build/lcdc_rgba888_mxt_9x60_wvga/debug/_ext/1121151461/gfx_canvas.o
 .text.GFXC_Update
                0x23f021f0        0x4 build/lcdc_rgba888_mxt_9x60_wvga/debug/_ext/1121151461/gfx_canvas.o
 .text.GFX_CANVAS_IOCTL
                0x23f021f4      0x2b4 build/lcdc_rgba888_mxt_9x60_wvga/debug/_ext/1121151461/gfx_canvas.o
 .text.GFXC_BlitBuffer
                0x23f024a8       0xf0 build/lcdc_rgba888_mxt_9x60_wvga/debug/_ext/1121151461/gfx_canvas.o
 .text.GFX_CANVAS_Initialize
                0x23f02598      0x130 build/lcdc_rgba888_mxt_9x60_wvga/debug/_ext/1121151461/gfx_canvas.o
                0x23f02598                GFX_CANVAS_Initialize
 .text._gfxcCanvasUpdate
                0x23f026c8      0x2f8 build/lcdc_rgba888_mxt_9x60_wvga/debug/_ext/1121151461/gfx_canvas.o
                0x23f026c8                _gfxcCanvasUpdate
 .text.GFX_CANVAS_Task
                0x23f029c0      0x3d8 build/lcdc_rgba888_mxt_9x60_wvga/debug/_ext/1121151461/gfx_canvas.o
                0x23f029c0                GFX_CANVAS_Task
 .text.gfxPixelBufferCreate
                0x23f02d98       0xd8 build/lcdc_rgba888_mxt_9x60_wvga/debug/_ext/1165331637/gfx_driver.o
                0x23f02d98                gfxPixelBufferCreate
 .text.gfxPixelBufferOffsetGet
                0x23f02e70       0x4c build/lcdc_rgba888_mxt_9x60_wvga/debug/_ext/1165331637/gfx_driver.o
                0x23f02e70                gfxPixelBufferOffsetGet
 .text.gfxPixelBuffer_IsLocked
                0x23f02ebc       0x14 build/lcdc_rgba888_mxt_9x60_wvga/debug/_ext/1165331637/gfx_driver.o
                0x23f02ebc                gfxPixelBuffer_IsLocked
 .text.getLCDCStrideFromColorMode
                0x23f02ed0       0x30 build/lcdc_rgba888_mxt_9x60_wvga/debug/_ext/129784465/drv_gfx_lcdc.o
 .text._IntHandlerLayerReadComplete
                0x23f02f00       0xb4 build/lcdc_rgba888_mxt_9x60_wvga/debug/_ext/129784465/drv_gfx_lcdc.o
                0x23f02f00                _IntHandlerLayerReadComplete
 .text.DRV_LCDC_Update
                0x23f02fb4       0x50 build/lcdc_rgba888_mxt_9x60_wvga/debug/_ext/129784465/drv_gfx_lcdc.o
                0x23f02fb4                DRV_LCDC_Update
 .text.LCDC_BrightnessSet
                0x23f03004       0x24 build/lcdc_rgba888_mxt_9x60_wvga/debug/_ext/129784465/drv_gfx_lcdc.o
                0x23f03004                LCDC_BrightnessSet
 .text.DRV_LCDC_Initialize
                0x23f03028      0x370 build/lcdc_rgba888_mxt_9x60_wvga/debug/_ext/129784465/drv_gfx_lcdc.o
                0x23f03028                DRV_LCDC_Initialize
 .text.DRV_LCDC_BlitBuffer
                0x23f03398       0xf0 build/lcdc_rgba888_mxt_9x60_wvga/debug/_ext/129784465/drv_gfx_lcdc.o
                0x23f03398                DRV_LCDC_BlitBuffer
 .text.DRV_LCDC_IOCTL
                0x23f03488      0x70c build/lcdc_rgba888_mxt_9x60_wvga/debug/_ext/129784465/drv_gfx_lcdc.o
                0x23f03488                DRV_LCDC_IOCTL
 .text.leQueryArcQuadrants
                0x23f03b94      0x124 build/lcdc_rgba888_mxt_9x60_wvga/debug/_ext/305146849/legato_math.o
 .text.leNormalizeAngle
                0x23f03cb8       0x30 build/lcdc_rgba888_mxt_9x60_wvga/debug/_ext/305146849/legato_math.o
                0x23f03cb8                leNormalizeAngle
 .text.leSin    0x23f03ce8       0x80 build/lcdc_rgba888_mxt_9x60_wvga/debug/_ext/305146849/legato_math.o
                0x23f03ce8                leSin
 .text.leCos    0x23f03d68       0x78 build/lcdc_rgba888_mxt_9x60_wvga/debug/_ext/305146849/legato_math.o
                0x23f03d68                leCos
 .text.lePolarToXY
                0x23f03de0       0x60 build/lcdc_rgba888_mxt_9x60_wvga/debug/_ext/305146849/legato_math.o
                0x23f03de0                lePolarToXY
 .text.leMini   0x23f03e40        0xc build/lcdc_rgba888_mxt_9x60_wvga/debug/_ext/305146849/legato_math.o
                0x23f03e40                leMini
 .text.leMaxi   0x23f03e4c        0xc build/lcdc_rgba888_mxt_9x60_wvga/debug/_ext/305146849/legato_math.o
                0x23f03e4c                leMaxi
 .text.leClampi
                0x23f03e58       0x18 build/lcdc_rgba888_mxt_9x60_wvga/debug/_ext/305146849/legato_math.o
                0x23f03e58                leClampi
 .text.lePercent
                0x23f03e70       0x1c build/lcdc_rgba888_mxt_9x60_wvga/debug/_ext/305146849/legato_math.o
                0x23f03e70                lePercent
 .text.lePercentWholeRounded
                0x23f03e8c       0x3c build/lcdc_rgba888_mxt_9x60_wvga/debug/_ext/305146849/legato_math.o
                0x23f03e8c                lePercentWholeRounded
 .text.lePercentOf
                0x23f03ec8       0x58 build/lcdc_rgba888_mxt_9x60_wvga/debug/_ext/305146849/legato_math.o
                0x23f03ec8                lePercentOf
 .text.leScaleInteger
                0x23f03f20       0x44 build/lcdc_rgba888_mxt_9x60_wvga/debug/_ext/305146849/legato_math.o
                0x23f03f20                leScaleInteger
 .text.leLerp   0x23f03f64       0x58 build/lcdc_rgba888_mxt_9x60_wvga/debug/_ext/305146849/legato_math.o
                0x23f03f64                leLerp
 .text.lePointOnLineSide
                0x23f03fbc       0x60 build/lcdc_rgba888_mxt_9x60_wvga/debug/_ext/305146849/legato_math.o
                0x23f03fbc                lePointOnLineSide
 .text.leRotatePoint
                0x23f0401c       0xbc build/lcdc_rgba888_mxt_9x60_wvga/debug/_ext/305146849/legato_math.o
                0x23f0401c                leRotatePoint
 .text.leRotatedRectBounds
                0x23f040d8      0x14c build/lcdc_rgba888_mxt_9x60_wvga/debug/_ext/305146849/legato_math.o
                0x23f040d8                leRotatedRectBounds
 .text.leSqrt   0x23f04224       0x58 build/lcdc_rgba888_mxt_9x60_wvga/debug/_ext/305146849/legato_math.o
                0x23f04224                leSqrt
 .text.lePointOnCircle
                0x23f0427c       0x30 build/lcdc_rgba888_mxt_9x60_wvga/debug/_ext/305146849/legato_math.o
                0x23f0427c                lePointOnCircle
 .text.leResolveAngles
                0x23f042ac      0x2a8 build/lcdc_rgba888_mxt_9x60_wvga/debug/_ext/305146849/legato_math.o
                0x23f042ac                leResolveAngles
 .text.leRound  0x23f04554       0xa0 build/lcdc_rgba888_mxt_9x60_wvga/debug/_ext/305146849/legato_math.o
                0x23f04554                leRound
 .text.leColorBlend_RGBA_8888
                0x23f045f4      0x168 build/lcdc_rgba888_mxt_9x60_wvga/debug/_ext/305146849/legato_color_blend.o
                0x23f045f4                leColorBlend_RGBA_8888
 .text.leColorBlend_ARGB_8888
                0x23f0475c      0x14c build/lcdc_rgba888_mxt_9x60_wvga/debug/_ext/305146849/legato_color_blend.o
                0x23f0475c                leColorBlend_ARGB_8888
 .text.no_conv  0x23f048a8        0x4 build/lcdc_rgba888_mxt_9x60_wvga/debug/_ext/305146849/legato_color_convert.o
 .text.gs8_rgb332
                0x23f048ac       0x10 build/lcdc_rgba888_mxt_9x60_wvga/debug/_ext/305146849/legato_color_convert.o
 .text.gs8_rgb565
                0x23f048bc       0x20 build/lcdc_rgba888_mxt_9x60_wvga/debug/_ext/305146849/legato_color_convert.o
 .text.gs8_rgba5551
                0x23f048dc       0x28 build/lcdc_rgba888_mxt_9x60_wvga/debug/_ext/305146849/legato_color_convert.o
 .text.gs8_rgb888
                0x23f04904       0x10 build/lcdc_rgba888_mxt_9x60_wvga/debug/_ext/305146849/legato_color_convert.o
 .text.gs8_rgba8888
                0x23f04914       0x14 build/lcdc_rgba888_mxt_9x60_wvga/debug/_ext/305146849/legato_color_convert.o
 .text.gs8_argb8888
                0x23f04928       0x14 build/lcdc_rgba888_mxt_9x60_wvga/debug/_ext/305146849/legato_color_convert.o
 .text.gs8_mono
                0x23f0493c       0x10 build/lcdc_rgba888_mxt_9x60_wvga/debug/_ext/305146849/legato_color_convert.o
 .text.rgb332_rgb565
                0x23f0494c       0x2c build/lcdc_rgba888_mxt_9x60_wvga/debug/_ext/305146849/legato_color_convert.o
 .text.rgb332_rgba5551
                0x23f04978       0x2c build/lcdc_rgba888_mxt_9x60_wvga/debug/_ext/305146849/legato_color_convert.o
 .text.rgb332_rgb888
                0x23f049a4       0x30 build/lcdc_rgba888_mxt_9x60_wvga/debug/_ext/305146849/legato_color_convert.o
 .text.rgb332_rgba8888
                0x23f049d4       0x2c build/lcdc_rgba888_mxt_9x60_wvga/debug/_ext/305146849/legato_color_convert.o
 .text.rgb332_argb8888
                0x23f04a00       0x30 build/lcdc_rgba888_mxt_9x60_wvga/debug/_ext/305146849/legato_color_convert.o
 .text.rgb565_rgb332
                0x23f04a30       0x20 build/lcdc_rgba888_mxt_9x60_wvga/debug/_ext/305146849/legato_color_convert.o
 .text.rgb565_rgba5551
                0x23f04a50       0x20 build/lcdc_rgba888_mxt_9x60_wvga/debug/_ext/305146849/legato_color_convert.o
 .text.rgb565_rgb888
                0x23f04a70       0x24 build/lcdc_rgba888_mxt_9x60_wvga/debug/_ext/305146849/legato_color_convert.o
 .text.rgb565_rgba8888
                0x23f04a94       0x24 build/lcdc_rgba888_mxt_9x60_wvga/debug/_ext/305146849/legato_color_convert.o
 .text.rgb565_argb8888
                0x23f04ab8       0x28 build/lcdc_rgba888_mxt_9x60_wvga/debug/_ext/305146849/legato_color_convert.o
 .text.rgba5551_gs8
                0x23f04ae0        0x4 build/lcdc_rgba888_mxt_9x60_wvga/debug/_ext/305146849/legato_color_convert.o
 .text.rgba5551_rgb332
                0x23f04ae4       0x20 build/lcdc_rgba888_mxt_9x60_wvga/debug/_ext/305146849/legato_color_convert.o
 .text.rgba5551_rgb565
                0x23f04b04       0x1c build/lcdc_rgba888_mxt_9x60_wvga/debug/_ext/305146849/legato_color_convert.o
 .text.rgba5551_rgb888
                0x23f04b20       0x30 build/lcdc_rgba888_mxt_9x60_wvga/debug/_ext/305146849/legato_color_convert.o
 .text.rgba5551_rgba8888
                0x23f04b50       0x40 build/lcdc_rgba888_mxt_9x60_wvga/debug/_ext/305146849/legato_color_convert.o
 .text.rgba5551_argb8888
                0x23f04b90       0x40 build/lcdc_rgba888_mxt_9x60_wvga/debug/_ext/305146849/legato_color_convert.o
 .text.rgb888_gs8
                0x23f04bd0        0x4 build/lcdc_rgba888_mxt_9x60_wvga/debug/_ext/305146849/legato_color_convert.o
 .text.rgb888_rgb332
                0x23f04bd4       0x24 build/lcdc_rgba888_mxt_9x60_wvga/debug/_ext/305146849/legato_color_convert.o
 .text.rgb888_rgb565
                0x23f04bf8       0x20 build/lcdc_rgba888_mxt_9x60_wvga/debug/_ext/305146849/legato_color_convert.o
 .text.rgb888_rgba5551
                0x23f04c18       0x28 build/lcdc_rgba888_mxt_9x60_wvga/debug/_ext/305146849/legato_color_convert.o
 .text.rgb888_rgba8888
                0x23f04c40        0xc build/lcdc_rgba888_mxt_9x60_wvga/debug/_ext/305146849/legato_color_convert.o
 .text.rgb888_argb8888
                0x23f04c4c        0x8 build/lcdc_rgba888_mxt_9x60_wvga/debug/_ext/305146849/legato_color_convert.o
 .text.rgba8888_gs8
                0x23f04c54        0x4 build/lcdc_rgba888_mxt_9x60_wvga/debug/_ext/305146849/legato_color_convert.o
 .text.rgba8888_rgb332
                0x23f04c58       0x20 build/lcdc_rgba888_mxt_9x60_wvga/debug/_ext/305146849/legato_color_convert.o
 .text.rgba8888_rgb565
                0x23f04c78       0x20 build/lcdc_rgba888_mxt_9x60_wvga/debug/_ext/305146849/legato_color_convert.o
 .text.rgba8888_rgba5551
                0x23f04c98       0x34 build/lcdc_rgba888_mxt_9x60_wvga/debug/_ext/305146849/legato_color_convert.o
 .text.rgba8888_rgb888
                0x23f04ccc        0x8 build/lcdc_rgba888_mxt_9x60_wvga/debug/_ext/305146849/legato_color_convert.o
 .text.rgba8888_argb8888
                0x23f04cd4        0x8 build/lcdc_rgba888_mxt_9x60_wvga/debug/_ext/305146849/legato_color_convert.o
 .text.argb8888_rgba5551
                0x23f04cdc       0x34 build/lcdc_rgba888_mxt_9x60_wvga/debug/_ext/305146849/legato_color_convert.o
 .text.argb8888_rgb888
                0x23f04d10        0x8 build/lcdc_rgba888_mxt_9x60_wvga/debug/_ext/305146849/legato_color_convert.o
 .text.argb8888_rgba8888
                0x23f04d18        0x8 build/lcdc_rgba888_mxt_9x60_wvga/debug/_ext/305146849/legato_color_convert.o
 .text.rgb565_gs8
                0x23f04d20       0x54 build/lcdc_rgba888_mxt_9x60_wvga/debug/_ext/305146849/legato_color_convert.o
 .text.rgb332_gs8
                0x23f04d74       0x54 build/lcdc_rgba888_mxt_9x60_wvga/debug/_ext/305146849/legato_color_convert.o
 .text.leColorConvert
                0x23f04dc8       0x28 build/lcdc_rgba888_mxt_9x60_wvga/debug/_ext/305146849/legato_color_convert.o
                0x23f04dc8                leColorConvert
 .text.leRectContainsPoint
                0x23f04df0       0x60 build/lcdc_rgba888_mxt_9x60_wvga/debug/_ext/305146849/legato_rect.o
                0x23f04df0                leRectContainsPoint
 .text.leRectContainsRect
                0x23f04e50       0x70 build/lcdc_rgba888_mxt_9x60_wvga/debug/_ext/305146849/legato_rect.o
                0x23f04e50                leRectContainsRect
 .text.leRectIntersects
                0x23f04ec0       0x70 build/lcdc_rgba888_mxt_9x60_wvga/debug/_ext/305146849/legato_rect.o
                0x23f04ec0                leRectIntersects
 .text.leRectCombine
                0x23f04f30       0x88 build/lcdc_rgba888_mxt_9x60_wvga/debug/_ext/305146849/legato_rect.o
                0x23f04f30                leRectCombine
 .text.leRectClipAdj
                0x23f04fb8      0x180 build/lcdc_rgba888_mxt_9x60_wvga/debug/_ext/305146849/legato_rect.o
                0x23f04fb8                leRectClipAdj
 .text.leRectClip
                0x23f05138       0xa0 build/lcdc_rgba888_mxt_9x60_wvga/debug/_ext/305146849/legato_rect.o
                0x23f05138                leRectClip
 .text.leRectCompare
                0x23f051d8       0x60 build/lcdc_rgba888_mxt_9x60_wvga/debug/_ext/305146849/legato_rect.o
                0x23f051d8                leRectCompare
 .text.leRectsAreSimilar
                0x23f05238       0xcc build/lcdc_rgba888_mxt_9x60_wvga/debug/_ext/305146849/legato_rect.o
                0x23f05238                leRectsAreSimilar
 .text.leUtils_PickFromWidget
                0x23f05304       0xe4 build/lcdc_rgba888_mxt_9x60_wvga/debug/_ext/305146849/legato_utils.o
                0x23f05304                leUtils_PickFromWidget
 .text.leUtils_ClipRectToParent
                0x23f053e8       0x84 build/lcdc_rgba888_mxt_9x60_wvga/debug/_ext/305146849/legato_utils.o
                0x23f053e8                leUtils_ClipRectToParent
 .text.leUtils_RectToScreenSpace
                0x23f0546c       0x44 build/lcdc_rgba888_mxt_9x60_wvga/debug/_ext/305146849/legato_utils.o
                0x23f0546c                leUtils_RectToScreenSpace
 .text.leUtils_ClipRectToAncestors
                0x23f054b0       0x94 build/lcdc_rgba888_mxt_9x60_wvga/debug/_ext/305146849/legato_utils.o
                0x23f054b0                leUtils_ClipRectToAncestors
 .text.leUtils_ArrangeRectangle
                0x23f05544      0x280 build/lcdc_rgba888_mxt_9x60_wvga/debug/_ext/305146849/legato_utils.o
                0x23f05544                leUtils_ArrangeRectangle
 .text.leUtils_ArrangeRectangleRelative
                0x23f057c4      0x2b0 build/lcdc_rgba888_mxt_9x60_wvga/debug/_ext/305146849/legato_utils.o
                0x23f057c4                leUtils_ArrangeRectangleRelative
 .text.leUtils_GetSchemeLookupTable
                0x23f05a74       0x64 build/lcdc_rgba888_mxt_9x60_wvga/debug/_ext/305146849/legato_utils.o
                0x23f05a74                leUtils_GetSchemeLookupTable
 .text.indexGet1bpp
                0x23f05ad8       0x20 build/lcdc_rgba888_mxt_9x60_wvga/debug/_ext/305146849/legato_pixelbuffer.o
 .text.indexGet4bpp
                0x23f05af8       0x18 build/lcdc_rgba888_mxt_9x60_wvga/debug/_ext/305146849/legato_pixelbuffer.o
 .text.indexGet
                0x23f05b10       0x64 build/lcdc_rgba888_mxt_9x60_wvga/debug/_ext/305146849/legato_pixelbuffer.o
 .text.get1byte
                0x23f05b74        0x8 build/lcdc_rgba888_mxt_9x60_wvga/debug/_ext/305146849/legato_pixelbuffer.o
 .text.get2byte
                0x23f05b7c        0x8 build/lcdc_rgba888_mxt_9x60_wvga/debug/_ext/305146849/legato_pixelbuffer.o
 .text.get3byte
                0x23f05b84       0x1c build/lcdc_rgba888_mxt_9x60_wvga/debug/_ext/305146849/legato_pixelbuffer.o
 .text.get4byte
                0x23f05ba0        0x8 build/lcdc_rgba888_mxt_9x60_wvga/debug/_ext/305146849/legato_pixelbuffer.o
 .text.set1byte
                0x23f05ba8        0xc build/lcdc_rgba888_mxt_9x60_wvga/debug/_ext/305146849/legato_pixelbuffer.o
 .text.set2byte
                0x23f05bb4        0xc build/lcdc_rgba888_mxt_9x60_wvga/debug/_ext/305146849/legato_pixelbuffer.o
 .text.set3byte
                0x23f05bc0       0x1c build/lcdc_rgba888_mxt_9x60_wvga/debug/_ext/305146849/legato_pixelbuffer.o
 .text.set4byte
                0x23f05bdc        0xc build/lcdc_rgba888_mxt_9x60_wvga/debug/_ext/305146849/legato_pixelbuffer.o
 .text.lePixelBufferCreate
                0x23f05be8       0xd0 build/lcdc_rgba888_mxt_9x60_wvga/debug/_ext/305146849/legato_pixelbuffer.o
                0x23f05be8                lePixelBufferCreate
 .text.lePixelBufferOffsetGet
                0x23f05cb8       0x5c build/lcdc_rgba888_mxt_9x60_wvga/debug/_ext/305146849/legato_pixelbuffer.o
                0x23f05cb8                lePixelBufferOffsetGet
 .text.lePixelBufferOffsetGet_Unsafe
                0x23f05d14       0x44 build/lcdc_rgba888_mxt_9x60_wvga/debug/_ext/305146849/legato_pixelbuffer.o
                0x23f05d14                lePixelBufferOffsetGet_Unsafe
 .text.lePixelBufferGet_Unsafe
                0x23f05d58       0x64 build/lcdc_rgba888_mxt_9x60_wvga/debug/_ext/305146849/legato_pixelbuffer.o
                0x23f05d58                lePixelBufferGet_Unsafe
 .text.lePixelBufferGet
                0x23f05dbc       0x34 build/lcdc_rgba888_mxt_9x60_wvga/debug/_ext/305146849/legato_pixelbuffer.o
                0x23f05dbc                lePixelBufferGet
 .text.lePixelBufferClipRect
                0x23f05df0       0x84 build/lcdc_rgba888_mxt_9x60_wvga/debug/_ext/305146849/legato_pixelbuffer.o
                0x23f05df0                lePixelBufferClipRect
 .text.lePixelBufferGetIndex_Unsafe
                0x23f05e74       0x2c build/lcdc_rgba888_mxt_9x60_wvga/debug/_ext/305146849/legato_pixelbuffer.o
                0x23f05e74                lePixelBufferGetIndex_Unsafe
 .text.lePixelBufferSet_Unsafe
                0x23f05ea0       0x7c build/lcdc_rgba888_mxt_9x60_wvga/debug/_ext/305146849/legato_pixelbuffer.o
                0x23f05ea0                lePixelBufferSet_Unsafe
 .text.lePixelBufferSet
                0x23f05f1c       0x28 build/lcdc_rgba888_mxt_9x60_wvga/debug/_ext/305146849/legato_pixelbuffer.o
                0x23f05f1c                lePixelBufferSet
 .text.lePixelBufferAreaFill_Unsafe
                0x23f05f44      0x110 build/lcdc_rgba888_mxt_9x60_wvga/debug/_ext/305146849/legato_pixelbuffer.o
                0x23f05f44                lePixelBufferAreaFill_Unsafe
 .text.lePixelBufferAreaFill
                0x23f06054       0x70 build/lcdc_rgba888_mxt_9x60_wvga/debug/_ext/305146849/legato_pixelbuffer.o
                0x23f06054                lePixelBufferAreaFill
 .text.lePixelBufferCopy
                0x23f060c4       0xd8 build/lcdc_rgba888_mxt_9x60_wvga/debug/_ext/305146849/legato_pixelbuffer.o
                0x23f060c4                lePixelBufferCopy
 .text.lerp_argb8888
                0x23f0619c       0x78 build/lcdc_rgba888_mxt_9x60_wvga/debug/_ext/305146849/legato_color_lerp.o
 .text.lerp_rgba8888
                0x23f06214       0x78 build/lcdc_rgba888_mxt_9x60_wvga/debug/_ext/305146849/legato_color_lerp.o
 .text.lerp_rgb888
                0x23f0628c       0x60 build/lcdc_rgba888_mxt_9x60_wvga/debug/_ext/305146849/legato_color_lerp.o
 .text.lerp_rgba5551
                0x23f062ec       0x74 build/lcdc_rgba888_mxt_9x60_wvga/debug/_ext/305146849/legato_color_lerp.o
 .text.lerp_rgb565
                0x23f06360       0x60 build/lcdc_rgba888_mxt_9x60_wvga/debug/_ext/305146849/legato_color_lerp.o
 .text.lerp_rgb332
                0x23f063c0       0x60 build/lcdc_rgba888_mxt_9x60_wvga/debug/_ext/305146849/legato_color_lerp.o
 .text.lerp_gs8
                0x23f06420        0xc build/lcdc_rgba888_mxt_9x60_wvga/debug/_ext/305146849/legato_color_lerp.o
 .text.leColorLerp
                0x23f0642c       0x40 build/lcdc_rgba888_mxt_9x60_wvga/debug/_ext/305146849/legato_color_lerp.o
                0x23f0642c                leColorLerp
 .text.leColorBilerp
                0x23f0646c       0x5c build/lcdc_rgba888_mxt_9x60_wvga/debug/_ext/305146849/legato_color_lerp.o
                0x23f0646c                leColorBilerp
 .text.leColorChannelAlpha
                0x23f064c8       0x30 build/lcdc_rgba888_mxt_9x60_wvga/debug/_ext/305146849/legato_color.o
                0x23f064c8                leColorChannelAlpha
 .text.leColorSwap
                0x23f064f8       0xa8 build/lcdc_rgba888_mxt_9x60_wvga/debug/_ext/305146849/legato_color.o
                0x23f064f8                leColorSwap
 .text.updateWidget
                0x23f065a0       0x4c build/lcdc_rgba888_mxt_9x60_wvga/debug/_ext/1618192685/legato_state.o
 .text.leGetState
                0x23f065ec        0xc build/lcdc_rgba888_mxt_9x60_wvga/debug/_ext/1618192685/legato_state.o
                0x23f065ec                leGetState
 .text.leAddLayer
                0x23f065f8       0xb8 build/lcdc_rgba888_mxt_9x60_wvga/debug/_ext/1618192685/legato_state.o
                0x23f065f8                leAddLayer
 .text.leInitialize
                0x23f066b0       0xa4 build/lcdc_rgba888_mxt_9x60_wvga/debug/_ext/1618192685/legato_state.o
                0x23f066b0                leInitialize
 .text.leGetLayerState
                0x23f06754       0x50 build/lcdc_rgba888_mxt_9x60_wvga/debug/_ext/1618192685/legato_state.o
                0x23f06754                leGetLayerState
 .text.leGetLayerColorMode
                0x23f067a4       0x54 build/lcdc_rgba888_mxt_9x60_wvga/debug/_ext/1618192685/legato_state.o
                0x23f067a4                leGetLayerColorMode
 .text.leGetLayerRenderHorizontal
                0x23f067f8       0x54 build/lcdc_rgba888_mxt_9x60_wvga/debug/_ext/1618192685/legato_state.o
                0x23f067f8                leGetLayerRenderHorizontal
 .text.leGetFocusWidget
                0x23f0684c       0x10 build/lcdc_rgba888_mxt_9x60_wvga/debug/_ext/1618192685/legato_state.o
                0x23f0684c                leGetFocusWidget
 .text.leSetFocusWidget
                0x23f0685c       0x84 build/lcdc_rgba888_mxt_9x60_wvga/debug/_ext/1618192685/legato_state.o
                0x23f0685c                leSetFocusWidget
 .text.leGetEditWidget
                0x23f068e0       0x10 build/lcdc_rgba888_mxt_9x60_wvga/debug/_ext/1618192685/legato_state.o
                0x23f068e0                leGetEditWidget
 .text.leSetEditWidget
                0x23f068f0       0x84 build/lcdc_rgba888_mxt_9x60_wvga/debug/_ext/1618192685/legato_state.o
                0x23f068f0                leSetEditWidget
 .text.leRedrawAll
                0x23f06974       0x50 build/lcdc_rgba888_mxt_9x60_wvga/debug/_ext/1618192685/legato_state.o
                0x23f06974                leRedrawAll
 .text.leSetLayerColorMode
                0x23f069c4       0x74 build/lcdc_rgba888_mxt_9x60_wvga/debug/_ext/1618192685/legato_state.o
                0x23f069c4                leSetLayerColorMode
 .text.leSetStringTable
                0x23f06a38       0x18 build/lcdc_rgba888_mxt_9x60_wvga/debug/_ext/1618192685/legato_state.o
                0x23f06a38                leSetStringTable
 .text.leIsDrawing
                0x23f06a50       0x14 build/lcdc_rgba888_mxt_9x60_wvga/debug/_ext/1618192685/legato_state.o
                0x23f06a50                leIsDrawing
 .text.leUpdate
                0x23f06a64      0x114 build/lcdc_rgba888_mxt_9x60_wvga/debug/_ext/1618192685/legato_state.o
                0x23f06a64                leUpdate
 .text.leAddRootWidget
                0x23f06b78       0x68 build/lcdc_rgba888_mxt_9x60_wvga/debug/_ext/1618192685/legato_state.o
                0x23f06b78                leAddRootWidget
 .text.leRemoveRootWidget
                0x23f06be0       0x74 build/lcdc_rgba888_mxt_9x60_wvga/debug/_ext/1618192685/legato_state.o
                0x23f06be0                leRemoveRootWidget
 .text.leGetWidgetLayer
                0x23f06c54       0x8c build/lcdc_rgba888_mxt_9x60_wvga/debug/_ext/1618192685/legato_state.o
                0x23f06c54                leGetWidgetLayer
 .text.leWidgetIsInScene
                0x23f06ce0       0x14 build/lcdc_rgba888_mxt_9x60_wvga/debug/_ext/1618192685/legato_state.o
                0x23f06ce0                leWidgetIsInScene
 .text.leScheme_GetRenderColor
                0x23f06cf4       0x38 build/lcdc_rgba888_mxt_9x60_wvga/debug/_ext/1618192685/legato_scheme.o
                0x23f06cf4                leScheme_GetRenderColor
 .text._leGetEventState
                0x23f06d2c        0xc build/lcdc_rgba888_mxt_9x60_wvga/debug/_ext/1618192685/legato_event.o
                0x23f06d2c                _leGetEventState
 .text.leEvent_Init
                0x23f06d38       0x20 build/lcdc_rgba888_mxt_9x60_wvga/debug/_ext/1618192685/legato_event.o
                0x23f06d38                leEvent_Init
 .text.leEvent_AddEvent
                0x23f06d58       0x28 build/lcdc_rgba888_mxt_9x60_wvga/debug/_ext/1618192685/legato_event.o
                0x23f06d58                leEvent_AddEvent
 .text.leEvent_ProcessEvents
                0x23f06d80       0xb4 build/lcdc_rgba888_mxt_9x60_wvga/debug/_ext/1618192685/legato_event.o
                0x23f06d80                leEvent_ProcessEvents
 .text.leWidgetEvent_Accept
                0x23f06e34       0x14 build/lcdc_rgba888_mxt_9x60_wvga/debug/_ext/1618192685/legato_event.o
                0x23f06e34                leWidgetEvent_Accept
 .text.leInput_Init
                0x23f06e48       0x2c build/lcdc_rgba888_mxt_9x60_wvga/debug/_ext/1618192685/legato_input.o
                0x23f06e48                leInput_Init
 .text.leInput_InjectTouchDown
                0x23f06e74       0xd8 build/lcdc_rgba888_mxt_9x60_wvga/debug/_ext/1618192685/legato_input.o
                0x23f06e74                leInput_InjectTouchDown
 .text.leInput_InjectTouchUp
                0x23f06f4c       0xb4 build/lcdc_rgba888_mxt_9x60_wvga/debug/_ext/1618192685/legato_input.o
                0x23f06f4c                leInput_InjectTouchUp
 .text.leInput_InjectTouchMoved
                0x23f07000      0x12c build/lcdc_rgba888_mxt_9x60_wvga/debug/_ext/1618192685/legato_input.o
                0x23f07000                leInput_InjectTouchMoved
 .text.handleTouchDown
                0x23f0712c      0x118 build/lcdc_rgba888_mxt_9x60_wvga/debug/_ext/1618192685/legato_input.o
                0x23f0712c                handleTouchDown
 .text.handleTouchUp
                0x23f07244       0x70 build/lcdc_rgba888_mxt_9x60_wvga/debug/_ext/1618192685/legato_input.o
                0x23f07244                handleTouchUp
 .text.handleTouchMoved
                0x23f072b4       0x70 build/lcdc_rgba888_mxt_9x60_wvga/debug/_ext/1618192685/legato_input.o
                0x23f072b4                handleTouchMoved
 .text._leInput_HandleInputEvent
                0x23f07324       0x40 build/lcdc_rgba888_mxt_9x60_wvga/debug/_ext/1618192685/legato_input.o
                0x23f07324                _leInput_HandleInputEvent
 .text._shuffleLeft
                0x23f07364       0xac build/lcdc_rgba888_mxt_9x60_wvga/debug/_ext/109670485/legato_rectarray.o
 .text.leRectArray_Create
                0x23f07410       0x1c build/lcdc_rgba888_mxt_9x60_wvga/debug/_ext/109670485/legato_rectarray.o
                0x23f07410                leRectArray_Create
 .text.leRectArray_Resize
                0x23f0742c       0x7c build/lcdc_rgba888_mxt_9x60_wvga/debug/_ext/109670485/legato_rectarray.o
                0x23f0742c                leRectArray_Resize
 .text.leRectArray_PushBack
                0x23f074a8       0x70 build/lcdc_rgba888_mxt_9x60_wvga/debug/_ext/109670485/legato_rectarray.o
                0x23f074a8                leRectArray_PushBack
 .text.leRectArray_RemoveAt
                0x23f07518       0x38 build/lcdc_rgba888_mxt_9x60_wvga/debug/_ext/109670485/legato_rectarray.o
                0x23f07518                leRectArray_RemoveAt
 .text.leRectArray_Copy
                0x23f07550       0x74 build/lcdc_rgba888_mxt_9x60_wvga/debug/_ext/109670485/legato_rectarray.o
                0x23f07550                leRectArray_Copy
 .text.leRectArray_Clear
                0x23f075c4       0x14 build/lcdc_rgba888_mxt_9x60_wvga/debug/_ext/109670485/legato_rectarray.o
                0x23f075c4                leRectArray_Clear
 .text.leRectArray_Destroy
                0x23f075d8       0x3c build/lcdc_rgba888_mxt_9x60_wvga/debug/_ext/109670485/legato_rectarray.o
                0x23f075d8                leRectArray_Destroy
 .text.leRectArray_RemoveDuplicates
                0x23f07614       0x90 build/lcdc_rgba888_mxt_9x60_wvga/debug/_ext/109670485/legato_rectarray.o
                0x23f07614                leRectArray_RemoveDuplicates
 .text.leRectArray_SortBySize
                0x23f076a4       0xdc build/lcdc_rgba888_mxt_9x60_wvga/debug/_ext/109670485/legato_rectarray.o
                0x23f076a4                leRectArray_SortBySize
 .text.leRectArray_SortByX
                0x23f07780       0xfc build/lcdc_rgba888_mxt_9x60_wvga/debug/_ext/109670485/legato_rectarray.o
                0x23f07780                leRectArray_SortByX
 .text.leRectArray_SortByY
                0x23f0787c       0xf4 build/lcdc_rgba888_mxt_9x60_wvga/debug/_ext/109670485/legato_rectarray.o
                0x23f0787c                leRectArray_SortByY
 .text.leRectArray_MergeSimilar
                0x23f07970       0x98 build/lcdc_rgba888_mxt_9x60_wvga/debug/_ext/109670485/legato_rectarray.o
                0x23f07970                leRectArray_MergeSimilar
 .text.leRectArray_RemoveOverlapping
                0x23f07a08       0x84 build/lcdc_rgba888_mxt_9x60_wvga/debug/_ext/109670485/legato_rectarray.o
                0x23f07a08                leRectArray_RemoveOverlapping
 .text.leRectArray_PadRectangleWidth
                0x23f07a8c      0x120 build/lcdc_rgba888_mxt_9x60_wvga/debug/_ext/109670485/legato_rectarray.o
                0x23f07a8c                leRectArray_PadRectangleWidth
 .text.leRectArray_CropToSizeY
                0x23f07bac      0x134 build/lcdc_rgba888_mxt_9x60_wvga/debug/_ext/109670485/legato_rectarray.o
                0x23f07bac                leRectArray_CropToSizeY
 .text.leRectArray_CropToSizeX
                0x23f07ce0      0x134 build/lcdc_rgba888_mxt_9x60_wvga/debug/_ext/109670485/legato_rectarray.o
                0x23f07ce0                leRectArray_CropToSizeX
 .text._shuffleRight
                0x23f07e14       0x78 build/lcdc_rgba888_mxt_9x60_wvga/debug/_ext/109670485/legato_array.o
 .text._shuffleLeft
                0x23f07e8c       0x5c build/lcdc_rgba888_mxt_9x60_wvga/debug/_ext/109670485/legato_array.o
 .text.leArray_Create
                0x23f07ee8       0x1c build/lcdc_rgba888_mxt_9x60_wvga/debug/_ext/109670485/legato_array.o
                0x23f07ee8                leArray_Create
 .text.leArray_Resize
                0x23f07f04       0x70 build/lcdc_rgba888_mxt_9x60_wvga/debug/_ext/109670485/legato_array.o
                0x23f07f04                leArray_Resize
 .text.leArray_PushBack
                0x23f07f74       0x60 build/lcdc_rgba888_mxt_9x60_wvga/debug/_ext/109670485/legato_array.o
                0x23f07f74                leArray_PushBack
 .text.leArray_InsertAt
                0x23f07fd4       0x9c build/lcdc_rgba888_mxt_9x60_wvga/debug/_ext/109670485/legato_array.o
                0x23f07fd4                leArray_InsertAt
 .text.leArray_RemoveAt
                0x23f08070       0x38 build/lcdc_rgba888_mxt_9x60_wvga/debug/_ext/109670485/legato_array.o
                0x23f08070                leArray_RemoveAt
 .text.leArray_Get
                0x23f080a8       0x18 build/lcdc_rgba888_mxt_9x60_wvga/debug/_ext/109670485/legato_array.o
                0x23f080a8                leArray_Get
 .text.leArray_Find
                0x23f080c0       0x68 build/lcdc_rgba888_mxt_9x60_wvga/debug/_ext/109670485/legato_array.o
                0x23f080c0                leArray_Find
 .text.leArray_Remove
                0x23f08128       0x58 build/lcdc_rgba888_mxt_9x60_wvga/debug/_ext/109670485/legato_array.o
                0x23f08128                leArray_Remove
 .text.leArray_Clear
                0x23f08180       0x38 build/lcdc_rgba888_mxt_9x60_wvga/debug/_ext/109670485/legato_array.o
                0x23f08180                leArray_Clear
 .text.leList_Create
                0x23f081b8       0x1c build/lcdc_rgba888_mxt_9x60_wvga/debug/_ext/109670485/legato_list.o
                0x23f081b8                leList_Create
 .text.leList_PushBack
                0x23f081d4       0x68 build/lcdc_rgba888_mxt_9x60_wvga/debug/_ext/109670485/legato_list.o
                0x23f081d4                leList_PushBack
 .text.leList_Get
                0x23f0823c       0x44 build/lcdc_rgba888_mxt_9x60_wvga/debug/_ext/109670485/legato_list.o
                0x23f0823c                leList_Get
 .text.leList_Remove
                0x23f08280       0xbc build/lcdc_rgba888_mxt_9x60_wvga/debug/_ext/109670485/legato_list.o
                0x23f08280                leList_Remove
 .text.leList_Destroy
                0x23f0833c       0x4c build/lcdc_rgba888_mxt_9x60_wvga/debug/_ext/109670485/legato_list.o
                0x23f0833c                leList_Destroy
 .text.drawGlyphRow8bpp
                0x23f08388       0xf8 build/lcdc_rgba888_mxt_9x60_wvga/debug/_ext/1618103421/legato_font.o
 .text.drawGlyphRow1bpp
                0x23f08480       0xd0 build/lcdc_rgba888_mxt_9x60_wvga/debug/_ext/1618103421/legato_font.o
 .text.drawGlyphRow8bppMono
                0x23f08550       0x5c build/lcdc_rgba888_mxt_9x60_wvga/debug/_ext/1618103421/legato_font.o
 .text.drawGlyphRow1bppMono
                0x23f085ac       0x64 build/lcdc_rgba888_mxt_9x60_wvga/debug/_ext/1618103421/legato_font.o
 .text._drawUnknownGlyph
                0x23f08610       0xf4 build/lcdc_rgba888_mxt_9x60_wvga/debug/_ext/1618103421/legato_font.o
 .text.leFont_GetGlyphInfo
                0x23f08704       0xe0 build/lcdc_rgba888_mxt_9x60_wvga/debug/_ext/1618103421/legato_font.o
                0x23f08704                leFont_GetGlyphInfo
 .text.leFont_DrawGlyphData
                0x23f087e4      0x12c build/lcdc_rgba888_mxt_9x60_wvga/debug/_ext/1618103421/legato_font.o
                0x23f087e4                leFont_DrawGlyphData
 .text.leFont_DrawGlyphData_Lookup
                0x23f08910      0x300 build/lcdc_rgba888_mxt_9x60_wvga/debug/_ext/1618103421/legato_font.o
                0x23f08910                leFont_DrawGlyphData_Lookup
 .text.leFont_DrawGlyph
                0x23f08c10       0xa4 build/lcdc_rgba888_mxt_9x60_wvga/debug/_ext/1618103421/legato_font.o
                0x23f08c10                leFont_DrawGlyph
 .text.leFont_DrawGlyph_Lookup
                0x23f08cb4       0xb4 build/lcdc_rgba888_mxt_9x60_wvga/debug/_ext/1618103421/legato_font.o
                0x23f08cb4                leFont_DrawGlyph_Lookup
 .text.screenInit_Screen0
                0x23f08d68       0x28 build/lcdc_rgba888_mxt_9x60_wvga/debug/_ext/534613472/le_gen_screen_Screen0.o
                0x23f08d68                screenInit_Screen0
 .text.screenShow_Screen0
                0x23f08d90      0x52c build/lcdc_rgba888_mxt_9x60_wvga/debug/_ext/534613472/le_gen_screen_Screen0.o
                0x23f08d90                screenShow_Screen0
 .text.screenUpdate_Screen0
                0x23f092bc       0x68 build/lcdc_rgba888_mxt_9x60_wvga/debug/_ext/534613472/le_gen_screen_Screen0.o
                0x23f092bc                screenUpdate_Screen0
 .text.screenHide_Screen0
                0x23f09324       0xc4 build/lcdc_rgba888_mxt_9x60_wvga/debug/_ext/534613472/le_gen_screen_Screen0.o
                0x23f09324                screenHide_Screen0
 .text.screenInit_Screen1
                0x23f093e8       0x28 build/lcdc_rgba888_mxt_9x60_wvga/debug/_ext/534613472/le_gen_screen_Screen1.o
                0x23f093e8                screenInit_Screen1
 .text.screenShow_Screen1
                0x23f09410     0x118c build/lcdc_rgba888_mxt_9x60_wvga/debug/_ext/534613472/le_gen_screen_Screen1.o
                0x23f09410                screenShow_Screen1
 .text.screenUpdate_Screen1
                0x23f0a59c       0x68 build/lcdc_rgba888_mxt_9x60_wvga/debug/_ext/534613472/le_gen_screen_Screen1.o
                0x23f0a59c                screenUpdate_Screen1
 .text.screenHide_Screen1
                0x23f0a604      0x1b4 build/lcdc_rgba888_mxt_9x60_wvga/debug/_ext/534613472/le_gen_screen_Screen1.o
                0x23f0a604                screenHide_Screen1
 .text.legato_getCurrentScreen
                0x23f0a7b8       0x10 build/lcdc_rgba888_mxt_9x60_wvga/debug/_ext/706129189/le_gen_init.o
                0x23f0a7b8                legato_getCurrentScreen
 .text.legato_showScreen
                0x23f0a7c8       0x1c build/lcdc_rgba888_mxt_9x60_wvga/debug/_ext/706129189/le_gen_init.o
                0x23f0a7c8                legato_showScreen
 .text.legato_initializeScreenState
                0x23f0a7e4       0x44 build/lcdc_rgba888_mxt_9x60_wvga/debug/_ext/706129189/le_gen_init.o
                0x23f0a7e4                legato_initializeScreenState
 .text.legato_updateScreenState
                0x23f0a828       0xc8 build/lcdc_rgba888_mxt_9x60_wvga/debug/_ext/706129189/le_gen_init.o
                0x23f0a828                legato_updateScreenState
 .text.initializeStrings
                0x23f0a8f0      0x138 build/lcdc_rgba888_mxt_9x60_wvga/debug/_ext/706129189/le_gen_stringtable.o
                0x23f0a8f0                initializeStrings
 .text.touchMoveHandler
                0x23f0aa28       0x18 build/lcdc_rgba888_mxt_9x60_wvga/debug/_ext/706129189/le_gen_harmony.o
 .text.touchUpHandler
                0x23f0aa40       0x18 build/lcdc_rgba888_mxt_9x60_wvga/debug/_ext/706129189/le_gen_harmony.o
 .text.touchDownHandler
                0x23f0aa58       0x18 build/lcdc_rgba888_mxt_9x60_wvga/debug/_ext/706129189/le_gen_harmony.o
 .text.Legato_Initialize
                0x23f0aa70       0x98 build/lcdc_rgba888_mxt_9x60_wvga/debug/_ext/706129189/le_gen_harmony.o
                0x23f0aa70                Legato_Initialize
 .text.Legato_Tasks
                0x23f0ab08       0x4c build/lcdc_rgba888_mxt_9x60_wvga/debug/_ext/706129189/le_gen_harmony.o
                0x23f0ab08                Legato_Tasks
 .text._supportsImage
                0x23f0ab54       0x28 build/lcdc_rgba888_mxt_9x60_wvga/debug/_ext/2086705360/legato_imagedecoder_jpeg.o
 .text.internalMemoryRead
                0x23f0ab7c       0x48 build/lcdc_rgba888_mxt_9x60_wvga/debug/_ext/2086705360/legato_imagedecoder_jpeg.o
 .text.exec     0x23f0abc4        0x8 build/lcdc_rgba888_mxt_9x60_wvga/debug/_ext/2086705360/legato_imagedecoder_jpeg.o
 .text._render  0x23f0abcc      0x1fc build/lcdc_rgba888_mxt_9x60_wvga/debug/_ext/2086705360/legato_imagedecoder_jpeg.o
 .text._draw    0x23f0adc8      0x20c build/lcdc_rgba888_mxt_9x60_wvga/debug/_ext/2086705360/legato_imagedecoder_jpeg.o
 .text.blitToImage
                0x23f0afd4       0xa4 build/lcdc_rgba888_mxt_9x60_wvga/debug/_ext/2086705360/legato_imagedecoder_jpeg.o
 .text.blitToFrameBuffer
                0x23f0b078       0x98 build/lcdc_rgba888_mxt_9x60_wvga/debug/_ext/2086705360/legato_imagedecoder_jpeg.o
 .text._leJPEGImageDecoder_Init
                0x23f0b110       0x5c build/lcdc_rgba888_mxt_9x60_wvga/debug/_ext/2086705360/legato_imagedecoder_jpeg.o
                0x23f0b110                _leJPEGImageDecoder_Init
 .text.JPEG_wReadWord
                0x23f0b16c       0x50 build/lcdc_rgba888_mxt_9x60_wvga/debug/_ext/2086705360/legato_imagedecoder_jpeg_common.o
 .text.JPEG_bReadByte
                0x23f0b1bc       0x2c build/lcdc_rgba888_mxt_9x60_wvga/debug/_ext/2086705360/legato_imagedecoder_jpeg_common.o
 .text.JPEG_bGet1Bit
                0x23f0b1e8      0x154 build/lcdc_rgba888_mxt_9x60_wvga/debug/_ext/2086705360/legato_imagedecoder_jpeg_common.o
 .text.JPEG_wGetBits
                0x23f0b33c       0x4c build/lcdc_rgba888_mxt_9x60_wvga/debug/_ext/2086705360/legato_imagedecoder_jpeg_common.o
 .text.JPEG_sGetBitsValue
                0x23f0b388       0x50 build/lcdc_rgba888_mxt_9x60_wvga/debug/_ext/2086705360/legato_imagedecoder_jpeg_common.o
 .text.JPEG_bGetNextHuffByte
                0x23f0b3d8       0x98 build/lcdc_rgba888_mxt_9x60_wvga/debug/_ext/2086705360/legato_imagedecoder_jpeg_common.o
 .text.JPEG_vResetDecoder
                0x23f0b470       0x20 build/lcdc_rgba888_mxt_9x60_wvga/debug/_ext/2086705360/legato_imagedecoder_jpeg_common.o
                0x23f0b470                JPEG_vResetDecoder
 .text.JPEG_bReadHeader
                0x23f0b490      0x7c8 build/lcdc_rgba888_mxt_9x60_wvga/debug/_ext/2086705360/legato_imagedecoder_jpeg_common.o
                0x23f0b490                JPEG_bReadHeader
 .text.JPEG_bGenerateHuffmanTables
                0x23f0bc58       0x90 build/lcdc_rgba888_mxt_9x60_wvga/debug/_ext/2086705360/legato_imagedecoder_jpeg_common.o
                0x23f0bc58                JPEG_bGenerateHuffmanTables
 .text.JPEG_bDecodeOneBlock
                0x23f0bce8      0x270 build/lcdc_rgba888_mxt_9x60_wvga/debug/_ext/2086705360/legato_imagedecoder_jpeg_common.o
                0x23f0bce8                JPEG_bDecodeOneBlock
 .text.JPEG_vInitDisplay
                0x23f0bf58       0x10 build/lcdc_rgba888_mxt_9x60_wvga/debug/_ext/2086705360/legato_imagedecoder_jpeg_common.o
                0x23f0bf58                JPEG_vInitDisplay
 .text.JPEG_bPaintOneBlock
                0x23f0bf68      0x9c4 build/lcdc_rgba888_mxt_9x60_wvga/debug/_ext/2086705360/legato_imagedecoder_jpeg_common.o
                0x23f0bf68                JPEG_bPaintOneBlock
 .text.jpeg_idct_islow_leg
                0x23f0c92c      0x514 build/lcdc_rgba888_mxt_9x60_wvga/debug/_ext/2086705360/jidctint.o
                0x23f0c92c                jpeg_idct_islow_leg
 .text.stage_decode
                0x23f0ce40       0x3c build/lcdc_rgba888_mxt_9x60_wvga/debug/_ext/2086794059/legato_imagedecoder_mono_read_internal.o
 .text._leMonoImageDecoder_ReadStage_Internal
                0x23f0ce7c       0x30 build/lcdc_rgba888_mxt_9x60_wvga/debug/_ext/2086794059/legato_imagedecoder_mono_read_internal.o
                0x23f0ce7c                _leMonoImageDecoder_ReadStage_Internal
 .text._supportsImage
                0x23f0ceac       0x14 build/lcdc_rgba888_mxt_9x60_wvga/debug/_ext/2086794059/legato_imagedecoder_mono.o
 .text._decoderCleanup
                0x23f0cec0       0x64 build/lcdc_rgba888_mxt_9x60_wvga/debug/_ext/2086794059/legato_imagedecoder_mono.o
 .text._decoderExec
                0x23f0cf24       0x84 build/lcdc_rgba888_mxt_9x60_wvga/debug/_ext/2086794059/legato_imagedecoder_mono.o
 .text._decoderIsDone
                0x23f0cfa8       0x10 build/lcdc_rgba888_mxt_9x60_wvga/debug/_ext/2086794059/legato_imagedecoder_mono.o
 .text.stage_sourceIterateSetup
                0x23f0cfb8       0xb4 build/lcdc_rgba888_mxt_9x60_wvga/debug/_ext/2086794059/legato_imagedecoder_mono.o
 .text.stage_FrameBufferWrite
                0x23f0d06c       0x20 build/lcdc_rgba888_mxt_9x60_wvga/debug/_ext/2086794059/legato_imagedecoder_mono.o
 .text.stage_ImageWrite
                0x23f0d08c       0x28 build/lcdc_rgba888_mxt_9x60_wvga/debug/_ext/2086794059/legato_imagedecoder_mono.o
 .text._leMonoImageDecoder_Init
                0x23f0d0b4       0x84 build/lcdc_rgba888_mxt_9x60_wvga/debug/_ext/2086794059/legato_imagedecoder_mono.o
                0x23f0d0b4                _leMonoImageDecoder_Init
 .text._leMonoImageDecoder_InjectStage
                0x23f0d138       0x38 build/lcdc_rgba888_mxt_9x60_wvga/debug/_ext/2086794059/legato_imagedecoder_mono.o
                0x23f0d138                _leMonoImageDecoder_InjectStage
 .text._leMonoImageDecoder_SourceIterateSetupStage
                0x23f0d170       0x38 build/lcdc_rgba888_mxt_9x60_wvga/debug/_ext/2086794059/legato_imagedecoder_mono.o
                0x23f0d170                _leMonoImageDecoder_SourceIterateSetupStage
 .text._leMonoImageDecoder_FrameBufferWriteStage
                0x23f0d1a8       0x30 build/lcdc_rgba888_mxt_9x60_wvga/debug/_ext/2086794059/legato_imagedecoder_mono.o
                0x23f0d1a8                _leMonoImageDecoder_FrameBufferWriteStage
 .text._draw    0x23f0d1d8      0x154 build/lcdc_rgba888_mxt_9x60_wvga/debug/_ext/2086794059/legato_imagedecoder_mono.o
 .text._leMonoImageDecoder_ImageWriteStage
                0x23f0d32c       0x30 build/lcdc_rgba888_mxt_9x60_wvga/debug/_ext/2086794059/legato_imagedecoder_mono.o
                0x23f0d32c                _leMonoImageDecoder_ImageWriteStage
 .text._copy    0x23f0d35c      0x190 build/lcdc_rgba888_mxt_9x60_wvga/debug/_ext/2086794059/legato_imagedecoder_mono.o
 .text.readBitsFromStream
                0x23f0d4ec       0x50 build/lcdc_rgba888_mxt_9x60_wvga/debug/_ext/1872343871/lodepng.o
 .text.huffmanDecodeSymbol
                0x23f0d53c       0x64 build/lcdc_rgba888_mxt_9x60_wvga/debug/_ext/1872343871/lodepng.o
 .text.readBitFromReversedStream
                0x23f0d5a0       0x24 build/lcdc_rgba888_mxt_9x60_wvga/debug/_ext/1872343871/lodepng.o
 .text.readBitsFromReversedStream
                0x23f0d5c4       0x48 build/lcdc_rgba888_mxt_9x60_wvga/debug/_ext/1872343871/lodepng.o
 .text.getNumColorChannels
                0x23f0d60c       0x50 build/lcdc_rgba888_mxt_9x60_wvga/debug/_ext/1872343871/lodepng.o
 .text.lodepng_color_mode_equal
                0x23f0d65c      0x120 build/lcdc_rgba888_mxt_9x60_wvga/debug/_ext/1872343871/lodepng.o
 .text.addColorBits
                0x23f0d77c       0x50 build/lcdc_rgba888_mxt_9x60_wvga/debug/_ext/1872343871/lodepng.o
 .text.getPixelColorsRGBA8
                0x23f0d7cc      0x51c build/lcdc_rgba888_mxt_9x60_wvga/debug/_ext/1872343871/lodepng.o
 .text.Adam7_getpassvalues
                0x23f0dce8      0x18c build/lcdc_rgba888_mxt_9x60_wvga/debug/_ext/1872343871/lodepng.o
 .text.unfilter
                0x23f0de74      0x424 build/lcdc_rgba888_mxt_9x60_wvga/debug/_ext/1872343871/lodepng.o
 .text.removePaddingBits
                0x23f0e298       0xa4 build/lcdc_rgba888_mxt_9x60_wvga/debug/_ext/1872343871/lodepng.o
 .text.ucvector_reserve
                0x23f0e33c       0x58 build/lcdc_rgba888_mxt_9x60_wvga/debug/_ext/1872343871/lodepng.o
 .text.ucvector_resize
                0x23f0e394       0x20 build/lcdc_rgba888_mxt_9x60_wvga/debug/_ext/1872343871/lodepng.o
 .text.ucvector_push_back
                0x23f0e3b4       0x34 build/lcdc_rgba888_mxt_9x60_wvga/debug/_ext/1872343871/lodepng.o
 .text.color_tree_cleanup
                0x23f0e3e8       0x34 build/lcdc_rgba888_mxt_9x60_wvga/debug/_ext/1872343871/lodepng.o
 .text.LodePNGIText_cleanup
                0x23f0e41c       0x90 build/lcdc_rgba888_mxt_9x60_wvga/debug/_ext/1872343871/lodepng.o
 .text.LodePNGText_cleanup
                0x23f0e4ac       0x60 build/lcdc_rgba888_mxt_9x60_wvga/debug/_ext/1872343871/lodepng.o
 .text.HuffmanTree_cleanup
                0x23f0e50c       0x24 build/lcdc_rgba888_mxt_9x60_wvga/debug/_ext/1872343871/lodepng.o
 .text.string_set
                0x23f0e530       0x68 build/lcdc_rgba888_mxt_9x60_wvga/debug/_ext/1872343871/lodepng.o
 .text.string_init
                0x23f0e598       0x2c build/lcdc_rgba888_mxt_9x60_wvga/debug/_ext/1872343871/lodepng.o
 .text.uivector_reserve
                0x23f0e5c4       0x58 build/lcdc_rgba888_mxt_9x60_wvga/debug/_ext/1872343871/lodepng.o
 .text.HuffmanTree_makeFromLengths
                0x23f0e61c      0x424 build/lcdc_rgba888_mxt_9x60_wvga/debug/_ext/1872343871/lodepng.o
 .text.lodepng_read32bitInt
                0x23f0ea40       0x24 build/lcdc_rgba888_mxt_9x60_wvga/debug/_ext/1872343871/lodepng.o
                0x23f0ea40                lodepng_read32bitInt
 .text.lodepng_inflate
                0x23f0ea64      0x998 build/lcdc_rgba888_mxt_9x60_wvga/debug/_ext/1872343871/lodepng.o
                0x23f0ea64                lodepng_inflate
 .text.lodepng_zlib_decompress
                0x23f0f3fc      0x198 build/lcdc_rgba888_mxt_9x60_wvga/debug/_ext/1872343871/lodepng.o
                0x23f0f3fc                lodepng_zlib_decompress
 .text.zlib_decompress
                0x23f0f594       0x34 build/lcdc_rgba888_mxt_9x60_wvga/debug/_ext/1872343871/lodepng.o
 .text.lodepng_crc32
                0x23f0f5c8       0x4c build/lcdc_rgba888_mxt_9x60_wvga/debug/_ext/1872343871/lodepng.o
                0x23f0f5c8                lodepng_crc32
 .text.lodepng_chunk_type_equals
                0x23f0f614       0x80 build/lcdc_rgba888_mxt_9x60_wvga/debug/_ext/1872343871/lodepng.o
                0x23f0f614                lodepng_chunk_type_equals
 .text.lodepng_chunk_check_crc
                0x23f0f694       0x38 build/lcdc_rgba888_mxt_9x60_wvga/debug/_ext/1872343871/lodepng.o
                0x23f0f694                lodepng_chunk_check_crc
 .text.lodepng_chunk_next_const
                0x23f0f6cc       0x18 build/lcdc_rgba888_mxt_9x60_wvga/debug/_ext/1872343871/lodepng.o
                0x23f0f6cc                lodepng_chunk_next_const
 .text.lodepng_chunk_append
                0x23f0f6e4       0xa4 build/lcdc_rgba888_mxt_9x60_wvga/debug/_ext/1872343871/lodepng.o
                0x23f0f6e4                lodepng_chunk_append
 .text.lodepng_color_mode_init
                0x23f0f788       0x30 build/lcdc_rgba888_mxt_9x60_wvga/debug/_ext/1872343871/lodepng.o
                0x23f0f788                lodepng_color_mode_init
 .text.lodepng_palette_clear
                0x23f0f7b8       0x28 build/lcdc_rgba888_mxt_9x60_wvga/debug/_ext/1872343871/lodepng.o
                0x23f0f7b8                lodepng_palette_clear
 .text.lodepng_color_mode_copy
                0x23f0f7e0       0x98 build/lcdc_rgba888_mxt_9x60_wvga/debug/_ext/1872343871/lodepng.o
                0x23f0f7e0                lodepng_color_mode_copy
 .text.lodepng_get_bpp
                0x23f0f878       0x1c build/lcdc_rgba888_mxt_9x60_wvga/debug/_ext/1872343871/lodepng.o
                0x23f0f878                lodepng_get_bpp
 .text.lodepng_get_raw_size_idat
                0x23f0f894       0x34 build/lcdc_rgba888_mxt_9x60_wvga/debug/_ext/1872343871/lodepng.o
 .text.lodepng_get_raw_size
                0x23f0f8c8       0x38 build/lcdc_rgba888_mxt_9x60_wvga/debug/_ext/1872343871/lodepng.o
                0x23f0f8c8                lodepng_get_raw_size
 .text.lodepng_add_text
                0x23f0f900       0xcc build/lcdc_rgba888_mxt_9x60_wvga/debug/_ext/1872343871/lodepng.o
                0x23f0f900                lodepng_add_text
 .text.lodepng_add_itext
                0x23f0f9cc      0x17c build/lcdc_rgba888_mxt_9x60_wvga/debug/_ext/1872343871/lodepng.o
                0x23f0f9cc                lodepng_add_itext
 .text.lodepng_info_init
                0x23f0fb48       0x74 build/lcdc_rgba888_mxt_9x60_wvga/debug/_ext/1872343871/lodepng.o
                0x23f0fb48                lodepng_info_init
 .text.lodepng_info_cleanup
                0x23f0fbbc       0x3c build/lcdc_rgba888_mxt_9x60_wvga/debug/_ext/1872343871/lodepng.o
                0x23f0fbbc                lodepng_info_cleanup
 .text.lodepng_convert
                0x23f0fbf8      0xbb8 build/lcdc_rgba888_mxt_9x60_wvga/debug/_ext/1872343871/lodepng.o
                0x23f0fbf8                lodepng_convert
 .text.lodepng_inspect
                0x23f107b0      0x290 build/lcdc_rgba888_mxt_9x60_wvga/debug/_ext/1872343871/lodepng.o
                0x23f107b0                lodepng_inspect
 .text.lodepng_decode
                0x23f10a40     0x1740 build/lcdc_rgba888_mxt_9x60_wvga/debug/_ext/1872343871/lodepng.o
                0x23f10a40                lodepng_decode
 .text.lodepng_decoder_settings_init
                0x23f12180       0x2c build/lcdc_rgba888_mxt_9x60_wvga/debug/_ext/1872343871/lodepng.o
                0x23f12180                lodepng_decoder_settings_init
 .text.lodepng_state_init
                0x23f121ac       0x28 build/lcdc_rgba888_mxt_9x60_wvga/debug/_ext/1872343871/lodepng.o
                0x23f121ac                lodepng_state_init
 .text.lodepng_state_cleanup
                0x23f121d4       0x1c build/lcdc_rgba888_mxt_9x60_wvga/debug/_ext/1872343871/lodepng.o
                0x23f121d4                lodepng_state_cleanup
 .text.lodepng_decode_memory
                0x23f121f0       0x68 build/lcdc_rgba888_mxt_9x60_wvga/debug/_ext/1872343871/lodepng.o
                0x23f121f0                lodepng_decode_memory
 .text._supportsImage
                0x23f12258       0x28 build/lcdc_rgba888_mxt_9x60_wvga/debug/_ext/1872343871/legato_imagedecoder_png.o
 .text._decoderCleanup
                0x23f12280        0x4 build/lcdc_rgba888_mxt_9x60_wvga/debug/_ext/1872343871/legato_imagedecoder_png.o
 .text._decoderExec
                0x23f12284        0x8 build/lcdc_rgba888_mxt_9x60_wvga/debug/_ext/1872343871/legato_imagedecoder_png.o
 .text._decoderIsDone
                0x23f1228c        0x8 build/lcdc_rgba888_mxt_9x60_wvga/debug/_ext/1872343871/legato_imagedecoder_png.o
 .text._render  0x23f12294       0xf4 build/lcdc_rgba888_mxt_9x60_wvga/debug/_ext/1872343871/legato_imagedecoder_png.o
 .text._draw    0x23f12388      0x1f0 build/lcdc_rgba888_mxt_9x60_wvga/debug/_ext/1872343871/legato_imagedecoder_png.o
 .text._lePNGImageDecoder_Init
                0x23f12578       0x6c build/lcdc_rgba888_mxt_9x60_wvga/debug/_ext/1872343871/legato_imagedecoder_png.o
                0x23f12578                _lePNGImageDecoder_Init
 .text.stage_sourceIterateSetup
                0x23f125e4       0xb4 build/lcdc_rgba888_mxt_9x60_wvga/debug/_ext/1872342336/legato_imagedecoder_raw_setup.o
 .text.stage_targetIterateSetup
                0x23f12698       0x94 build/lcdc_rgba888_mxt_9x60_wvga/debug/_ext/1872342336/legato_imagedecoder_raw_setup.o
 .text._leRawImageDecoder_SourceIterateSetupStage
                0x23f1272c       0x38 build/lcdc_rgba888_mxt_9x60_wvga/debug/_ext/1872342336/legato_imagedecoder_raw_setup.o
                0x23f1272c                _leRawImageDecoder_SourceIterateSetupStage
 .text._leRawImageDecoder_TargetIterateSetupStage
                0x23f12764       0x38 build/lcdc_rgba888_mxt_9x60_wvga/debug/_ext/1872342336/legato_imagedecoder_raw_setup.o
                0x23f12764                _leRawImageDecoder_TargetIterateSetupStage
 .text.stage_postRead
                0x23f1279c       0x14 build/lcdc_rgba888_mxt_9x60_wvga/debug/_ext/1872342336/legato_imagedecoder_raw_scale.o
 .text.stage_scaledNearestNeighborPreRead
                0x23f127b0       0xc4 build/lcdc_rgba888_mxt_9x60_wvga/debug/_ext/1872342336/legato_imagedecoder_raw_scale.o
 .text.stage_bilinearPreRead
                0x23f12874      0x164 build/lcdc_rgba888_mxt_9x60_wvga/debug/_ext/1872342336/legato_imagedecoder_raw_scale.o
 .text.stage_scaledBilinearPostRead
                0x23f129d8       0x8c build/lcdc_rgba888_mxt_9x60_wvga/debug/_ext/1872342336/legato_imagedecoder_raw_scale.o
 .text._leRawImageDecoder_ScaleNearestNeighborPreReadStage
                0x23f12a64       0x6c build/lcdc_rgba888_mxt_9x60_wvga/debug/_ext/1872342336/legato_imagedecoder_raw_scale.o
                0x23f12a64                _leRawImageDecoder_ScaleNearestNeighborPreReadStage
 .text._leRawImageDecoder_ScaleBilinearPreReadStage
                0x23f12ad0       0x74 build/lcdc_rgba888_mxt_9x60_wvga/debug/_ext/1872342336/legato_imagedecoder_raw_scale.o
                0x23f12ad0                _leRawImageDecoder_ScaleBilinearPreReadStage
 .text._leRawImageDecoder_PostReadStage
                0x23f12b44       0x30 build/lcdc_rgba888_mxt_9x60_wvga/debug/_ext/1872342336/legato_imagedecoder_raw_scale.o
                0x23f12b44                _leRawImageDecoder_PostReadStage
 .text._leRawImageDecoder_ScaleBilinearPostReadStage
                0x23f12b74       0x30 build/lcdc_rgba888_mxt_9x60_wvga/debug/_ext/1872342336/legato_imagedecoder_raw_scale.o
                0x23f12b74                _leRawImageDecoder_ScaleBilinearPostReadStage
 .text._supportsImage
                0x23f12ba4       0x14 build/lcdc_rgba888_mxt_9x60_wvga/debug/_ext/1872342336/legato_imagedecoder_raw.o
 .text._decoderCleanup
                0x23f12bb8       0x64 build/lcdc_rgba888_mxt_9x60_wvga/debug/_ext/1872342336/legato_imagedecoder_raw.o
 .text._decoderExec
                0x23f12c1c       0x84 build/lcdc_rgba888_mxt_9x60_wvga/debug/_ext/1872342336/legato_imagedecoder_raw.o
 .text._decoderIsDone
                0x23f12ca0       0x10 build/lcdc_rgba888_mxt_9x60_wvga/debug/_ext/1872342336/legato_imagedecoder_raw.o
 .text._initReadStage
                0x23f12cb0       0x1c build/lcdc_rgba888_mxt_9x60_wvga/debug/_ext/1872342336/legato_imagedecoder_raw.o
 .text._initMaskStage
                0x23f12ccc       0x24 build/lcdc_rgba888_mxt_9x60_wvga/debug/_ext/1872342336/legato_imagedecoder_raw.o
 .text._initBlendStage
                0x23f12cf0       0x44 build/lcdc_rgba888_mxt_9x60_wvga/debug/_ext/1872342336/legato_imagedecoder_raw.o
 .text._initConvertStage
                0x23f12d34       0x4c build/lcdc_rgba888_mxt_9x60_wvga/debug/_ext/1872342336/legato_imagedecoder_raw.o
 .text._rotateDraw
                0x23f12d80      0x2b0 build/lcdc_rgba888_mxt_9x60_wvga/debug/_ext/1872342336/legato_imagedecoder_raw.o
 .text._rotate  0x23f13030      0x2f4 build/lcdc_rgba888_mxt_9x60_wvga/debug/_ext/1872342336/legato_imagedecoder_raw.o
 .text._resizeDraw
                0x23f13324      0x294 build/lcdc_rgba888_mxt_9x60_wvga/debug/_ext/1872342336/legato_imagedecoder_raw.o
 .text._resize  0x23f135b8      0x238 build/lcdc_rgba888_mxt_9x60_wvga/debug/_ext/1872342336/legato_imagedecoder_raw.o
 .text._copy    0x23f137f0      0x1b8 build/lcdc_rgba888_mxt_9x60_wvga/debug/_ext/1872342336/legato_imagedecoder_raw.o
 .text._initLookupStage
                0x23f139a8       0x4c build/lcdc_rgba888_mxt_9x60_wvga/debug/_ext/1872342336/legato_imagedecoder_raw.o
 .text._render  0x23f139f4      0x260 build/lcdc_rgba888_mxt_9x60_wvga/debug/_ext/1872342336/legato_imagedecoder_raw.o
 .text._draw    0x23f13c54      0x2f4 build/lcdc_rgba888_mxt_9x60_wvga/debug/_ext/1872342336/legato_imagedecoder_raw.o
 .text._leRawImageDecoder_Init
                0x23f13f48       0xa8 build/lcdc_rgba888_mxt_9x60_wvga/debug/_ext/1872342336/legato_imagedecoder_raw.o
                0x23f13f48                _leRawImageDecoder_Init
 .text._leRawImageDecoder_InjectStage
                0x23f13ff0       0x38 build/lcdc_rgba888_mxt_9x60_wvga/debug/_ext/1872342336/legato_imagedecoder_raw.o
                0x23f13ff0                _leRawImageDecoder_InjectStage
 .text.stage_decode
                0x23f14028       0x74 build/lcdc_rgba888_mxt_9x60_wvga/debug/_ext/1872342336/legato_imagedecoder_raw_read_internal.o
 .text.rleRandomDecode
                0x23f1409c       0x54 build/lcdc_rgba888_mxt_9x60_wvga/debug/_ext/1872342336/legato_imagedecoder_raw_read_internal.o
 .text.rleSequentialDecode
                0x23f140f0       0x48 build/lcdc_rgba888_mxt_9x60_wvga/debug/_ext/1872342336/legato_imagedecoder_raw_read_internal.o
 .text.colorDecode
                0x23f14138       0x34 build/lcdc_rgba888_mxt_9x60_wvga/debug/_ext/1872342336/legato_imagedecoder_raw_read_internal.o
 .text.indexRLERandomDecode
                0x23f1416c       0x80 build/lcdc_rgba888_mxt_9x60_wvga/debug/_ext/1872342336/legato_imagedecoder_raw_read_internal.o
 .text.indexRLESequentialDecode
                0x23f141ec       0x74 build/lcdc_rgba888_mxt_9x60_wvga/debug/_ext/1872342336/legato_imagedecoder_raw_read_internal.o
 .text.indexDecode
                0x23f14260       0x30 build/lcdc_rgba888_mxt_9x60_wvga/debug/_ext/1872342336/legato_imagedecoder_raw_read_internal.o
 .text._leRawImageDecoder_ReadStage_Internal
                0x23f14290      0x100 build/lcdc_rgba888_mxt_9x60_wvga/debug/_ext/1872342336/legato_imagedecoder_raw_read_internal.o
                0x23f14290                _leRawImageDecoder_ReadStage_Internal
 .text.stage_FrameBufferWrite
                0x23f14390       0x24 build/lcdc_rgba888_mxt_9x60_wvga/debug/_ext/1872342336/legato_imagedecoder_raw_write.o
 .text.stage_ImageWrite
                0x23f143b4       0x28 build/lcdc_rgba888_mxt_9x60_wvga/debug/_ext/1872342336/legato_imagedecoder_raw_write.o
 .text._leRawImageDecoder_FrameBufferWriteStage
                0x23f143dc       0x30 build/lcdc_rgba888_mxt_9x60_wvga/debug/_ext/1872342336/legato_imagedecoder_raw_write.o
                0x23f143dc                _leRawImageDecoder_FrameBufferWriteStage
 .text._leRawImageDecoder_ImageWriteStage
                0x23f1440c       0x30 build/lcdc_rgba888_mxt_9x60_wvga/debug/_ext/1872342336/legato_imagedecoder_raw_write.o
                0x23f1440c                _leRawImageDecoder_ImageWriteStage
 .text.stage_BlendRGBA5551
                0x23f1443c       0x1c build/lcdc_rgba888_mxt_9x60_wvga/debug/_ext/1872342336/legato_imagedecoder_raw_blend.o
 .text.stage_BlendARGB8888
                0x23f14458       0x70 build/lcdc_rgba888_mxt_9x60_wvga/debug/_ext/1872342336/legato_imagedecoder_raw_blend.o
 .text.stage_BlendRGBA8888
                0x23f144c8       0x70 build/lcdc_rgba888_mxt_9x60_wvga/debug/_ext/1872342336/legato_imagedecoder_raw_blend.o
 .text._leRawImageDecoder_BlendStage_Internal
                0x23f14538       0xa0 build/lcdc_rgba888_mxt_9x60_wvga/debug/_ext/1872342336/legato_imagedecoder_raw_blend.o
                0x23f14538                _leRawImageDecoder_BlendStage_Internal
 .text.stage_rejectMaskedColor
                0x23f145d8       0x24 build/lcdc_rgba888_mxt_9x60_wvga/debug/_ext/1872342336/legato_imagedecoder_raw_mask.o
 .text._leRawImageDecoder_MaskStage_Internal
                0x23f145fc       0x2c build/lcdc_rgba888_mxt_9x60_wvga/debug/_ext/1872342336/legato_imagedecoder_raw_mask.o
                0x23f145fc                _leRawImageDecoder_MaskStage_Internal
 .text.stage_convertColor
                0x23f14628       0x2c build/lcdc_rgba888_mxt_9x60_wvga/debug/_ext/1872342336/legato_imagedecoder_raw_convert.o
 .text._leRawImageDecoder_ConvertStage
                0x23f14654       0x90 build/lcdc_rgba888_mxt_9x60_wvga/debug/_ext/1872342336/legato_imagedecoder_raw_convert.o
                0x23f14654                _leRawImageDecoder_ConvertStage
 .text.stage_rotateNearestNeighborPreRead
                0x23f146e4      0x120 build/lcdc_rgba888_mxt_9x60_wvga/debug/_ext/1872342336/legato_imagedecoder_raw_rotate.o
 .text.stage_bilinearPreRead
                0x23f14804      0x20c build/lcdc_rgba888_mxt_9x60_wvga/debug/_ext/1872342336/legato_imagedecoder_raw_rotate.o
 .text.stage_rotateBilinearPostRead
                0x23f14a10       0x60 build/lcdc_rgba888_mxt_9x60_wvga/debug/_ext/1872342336/legato_imagedecoder_raw_rotate.o
 .text._leRawImageDecoder_RotateNearestNeighborPreReadStage
                0x23f14a70       0x30 build/lcdc_rgba888_mxt_9x60_wvga/debug/_ext/1872342336/legato_imagedecoder_raw_rotate.o
                0x23f14a70                _leRawImageDecoder_RotateNearestNeighborPreReadStage
 .text._leRawImageDecoder_RotateBilinearPreReadStage
                0x23f14aa0       0x38 build/lcdc_rgba888_mxt_9x60_wvga/debug/_ext/1872342336/legato_imagedecoder_raw_rotate.o
                0x23f14aa0                _leRawImageDecoder_RotateBilinearPreReadStage
 .text._leRawImageDecoder_RotateBilinearPostReadStage
                0x23f14ad8       0x30 build/lcdc_rgba888_mxt_9x60_wvga/debug/_ext/1872342336/legato_imagedecoder_raw_rotate.o
                0x23f14ad8                _leRawImageDecoder_RotateBilinearPostReadStage
 .text.stage_imageRenderPostLookup
                0x23f14b08       0x48 build/lcdc_rgba888_mxt_9x60_wvga/debug/_ext/1872342336/legato_imagedecoder_raw_palette_internal.o
 .text.stage_lookup
                0x23f14b50       0x40 build/lcdc_rgba888_mxt_9x60_wvga/debug/_ext/1872342336/legato_imagedecoder_raw_palette_internal.o
 .text._leRawImageDecoder_LookupStage_Internal
                0x23f14b90       0x50 build/lcdc_rgba888_mxt_9x60_wvga/debug/_ext/1872342336/legato_imagedecoder_raw_palette_internal.o
                0x23f14b90                _leRawImageDecoder_LookupStage_Internal
 .text._leRawImageDecoder_ImageRenderPostLookupStage
                0x23f14be0       0x38 build/lcdc_rgba888_mxt_9x60_wvga/debug/_ext/1872342336/legato_imagedecoder_raw_palette_internal.o
                0x23f14be0                _leRawImageDecoder_ImageRenderPostLookupStage
 .text.getDiscreteValueAtIndex1
                0x23f14c18       0x18 build/lcdc_rgba888_mxt_9x60_wvga/debug/_ext/1381099687/legato_image_utils.o
 .text.getDiscreteValueAtIndex4
                0x23f14c30       0x10 build/lcdc_rgba888_mxt_9x60_wvga/debug/_ext/1381099687/legato_image_utils.o
 .text.getDiscreteValueAtIndex8
                0x23f14c40        0x8 build/lcdc_rgba888_mxt_9x60_wvga/debug/_ext/1381099687/legato_image_utils.o
 .text.calcOffset1bpp
                0x23f14c48        0x8 build/lcdc_rgba888_mxt_9x60_wvga/debug/_ext/1381099687/legato_image_utils.o
 .text.calcOffset4bpp
                0x23f14c50        0x8 build/lcdc_rgba888_mxt_9x60_wvga/debug/_ext/1381099687/legato_image_utils.o
 .text.calcOffset8bpp
                0x23f14c58        0x4 build/lcdc_rgba888_mxt_9x60_wvga/debug/_ext/1381099687/legato_image_utils.o
 .text.calcOffset16bpp
                0x23f14c5c        0x8 build/lcdc_rgba888_mxt_9x60_wvga/debug/_ext/1381099687/legato_image_utils.o
 .text.calcOffset24bpp
                0x23f14c64        0x8 build/lcdc_rgba888_mxt_9x60_wvga/debug/_ext/1381099687/legato_image_utils.o
 .text.calcOffset32bpp
                0x23f14c6c        0x8 build/lcdc_rgba888_mxt_9x60_wvga/debug/_ext/1381099687/legato_image_utils.o
 .text.leGetRLEDataAtIndex
                0x23f14c74       0xd8 build/lcdc_rgba888_mxt_9x60_wvga/debug/_ext/1381099687/legato_image_utils.o
                0x23f14c74                leGetRLEDataAtIndex
 .text.leGetDiscreteValueAtIndex
                0x23f14d4c       0x18 build/lcdc_rgba888_mxt_9x60_wvga/debug/_ext/1381099687/legato_image_utils.o
                0x23f14d4c                leGetDiscreteValueAtIndex
 .text.leGetOffsetFromIndexAndBPP
                0x23f14d64       0x18 build/lcdc_rgba888_mxt_9x60_wvga/debug/_ext/1381099687/legato_image_utils.o
                0x23f14d64                leGetOffsetFromIndexAndBPP
 .text.leImage_InitDecoders
                0x23f14d7c       0x30 build/lcdc_rgba888_mxt_9x60_wvga/debug/_ext/1381099687/legato_image.o
                0x23f14d7c                leImage_InitDecoders
 .text.leImage_Create
                0x23f14dac       0x94 build/lcdc_rgba888_mxt_9x60_wvga/debug/_ext/1381099687/legato_image.o
                0x23f14dac                leImage_Create
 .text.leImage_Allocate
                0x23f14e40       0xb4 build/lcdc_rgba888_mxt_9x60_wvga/debug/_ext/1381099687/legato_image.o
                0x23f14e40                leImage_Allocate
 .text.leImage_Draw
                0x23f14ef4       0xd4 build/lcdc_rgba888_mxt_9x60_wvga/debug/_ext/1381099687/legato_image.o
                0x23f14ef4                leImage_Draw
 .text.leFixedHeap_Init
                0x23f14fc8       0xb0 build/lcdc_rgba888_mxt_9x60_wvga/debug/_ext/28088523/legato_fixedheap.o
                0x23f14fc8                leFixedHeap_Init
 .text.leFixedHeap_Alloc
                0x23f15078       0x48 build/lcdc_rgba888_mxt_9x60_wvga/debug/_ext/28088523/legato_fixedheap.o
                0x23f15078                leFixedHeap_Alloc
 .text.leFixedHeap_Free
                0x23f150c0       0x1c build/lcdc_rgba888_mxt_9x60_wvga/debug/_ext/28088523/legato_fixedheap.o
                0x23f150c0                leFixedHeap_Free
 .text.leFixedHeap_Contains
                0x23f150dc       0x60 build/lcdc_rgba888_mxt_9x60_wvga/debug/_ext/28088523/legato_fixedheap.o
                0x23f150dc                leFixedHeap_Contains
 .text._fixedHeapAlloc
                0x23f1513c       0x60 build/lcdc_rgba888_mxt_9x60_wvga/debug/_ext/28088523/legato_memory.o
 .text._findFixedHeapForPointer
                0x23f1519c       0x5c build/lcdc_rgba888_mxt_9x60_wvga/debug/_ext/28088523/legato_memory.o
 .text.leMemory_Init
                0x23f151f8       0xb0 build/lcdc_rgba888_mxt_9x60_wvga/debug/_ext/28088523/legato_memory.o
                0x23f151f8                leMemory_Init
 .text.leMalloc
                0x23f152a8       0x28 build/lcdc_rgba888_mxt_9x60_wvga/debug/_ext/28088523/legato_memory.o
                0x23f152a8                leMalloc
 .text.leFree   0x23f152d0       0x6c build/lcdc_rgba888_mxt_9x60_wvga/debug/_ext/28088523/legato_memory.o
                0x23f152d0                leFree
 .text.leRealloc
                0x23f1533c      0x25c build/lcdc_rgba888_mxt_9x60_wvga/debug/_ext/28088523/legato_memory.o
                0x23f1533c                leRealloc
 .text._insertIntoList
                0x23f15598       0x84 build/lcdc_rgba888_mxt_9x60_wvga/debug/_ext/28088523/legato_variableheap.o
 .text._removeFromList
                0x23f1561c       0x38 build/lcdc_rgba888_mxt_9x60_wvga/debug/_ext/28088523/legato_variableheap.o
 .text._findPreviousBlock
                0x23f15654       0xa0 build/lcdc_rgba888_mxt_9x60_wvga/debug/_ext/28088523/legato_variableheap.o
 .text._findNextBlock
                0x23f156f4       0x74 build/lcdc_rgba888_mxt_9x60_wvga/debug/_ext/28088523/legato_variableheap.o
 .text._canSplit
                0x23f15768       0x3c build/lcdc_rgba888_mxt_9x60_wvga/debug/_ext/28088523/legato_variableheap.o
 .text._combineFreeBlockNext
                0x23f157a4       0x7c build/lcdc_rgba888_mxt_9x60_wvga/debug/_ext/28088523/legato_variableheap.o
 .text._growAllocBlock
                0x23f15820      0x104 build/lcdc_rgba888_mxt_9x60_wvga/debug/_ext/28088523/legato_variableheap.o
 .text.leVariableHeap_Init
                0x23f15924       0x58 build/lcdc_rgba888_mxt_9x60_wvga/debug/_ext/28088523/legato_variableheap.o
                0x23f15924                leVariableHeap_Init
 .text.leVariableHeap_Alloc
                0x23f1597c      0x130 build/lcdc_rgba888_mxt_9x60_wvga/debug/_ext/28088523/legato_variableheap.o
                0x23f1597c                leVariableHeap_Alloc
 .text.leVariableHeap_Free
                0x23f15aac       0xd8 build/lcdc_rgba888_mxt_9x60_wvga/debug/_ext/28088523/legato_variableheap.o
                0x23f15aac                leVariableHeap_Free
 .text.leVariableHeap_Realloc
                0x23f15b84      0x2a0 build/lcdc_rgba888_mxt_9x60_wvga/debug/_ext/28088523/legato_variableheap.o
                0x23f15b84                leVariableHeap_Realloc
 .text.leVariableHeap_Contains
                0x23f15e24       0x20 build/lcdc_rgba888_mxt_9x60_wvga/debug/_ext/28088523/legato_variableheap.o
                0x23f15e24                leVariableHeap_Contains
 .text.leVariableHeap_SizeOf
                0x23f15e44        0x8 build/lcdc_rgba888_mxt_9x60_wvga/debug/_ext/28088523/legato_variableheap.o
                0x23f15e44                leVariableHeap_SizeOf
 .text.leVariableHeap_Validate
                0x23f15e4c        0x8 build/lcdc_rgba888_mxt_9x60_wvga/debug/_ext/28088523/legato_variableheap.o
                0x23f15e4c                leVariableHeap_Validate
 .text.leRenderer_RectFill
                0x23f15e54       0x6c build/lcdc_rgba888_mxt_9x60_wvga/debug/_ext/1081070089/legato_draw_rect.o
                0x23f15e54                leRenderer_RectFill
 .text.leRenderer_HorzLine
                0x23f15ec0       0xe4 build/lcdc_rgba888_mxt_9x60_wvga/debug/_ext/1081070089/legato_draw_line.o
                0x23f15ec0                leRenderer_HorzLine
 .text.leRenderer_VertLine
                0x23f15fa4       0xe4 build/lcdc_rgba888_mxt_9x60_wvga/debug/_ext/1081070089/legato_draw_line.o
                0x23f15fa4                leRenderer_VertLine
 .text.findDirtyWidget
                0x23f16088       0x90 build/lcdc_rgba888_mxt_9x60_wvga/debug/_ext/1081070089/legato_renderer.o
 .text._nextRect
                0x23f16118       0x34 build/lcdc_rgba888_mxt_9x60_wvga/debug/_ext/1081070089/legato_renderer.o
 .text.invalidateWidget
                0x23f1614c       0xe0 build/lcdc_rgba888_mxt_9x60_wvga/debug/_ext/1081070089/legato_renderer.o
 .text.addDamageRectToList
                0x23f1622c       0xb8 build/lcdc_rgba888_mxt_9x60_wvga/debug/_ext/1081070089/legato_renderer.o
 .text.leRenderer_IsIdle
                0x23f162e4       0x18 build/lcdc_rgba888_mxt_9x60_wvga/debug/_ext/1081070089/legato_renderer.o
                0x23f162e4                leRenderer_IsIdle
 .text.leGetRenderBuffer
                0x23f162fc       0x28 build/lcdc_rgba888_mxt_9x60_wvga/debug/_ext/1081070089/legato_renderer.o