Archive member included to satisfy reference by file (symbol)

c:/program files/microchip/xc32/v4.20/bin/bin/../../lib/gcc/pic32c/8.3.1/../../../../pic32c/lib/arm/v5te/nofp\libpic32c.a(data_init_wrapper.o)
                              build/lcdc_rgba888_mxt_9x60_wvga/debug/_ext/2052985144/cstartup.o (__pic32c_data_initialization)
c:/program files/microchip/xc32/v4.20/bin/bin/../../lib/gcc/pic32c/8.3.1/../../../../pic32c/lib/arm/v5te/nofp\libpic32c.a(data_init_0_1.o)
                              c:/program files/microchip/xc32/v4.20/bin/bin/../../lib/gcc/pic32c/8.3.1/../../../../pic32c/lib/arm/v5te/nofp\libpic32c.a(data_init_wrapper.o) (__pic32c_data_initialization_impl)
c:/program files/microchip/xc32/v4.20/bin/bin/../../lib/gcc/pic32c/8.3.1/arm/v5te/nofp\libgcc.a(_udivsi3.o)
                              build/lcdc_rgba888_mxt_9x60_wvga/debug/_ext/305146849/legato_math.o (__aeabi_uidiv)
c:/program files/microchip/xc32/v4.20/bin/bin/../../lib/gcc/pic32c/8.3.1/arm/v5te/nofp\libgcc.a(_divsi3.o)
                              build/lcdc_rgba888_mxt_9x60_wvga/debug/_ext/305146849/legato_math.o (__aeabi_idiv)
c:/program files/microchip/xc32/v4.20/bin/bin/../../lib/gcc/pic32c/8.3.1/arm/v5te/nofp\libgcc.a(_dvmd_tls.o)
                              c:/program files/microchip/xc32/v4.20/bin/bin/../../lib/gcc/pic32c/8.3.1/arm/v5te/nofp\libgcc.a(_udivsi3.o) (__aeabi_idiv0)
c:/program files/microchip/xc32/v4.20/bin/bin/../../lib/gcc/pic32c/8.3.1/arm/v5te/nofp\libgcc.a(_arm_addsubsf3.o)
                              build/lcdc_rgba888_mxt_9x60_wvga/debug/_ext/305146849/legato_math.o (__aeabi_fsub)
c:/program files/microchip/xc32/v4.20/bin/bin/../../lib/gcc/pic32c/8.3.1/arm/v5te/nofp\libgcc.a(_arm_muldivsf3.o)
                              build/lcdc_rgba888_mxt_9x60_wvga/debug/_ext/1165331637/gfx_driver.o (__aeabi_fmul)
c:/program files/microchip/xc32/v4.20/bin/bin/../../lib/gcc/pic32c/8.3.1/arm/v5te/nofp\libgcc.a(_arm_cmpsf2.o)
                              build/lcdc_rgba888_mxt_9x60_wvga/debug/_ext/305146849/legato_math.o (__aeabi_fcmplt)
c:/program files/microchip/xc32/v4.20/bin/bin/../../lib/gcc/pic32c/8.3.1/arm/v5te/nofp\libgcc.a(_arm_fixsfsi.o)
                              build/lcdc_rgba888_mxt_9x60_wvga/debug/_ext/1165331637/gfx_driver.o (__aeabi_f2iz)
c:/program files/microchip/xc32/v4.20/bin/bin/../../lib/gcc/pic32c/8.3.1/arm/v5te/nofp\libgcc.a(_arm_fixunssfsi.o)
                              build/lcdc_rgba888_mxt_9x60_wvga/debug/_ext/1165331637/gfx_driver.o (__aeabi_f2uiz)
c:/program files/microchip/xc32/v4.20/bin/bin/../../lib/gcc/pic32c/8.3.1/arm/v5te/nofp\libgcc.a(_aeabi_uldivmod.o)
                              build/lcdc_rgba888_mxt_9x60_wvga/debug/_ext/1812361045/sys_time.o (__aeabi_uldivmod)
c:/program files/microchip/xc32/v4.20/bin/bin/../../lib/gcc/pic32c/8.3.1/arm/v5te/nofp\libgcc.a(_udivmoddi4.o)
                              c:/program files/microchip/xc32/v4.20/bin/bin/../../lib/gcc/pic32c/8.3.1/arm/v5te/nofp\libgcc.a(_aeabi_uldivmod.o) (__udivmoddi4)
c:/program files/microchip/xc32/v4.20/bin/bin/../../lib/gcc/pic32c/8.3.1/../../../../pic32c/lib/arm/v5te/nofp\libm-musl.a(atan.o)
                              build/lcdc_rgba888_mxt_9x60_wvga/debug/_ext/305146849/legato_math.o (atan)
c:/program files/microchip/xc32/v4.20/bin/bin/../../lib/gcc/pic32c/8.3.1/../../../../pic32c/lib/arm/v5te/nofp\libm-musl.a(fabs.o)
                              c:/program files/microchip/xc32/v4.20/bin/bin/../../lib/gcc/pic32c/8.3.1/../../../../pic32c/lib/arm/v5te/nofp\libm-musl.a(atan.o) (fabs)
c:/program files/microchip/xc32/v4.20/bin/bin/../../lib/gcc/pic32c/8.3.1/../../../../pic32c/lib/arm/v5te/nofp\libg-musl.a(__libc_start_main.o)
                              build/lcdc_rgba888_mxt_9x60_wvga/debug/_ext/2052985144/cstartup.o (__libc_init_array)
c:/program files/microchip/xc32/v4.20/bin/bin/../../lib/gcc/pic32c/8.3.1/../../../../pic32c/lib/arm/v5te/nofp\libg-musl.a(libc.o)
                              c:/program files/microchip/xc32/v4.20/bin/bin/../../lib/gcc/pic32c/8.3.1/../../../../pic32c/lib/arm/v5te/nofp\libg-musl.a(__libc_start_main.o) (__progname_full)
c:/program files/microchip/xc32/v4.20/bin/bin/../../lib/gcc/pic32c/8.3.1/../../../../pic32c/lib/arm/v5te/nofp\libg-musl.a(__sio_printf_doux.o)
                              (_printf_cdnopuxX)
c:/program files/microchip/xc32/v4.20/bin/bin/../../lib/gcc/pic32c/8.3.1/../../../../pic32c/lib/arm/v5te/nofp\libg-musl.a(__sio_sscanf_dosux.o)
                              (_sscanf_cdnopsuxX)
c:/program files/microchip/xc32/v4.20/bin/bin/../../lib/gcc/pic32c/8.3.1/../../../../pic32c/lib/arm/v5te/nofp\libg-musl.a(__fmt_d.o)
                              c:/program files/microchip/xc32/v4.20/bin/bin/../../lib/gcc/pic32c/8.3.1/../../../../pic32c/lib/arm/v5te/nofp\libg-musl.a(__sio_printf_doux.o) (__fmt_d_needed)
c:/program files/microchip/xc32/v4.20/bin/bin/../../lib/gcc/pic32c/8.3.1/../../../../pic32c/lib/arm/v5te/nofp\libg-musl.a(__fmt_o.o)
[...]
Memory Configuration

Name             Origin             Length             Attributes
sram             0x00300000         0x00010000         xw
ram              0x21000000         0x07000000         xwl !r
ram_nocache      0x20000000         0x01000000         !xrw
rom              0x00000000         0x00000000         xrl
*default*        0x00000000         0xffffffff

Linker script and memory map

LOAD c:/program files/microchip/xc32/v4.20/bin/bin/../../lib/gcc/pic32c/8.3.1/arm/v5te/nofp/crti.o
LOAD c:/program files/microchip/xc32/v4.20/bin/bin/../../lib/gcc/pic32c/8.3.1/arm/v5te/nofp/crtbegin.o
LOAD build/lcdc_rgba888_mxt_9x60_wvga/debug/_ext/236556520/bsp.o
LOAD build/lcdc_rgba888_mxt_9x60_wvga/debug/_ext/103208383/drv_i2c.o
LOAD build/lcdc_rgba888_mxt_9x60_wvga/debug/_ext/1959449242/drv_maxtouch.o
LOAD build/lcdc_rgba888_mxt_9x60_wvga/debug/_ext/1165331637/gfx_driver.o
LOAD build/lcdc_rgba888_mxt_9x60_wvga/debug/_ext/129784465/drv_gfx_lcdc.o
LOAD build/lcdc_rgba888_mxt_9x60_wvga/debug/_ext/305146849/legato_math.o
LOAD build/lcdc_rgba888_mxt_9x60_wvga/debug/_ext/305146849/legato_color_blend.o
LOAD build/lcdc_rgba888_mxt_9x60_wvga/debug/_ext/305146849/legato_color_convert.o
LOAD build/lcdc_rgba888_mxt_9x60_wvga/debug/_ext/305146849/legato_rect.o
LOAD build/lcdc_rgba888_mxt_9x60_wvga/debug/_ext/305146849/legato_color_value.o
LOAD build/lcdc_rgba888_mxt_9x60_wvga/debug/_ext/305146849/legato_utils.o
LOAD build/lcdc_rgba888_mxt_9x60_wvga/debug/_ext/305146849/legato_pixelbuffer.o
LOAD build/lcdc_rgba888_mxt_9x60_wvga/debug/_ext/305146849/legato_color_lerp.o
LOAD build/lcdc_rgba888_mxt_9x60_wvga/debug/_ext/305146849/legato_error.o
LOAD build/lcdc_rgba888_mxt_9x60_wvga/debug/_ext/305146849/legato_color.o
LOAD build/lcdc_rgba888_mxt_9x60_wvga/debug/_ext/1618192685/legato_state.o
LOAD build/lcdc_rgba888_mxt_9x60_wvga/debug/_ext/1618192685/legato_stream.o
LOAD build/lcdc_rgba888_mxt_9x60_wvga/debug/_ext/1618192685/legato_scheme.o
LOAD build/lcdc_rgba888_mxt_9x60_wvga/debug/_ext/1618192685/legato_event.o
LOAD build/lcdc_rgba888_mxt_9x60_wvga/debug/_ext/1618192685/legato_input.o
LOAD build/lcdc_rgba888_mxt_9x60_wvga/debug/_ext/109670485/legato_rectarray.o
LOAD build/lcdc_rgba888_mxt_9x60_wvga/debug/_ext/109670485/legato_array.o
LOAD build/lcdc_rgba888_mxt_9x60_wvga/debug/_ext/109670485/legato_list.o
LOAD build/lcdc_rgba888_mxt_9x60_wvga/debug/_ext/1618103421/legato_rasterfont_liberationmono1.o
LOAD build/lcdc_rgba888_mxt_9x60_wvga/debug/_ext/1618103421/legato_rasterfont_stream.o
LOAD build/lcdc_rgba888_mxt_9x60_wvga/debug/_ext/1618103421/legato_font.o
LOAD build/lcdc_rgba888_mxt_9x60_wvga/debug/_ext/1618103421/legato_rasterfont_liberationmono8.o
LOAD build/lcdc_rgba888_mxt_9x60_wvga/debug/_ext/644506877/le_gen_fonts.o
LOAD build/lcdc_rgba888_mxt_9x60_wvga/debug/_ext/1497821479/le_gen_images.o
LOAD build/lcdc_rgba888_mxt_9x60_wvga/debug/_ext/534613472/le_gen_screen_Screen0.o
LOAD build/lcdc_rgba888_mxt_9x60_wvga/debug/_ext/706129189/le_gen_init.o
LOAD build/lcdc_rgba888_mxt_9x60_wvga/debug/_ext/706129189/le_gen_globalpalette.o
LOAD build/lcdc_rgba888_mxt_9x60_wvga/debug/_ext/706129189/le_gen_scheme.o
LOAD build/lcdc_rgba888_mxt_9x60_wvga/debug/_ext/706129189/le_gen_stringtable.o
LOAD build/lcdc_rgba888_mxt_9x60_wvga/debug/_ext/706129189/le_gen_harmony.o
LOAD build/lcdc_rgba888_mxt_9x60_wvga/debug/_ext/2086705360/legato_imagedecoder_jpeg.o
LOAD build/lcdc_rgba888_mxt_9x60_wvga/debug/_ext/2086705360/legato_imagedecoder_jpeg_common.o
LOAD build/lcdc_rgba888_mxt_9x60_wvga/debug/_ext/2086705360/jidctint.o
LOAD build/lcdc_rgba888_mxt_9x60_wvga/debug/_ext/2086794059/legato_imagedecoder_mono_read_stream.o
LOAD build/lcdc_rgba888_mxt_9x60_wvga/debug/_ext/2086794059/legato_imagedecoder_mono_read_internal.o
LOAD build/lcdc_rgba888_mxt_9x60_wvga/debug/_ext/2086794059/legato_imagedecoder_mono.o
LOAD build/lcdc_rgba888_mxt_9x60_wvga/debug/_ext/1872343871/lodepng.o
LOAD build/lcdc_rgba888_mxt_9x60_wvga/debug/_ext/1872343871/legato_imagedecoder_png.o
LOAD build/lcdc_rgba888_mxt_9x60_wvga/debug/_ext/1872342336/legato_imagedecoder_raw_setup.o
LOAD build/lcdc_rgba888_mxt_9x60_wvga/debug/_ext/1872342336/legato_imagedecoder_raw_scale.o
LOAD build/lcdc_rgba888_mxt_9x60_wvga/debug/_ext/1872342336/legato_imagedecoder_raw.o
LOAD build/lcdc_rgba888_mxt_9x60_wvga/debug/_ext/1872342336/legato_imagedecoder_raw_read_internal.o
LOAD build/lcdc_rgba888_mxt_9x60_wvga/debug/_ext/1872342336/legato_imagedecoder_raw_write.o
LOAD build/lcdc_rgba888_mxt_9x60_wvga/debug/_ext/1872342336/legato_imagedecoder_raw_blend.o
LOAD build/lcdc_rgba888_mxt_9x60_wvga/debug/_ext/1872342336/legato_imagedecoder_raw_mask.o
LOAD build/lcdc_rgba888_mxt_9x60_wvga/debug/_ext/1872342336/legato_imagedecoder_raw_convert.o
LOAD build/lcdc_rgba888_mxt_9x60_wvga/debug/_ext/1872342336/legato_imagedecoder_raw_rotate.o
LOAD build/lcdc_rgba888_mxt_9x60_wvga/debug/_ext/1872342336/legato_imagedecoder_raw_read_stream_rleindex.o
LOAD build/lcdc_rgba888_mxt_9x60_wvga/debug/_ext/1872342336/legato_imagedecoder_raw_palette_internal.o
LOAD build/lcdc_rgba888_mxt_9x60_wvga/debug/_ext/1872342336/legato_imagedecoder_raw_read_stream_index.o
LOAD build/lcdc_rgba888_mxt_9x60_wvga/debug/_ext/1872342336/legato_imagedecoder_raw_read_stream_color.o
LOAD build/lcdc_rgba888_mxt_9x60_wvga/debug/_ext/1872342336/legato_imagedecoder_raw_read_stream_rlecolor.o
LOAD build/lcdc_rgba888_mxt_9x60_wvga/debug/_ext/1872342336/legato_imagedecoder_raw_palette_stream.o
LOAD build/lcdc_rgba888_mxt_9x60_wvga/debug/_ext/1381099687/legato_image_utils.o
LOAD build/lcdc_rgba888_mxt_9x60_wvga/debug/_ext/1381099687/legato_image.o
LOAD build/lcdc_rgba888_mxt_9x60_wvga/debug/_ext/1381099687/legato_palette.o
LOAD build/lcdc_rgba888_mxt_9x60_wvga/debug/_ext/28088523/legato_fixedheap.o
LOAD build/lcdc_rgba888_mxt_9x60_wvga/debug/_ext/28088523/legato_memory.o
LOAD build/lcdc_rgba888_mxt_9x60_wvga/debug/_ext/28088523/legato_variableheap.o
LOAD build/lcdc_rgba888_mxt_9x60_wvga/debug/_ext/1081070089/legato_draw_rect.o
LOAD build/lcdc_rgba888_mxt_9x60_wvga/debug/_ext/1081070089/legato_draw_line.o
LOAD build/lcdc_rgba888_mxt_9x60_wvga/debug/_ext/1081070089/legato_renderer.o
LOAD build/lcdc_rgba888_mxt_9x60_wvga/debug/_ext/1081070089/legato_draw.o
LOAD build/lcdc_rgba888_mxt_9x60_wvga/debug/_ext/1081070089/legato_draw_arc.o
LOAD build/lcdc_rgba888_mxt_9x60_wvga/debug/_ext/1081070089/legato_gpu.o
LOAD build/lcdc_rgba888_mxt_9x60_wvga/debug/_ext/157682245/legato_string_renderer.o
LOAD build/lcdc_rgba888_mxt_9x60_wvga/debug/_ext/157682245/legato_stringutils.o
LOAD build/lcdc_rgba888_mxt_9x60_wvga/debug/_ext/157682245/legato_dynamicstring.o
LOAD build/lcdc_rgba888_mxt_9x60_wvga/debug/_ext/157682245/legato_tablestring.o
LOAD build/lcdc_rgba888_mxt_9x60_wvga/debug/_ext/157682245/legato_string.o
LOAD build/lcdc_rgba888_mxt_9x60_wvga/debug/_ext/157682245/legato_string_renderer_stream.o
LOAD build/lcdc_rgba888_mxt_9x60_wvga/debug/_ext/157682245/legato_fixedstring.o
LOAD build/lcdc_rgba888_mxt_9x60_wvga/debug/_ext/157682245/legato_stringtable.o
LOAD build/lcdc_rgba888_mxt_9x60_wvga/debug/_ext/1029185477/legato_widget_arc.o
LOAD build/lcdc_rgba888_mxt_9x60_wvga/debug/_ext/1029185477/legato_widget_arc_skin_classic.o
LOAD build/lcdc_rgba888_mxt_9x60_wvga/debug/_ext/1946336466/legato_widget_bar_graph.o
LOAD build/lcdc_rgba888_mxt_9x60_wvga/debug/_ext/1946336466/legato_widget_bar_graph_skin_classic.o
LOAD build/lcdc_rgba888_mxt_9x60_wvga/debug/_ext/1339002025/legato_widget_button.o
LOAD build/lcdc_rgba888_mxt_9x60_wvga/debug/_ext/1339002025/legato_widget_button_skin_classic.o
LOAD build/lcdc_rgba888_mxt_9x60_wvga/debug/_ext/935657338/legato_widget_checkbox_skin_classic.o
LOAD build/lcdc_rgba888_mxt_9x60_wvga/debug/_ext/935657338/legato_widget_checkbox.o
LOAD build/lcdc_rgba888_mxt_9x60_wvga/debug/_ext/1356472903/legato_widget_circle_skin_classic.o
LOAD build/lcdc_rgba888_mxt_9x60_wvga/debug/_ext/1356472903/legato_widget_circle.o
LOAD build/lcdc_rgba888_mxt_9x60_wvga/debug/_ext/2122148963/legato_widget_circular_gauge.o
LOAD build/lcdc_rgba888_mxt_9x60_wvga/debug/_ext/2122148963/legato_widget_circular_gauge_skin_classic.o
LOAD build/lcdc_rgba888_mxt_9x60_wvga/debug/_ext/1715456695/legato_widget_circular_slider.o
LOAD build/lcdc_rgba888_mxt_9x60_wvga/debug/_ext/1715456695/legato_widget_circular_slider_skin_classic.o
LOAD build/lcdc_rgba888_mxt_9x60_wvga/debug/_ext/1444382766/legato_widget_drawsurface.o
LOAD build/lcdc_rgba888_mxt_9x60_wvga/debug/_ext/1444382766/legato_widget_drawsurface_skin_classic.o
LOAD build/lcdc_rgba888_mxt_9x60_wvga/debug/_ext/511583513/legato_widget_gradient_skin_classic.o
LOAD build/lcdc_rgba888_mxt_9x60_wvga/debug/_ext/511583513/legato_widget_gradient.o
LOAD build/lcdc_rgba888_mxt_9x60_wvga/debug/_ext/94869853/legato_widget_groupbox.o
LOAD build/lcdc_rgba888_mxt_9x60_wvga/debug/_ext/94869853/legato_widget_groupbox_skin_classic.o
LOAD build/lcdc_rgba888_mxt_9x60_wvga/debug/_ext/1197524732/legato_widget_image_skin_classic.o
LOAD build/lcdc_rgba888_mxt_9x60_wvga/debug/_ext/1197524732/legato_widget_image.o
LOAD build/lcdc_rgba888_mxt_9x60_wvga/debug/_ext/1694778207/legato_widget_imagerotate_skin_classic.o
LOAD build/lcdc_rgba888_mxt_9x60_wvga/debug/_ext/1694778207/legato_widget_imagerotate.o
LOAD build/lcdc_rgba888_mxt_9x60_wvga/debug/_ext/609407686/legato_widget_imagescale.o
LOAD build/lcdc_rgba888_mxt_9x60_wvga/debug/_ext/609407686/legato_widget_imagescale_skin_classic.o
LOAD build/lcdc_rgba888_mxt_9x60_wvga/debug/_ext/2015859515/legato_widget_imagesequence_skin_classic.o
LOAD build/lcdc_rgba888_mxt_9x60_wvga/debug/_ext/2015859515/legato_widget_imagesequence.o
LOAD build/lcdc_rgba888_mxt_9x60_wvga/debug/_ext/1582032715/legato_widget_keypad.o
LOAD build/lcdc_rgba888_mxt_9x60_wvga/debug/_ext/1582032715/legato_widget_keypad_skin_classic.o
LOAD build/lcdc_rgba888_mxt_9x60_wvga/debug/_ext/1195110755/legato_widget_label.o
LOAD build/lcdc_rgba888_mxt_9x60_wvga/debug/_ext/1195110755/legato_widget_label_skin_classic.o
LOAD build/lcdc_rgba888_mxt_9x60_wvga/debug/_ext/1839659221/legato_widget_line.o
LOAD build/lcdc_rgba888_mxt_9x60_wvga/debug/_ext/1839659221/legato_widget_line_skin_classic.o
LOAD build/lcdc_rgba888_mxt_9x60_wvga/debug/_ext/1047821571/legato_widget_line_graph.o
LOAD build/lcdc_rgba888_mxt_9x60_wvga/debug/_ext/1047821571/legato_widget_line_graph_skin_classic.o
LOAD build/lcdc_rgba888_mxt_9x60_wvga/debug/_ext/1839659051/legato_widget_list.o
LOAD build/lcdc_rgba888_mxt_9x60_wvga/debug/_ext/1839659051/legato_widget_list_skin_classic.o
LOAD build/lcdc_rgba888_mxt_9x60_wvga/debug/_ext/1634291878/legato_widget_listwheel.o
LOAD build/lcdc_rgba888_mxt_9x60_wvga/debug/_ext/1634291878/legato_widget_listwheel_skin_classic.o
LOAD build/lcdc_rgba888_mxt_9x60_wvga/debug/_ext/1290198647/legato_widget_pie_chart_skin_classic.o
LOAD build/lcdc_rgba888_mxt_9x60_wvga/debug/_ext/1290198647/legato_widget_pie_chart.o
LOAD build/lcdc_rgba888_mxt_9x60_wvga/debug/_ext/231973969/legato_widget_progressbar.o
LOAD build/lcdc_rgba888_mxt_9x60_wvga/debug/_ext/231973969/legato_widget_progressbar_skin_classic.o
LOAD build/lcdc_rgba888_mxt_9x60_wvga/debug/_ext/1643194869/legato_widget_radial_menu_state.o
LOAD build/lcdc_rgba888_mxt_9x60_wvga/debug/_ext/1643194869/legato_widget_radial_menu.o
LOAD build/lcdc_rgba888_mxt_9x60_wvga/debug/_ext/1643194869/legato_widget_radial_menu_skin_classic.o
LOAD build/lcdc_rgba888_mxt_9x60_wvga/debug/_ext/1338867754/legato_radiobutton_group.o
LOAD build/lcdc_rgba888_mxt_9x60_wvga/debug/_ext/1338867754/legato_widget_radiobutton.o
LOAD build/lcdc_rgba888_mxt_9x60_wvga/debug/_ext/1338867754/legato_widget_radiobutton_skin_classic.o
LOAD build/lcdc_rgba888_mxt_9x60_wvga/debug/_ext/337100648/legato_widget_rectangle.o
LOAD build/lcdc_rgba888_mxt_9x60_wvga/debug/_ext/337100648/legato_widget_rectangle_skin_classic.o
LOAD build/lcdc_rgba888_mxt_9x60_wvga/debug/_ext/1040606897/legato_widget_scrollbar.o
LOAD build/lcdc_rgba888_mxt_9x60_wvga/debug/_ext/1040606897/legato_widget_scrollbar_skin_classic.o
LOAD build/lcdc_rgba888_mxt_9x60_wvga/debug/_ext/1817042520/legato_widget_slider.o
LOAD build/lcdc_rgba888_mxt_9x60_wvga/debug/_ext/1817042520/legato_widget_slider_skin_classic.o
LOAD build/lcdc_rgba888_mxt_9x60_wvga/debug/_ext/1805132566/legato_widget_textfield.o
LOAD build/lcdc_rgba888_mxt_9x60_wvga/debug/_ext/1805132566/legato_widget_textfield_skin_classic.o
LOAD build/lcdc_rgba888_mxt_9x60_wvga/debug/_ext/1093664902/legato_widget_touchtest.o
LOAD build/lcdc_rgba888_mxt_9x60_wvga/debug/_ext/1093664902/legato_widget_touchtest_skin_classic.o
LOAD build/lcdc_rgba888_mxt_9x60_wvga/debug/_ext/1928937831/legato_widget_window_skin_classic.o
LOAD build/lcdc_rgba888_mxt_9x60_wvga/debug/_ext/1928937831/legato_widget_window.o
LOAD build/lcdc_rgba888_mxt_9x60_wvga/debug/_ext/261620856/legato_widget_skin_classic.o
LOAD build/lcdc_rgba888_mxt_9x60_wvga/debug/_ext/261620856/legato_widget.o
LOAD build/lcdc_rgba888_mxt_9x60_wvga/debug/_ext/261620856/legato_editwidget.o
LOAD build/lcdc_rgba888_mxt_9x60_wvga/debug/_ext/261620856/legato_widget_skin_classic_common.o
LOAD build/lcdc_rgba888_mxt_9x60_wvga/debug/_ext/4986847/plib_aic.o
LOAD build/lcdc_rgba888_mxt_9x60_wvga/debug/_ext/4988870/plib_clk.o
LOAD build/lcdc_rgba888_mxt_9x60_wvga/debug/_ext/813772974/plib_flexcom6_twi_master.o
LOAD build/lcdc_rgba888_mxt_9x60_wvga/debug/_ext/154914322/plib_lcdc.o
LOAD build/lcdc_rgba888_mxt_9x60_wvga/debug/_ext/4998521/plib_mmu.o
LOAD build/lcdc_rgba888_mxt_9x60_wvga/debug/_ext/5001274/plib_pio.o
LOAD build/lcdc_rgba888_mxt_9x60_wvga/debug/_ext/1247087435/plib_tc0.o
LOAD build/lcdc_rgba888_mxt_9x60_wvga/debug/_ext/286729486/xc32_monitor.o
LOAD build/lcdc_rgba888_mxt_9x60_wvga/debug/_ext/1408246553/sys_cache.o
LOAD build/lcdc_rgba888_mxt_9x60_wvga/debug/_ext/1414187873/sys_input.o
LOAD build/lcdc_rgba888_mxt_9x60_wvga/debug/_ext/1414187873/sys_input_listener.o
LOAD build/lcdc_rgba888_mxt_9x60_wvga/debug/_ext/1826491803/sys_int.o
LOAD build/lcdc_rgba888_mxt_9x60_wvga/debug/_ext/1812361045/sys_time.o
LOAD build/lcdc_rgba888_mxt_9x60_wvga/debug/_ext/2052985144/initialization.o
LOAD build/lcdc_rgba888_mxt_9x60_wvga/debug/_ext/2052985144/cstartup.o
LOAD build/lcdc_rgba888_mxt_9x60_wvga/debug/_ext/2052985144/fault_handlers.o
LOAD build/lcdc_rgba888_mxt_9x60_wvga/debug/_ext/2052985144/interrupts.o
LOAD build/lcdc_rgba888_mxt_9x60_wvga/debug/_ext/2052985144/tasks.o
LOAD build/lcdc_rgba888_mxt_9x60_wvga/debug/_ext/1360937237/app.o
LOAD build/lcdc_rgba888_mxt_9x60_wvga/debug/_ext/1360937237/main.o
                0x00000001                __MPLAB_BUILD = 0x1
                0x00001000                C_STACK_SIZE = 0x1000
                0x00000060                IRQ_STACK_SIZE = 0x60
                0x00000060                FIQ_STACK_SIZE = 0x60
                0x00001000                SVC_STACK_SIZE = 0x1000
                0x00000040                ABT_STACK_SIZE = 0x40
                0x00000040                UND_STACK_SIZE = 0x40

.text           0x23f00000    0xcc31c
                0x23f00000                . = ALIGN (0x4)
                [!provide]                PROVIDE (_sfixed = .)
 *(.textEntry)
 .textEntry     0x23f00000      0x110 build/lcdc_rgba888_mxt_9x60_wvga/debug/_ext/2052985144/cstartup.o
                0x23f00000                entry
 *(.text .text.* .gnu.linkonce.t.*)
 .text          0x23f00110       0x70 c:/program files/microchip/xc32/v4.20/bin/bin/../../lib/gcc/pic32c/8.3.1/arm/v5te/nofp/crtbegin.o
 .text.BSP_Initialize
                0x23f00180       0x20 build/lcdc_rgba888_mxt_9x60_wvga/debug/_ext/236556520/bsp.o
                0x23f00180                BSP_Initialize
 .text._DRV_I2C_DriverHandleValidate
                0x23f001a0       0x6c build/lcdc_rgba888_mxt_9x60_wvga/debug/_ext/103208383/drv_i2c.o
 .text._DRV_I2C_RemoveTransferObjFromList
                0x23f0020c       0x28 build/lcdc_rgba888_mxt_9x60_wvga/debug/_ext/103208383/drv_i2c.o
 .text._DRV_I2C_RemoveClientTransfersFromList
                0x23f00234       0x5c build/lcdc_rgba888_mxt_9x60_wvga/debug/_ext/103208383/drv_i2c.o
 .text._DRV_I2C_ClientCallback
                0x23f00290       0x80 build/lcdc_rgba888_mxt_9x60_wvga/debug/_ext/103208383/drv_i2c.o
 .text._DRV_I2C_NextTransferInitiate
                0x23f00310      0x12c build/lcdc_rgba888_mxt_9x60_wvga/debug/_ext/103208383/drv_i2c.o
 .text._DRV_I2C_ResourceLock
                0x23f0043c       0xdc build/lcdc_rgba888_mxt_9x60_wvga/debug/_ext/103208383/drv_i2c.o
 .text._DRV_I2C_ResourceUnlock
                0x23f00518       0xbc build/lcdc_rgba888_mxt_9x60_wvga/debug/_ext/103208383/drv_i2c.o
 .text._DRV_I2C_WriteReadTransferAdd
                0x23f005d4      0x360 build/lcdc_rgba888_mxt_9x60_wvga/debug/_ext/103208383/drv_i2c.o
 .text._DRV_I2C_PLibCallbackHandler
                0x23f00934       0x84 build/lcdc_rgba888_mxt_9x60_wvga/debug/_ext/103208383/drv_i2c.o
 .text.DRV_I2C_Initialize
                0x23f009b8       0xbc build/lcdc_rgba888_mxt_9x60_wvga/debug/_ext/103208383/drv_i2c.o
                0x23f009b8                DRV_I2C_Initialize
 .text.DRV_I2C_Open
                0x23f00a74      0x1ac build/lcdc_rgba888_mxt_9x60_wvga/debug/_ext/103208383/drv_i2c.o
                0x23f00a74                DRV_I2C_Open
 .text.DRV_I2C_Close
                0x23f00c20       0x98 build/lcdc_rgba888_mxt_9x60_wvga/debug/_ext/103208383/drv_i2c.o
                0x23f00c20                DRV_I2C_Close
 .text.DRV_I2C_TransferEventHandlerSet
                0x23f00cb8       0x50 build/lcdc_rgba888_mxt_9x60_wvga/debug/_ext/103208383/drv_i2c.o
                0x23f00cb8                DRV_I2C_TransferEventHandlerSet
 .text.DRV_I2C_ReadTransferAdd
                0x23f00d08       0x34 build/lcdc_rgba888_mxt_9x60_wvga/debug/_ext/103208383/drv_i2c.o
                0x23f00d08                DRV_I2C_ReadTransferAdd
 .text.DRV_I2C_WriteTransferAdd
                0x23f00d3c       0x30 build/lcdc_rgba888_mxt_9x60_wvga/debug/_ext/103208383/drv_i2c.o
                0x23f00d3c                DRV_I2C_WriteTransferAdd
 .text.DRV_MAXTOUCH_I2CEventHandler
                0x23f00d6c      0x23c build/lcdc_rgba888_mxt_9x60_wvga/debug/_ext/1959449242/drv_maxtouch.o
                0x23f00d6c                DRV_MAXTOUCH_I2CEventHandler
 .text._RegWrite16
                0x23f00fa8       0x60 build/lcdc_rgba888_mxt_9x60_wvga/debug/_ext/1959449242/drv_maxtouch.o
 .text.resetTimer_Callback
                0x23f01008       0x70 build/lcdc_rgba888_mxt_9x60_wvga/debug/_ext/1959449242/drv_maxtouch.o
 .text._MessageObjectRead
                0x23f01078       0x94 build/lcdc_rgba888_mxt_9x60_wvga/debug/_ext/1959449242/drv_maxtouch.o
 .text.mxt_proc_t100_message
                0x23f0110c       0xd4 build/lcdc_rgba888_mxt_9x60_wvga/debug/_ext/1959449242/drv_maxtouch.o
 .text._mxt_DelayMS
                0x23f011e0       0x38 build/lcdc_rgba888_mxt_9x60_wvga/debug/_ext/1959449242/drv_maxtouch.o
 .text.mxt_calculate_crc
                0x23f01218       0xac build/lcdc_rgba888_mxt_9x60_wvga/debug/_ext/1959449242/drv_maxtouch.o
 .text.MXT_INTERRUPT_PIN_VALUE_GET
                0x23f012c4       0x14 build/lcdc_rgba888_mxt_9x60_wvga/debug/_ext/1959449242/drv_maxtouch.o
                0x23f012c4                MXT_INTERRUPT_PIN_VALUE_GET
 .text.DRV_MAXTOUCH_Initialize
                0x23f012d8       0xd4 build/lcdc_rgba888_mxt_9x60_wvga/debug/_ext/1959449242/drv_maxtouch.o
                0x23f012d8                DRV_MAXTOUCH_Initialize
 .text.DRV_MAXTOUCH_Open
                0x23f013ac      0x12c build/lcdc_rgba888_mxt_9x60_wvga/debug/_ext/1959449242/drv_maxtouch.o
                0x23f013ac                DRV_MAXTOUCH_Open
 .text.DRV_MAXTOUCH_Tasks
                0x23f014d8      0xadc build/lcdc_rgba888_mxt_9x60_wvga/debug/_ext/1959449242/drv_maxtouch.o
                0x23f014d8                DRV_MAXTOUCH_Tasks
 .text.gfxPixelBufferCreate
                0x23f01fb4       0xd8 build/lcdc_rgba888_mxt_9x60_wvga/debug/_ext/1165331637/gfx_driver.o
                0x23f01fb4                gfxPixelBufferCreate
 .text.gfxPixelBufferOffsetGet
                0x23f0208c       0x4c build/lcdc_rgba888_mxt_9x60_wvga/debug/_ext/1165331637/gfx_driver.o
                0x23f0208c                gfxPixelBufferOffsetGet
 .text.gfxPixelBuffer_IsLocked
                0x23f020d8       0x14 build/lcdc_rgba888_mxt_9x60_wvga/debug/_ext/1165331637/gfx_driver.o
                0x23f020d8                gfxPixelBuffer_IsLocked
 .text._IntHandlerLayerReadComplete
                0x23f020ec       0x34 build/lcdc_rgba888_mxt_9x60_wvga/debug/_ext/129784465/drv_gfx_lcdc.o
                0x23f020ec                _IntHandlerLayerReadComplete
 .text.DRV_LCDC_Update
                0x23f02120       0x20 build/lcdc_rgba888_mxt_9x60_wvga/debug/_ext/129784465/drv_gfx_lcdc.o
                0x23f02120                DRV_LCDC_Update
 .text.LCDC_BrightnessSet
                0x23f02140       0x24 build/lcdc_rgba888_mxt_9x60_wvga/debug/_ext/129784465/drv_gfx_lcdc.o
                0x23f02140                LCDC_BrightnessSet
 .text.DRV_LCDC_Initialize
                0x23f02164      0x380 build/lcdc_rgba888_mxt_9x60_wvga/debug/_ext/129784465/drv_gfx_lcdc.o
                0x23f02164                DRV_LCDC_Initialize
 .text.DRV_LCDC_BlitBuffer
                0x23f024e4       0xe8 build/lcdc_rgba888_mxt_9x60_wvga/debug/_ext/129784465/drv_gfx_lcdc.o
                0x23f024e4                DRV_LCDC_BlitBuffer
 .text.DRV_LCDC_IOCTL
                0x23f025cc      0x218 build/lcdc_rgba888_mxt_9x60_wvga/debug/_ext/129784465/drv_gfx_lcdc.o
                0x23f025cc                DRV_LCDC_IOCTL
 .text.leQueryArcQuadrants
                0x23f027e4      0x124 build/lcdc_rgba888_mxt_9x60_wvga/debug/_ext/305146849/legato_math.o
 .text.leNormalizeAngle
                0x23f02908       0x30 build/lcdc_rgba888_mxt_9x60_wvga/debug/_ext/305146849/legato_math.o
                0x23f02908                leNormalizeAngle
 .text.leSin    0x23f02938       0x80 build/lcdc_rgba888_mxt_9x60_wvga/debug/_ext/305146849/legato_math.o
                0x23f02938                leSin
 .text.leCos    0x23f029b8       0x78 build/lcdc_rgba888_mxt_9x60_wvga/debug/_ext/305146849/legato_math.o
                0x23f029b8                leCos
 .text.lePolarToXY
                0x23f02a30       0x60 build/lcdc_rgba888_mxt_9x60_wvga/debug/_ext/305146849/legato_math.o
                0x23f02a30                lePolarToXY
 .text.leMini   0x23f02a90        0xc build/lcdc_rgba888_mxt_9x60_wvga/debug/_ext/305146849/legato_math.o
                0x23f02a90                leMini
 .text.leMaxi   0x23f02a9c        0xc build/lcdc_rgba888_mxt_9x60_wvga/debug/_ext/305146849/legato_math.o
                0x23f02a9c                leMaxi
 .text.leClampi
                0x23f02aa8       0x18 build/lcdc_rgba888_mxt_9x60_wvga/debug/_ext/305146849/legato_math.o
                0x23f02aa8                leClampi
 .text.lePercent
                0x23f02ac0       0x1c build/lcdc_rgba888_mxt_9x60_wvga/debug/_ext/305146849/legato_math.o
                0x23f02ac0                lePercent
 .text.lePercentWholeRounded
                0x23f02adc       0x3c build/lcdc_rgba888_mxt_9x60_wvga/debug/_ext/305146849/legato_math.o
                0x23f02adc                lePercentWholeRounded
 .text.lePercentOf
                0x23f02b18       0x58 build/lcdc_rgba888_mxt_9x60_wvga/debug/_ext/305146849/legato_math.o
                0x23f02b18                lePercentOf
 .text.leScaleInteger
                0x23f02b70       0x44 build/lcdc_rgba888_mxt_9x60_wvga/debug/_ext/305146849/legato_math.o
                0x23f02b70                leScaleInteger
 .text.leLerp   0x23f02bb4       0x58 build/lcdc_rgba888_mxt_9x60_wvga/debug/_ext/305146849/legato_math.o
                0x23f02bb4                leLerp
 .text.lePointOnLineSide
                0x23f02c0c       0x60 build/lcdc_rgba888_mxt_9x60_wvga/debug/_ext/305146849/legato_math.o
                0x23f02c0c                lePointOnLineSide
 .text.leRotatePoint
                0x23f02c6c       0xbc build/lcdc_rgba888_mxt_9x60_wvga/debug/_ext/305146849/legato_math.o
                0x23f02c6c                leRotatePoint
 .text.leRotatedRectBounds
                0x23f02d28      0x14c build/lcdc_rgba888_mxt_9x60_wvga/debug/_ext/305146849/legato_math.o
                0x23f02d28                leRotatedRectBounds
 .text.leSqrt   0x23f02e74       0x58 build/lcdc_rgba888_mxt_9x60_wvga/debug/_ext/305146849/legato_math.o
                0x23f02e74                leSqrt
 .text.lePointOnCircle
                0x23f02ecc       0x30 build/lcdc_rgba888_mxt_9x60_wvga/debug/_ext/305146849/legato_math.o
                0x23f02ecc                lePointOnCircle
 .text.leResolveAngles
                0x23f02efc      0x2a8 build/lcdc_rgba888_mxt_9x60_wvga/debug/_ext/305146849/legato_math.o
                0x23f02efc                leResolveAngles
 .text.leRound  0x23f031a4       0xa0 build/lcdc_rgba888_mxt_9x60_wvga/debug/_ext/305146849/legato_math.o
                0x23f031a4                leRound
 .text.leColorBlend_RGBA_8888
                0x23f03244      0x168 build/lcdc_rgba888_mxt_9x60_wvga/debug/_ext/305146849/legato_color_blend.o
                0x23f03244                leColorBlend_RGBA_8888
 .text.leColorBlend_ARGB_8888
                0x23f033ac      0x14c build/lcdc_rgba888_mxt_9x60_wvga/debug/_ext/305146849/legato_color_blend.o
                0x23f033ac                leColorBlend_ARGB_8888
 .text.no_conv  0x23f034f8        0x4 build/lcdc_rgba888_mxt_9x60_wvga/debug/_ext/305146849/legato_color_convert.o
 .text.gs8_rgb332
                0x23f034fc       0x10 build/lcdc_rgba888_mxt_9x60_wvga/debug/_ext/305146849/legato_color_convert.o
 .text.gs8_rgb565
                0x23f0350c       0x20 build/lcdc_rgba888_mxt_9x60_wvga/debug/_ext/305146849/legato_color_convert.o
 .text.gs8_rgba5551
                0x23f0352c       0x28 build/lcdc_rgba888_mxt_9x60_wvga/debug/_ext/305146849/legato_color_convert.o
 .text.gs8_rgb888
                0x23f03554       0x10 build/lcdc_rgba888_mxt_9x60_wvga/debug/_ext/305146849/legato_color_convert.o
 .text.gs8_rgba8888
                0x23f03564       0x14 build/lcdc_rgba888_mxt_9x60_wvga/debug/_ext/305146849/legato_color_convert.o
 .text.gs8_argb8888
                0x23f03578       0x14 build/lcdc_rgba888_mxt_9x60_wvga/debug/_ext/305146849/legato_color_convert.o
 .text.gs8_mono
                0x23f0358c       0x10 build/lcdc_rgba888_mxt_9x60_wvga/debug/_ext/305146849/legato_color_convert.o
 .text.rgb332_rgb565
                0x23f0359c       0x2c build/lcdc_rgba888_mxt_9x60_wvga/debug/_ext/305146849/legato_color_convert.o
 .text.rgb332_rgba5551
                0x23f035c8       0x2c build/lcdc_rgba888_mxt_9x60_wvga/debug/_ext/305146849/legato_color_convert.o
 .text.rgb332_rgb888
                0x23f035f4       0x30 build/lcdc_rgba888_mxt_9x60_wvga/debug/_ext/305146849/legato_color_convert.o
 .text.rgb332_rgba8888
                0x23f03624       0x2c build/lcdc_rgba888_mxt_9x60_wvga/debug/_ext/305146849/legato_color_convert.o
 .text.rgb332_argb8888
                0x23f03650       0x30 build/lcdc_rgba888_mxt_9x60_wvga/debug/_ext/305146849/legato_color_convert.o
 .text.rgb565_rgb332
                0x23f03680       0x20 build/lcdc_rgba888_mxt_9x60_wvga/debug/_ext/305146849/legato_color_convert.o
 .text.rgb565_rgba5551
                0x23f036a0       0x20 build/lcdc_rgba888_mxt_9x60_wvga/debug/_ext/305146849/legato_color_convert.o
 .text.rgb565_rgb888
                0x23f036c0       0x24 build/lcdc_rgba888_mxt_9x60_wvga/debug/_ext/305146849/legato_color_convert.o
 .text.rgb565_rgba8888
                0x23f036e4       0x24 build/lcdc_rgba888_mxt_9x60_wvga/debug/_ext/305146849/legato_color_convert.o
 .text.rgb565_argb8888
                0x23f03708       0x28 build/lcdc_rgba888_mxt_9x60_wvga/debug/_ext/305146849/legato_color_convert.o
 .text.rgba5551_gs8
                0x23f03730        0x4 build/lcdc_rgba888_mxt_9x60_wvga/debug/_ext/305146849/legato_color_convert.o
 .text.rgba5551_rgb332
                0x23f03734       0x20 build/lcdc_rgba888_mxt_9x60_wvga/debug/_ext/305146849/legato_color_convert.o
 .text.rgba5551_rgb565
                0x23f03754       0x1c build/lcdc_rgba888_mxt_9x60_wvga/debug/_ext/305146849/legato_color_convert.o
 .text.rgba5551_rgb888
                0x23f03770       0x30 build/lcdc_rgba888_mxt_9x60_wvga/debug/_ext/305146849/legato_color_convert.o
 .text.rgba5551_rgba8888
                0x23f037a0       0x40 build/lcdc_rgba888_mxt_9x60_wvga/debug/_ext/305146849/legato_color_convert.o
 .text.rgba5551_argb8888
                0x23f037e0       0x40 build/lcdc_rgba888_mxt_9x60_wvga/debug/_ext/305146849/legato_color_convert.o
 .text.rgb888_gs8
                0x23f03820        0x4 build/lcdc_rgba888_mxt_9x60_wvga/debug/_ext/305146849/legato_color_convert.o
 .text.rgb888_rgb332
                0x23f03824       0x24 build/lcdc_rgba888_mxt_9x60_wvga/debug/_ext/305146849/legato_color_convert.o
 .text.rgb888_rgb565
                0x23f03848       0x20 build/lcdc_rgba888_mxt_9x60_wvga/debug/_ext/305146849/legato_color_convert.o
 .text.rgb888_rgba5551
                0x23f03868       0x28 build/lcdc_rgba888_mxt_9x60_wvga/debug/_ext/305146849/legato_color_convert.o
 .text.rgb888_rgba8888
                0x23f03890        0xc build/lcdc_rgba888_mxt_9x60_wvga/debug/_ext/305146849/legato_color_convert.o
 .text.rgb888_argb8888
                0x23f0389c        0x8 build/lcdc_rgba888_mxt_9x60_wvga/debug/_ext/305146849/legato_color_convert.o
 .text.rgba8888_gs8
                0x23f038a4        0x4 build/lcdc_rgba888_mxt_9x60_wvga/debug/_ext/305146849/legato_color_convert.o
 .text.rgba8888_rgb332
                0x23f038a8       0x20 build/lcdc_rgba888_mxt_9x60_wvga/debug/_ext/305146849/legato_color_convert.o
 .text.rgba8888_rgb565
                0x23f038c8       0x20 build/lcdc_rgba888_mxt_9x60_wvga/debug/_ext/305146849/legato_color_convert.o
 .text.rgba8888_rgba5551
                0x23f038e8       0x34 build/lcdc_rgba888_mxt_9x60_wvga/debug/_ext/305146849/legato_color_convert.o
 .text.rgba8888_rgb888
                0x23f0391c        0x8 build/lcdc_rgba888_mxt_9x60_wvga/debug/_ext/305146849/legato_color_convert.o
 .text.rgba8888_argb8888
                0x23f03924        0x8 build/lcdc_rgba888_mxt_9x60_wvga/debug/_ext/305146849/legato_color_convert.o
 .text.argb8888_rgba5551
                0x23f0392c       0x34 build/lcdc_rgba888_mxt_9x60_wvga/debug/_ext/305146849/legato_color_convert.o
 .text.argb8888_rgb888
                0x23f03960        0x8 build/lcdc_rgba888_mxt_9x60_wvga/debug/_ext/305146849/legato_color_convert.o
 .text.argb8888_rgba8888
                0x23f03968        0x8 build/lcdc_rgba888_mxt_9x60_wvga/debug/_ext/305146849/legato_color_convert.o
 .text.rgb565_gs8
                0x23f03970       0x54 build/lcdc_rgba888_mxt_9x60_wvga/debug/_ext/305146849/legato_color_convert.o
 .text.rgb332_gs8
                0x23f039c4       0x54 build/lcdc_rgba888_mxt_9x60_wvga/debug/_ext/305146849/legato_color_convert.o
 .text.leColorConvert
                0x23f03a18       0x28 build/lcdc_rgba888_mxt_9x60_wvga/debug/_ext/305146849/legato_color_convert.o
                0x23f03a18                leColorConvert
 .text.leRectContainsPoint
                0x23f03a40       0x60 build/lcdc_rgba888_mxt_9x60_wvga/debug/_ext/305146849/legato_rect.o
                0x23f03a40                leRectContainsPoint
 .text.leRectContainsRect
                0x23f03aa0       0x70 build/lcdc_rgba888_mxt_9x60_wvga/debug/_ext/305146849/legato_rect.o
                0x23f03aa0                leRectContainsRect
 .text.leRectIntersects
                0x23f03b10       0x70 build/lcdc_rgba888_mxt_9x60_wvga/debug/_ext/305146849/legato_rect.o
                0x23f03b10                leRectIntersects
 .text.leRectCombine
                0x23f03b80       0x88 build/lcdc_rgba888_mxt_9x60_wvga/debug/_ext/305146849/legato_rect.o
                0x23f03b80                leRectCombine
 .text.leRectClipAdj
                0x23f03c08      0x180 build/lcdc_rgba888_mxt_9x60_wvga/debug/_ext/305146849/legato_rect.o
                0x23f03c08                leRectClipAdj
 .text.leRectClip
                0x23f03d88       0xa0 build/lcdc_rgba888_mxt_9x60_wvga/debug/_ext/305146849/legato_rect.o
                0x23f03d88                leRectClip
 .text.leRectCompare
                0x23f03e28       0x60 build/lcdc_rgba888_mxt_9x60_wvga/debug/_ext/305146849/legato_rect.o
                0x23f03e28                leRectCompare
 .text.leRectsAreSimilar
                0x23f03e88       0xcc build/lcdc_rgba888_mxt_9x60_wvga/debug/_ext/305146849/legato_rect.o
                0x23f03e88                leRectsAreSimilar
 .text.leUtils_PickFromWidget
                0x23f03f54       0xe4 build/lcdc_rgba888_mxt_9x60_wvga/debug/_ext/305146849/legato_utils.o
                0x23f03f54                leUtils_PickFromWidget
 .text.leUtils_ClipRectToParent
                0x23f04038       0x84 build/lcdc_rgba888_mxt_9x60_wvga/debug/_ext/305146849/legato_utils.o
                0x23f04038                leUtils_ClipRectToParent
 .text.leUtils_RectToScreenSpace
                0x23f040bc       0x44 build/lcdc_rgba888_mxt_9x60_wvga/debug/_ext/305146849/legato_utils.o
                0x23f040bc                leUtils_RectToScreenSpace
 .text.leUtils_ClipRectToAncestors
                0x23f04100       0x94 build/lcdc_rgba888_mxt_9x60_wvga/debug/_ext/305146849/legato_utils.o
                0x23f04100                leUtils_ClipRectToAncestors
 .text.leUtils_ArrangeRectangle
                0x23f04194      0x280 build/lcdc_rgba888_mxt_9x60_wvga/debug/_ext/305146849/legato_utils.o
                0x23f04194                leUtils_ArrangeRectangle
 .text.leUtils_ArrangeRectangleRelative
                0x23f04414      0x2b0 build/lcdc_rgba888_mxt_9x60_wvga/debug/_ext/305146849/legato_utils.o
                0x23f04414                leUtils_ArrangeRectangleRelative
 .text.leUtils_GetSchemeLookupTable
                0x23f046c4       0x64 build/lcdc_rgba888_mxt_9x60_wvga/debug/_ext/305146849/legato_utils.o
                0x23f046c4                leUtils_GetSchemeLookupTable
 .text.indexGet1bpp
                0x23f04728       0x20 build/lcdc_rgba888_mxt_9x60_wvga/debug/_ext/305146849/legato_pixelbuffer.o
 .text.indexGet4bpp
                0x23f04748       0x18 build/lcdc_rgba888_mxt_9x60_wvga/debug/_ext/305146849/legato_pixelbuffer.o
 .text.indexGet
                0x23f04760       0x64 build/lcdc_rgba888_mxt_9x60_wvga/debug/_ext/305146849/legato_pixelbuffer.o
 .text.get1byte
                0x23f047c4        0x8 build/lcdc_rgba888_mxt_9x60_wvga/debug/_ext/305146849/legato_pixelbuffer.o
 .text.get2byte
                0x23f047cc        0x8 build/lcdc_rgba888_mxt_9x60_wvga/debug/_ext/305146849/legato_pixelbuffer.o
 .text.get3byte
                0x23f047d4       0x1c build/lcdc_rgba888_mxt_9x60_wvga/debug/_ext/305146849/legato_pixelbuffer.o
 .text.get4byte
                0x23f047f0        0x8 build/lcdc_rgba888_mxt_9x60_wvga/debug/_ext/305146849/legato_pixelbuffer.o
 .text.set1byte
                0x23f047f8        0xc build/lcdc_rgba888_mxt_9x60_wvga/debug/_ext/305146849/legato_pixelbuffer.o
 .text.set2byte
                0x23f04804        0xc build/lcdc_rgba888_mxt_9x60_wvga/debug/_ext/305146849/legato_pixelbuffer.o
 .text.set3byte
                0x23f04810       0x1c build/lcdc_rgba888_mxt_9x60_wvga/debug/_ext/305146849/legato_pixelbuffer.o
 .text.set4byte
                0x23f0482c        0xc build/lcdc_rgba888_mxt_9x60_wvga/debug/_ext/305146849/legato_pixelbuffer.o
 .text.lePixelBufferCreate
                0x23f04838       0xd0 build/lcdc_rgba888_mxt_9x60_wvga/debug/_ext/305146849/legato_pixelbuffer.o
                0x23f04838                lePixelBufferCreate
 .text.lePixelBufferOffsetGet
                0x23f04908       0x5c build/lcdc_rgba888_mxt_9x60_wvga/debug/_ext/305146849/legato_pixelbuffer.o
                0x23f04908                lePixelBufferOffsetGet
 .text.lePixelBufferOffsetGet_Unsafe
                0x23f04964       0x44 build/lcdc_rgba888_mxt_9x60_wvga/debug/_ext/305146849/legato_pixelbuffer.o
                0x23f04964                lePixelBufferOffsetGet_Unsafe
 .text.lePixelBufferGet_Unsafe
                0x23f049a8       0x64 build/lcdc_rgba888_mxt_9x60_wvga/debug/_ext/305146849/legato_pixelbuffer.o
                0x23f049a8                lePixelBufferGet_Unsafe
 .text.lePixelBufferGet
                0x23f04a0c       0x34 build/lcdc_rgba888_mxt_9x60_wvga/debug/_ext/305146849/legato_pixelbuffer.o
                0x23f04a0c                lePixelBufferGet
 .text.lePixelBufferClipRect
                0x23f04a40       0x84 build/lcdc_rgba888_mxt_9x60_wvga/debug/_ext/305146849/legato_pixelbuffer.o
                0x23f04a40                lePixelBufferClipRect
 .text.lePixelBufferGetIndex_Unsafe
                0x23f04ac4       0x2c build/lcdc_rgba888_mxt_9x60_wvga/debug/_ext/305146849/legato_pixelbuffer.o
                0x23f04ac4                lePixelBufferGetIndex_Unsafe
 .text.lePixelBufferSet_Unsafe
                0x23f04af0       0x7c build/lcdc_rgba888_mxt_9x60_wvga/debug/_ext/305146849/legato_pixelbuffer.o
                0x23f04af0                lePixelBufferSet_Unsafe
 .text.lePixelBufferSet
                0x23f04b6c       0x28 build/lcdc_rgba888_mxt_9x60_wvga/debug/_ext/305146849/legato_pixelbuffer.o
                0x23f04b6c                lePixelBufferSet
 .text.lePixelBufferAreaFill_Unsafe
                0x23f04b94      0x110 build/lcdc_rgba888_mxt_9x60_wvga/debug/_ext/305146849/legato_pixelbuffer.o
                0x23f04b94                lePixelBufferAreaFill_Unsafe
 .text.lePixelBufferAreaFill
                0x23f04ca4       0x70 build/lcdc_rgba888_mxt_9x60_wvga/debug/_ext/305146849/legato_pixelbuffer.o
                0x23f04ca4                lePixelBufferAreaFill
 .text.lePixelBufferCopy
                0x23f04d14       0xd8 build/lcdc_rgba888_mxt_9x60_wvga/debug/_ext/305146849/legato_pixelbuffer.o
                0x23f04d14                lePixelBufferCopy
 .text.lerp_argb8888
                0x23f04dec       0x78 build/lcdc_rgba888_mxt_9x60_wvga/debug/_ext/305146849/legato_color_lerp.o
 .text.lerp_rgba8888
                0x23f04e64       0x78 build/lcdc_rgba888_mxt_9x60_wvga/debug/_ext/305146849/legato_color_lerp.o
 .text.lerp_rgb888
                0x23f04edc       0x60 build/lcdc_rgba888_mxt_9x60_wvga/debug/_ext/305146849/legato_color_lerp.o
 .text.lerp_rgba5551
                0x23f04f3c       0x74 build/lcdc_rgba888_mxt_9x60_wvga/debug/_ext/305146849/legato_color_lerp.o
 .text.lerp_rgb565
                0x23f04fb0       0x60 build/lcdc_rgba888_mxt_9x60_wvga/debug/_ext/305146849/legato_color_lerp.o
 .text.lerp_rgb332
                0x23f05010       0x60 build/lcdc_rgba888_mxt_9x60_wvga/debug/_ext/305146849/legato_color_lerp.o
 .text.lerp_gs8
                0x23f05070        0xc build/lcdc_rgba888_mxt_9x60_wvga/debug/_ext/305146849/legato_color_lerp.o
 .text.leColorLerp
                0x23f0507c       0x40 build/lcdc_rgba888_mxt_9x60_wvga/debug/_ext/305146849/legato_color_lerp.o
                0x23f0507c                leColorLerp
 .text.leColorBilerp
                0x23f050bc       0x5c build/lcdc_rgba888_mxt_9x60_wvga/debug/_ext/305146849/legato_color_lerp.o
                0x23f050bc                leColorBilerp
 .text.leColorChannelAlpha
                0x23f05118       0x30 build/lcdc_rgba888_mxt_9x60_wvga/debug/_ext/305146849/legato_color.o
                0x23f05118                leColorChannelAlpha
 .text.leColorSwap
                0x23f05148       0xa8 build/lcdc_rgba888_mxt_9x60_wvga/debug/_ext/305146849/legato_color.o
                0x23f05148                leColorSwap
 .text.updateWidget
                0x23f051f0       0x4c build/lcdc_rgba888_mxt_9x60_wvga/debug/_ext/1618192685/legato_state.o
 .text.leGetState
                0x23f0523c        0xc build/lcdc_rgba888_mxt_9x60_wvga/debug/_ext/1618192685/legato_state.o
                0x23f0523c                leGetState
 .text.leAddLayer
                0x23f05248       0xb8 build/lcdc_rgba888_mxt_9x60_wvga/debug/_ext/1618192685/legato_state.o
                0x23f05248                leAddLayer
 .text.leInitialize
                0x23f05300       0x9c build/lcdc_rgba888_mxt_9x60_wvga/debug/_ext/1618192685/legato_state.o
                0x23f05300                leInitialize
 .text.leGetLayerState
                0x23f0539c       0x50 build/lcdc_rgba888_mxt_9x60_wvga/debug/_ext/1618192685/legato_state.o
                0x23f0539c                leGetLayerState
 .text.leGetLayerColorMode
                0x23f053ec       0x54 build/lcdc_rgba888_mxt_9x60_wvga/debug/_ext/1618192685/legato_state.o
                0x23f053ec                leGetLayerColorMode
 .text.leGetLayerRenderHorizontal
                0x23f05440       0x54 build/lcdc_rgba888_mxt_9x60_wvga/debug/_ext/1618192685/legato_state.o
                0x23f05440                leGetLayerRenderHorizontal
 .text.leGetFocusWidget
                0x23f05494       0x10 build/lcdc_rgba888_mxt_9x60_wvga/debug/_ext/1618192685/legato_state.o
                0x23f05494                leGetFocusWidget
 .text.leSetFocusWidget
                0x23f054a4       0x84 build/lcdc_rgba888_mxt_9x60_wvga/debug/_ext/1618192685/legato_state.o
                0x23f054a4                leSetFocusWidget
 .text.leGetEditWidget
                0x23f05528       0x10 build/lcdc_rgba888_mxt_9x60_wvga/debug/_ext/1618192685/legato_state.o
                0x23f05528                leGetEditWidget
 .text.leSetEditWidget
                0x23f05538       0x84 build/lcdc_rgba888_mxt_9x60_wvga/debug/_ext/1618192685/legato_state.o
                0x23f05538                leSetEditWidget
 .text.leRedrawAll
                0x23f055bc       0x50 build/lcdc_rgba888_mxt_9x60_wvga/debug/_ext/1618192685/legato_state.o
                0x23f055bc                leRedrawAll
 .text.leSetLayerColorMode
                0x23f0560c       0x74 build/lcdc_rgba888_mxt_9x60_wvga/debug/_ext/1618192685/legato_state.o
                0x23f0560c                leSetLayerColorMode
 .text.leSetStringTable
                0x23f05680       0x18 build/lcdc_rgba888_mxt_9x60_wvga/debug/_ext/1618192685/legato_state.o
                0x23f05680                leSetStringTable
 .text.leIsDrawing
                0x23f05698       0x14 build/lcdc_rgba888_mxt_9x60_wvga/debug/_ext/1618192685/legato_state.o
                0x23f05698                leIsDrawing
 .text.leUpdate
                0x23f056ac      0x114 build/lcdc_rgba888_mxt_9x60_wvga/debug/_ext/1618192685/legato_state.o
                0x23f056ac                leUpdate
 .text.leAddRootWidget
                0x23f057c0       0x68 build/lcdc_rgba888_mxt_9x60_wvga/debug/_ext/1618192685/legato_state.o
                0x23f057c0                leAddRootWidget
 .text.leRemoveRootWidget
                0x23f05828       0x74 build/lcdc_rgba888_mxt_9x60_wvga/debug/_ext/1618192685/legato_state.o
                0x23f05828                leRemoveRootWidget
 .text.leGetWidgetLayer
                0x23f0589c       0x8c build/lcdc_rgba888_mxt_9x60_wvga/debug/_ext/1618192685/legato_state.o
                0x23f0589c                leGetWidgetLayer
 .text.leWidgetIsInScene
                0x23f05928       0x14 build/lcdc_rgba888_mxt_9x60_wvga/debug/_ext/1618192685/legato_state.o
                0x23f05928                leWidgetIsInScene
 .text.leScheme_GetRenderColor
                0x23f0593c       0x38 build/lcdc_rgba888_mxt_9x60_wvga/debug/_ext/1618192685/legato_scheme.o
                0x23f0593c                leScheme_GetRenderColor
 .text._leGetEventState
                0x23f05974        0xc build/lcdc_rgba888_mxt_9x60_wvga/debug/_ext/1618192685/legato_event.o
                0x23f05974                _leGetEventState
 .text.leEvent_Init
                0x23f05980       0x20 build/lcdc_rgba888_mxt_9x60_wvga/debug/_ext/1618192685/legato_event.o
                0x23f05980                leEvent_Init
 .text.leEvent_AddEvent
                0x23f059a0       0x28 build/lcdc_rgba888_mxt_9x60_wvga/debug/_ext/1618192685/legato_event.o
                0x23f059a0                leEvent_AddEvent
 .text.leEvent_ProcessEvents
                0x23f059c8       0xb4 build/lcdc_rgba888_mxt_9x60_wvga/debug/_ext/1618192685/legato_event.o
                0x23f059c8                leEvent_ProcessEvents
 .text.leWidgetEvent_Accept
                0x23f05a7c       0x14 build/lcdc_rgba888_mxt_9x60_wvga/debug/_ext/1618192685/legato_event.o
                0x23f05a7c                leWidgetEvent_Accept
 .text.leInput_Init
                0x23f05a90       0x2c build/lcdc_rgba888_mxt_9x60_wvga/debug/_ext/1618192685/legato_input.o
                0x23f05a90                leInput_Init
 .text.leInput_InjectTouchDown
                0x23f05abc       0xd8 build/lcdc_rgba888_mxt_9x60_wvga/debug/_ext/1618192685/legato_input.o
                0x23f05abc                leInput_InjectTouchDown
 .text.leInput_InjectTouchUp
                0x23f05b94       0xb4 build/lcdc_rgba888_mxt_9x60_wvga/debug/_ext/1618192685/legato_input.o
                0x23f05b94                leInput_InjectTouchUp
 .text.leInput_InjectTouchMoved
                0x23f05c48      0x12c build/lcdc_rgba888_mxt_9x60_wvga/debug/_ext/1618192685/legato_input.o
                0x23f05c48                leInput_InjectTouchMoved
 .text.handleTouchDown
                0x23f05d74      0x118 build/lcdc_rgba888_mxt_9x60_wvga/debug/_ext/1618192685/legato_input.o
                0x23f05d74                handleTouchDown
 .text.handleTouchUp
                0x23f05e8c       0x70 build/lcdc_rgba888_mxt_9x60_wvga/debug/_ext/1618192685/legato_input.o
                0x23f05e8c                handleTouchUp
 .text.handleTouchMoved
                0x23f05efc       0x70 build/lcdc_rgba888_mxt_9x60_wvga/debug/_ext/1618192685/legato_input.o
                0x23f05efc                handleTouchMoved
 .text._leInput_HandleInputEvent
                0x23f05f6c       0x40 build/lcdc_rgba888_mxt_9x60_wvga/debug/_ext/1618192685/legato_input.o
                0x23f05f6c                _leInput_HandleInputEvent
 .text._shuffleLeft
                0x23f05fac       0xac build/lcdc_rgba888_mxt_9x60_wvga/debug/_ext/109670485/legato_rectarray.o
 .text.leRectArray_Create
                0x23f06058       0x1c build/lcdc_rgba888_mxt_9x60_wvga/debug/_ext/109670485/legato_rectarray.o
                0x23f06058                leRectArray_Create
 .text.leRectArray_Resize
                0x23f06074       0x7c build/lcdc_rgba888_mxt_9x60_wvga/debug/_ext/109670485/legato_rectarray.o
                0x23f06074                leRectArray_Resize
 .text.leRectArray_PushBack
                0x23f060f0       0x70 build/lcdc_rgba888_mxt_9x60_wvga/debug/_ext/109670485/legato_rectarray.o
                0x23f060f0                leRectArray_PushBack
 .text.leRectArray_RemoveAt
                0x23f06160       0x38 build/lcdc_rgba888_mxt_9x60_wvga/debug/_ext/109670485/legato_rectarray.o
                0x23f06160                leRectArray_RemoveAt
 .text.leRectArray_Copy
                0x23f06198       0x74 build/lcdc_rgba888_mxt_9x60_wvga/debug/_ext/109670485/legato_rectarray.o
                0x23f06198                leRectArray_Copy
 .text.leRectArray_Clear
                0x23f0620c       0x14 build/lcdc_rgba888_mxt_9x60_wvga/debug/_ext/109670485/legato_rectarray.o
                0x23f0620c                leRectArray_Clear
 .text.leRectArray_Destroy
                0x23f06220       0x3c build/lcdc_rgba888_mxt_9x60_wvga/debug/_ext/109670485/legato_rectarray.o
                0x23f06220                leRectArray_Destroy
 .text.leRectArray_RemoveDuplicates
                0x23f0625c       0x90 build/lcdc_rgba888_mxt_9x60_wvga/debug/_ext/109670485/legato_rectarray.o
                0x23f0625c                leRectArray_RemoveDuplicates
 .text.leRectArray_SortBySize
                0x23f062ec       0xdc build/lcdc_rgba888_mxt_9x60_wvga/debug/_ext/109670485/legato_rectarray.o
                0x23f062ec                leRectArray_SortBySize
 .text.leRectArray_SortByX
                0x23f063c8       0xfc build/lcdc_rgba888_mxt_9x60_wvga/debug/_ext/109670485/legato_rectarray.o
                0x23f063c8                leRectArray_SortByX
 .text.leRectArray_SortByY
                0x23f064c4       0xf4 build/lcdc_rgba888_mxt_9x60_wvga/debug/_ext/109670485/legato_rectarray.o
                0x23f064c4                leRectArray_SortByY
 .text.leRectArray_MergeSimilar
                0x23f065b8       0x98 build/lcdc_rgba888_mxt_9x60_wvga/debug/_ext/109670485/legato_rectarray.o
                0x23f065b8                leRectArray_MergeSimilar
 .text.leRectArray_RemoveOverlapping
                0x23f06650       0x84 build/lcdc_rgba888_mxt_9x60_wvga/debug/_ext/109670485/legato_rectarray.o
                0x23f06650                leRectArray_RemoveOverlapping
 .text.leRectArray_PadRectangleWidth
                0x23f066d4      0x120 build/lcdc_rgba888_mxt_9x60_wvga/debug/_ext/109670485/legato_rectarray.o
                0x23f066d4                leRectArray_PadRectangleWidth
 .text.leRectArray_CropToSizeY
                0x23f067f4      0x134 build/lcdc_rgba888_mxt_9x60_wvga/debug/_ext/109670485/legato_rectarray.o
                0x23f067f4                leRectArray_CropToSizeY
 .text.leRectArray_CropToSizeX
                0x23f06928      0x134 build/lcdc_rgba888_mxt_9x60_wvga/debug/_ext/109670485/legato_rectarray.o
                0x23f06928                leRectArray_CropToSizeX
 .text._shuffleRight
                0x23f06a5c       0x78 build/lcdc_rgba888_mxt_9x60_wvga/debug/_ext/109670485/legato_array.o
 .text._shuffleLeft
                0x23f06ad4       0x5c build/lcdc_rgba888_mxt_9x60_wvga/debug/_ext/109670485/legato_array.o
 .text.leArray_Create
                0x23f06b30       0x1c build/lcdc_rgba888_mxt_9x60_wvga/debug/_ext/109670485/legato_array.o
                0x23f06b30                leArray_Create
 .text.leArray_Resize
                0x23f06b4c       0x70 build/lcdc_rgba888_mxt_9x60_wvga/debug/_ext/109670485/legato_array.o
                0x23f06b4c                leArray_Resize
 .text.leArray_PushBack
                0x23f06bbc       0x60 build/lcdc_rgba888_mxt_9x60_wvga/debug/_ext/109670485/legato_array.o
                0x23f06bbc                leArray_PushBack
 .text.leArray_InsertAt
                0x23f06c1c       0x9c build/lcdc_rgba888_mxt_9x60_wvga/debug/_ext/109670485/legato_array.o
                0x23f06c1c                leArray_InsertAt
 .text.leArray_RemoveAt
                0x23f06cb8       0x38 build/lcdc_rgba888_mxt_9x60_wvga/debug/_ext/109670485/legato_array.o
                0x23f06cb8                leArray_RemoveAt
 .text.leArray_Get
                0x23f06cf0       0x18 build/lcdc_rgba888_mxt_9x60_wvga/debug/_ext/109670485/legato_array.o
                0x23f06cf0                leArray_Get
 .text.leArray_Find
                0x23f06d08       0x68 build/lcdc_rgba888_mxt_9x60_wvga/debug/_ext/109670485/legato_array.o
                0x23f06d08                leArray_Find
 .text.leArray_Remove
                0x23f06d70       0x58 build/lcdc_rgba888_mxt_9x60_wvga/debug/_ext/109670485/legato_array.o
                0x23f06d70                leArray_Remove
 .text.leArray_Clear
                0x23f06dc8       0x38 build/lcdc_rgba888_mxt_9x60_wvga/debug/_ext/109670485/legato_array.o
                0x23f06dc8                leArray_Clear
 .text.leList_Create
                0x23f06e00       0x1c build/lcdc_rgba888_mxt_9x60_wvga/debug/_ext/109670485/legato_list.o
                0x23f06e00                leList_Create
 .text.leList_PushBack
                0x23f06e1c       0x68 build/lcdc_rgba888_mxt_9x60_wvga/debug/_ext/109670485/legato_list.o
                0x23f06e1c                leList_PushBack
 .text.leList_Get
                0x23f06e84       0x44 build/lcdc_rgba888_mxt_9x60_wvga/debug/_ext/109670485/legato_list.o
                0x23f06e84                leList_Get
 .text.leList_Remove
                0x23f06ec8       0xbc build/lcdc_rgba888_mxt_9x60_wvga/debug/_ext/109670485/legato_list.o
                0x23f06ec8                leList_Remove
 .text.leList_Destroy
                0x23f06f84       0x4c build/lcdc_rgba888_mxt_9x60_wvga/debug/_ext/109670485/legato_list.o
                0x23f06f84                leList_Destroy
 .text.drawGlyphRow8bpp
                0x23f06fd0       0xf8 build/lcdc_rgba888_mxt_9x60_wvga/debug/_ext/1618103421/legato_font.o
 .text.drawGlyphRow1bpp
                0x23f070c8       0xd0 build/lcdc_rgba888_mxt_9x60_wvga/debug/_ext/1618103421/legato_font.o
 .text.drawGlyphRow8bppMono
                0x23f07198       0x5c build/lcdc_rgba888_mxt_9x60_wvga/debug/_ext/1618103421/legato_font.o
 .text.drawGlyphRow1bppMono
                0x23f071f4       0x64 build/lcdc_rgba888_mxt_9x60_wvga/debug/_ext/1618103421/legato_font.o
 .text._drawUnknownGlyph
                0x23f07258       0xf4 build/lcdc_rgba888_mxt_9x60_wvga/debug/_ext/1618103421/legato_font.o
 .text.leFont_GetGlyphInfo
                0x23f0734c       0xe0 build/lcdc_rgba888_mxt_9x60_wvga/debug/_ext/1618103421/legato_font.o
                0x23f0734c                leFont_GetGlyphInfo
 .text.leFont_DrawGlyphData
                0x23f0742c      0x12c build/lcdc_rgba888_mxt_9x60_wvga/debug/_ext/1618103421/legato_font.o
                0x23f0742c                leFont_DrawGlyphData
 .text.leFont_DrawGlyphData_Lookup
                0x23f07558      0x300 build/lcdc_rgba888_mxt_9x60_wvga/debug/_ext/1618103421/legato_font.o
                0x23f07558                leFont_DrawGlyphData_Lookup
 .text.leFont_DrawGlyph
                0x23f07858       0xa4 build/lcdc_rgba888_mxt_9x60_wvga/debug/_ext/1618103421/legato_font.o
                0x23f07858                leFont_DrawGlyph
 .text.leFont_DrawGlyph_Lookup
                0x23f078fc       0xb4 build/lcdc_rgba888_mxt_9x60_wvga/debug/_ext/1618103421/legato_font.o
                0x23f078fc                leFont_DrawGlyph_Lookup
 .text.screenInit_Screen0
                0x23f079b0       0x28 build/lcdc_rgba888_mxt_9x60_wvga/debug/_ext/534613472/le_gen_screen_Screen0.o
                0x23f079b0                screenInit_Screen0
 .text.screenShow_Screen0
                0x23f079d8      0x410 build/lcdc_rgba888_mxt_9x60_wvga/debug/_ext/534613472/le_gen_screen_Screen0.o
                0x23f079d8                screenShow_Screen0
 .text.screenUpdate_Screen0
                0x23f07de8       0x28 build/lcdc_rgba888_mxt_9x60_wvga/debug/_ext/534613472/le_gen_screen_Screen0.o
                0x23f07de8                screenUpdate_Screen0
 .text.screenHide_Screen0
                0x23f07e10       0x80 build/lcdc_rgba888_mxt_9x60_wvga/debug/_ext/534613472/le_gen_screen_Screen0.o
                0x23f07e10                screenHide_Screen0
 .text.legato_showScreen
                0x23f07e90       0x1c build/lcdc_rgba888_mxt_9x60_wvga/debug/_ext/706129189/le_gen_init.o
                0x23f07e90                legato_showScreen
 .text.legato_initializeScreenState
                0x23f07eac       0x40 build/lcdc_rgba888_mxt_9x60_wvga/debug/_ext/706129189/le_gen_init.o
                0x23f07eac                legato_initializeScreenState
 .text.legato_updateScreenState
                0x23f07eec       0x8c build/lcdc_rgba888_mxt_9x60_wvga/debug/_ext/706129189/le_gen_init.o
                0x23f07eec                legato_updateScreenState
 .text.initializeStrings
                0x23f07f78       0x48 build/lcdc_rgba888_mxt_9x60_wvga/debug/_ext/706129189/le_gen_stringtable.o
                0x23f07f78                initializeStrings
 .text.touchMoveHandler
                0x23f07fc0       0x18 build/lcdc_rgba888_mxt_9x60_wvga/debug/_ext/706129189/le_gen_harmony.o
 .text.touchUpHandler
                0x23f07fd8       0x18 build/lcdc_rgba888_mxt_9x60_wvga/debug/_ext/706129189/le_gen_harmony.o
 .text.touchDownHandler
                0x23f07ff0       0x18 build/lcdc_rgba888_mxt_9x60_wvga/debug/_ext/706129189/le_gen_harmony.o
 .text.Legato_Initialize
                0x23f08008       0x90 build/lcdc_rgba888_mxt_9x60_wvga/debug/_ext/706129189/le_gen_harmony.o
                0x23f08008                Legato_Initialize
 .text.Legato_Tasks
                0x23f08098       0x4c build/lcdc_rgba888_mxt_9x60_wvga/debug/_ext/706129189/le_gen_harmony.o
                0x23f08098                Legato_Tasks
 .text._supportsImage
                0x23f080e4       0x28 build/lcdc_rgba888_mxt_9x60_wvga/debug/_ext/2086705360/legato_imagedecoder_jpeg.o
 .text.internalMemoryRead
                0x23f0810c       0x48 build/lcdc_rgba888_mxt_9x60_wvga/debug/_ext/2086705360/legato_imagedecoder_jpeg.o
 .text.exec     0x23f08154        0x8 build/lcdc_rgba888_mxt_9x60_wvga/debug/_ext/2086705360/legato_imagedecoder_jpeg.o
 .text._render  0x23f0815c      0x1fc build/lcdc_rgba888_mxt_9x60_wvga/debug/_ext/2086705360/legato_imagedecoder_jpeg.o
 .text._draw    0x23f08358      0x20c build/lcdc_rgba888_mxt_9x60_wvga/debug/_ext/2086705360/legato_imagedecoder_jpeg.o
 .text.blitToImage
                0x23f08564       0xa4 build/lcdc_rgba888_mxt_9x60_wvga/debug/_ext/2086705360/legato_imagedecoder_jpeg.o
 .text.blitToFrameBuffer
                0x23f08608       0x98 build/lcdc_rgba888_mxt_9x60_wvga/debug/_ext/2086705360/legato_imagedecoder_jpeg.o
 .text._leJPEGImageDecoder_Init
                0x23f086a0       0x5c build/lcdc_rgba888_mxt_9x60_wvga/debug/_ext/2086705360/legato_imagedecoder_jpeg.o
                0x23f086a0                _leJPEGImageDecoder_Init
 .text.JPEG_wReadWord
                0x23f086fc       0x50 build/lcdc_rgba888_mxt_9x60_wvga/debug/_ext/2086705360/legato_imagedecoder_jpeg_common.o
 .text.JPEG_bReadByte
                0x23f0874c       0x2c build/lcdc_rgba888_mxt_9x60_wvga/debug/_ext/2086705360/legato_imagedecoder_jpeg_common.o
 .text.JPEG_bGet1Bit
                0x23f08778      0x154 build/lcdc_rgba888_mxt_9x60_wvga/debug/_ext/2086705360/legato_imagedecoder_jpeg_common.o
 .text.JPEG_wGetBits
                0x23f088cc       0x4c build/lcdc_rgba888_mxt_9x60_wvga/debug/_ext/2086705360/legato_imagedecoder_jpeg_common.o
 .text.JPEG_sGetBitsValue
                0x23f08918       0x50 build/lcdc_rgba888_mxt_9x60_wvga/debug/_ext/2086705360/legato_imagedecoder_jpeg_common.o
 .text.JPEG_bGetNextHuffByte
                0x23f08968       0x98 build/lcdc_rgba888_mxt_9x60_wvga/debug/_ext/2086705360/legato_imagedecoder_jpeg_common.o
 .text.JPEG_vResetDecoder
                0x23f08a00       0x20 build/lcdc_rgba888_mxt_9x60_wvga/debug/_ext/2086705360/legato_imagedecoder_jpeg_common.o
                0x23f08a00                JPEG_vResetDecoder
 .text.JPEG_bReadHeader
                0x23f08a20      0x7c8 build/lcdc_rgba888_mxt_9x60_wvga/debug/_ext/2086705360/legato_imagedecoder_jpeg_common.o
                0x23f08a20                JPEG_bReadHeader
 .text.JPEG_bGenerateHuffmanTables
                0x23f091e8       0x90 build/lcdc_rgba888_mxt_9x60_wvga/debug/_ext/2086705360/legato_imagedecoder_jpeg_common.o
                0x23f091e8                JPEG_bGenerateHuffmanTables
 .text.JPEG_bDecodeOneBlock
                0x23f09278      0x270 build/lcdc_rgba888_mxt_9x60_wvga/debug/_ext/2086705360/legato_imagedecoder_jpeg_common.o
                0x23f09278                JPEG_bDecodeOneBlock
 .text.JPEG_vInitDisplay
                0x23f094e8       0x10 build/lcdc_rgba888_mxt_9x60_wvga/debug/_ext/2086705360/legato_imagedecoder_jpeg_common.o
                0x23f094e8                JPEG_vInitDisplay
 .text.JPEG_bPaintOneBlock
                0x23f094f8      0x9c4 build/lcdc_rgba888_mxt_9x60_wvga/debug/_ext/2086705360/legato_imagedecoder_jpeg_common.o
                0x23f094f8                JPEG_bPaintOneBlock
 .text.jpeg_idct_islow_leg
                0x23f09ebc      0x514 build/lcdc_rgba888_mxt_9x60_wvga/debug/_ext/2086705360/jidctint.o
                0x23f09ebc                jpeg_idct_islow_leg
 .text.stage_decode
                0x23f0a3d0       0x3c build/lcdc_rgba888_mxt_9x60_wvga/debug/_ext/2086794059/legato_imagedecoder_mono_read_internal.o
 .text._leMonoImageDecoder_ReadStage_Internal
                0x23f0a40c       0x30 build/lcdc_rgba888_mxt_9x60_wvga/debug/_ext/2086794059/legato_imagedecoder_mono_read_internal.o
                0x23f0a40c                _leMonoImageDecoder_ReadStage_Internal
 .text._supportsImage
                0x23f0a43c       0x14 build/lcdc_rgba888_mxt_9x60_wvga/debug/_ext/2086794059/legato_imagedecoder_mono.o
 .text._decoderCleanup
                0x23f0a450       0x64 build/lcdc_rgba888_mxt_9x60_wvga/debug/_ext/2086794059/legato_imagedecoder_mono.o
 .text._decoderExec
                0x23f0a4b4       0x84 build/lcdc_rgba888_mxt_9x60_wvga/debug/_ext/2086794059/legato_imagedecoder_mono.o
 .text._decoderIsDone
                0x23f0a538       0x10 build/lcdc_rgba888_mxt_9x60_wvga/debug/_ext/2086794059/legato_imagedecoder_mono.o
 .text.stage_sourceIterateSetup
                0x23f0a548       0xb4 build/lcdc_rgba888_mxt_9x60_wvga/debug/_ext/2086794059/legato_imagedecoder_mono.o
 .text.stage_FrameBufferWrite
                0x23f0a5fc       0x20 build/lcdc_rgba888_mxt_9x60_wvga/debug/_ext/2086794059/legato_imagedecoder_mono.o
 .text.stage_ImageWrite
                0x23f0a61c       0x28 build/lcdc_rgba888_mxt_9x60_wvga/debug/_ext/2086794059/legato_imagedecoder_mono.o
 .text._leMonoImageDecoder_Init
                0x23f0a644       0x84 build/lcdc_rgba888_mxt_9x60_wvga/debug/_ext/2086794059/legato_imagedecoder_mono.o
                0x23f0a644                _leMonoImageDecoder_Init
 .text._leMonoImageDecoder_InjectStage
                0x23f0a6c8       0x38 build/lcdc_rgba888_mxt_9x60_wvga/debug/_ext/2086794059/legato_imagedecoder_mono.o
                0x23f0a6c8                _leMonoImageDecoder_InjectStage
 .text._leMonoImageDecoder_SourceIterateSetupStage
                0x23f0a700       0x38 build/lcdc_rgba888_mxt_9x60_wvga/debug/_ext/2086794059/legato_imagedecoder_mono.o
                0x23f0a700                _leMonoImageDecoder_SourceIterateSetupStage
 .text._leMonoImageDecoder_FrameBufferWriteStage
                0x23f0a738       0x30 build/lcdc_rgba888_mxt_9x60_wvga/debug/_ext/2086794059/legato_imagedecoder_mono.o
                0x23f0a738                _leMonoImageDecoder_FrameBufferWriteStage
 .text._draw    0x23f0a768      0x154 build/lcdc_rgba888_mxt_9x60_wvga/debug/_ext/2086794059/legato_imagedecoder_mono.o
 .text._leMonoImageDecoder_ImageWriteStage
                0x23f0a8bc       0x30 build/lcdc_rgba888_mxt_9x60_wvga/debug/_ext/2086794059/legato_imagedecoder_mono.o
                0x23f0a8bc                _leMonoImageDecoder_ImageWriteStage
 .text._copy    0x23f0a8ec      0x190 build/lcdc_rgba888_mxt_9x60_wvga/debug/_ext/2086794059/legato_imagedecoder_mono.o
 .text.readBitsFromStream
                0x23f0aa7c       0x50 build/lcdc_rgba888_mxt_9x60_wvga/debug/_ext/1872343871/lodepng.o
 .text.huffmanDecodeSymbol
                0x23f0aacc       0x64 build/lcdc_rgba888_mxt_9x60_wvga/debug/_ext/1872343871/lodepng.o
 .text.readBitFromReversedStream
                0x23f0ab30       0x24 build/lcdc_rgba888_mxt_9x60_wvga/debug/_ext/1872343871/lodepng.o
 .text.readBitsFromReversedStream
                0x23f0ab54       0x48 build/lcdc_rgba888_mxt_9x60_wvga/debug/_ext/1872343871/lodepng.o
 .text.getNumColorChannels
                0x23f0ab9c       0x50 build/lcdc_rgba888_mxt_9x60_wvga/debug/_ext/1872343871/lodepng.o
 .text.lodepng_color_mode_equal
                0x23f0abec      0x120 build/lcdc_rgba888_mxt_9x60_wvga/debug/_ext/1872343871/lodepng.o
 .text.addColorBits
                0x23f0ad0c       0x50 build/lcdc_rgba888_mxt_9x60_wvga/debug/_ext/1872343871/lodepng.o
 .text.getPixelColorsRGBA8
                0x23f0ad5c      0x51c build/lcdc_rgba888_mxt_9x60_wvga/debug/_ext/1872343871/lodepng.o
 .text.Adam7_getpassvalues
                0x23f0b278      0x18c build/lcdc_rgba888_mxt_9x60_wvga/debug/_ext/1872343871/lodepng.o
 .text.unfilter
                0x23f0b404      0x424 build/lcdc_rgba888_mxt_9x60_wvga/debug/_ext/1872343871/lodepng.o
 .text.removePaddingBits
                0x23f0b828       0xa4 build/lcdc_rgba888_mxt_9x60_wvga/debug/_ext/1872343871/lodepng.o
 .text.ucvector_reserve
                0x23f0b8cc       0x58 build/lcdc_rgba888_mxt_9x60_wvga/debug/_ext/1872343871/lodepng.o
 .text.ucvector_resize
                0x23f0b924       0x20 build/lcdc_rgba888_mxt_9x60_wvga/debug/_ext/1872343871/lodepng.o
 .text.ucvector_push_back
                0x23f0b944       0x34 build/lcdc_rgba888_mxt_9x60_wvga/debug/_ext/1872343871/lodepng.o
 .text.color_tree_cleanup
                0x23f0b978       0x34 build/lcdc_rgba888_mxt_9x60_wvga/debug/_ext/1872343871/lodepng.o
 .text.LodePNGIText_cleanup
                0x23f0b9ac       0x90 build/lcdc_rgba888_mxt_9x60_wvga/debug/_ext/1872343871/lodepng.o
 .text.LodePNGText_cleanup
                0x23f0ba3c       0x60 build/lcdc_rgba888_mxt_9x60_wvga/debug/_ext/1872343871/lodepng.o
 .text.HuffmanTree_cleanup
                0x23f0ba9c       0x24 build/lcdc_rgba888_mxt_9x60_wvga/debug/_ext/1872343871/lodepng.o
 .text.string_set
                0x23f0bac0       0x68 build/lcdc_rgba888_mxt_9x60_wvga/debug/_ext/1872343871/lodepng.o
 .text.string_init
                0x23f0bb28       0x2c build/lcdc_rgba888_mxt_9x60_wvga/debug/_ext/1872343871/lodepng.o
 .text.uivector_reserve
                0x23f0bb54       0x58 build/lcdc_rgba888_mxt_9x60_wvga/debug/_ext/1872343871/lodepng.o
 .text.HuffmanTree_makeFromLengths
                0x23f0bbac      0x424 build/lcdc_rgba888_mxt_9x60_wvga/debug/_ext/1872343871/lodepng.o
 .text.lodepng_read32bitInt
                0x23f0bfd0       0x24 build/lcdc_rgba888_mxt_9x60_wvga/debug/_ext/1872343871/lodepng.o
                0x23f0bfd0                lodepng_read32bitInt
 .text.lodepng_inflate
                0x23f0bff4      0x998 build/lcdc_rgba888_mxt_9x60_wvga/debug/_ext/1872343871/lodepng.o
                0x23f0bff4                lodepng_inflate
 .text.lodepng_zlib_decompress
                0x23f0c98c      0x198 build/lcdc_rgba888_mxt_9x60_wvga/debug/_ext/1872343871/lodepng.o
                0x23f0c98c                lodepng_zlib_decompress
 .text.zlib_decompress
                0x23f0cb24       0x34 build/lcdc_rgba888_mxt_9x60_wvga/debug/_ext/1872343871/lodepng.o
 .text.lodepng_crc32
                0x23f0cb58       0x4c build/lcdc_rgba888_mxt_9x60_wvga/debug/_ext/1872343871/lodepng.o
                0x23f0cb58                lodepng_crc32
 .text.lodepng_chunk_type_equals
                0x23f0cba4       0x80 build/lcdc_rgba888_mxt_9x60_wvga/debug/_ext/1872343871/lodepng.o
                0x23f0cba4                lodepng_chunk_type_equals
 .text.lodepng_chunk_check_crc
                0x23f0cc24       0x38 build/lcdc_rgba888_mxt_9x60_wvga/debug/_ext/1872343871/lodepng.o
                0x23f0cc24                lodepng_chunk_check_crc
 .text.lodepng_chunk_next_const
                0x23f0cc5c       0x18 build/lcdc_rgba888_mxt_9x60_wvga/debug/_ext/1872343871/lodepng.o
                0x23f0cc5c                lodepng_chunk_next_const
 .text.lodepng_chunk_append
                0x23f0cc74       0xa4 build/lcdc_rgba888_mxt_9x60_wvga/debug/_ext/1872343871/lodepng.o
                0x23f0cc74                lodepng_chunk_append
 .text.lodepng_color_mode_init
                0x23f0cd18       0x30 build/lcdc_rgba888_mxt_9x60_wvga/debug/_ext/1872343871/lodepng.o
                0x23f0cd18                lodepng_color_mode_init
 .text.lodepng_palette_clear
                0x23f0cd48       0x28 build/lcdc_rgba888_mxt_9x60_wvga/debug/_ext/1872343871/lodepng.o
                0x23f0cd48                lodepng_palette_clear
 .text.lodepng_color_mode_copy
                0x23f0cd70       0x98 build/lcdc_rgba888_mxt_9x60_wvga/debug/_ext/1872343871/lodepng.o
                0x23f0cd70                lodepng_color_mode_copy
 .text.lodepng_get_bpp
                0x23f0ce08       0x1c build/lcdc_rgba888_mxt_9x60_wvga/debug/_ext/1872343871/lodepng.o
                0x23f0ce08                lodepng_get_bpp
 .text.lodepng_get_raw_size_idat
                0x23f0ce24       0x34 build/lcdc_rgba888_mxt_9x60_wvga/debug/_ext/1872343871/lodepng.o
 .text.lodepng_get_raw_size
                0x23f0ce58       0x38 build/lcdc_rgba888_mxt_9x60_wvga/debug/_ext/1872343871/lodepng.o
                0x23f0ce58                lodepng_get_raw_size
 .text.lodepng_add_text
                0x23f0ce90       0xcc build/lcdc_rgba888_mxt_9x60_wvga/debug/_ext/1872343871/lodepng.o
                0x23f0ce90                lodepng_add_text
 .text.lodepng_add_itext
                0x23f0cf5c      0x17c build/lcdc_rgba888_mxt_9x60_wvga/debug/_ext/1872343871/lodepng.o
                0x23f0cf5c                lodepng_add_itext
 .text.lodepng_info_init
                0x23f0d0d8       0x74 build/lcdc_rgba888_mxt_9x60_wvga/debug/_ext/1872343871/lodepng.o
                0x23f0d0d8                lodepng_info_init
 .text.lodepng_info_cleanup
                0x23f0d14c       0x3c build/lcdc_rgba888_mxt_9x60_wvga/debug/_ext/1872343871/lodepng.o
                0x23f0d14c                lodepng_info_cleanup
 .text.lodepng_convert
                0x23f0d188      0xbb8 build/lcdc_rgba888_mxt_9x60_wvga/debug/_ext/1872343871/lodepng.o
                0x23f0d188                lodepng_convert
 .text.lodepng_inspect
                0x23f0dd40      0x290 build/lcdc_rgba888_mxt_9x60_wvga/debug/_ext/1872343871/lodepng.o
                0x23f0dd40                lodepng_inspect
 .text.lodepng_decode
                0x23f0dfd0     0x1740 build/lcdc_rgba888_mxt_9x60_wvga/debug/_ext/1872343871/lodepng.o
                0x23f0dfd0                lodepng_decode
 .text.lodepng_decoder_settings_init
                0x23f0f710       0x2c build/lcdc_rgba888_mxt_9x60_wvga/debug/_ext/1872343871/lodepng.o
                0x23f0f710                lodepng_decoder_settings_init
 .text.lodepng_state_init
                0x23f0f73c       0x28 build/lcdc_rgba888_mxt_9x60_wvga/debug/_ext/1872343871/lodepng.o
                0x23f0f73c                lodepng_state_init
 .text.lodepng_state_cleanup
                0x23f0f764       0x1c build/lcdc_rgba888_mxt_9x60_wvga/debug/_ext/1872343871/lodepng.o
                0x23f0f764                lodepng_state_cleanup
 .text.lodepng_decode_memory
                0x23f0f780       0x68 build/lcdc_rgba888_mxt_9x60_wvga/debug/_ext/1872343871/lodepng.o
                0x23f0f780                lodepng_decode_memory
 .text._supportsImage
                0x23f0f7e8       0x28 build/lcdc_rgba888_mxt_9x60_wvga/debug/_ext/1872343871/legato_imagedecoder_png.o
 .text._decoderCleanup
                0x23f0f810        0x4 build/lcdc_rgba888_mxt_9x60_wvga/debug/_ext/1872343871/legato_imagedecoder_png.o
 .text._decoderExec
                0x23f0f814        0x8 build/lcdc_rgba888_mxt_9x60_wvga/debug/_ext/1872343871/legato_imagedecoder_png.o
 .text._decoderIsDone
                0x23f0f81c        0x8 build/lcdc_rgba888_mxt_9x60_wvga/debug/_ext/1872343871/legato_imagedecoder_png.o
 .text._render  0x23f0f824       0xf4 build/lcdc_rgba888_mxt_9x60_wvga/debug/_ext/1872343871/legato_imagedecoder_png.o
 .text._draw    0x23f0f918      0x1f0 build/lcdc_rgba888_mxt_9x60_wvga/debug/_ext/1872343871/legato_imagedecoder_png.o
 .text._lePNGImageDecoder_Init
                0x23f0fb08       0x6c build/lcdc_rgba888_mxt_9x60_wvga/debug/_ext/1872343871/legato_imagedecoder_png.o
                0x23f0fb08                _lePNGImageDecoder_Init
 .text.stage_sourceIterateSetup
                0x23f0fb74       0xb4 build/lcdc_rgba888_mxt_9x60_wvga/debug/_ext/1872342336/legato_imagedecoder_raw_setup.o
 .text.stage_targetIterateSetup
                0x23f0fc28       0x94 build/lcdc_rgba888_mxt_9x60_wvga/debug/_ext/1872342336/legato_imagedecoder_raw_setup.o
 .text._leRawImageDecoder_SourceIterateSetupStage
                0x23f0fcbc       0x38 build/lcdc_rgba888_mxt_9x60_wvga/debug/_ext/1872342336/legato_imagedecoder_raw_setup.o
                0x23f0fcbc                _leRawImageDecoder_SourceIterateSetupStage
 .text._leRawImageDecoder_TargetIterateSetupStage
                0x23f0fcf4       0x38 build/lcdc_rgba888_mxt_9x60_wvga/debug/_ext/1872342336/legato_imagedecoder_raw_setup.o
                0x23f0fcf4                _leRawImageDecoder_TargetIterateSetupStage
 .text.stage_postRead
                0x23f0fd2c       0x14 build/lcdc_rgba888_mxt_9x60_wvga/debug/_ext/1872342336/legato_imagedecoder_raw_scale.o
 .text.stage_scaledNearestNeighborPreRead
                0x23f0fd40       0xc4 build/lcdc_rgba888_mxt_9x60_wvga/debug/_ext/1872342336/legato_imagedecoder_raw_scale.o
 .text.stage_bilinearPreRead
                0x23f0fe04      0x164 build/lcdc_rgba888_mxt_9x60_wvga/debug/_ext/1872342336/legato_imagedecoder_raw_scale.o
 .text.stage_scaledBilinearPostRead
                0x23f0ff68       0x8c build/lcdc_rgba888_mxt_9x60_wvga/debug/_ext/1872342336/legato_imagedecoder_raw_scale.o
 .text._leRawImageDecoder_ScaleNearestNeighborPreReadStage
                0x23f0fff4       0x6c build/lcdc_rgba888_mxt_9x60_wvga/debug/_ext/1872342336/legato_imagedecoder_raw_scale.o
                0x23f0fff4                _leRawImageDecoder_ScaleNearestNeighborPreReadStage
 .text._leRawImageDecoder_ScaleBilinearPreReadStage
                0x23f10060       0x74 build/lcdc_rgba888_mxt_9x60_wvga/debug/_ext/1872342336/legato_imagedecoder_raw_scale.o
                0x23f10060                _leRawImageDecoder_ScaleBilinearPreReadStage
 .text._leRawImageDecoder_PostReadStage
                0x23f100d4       0x30 build/lcdc_rgba888_mxt_9x60_wvga/debug/_ext/1872342336/legato_imagedecoder_raw_scale.o
                0x23f100d4                _leRawImageDecoder_PostReadStage
 .text._leRawImageDecoder_ScaleBilinearPostReadStage
                0x23f10104       0x30 build/lcdc_rgba888_mxt_9x60_wvga/debug/_ext/1872342336/legato_imagedecoder_raw_scale.o
                0x23f10104                _leRawImageDecoder_ScaleBilinearPostReadStage
 .text._supportsImage
                0x23f10134       0x14 build/lcdc_rgba888_mxt_9x60_wvga/debug/_ext/1872342336/legato_imagedecoder_raw.o
 .text._decoderCleanup
                0x23f10148       0x64 build/lcdc_rgba888_mxt_9x60_wvga/debug/_ext/1872342336/legato_imagedecoder_raw.o
 .text._decoderExec
                0x23f101ac       0x84 build/lcdc_rgba888_mxt_9x60_wvga/debug/_ext/1872342336/legato_imagedecoder_raw.o
 .text._decoderIsDone
                0x23f10230       0x10 build/lcdc_rgba888_mxt_9x60_wvga/debug/_ext/1872342336/legato_imagedecoder_raw.o
 .text._initReadStage
                0x23f10240       0x1c build/lcdc_rgba888_mxt_9x60_wvga/debug/_ext/1872342336/legato_imagedecoder_raw.o
 .text._initMaskStage
                0x23f1025c       0x24 build/lcdc_rgba888_mxt_9x60_wvga/debug/_ext/1872342336/legato_imagedecoder_raw.o
 .text._initBlendStage
                0x23f10280       0x44 build/lcdc_rgba888_mxt_9x60_wvga/debug/_ext/1872342336/legato_imagedecoder_raw.o
 .text._initConvertStage
                0x23f102c4       0x4c build/lcdc_rgba888_mxt_9x60_wvga/debug/_ext/1872342336/legato_imagedecoder_raw.o
 .text._rotateDraw
                0x23f10310      0x2b0 build/lcdc_rgba888_mxt_9x60_wvga/debug/_ext/1872342336/legato_imagedecoder_raw.o
 .text._rotate  0x23f105c0      0x2f4 build/lcdc_rgba888_mxt_9x60_wvga/debug/_ext/1872342336/legato_imagedecoder_raw.o
 .text._resizeDraw
                0x23f108b4      0x294 build/lcdc_rgba888_mxt_9x60_wvga/debug/_ext/1872342336/legato_imagedecoder_raw.o
 .text._resize  0x23f10b48      0x238 build/lcdc_rgba888_mxt_9x60_wvga/debug/_ext/1872342336/legato_imagedecoder_raw.o
 .text._copy    0x23f10d80      0x1b8 build/lcdc_rgba888_mxt_9x60_wvga/debug/_ext/1872342336/legato_imagedecoder_raw.o
 .text._initLookupStage
                0x23f10f38       0x4c build/lcdc_rgba888_mxt_9x60_wvga/debug/_ext/1872342336/legato_imagedecoder_raw.o
 .text._render  0x23f10f84      0x260 build/lcdc_rgba888_mxt_9x60_wvga/debug/_ext/1872342336/legato_imagedecoder_raw.o
 .text._draw    0x23f111e4      0x2f4 build/lcdc_rgba888_mxt_9x60_wvga/debug/_ext/1872342336/legato_imagedecoder_raw.o
 .text._leRawImageDecoder_Init
                0x23f114d8       0xa8 build/lcdc_rgba888_mxt_9x60_wvga/debug/_ext/1872342336/legato_imagedecoder_raw.o
                0x23f114d8                _leRawImageDecoder_Init
 .text._leRawImageDecoder_InjectStage
                0x23f11580       0x38 build/lcdc_rgba888_mxt_9x60_wvga/debug/_ext/1872342336/legato_imagedecoder_raw.o
                0x23f11580                _leRawImageDecoder_InjectStage
 .text.stage_decode
                0x23f115b8       0x74 build/lcdc_rgba888_mxt_9x60_wvga/debug/_ext/1872342336/legato_imagedecoder_raw_read_internal.o
 .text.rleRandomDecode
                0x23f1162c       0x54 build/lcdc_rgba888_mxt_9x60_wvga/debug/_ext/1872342336/legato_imagedecoder_raw_read_internal.o
 .text.rleSequentialDecode
                0x23f11680       0x48 build/lcdc_rgba888_mxt_9x60_wvga/debug/_ext/1872342336/legato_imagedecoder_raw_read_internal.o
 .text.colorDecode
                0x23f116c8       0x34 build/lcdc_rgba888_mxt_9x60_wvga/debug/_ext/1872342336/legato_imagedecoder_raw_read_internal.o
 .text.indexRLERandomDecode
                0x23f116fc       0x80 build/lcdc_rgba888_mxt_9x60_wvga/debug/_ext/1872342336/legato_imagedecoder_raw_read_internal.o
 .text.indexRLESequentialDecode
                0x23f1177c       0x74 build/lcdc_rgba888_mxt_9x60_wvga/debug/_ext/1872342336/legato_imagedecoder_raw_read_internal.o
 .text.indexDecode
                0x23f117f0       0x30 build/lcdc_rgba888_mxt_9x60_wvga/debug/_ext/1872342336/legato_imagedecoder_raw_read_internal.o
 .text._leRawImageDecoder_ReadStage_Internal
                0x23f11820      0x100 build/lcdc_rgba888_mxt_9x60_wvga/debug/_ext/1872342336/legato_imagedecoder_raw_read_internal.o
                0x23f11820                _leRawImageDecoder_ReadStage_Internal
 .text.stage_FrameBufferWrite
                0x23f11920       0x24 build/lcdc_rgba888_mxt_9x60_wvga/debug/_ext/1872342336/legato_imagedecoder_raw_write.o
 .text.stage_ImageWrite
                0x23f11944       0x28 build/lcdc_rgba888_mxt_9x60_wvga/debug/_ext/1872342336/legato_imagedecoder_raw_write.o
 .text._leRawImageDecoder_FrameBufferWriteStage
                0x23f1196c       0x30 build/lcdc_rgba888_mxt_9x60_wvga/debug/_ext/1872342336/legato_imagedecoder_raw_write.o
                0x23f1196c                _leRawImageDecoder_FrameBufferWriteStage
 .text._leRawImageDecoder_ImageWriteStage
                0x23f1199c       0x30 build/lcdc_rgba888_mxt_9x60_wvga/debug/_ext/1872342336/legato_imagedecoder_raw_write.o
                0x23f1199c                _leRawImageDecoder_ImageWriteStage
 .text.stage_BlendRGBA5551
                0x23f119cc       0x1c build/lcdc_rgba888_mxt_9x60_wvga/debug/_ext/1872342336/legato_imagedecoder_raw_blend.o
 .text.stage_BlendARGB8888
                0x23f119e8       0x70 build/lcdc_rgba888_mxt_9x60_wvga/debug/_ext/1872342336/legato_imagedecoder_raw_blend.o
 .text.stage_BlendRGBA8888
                0x23f11a58       0x70 build/lcdc_rgba888_mxt_9x60_wvga/debug/_ext/1872342336/legato_imagedecoder_raw_blend.o
 .text._leRawImageDecoder_BlendStage_Internal
                0x23f11ac8       0xa0 build/lcdc_rgba888_mxt_9x60_wvga/debug/_ext/1872342336/legato_imagedecoder_raw_blend.o
                0x23f11ac8                _leRawImageDecoder_BlendStage_Internal
 .text.stage_rejectMaskedColor
                0x23f11b68       0x24 build/lcdc_rgba888_mxt_9x60_wvga/debug/_ext/1872342336/legato_imagedecoder_raw_mask.o
 .text._leRawImageDecoder_MaskStage_Internal
                0x23f11b8c       0x2c build/lcdc_rgba888_mxt_9x60_wvga/debug/_ext/1872342336/legato_imagedecoder_raw_mask.o
                0x23f11b8c                _leRawImageDecoder_MaskStage_Internal
 .text.stage_convertColor
                0x23f11bb8       0x2c build/lcdc_rgba888_mxt_9x60_wvga/debug/_ext/1872342336/legato_imagedecoder_raw_convert.o
 .text._leRawImageDecoder_ConvertStage
                0x23f11be4       0x90 build/lcdc_rgba888_mxt_9x60_wvga/debug/_ext/1872342336/legato_imagedecoder_raw_convert.o
                0x23f11be4                _leRawImageDecoder_ConvertStage
 .text.stage_rotateNearestNeighborPreRead
                0x23f11c74      0x120 build/lcdc_rgba888_mxt_9x60_wvga/debug/_ext/1872342336/legato_imagedecoder_raw_rotate.o
 .text.stage_bilinearPreRead
                0x23f11d94      0x20c build/lcdc_rgba888_mxt_9x60_wvga/debug/_ext/1872342336/legato_imagedecoder_raw_rotate.o
 .text.stage_rotateBilinearPostRead
                0x23f11fa0       0x60 build/lcdc_rgba888_mxt_9x60_wvga/debug/_ext/1872342336/legato_imagedecoder_raw_rotate.o
 .text._leRawImageDecoder_RotateNearestNeighborPreReadStage
                0x23f12000       0x30 build/lcdc_rgba888_mxt_9x60_wvga/debug/_ext/1872342336/legato_imagedecoder_raw_rotate.o
                0x23f12000                _leRawImageDecoder_RotateNearestNeighborPreReadStage
 .text._leRawImageDecoder_RotateBilinearPreReadStage
                0x23f12030       0x38 build/lcdc_rgba888_mxt_9x60_wvga/debug/_ext/1872342336/legato_imagedecoder_raw_rotate.o
                0x23f12030                _leRawImageDecoder_RotateBilinearPreReadStage
 .text._leRawImageDecoder_RotateBilinearPostReadStage
                0x23f12068       0x30 build/lcdc_rgba888_mxt_9x60_wvga/debug/_ext/1872342336/legato_imagedecoder_raw_rotate.o
                0x23f12068                _leRawImageDecoder_RotateBilinearPostReadStage
 .text.stage_imageRenderPostLookup
                0x23f12098       0x48 build/lcdc_rgba888_mxt_9x60_wvga/debug/_ext/1872342336/legato_imagedecoder_raw_palette_internal.o
 .text.stage_lookup
                0x23f120e0       0x40 build/lcdc_rgba888_mxt_9x60_wvga/debug/_ext/1872342336/legato_imagedecoder_raw_palette_internal.o
 .text._leRawImageDecoder_LookupStage_Internal
                0x23f12120       0x50 build/lcdc_rgba888_mxt_9x60_wvga/debug/_ext/1872342336/legato_imagedecoder_raw_palette_internal.o
                0x23f12120                _leRawImageDecoder_LookupStage_Internal
 .text._leRawImageDecoder_ImageRenderPostLookupStage
                0x23f12170       0x38 build/lcdc_rgba888_mxt_9x60_wvga/debug/_ext/1872342336/legato_imagedecoder_raw_palette_internal.o
                0x23f12170                _leRawImageDecoder_ImageRenderPostLookupStage
 .text.getDiscreteValueAtIndex1
                0x23f121a8       0x18 build/lcdc_rgba888_mxt_9x60_wvga/debug/_ext/1381099687/legato_image_utils.o
 .text.getDiscreteValueAtIndex4
                0x23f121c0       0x10 build/lcdc_rgba888_mxt_9x60_wvga/debug/_ext/1381099687/legato_image_utils.o
 .text.getDiscreteValueAtIndex8
                0x23f121d0        0x8 build/lcdc_rgba888_mxt_9x60_wvga/debug/_ext/1381099687/legato_image_utils.o
 .text.calcOffset1bpp
                0x23f121d8        0x8 build/lcdc_rgba888_mxt_9x60_wvga/debug/_ext/1381099687/legato_image_utils.o
 .text.calcOffset4bpp
                0x23f121e0        0x8 build/lcdc_rgba888_mxt_9x60_wvga/debug/_ext/1381099687/legato_image_utils.o
 .text.calcOffset8bpp
                0x23f121e8        0x4 build/lcdc_rgba888_mxt_9x60_wvga/debug/_ext/1381099687/legato_image_utils.o
 .text.calcOffset16bpp
                0x23f121ec        0x8 build/lcdc_rgba888_mxt_9x60_wvga/debug/_ext/1381099687/legato_image_utils.o
 .text.calcOffset24bpp
                0x23f121f4        0x8 build/lcdc_rgba888_mxt_9x60_wvga/debug/_ext/1381099687/legato_image_utils.o
 .text.calcOffset32bpp
                0x23f121fc        0x8 build/lcdc_rgba888_mxt_9x60_wvga/debug/_ext/1381099687/legato_image_utils.o
 .text.leGetRLEDataAtIndex
                0x23f12204       0xd8 build/lcdc_rgba888_mxt_9x60_wvga/debug/_ext/1381099687/legato_image_utils.o
                0x23f12204                leGetRLEDataAtIndex
 .text.leGetDiscreteValueAtIndex
                0x23f122dc       0x18 build/lcdc_rgba888_mxt_9x60_wvga/debug/_ext/1381099687/legato_image_utils.o
                0x23f122dc                leGetDiscreteValueAtIndex
 .text.leGetOffsetFromIndexAndBPP
                0x23f122f4       0x18 build/lcdc_rgba888_mxt_9x60_wvga/debug/_ext/1381099687/legato_image_utils.o
                0x23f122f4                leGetOffsetFromIndexAndBPP
 .text.leImage_InitDecoders
                0x23f1230c       0x30 build/lcdc_rgba888_mxt_9x60_wvga/debug/_ext/1381099687/legato_image.o
                0x23f1230c                leImage_InitDecoders
 .text.leImage_Create
                0x23f1233c       0x94 build/lcdc_rgba888_mxt_9x60_wvga/debug/_ext/1381099687/legato_image.o
                0x23f1233c                leImage_Create
 .text.leImage_Allocate
                0x23f123d0       0xb4 build/lcdc_rgba888_mxt_9x60_wvga/debug/_ext/1381099687/legato_image.o
                0x23f123d0                leImage_Allocate
 .text.leImage_Draw
                0x23f12484       0xd4 build/lcdc_rgba888_mxt_9x60_wvga/debug/_ext/1381099687/legato_image.o
                0x23f12484                leImage_Draw
 .text.leFixedHeap_Init
                0x23f12558       0xb0 build/lcdc_rgba888_mxt_9x60_wvga/debug/_ext/28088523/legato_fixedheap.o
                0x23f12558                leFixedHeap_Init
 .text.leFixedHeap_Alloc
                0x23f12608       0x48 build/lcdc_rgba888_mxt_9x60_wvga/debug/_ext/28088523/legato_fixedheap.o
                0x23f12608                leFixedHeap_Alloc
 .text.leFixedHeap_Free
                0x23f12650       0x1c build/lcdc_rgba888_mxt_9x60_wvga/debug/_ext/28088523/legato_fixedheap.o
                0x23f12650                leFixedHeap_Free
 .text.leFixedHeap_Contains
                0x23f1266c       0x60 build/lcdc_rgba888_mxt_9x60_wvga/debug/_ext/28088523/legato_fixedheap.o
                0x23f1266c                leFixedHeap_Contains
 .text._fixedHeapAlloc
                0x23f126cc       0x60 build/lcdc_rgba888_mxt_9x60_wvga/debug/_ext/28088523/legato_memory.o
 .text._findFixedHeapForPointer
                0x23f1272c       0x5c build/lcdc_rgba888_mxt_9x60_wvga/debug/_ext/28088523/legato_memory.o
 .text.leMemory_Init
                0x23f12788       0xb0 build/lcdc_rgba888_mxt_9x60_wvga/debug/_ext/28088523/legato_memory.o
                0x23f12788                leMemory_Init
 .text.leMalloc
                0x23f12838       0x28 build/lcdc_rgba888_mxt_9x60_wvga/debug/_ext/28088523/legato_memory.o
                0x23f12838                leMalloc
 .text.leFree   0x23f12860       0x6c build/lcdc_rgba888_mxt_9x60_wvga/debug/_ext/28088523/legato_memory.o
                0x23f12860                leFree
 .text.leRealloc
                0x23f128cc      0x25c build/lcdc_rgba888_mxt_9x60_wvga/debug/_ext/28088523/legato_memory.o
                0x23f128cc                leRealloc
 .text._insertIntoList
                0x23f12b28       0x84 build/lcdc_rgba888_mxt_9x60_wvga/debug/_ext/28088523/legato_variableheap.o
 .text._removeFromList
                0x23f12bac       0x38 build/lcdc_rgba888_mxt_9x60_wvga/debug/_ext/28088523/legato_variableheap.o
 .text._findPreviousBlock
                0x23f12be4       0xa0 build/lcdc_rgba888_mxt_9x60_wvga/debug/_ext/28088523/legato_variableheap.o
 .text._findNextBlock
                0x23f12c84       0x74 build/lcdc_rgba888_mxt_9x60_wvga/debug/_ext/28088523/legato_variableheap.o
 .text._canSplit
                0x23f12cf8       0x3c build/lcdc_rgba888_mxt_9x60_wvga/debug/_ext/28088523/legato_variableheap.o
 .text._combineFreeBlockNext
                0x23f12d34       0x7c build/lcdc_rgba888_mxt_9x60_wvga/debug/_ext/28088523/legato_variableheap.o
 .text._growAllocBlock
                0x23f12db0      0x104 build/lcdc_rgba888_mxt_9x60_wvga/debug/_ext/28088523/legato_variableheap.o
 .text.leVariableHeap_Init
                0x23f12eb4       0x58 build/lcdc_rgba888_mxt_9x60_wvga/debug/_ext/28088523/legato_variableheap.o
                0x23f12eb4                leVariableHeap_Init
 .text.leVariableHeap_Alloc
                0x23f12f0c      0x130 build/lcdc_rgba888_mxt_9x60_wvga/debug/_ext/28088523/legato_variableheap.o
                0x23f12f0c                leVariableHeap_Alloc
 .text.leVariableHeap_Free
                0x23f1303c       0xd8 build/lcdc_rgba888_mxt_9x60_wvga/debug/_ext/28088523/legato_variableheap.o
                0x23f1303c                leVariableHeap_Free
 .text.leVariableHeap_Realloc
                0x23f13114      0x2a0 build/lcdc_rgba888_mxt_9x60_wvga/debug/_ext/28088523/legato_variableheap.o
                0x23f13114                leVariableHeap_Realloc
 .text.leVariableHeap_Contains
                0x23f133b4       0x20 build/lcdc_rgba888_mxt_9x60_wvga/debug/_ext/28088523/legato_variableheap.o
                0x23f133b4                leVariableHeap_Contains
 .text.leVariableHeap_SizeOf
                0x23f133d4        0x8 build/lcdc_rgba888_mxt_9x60_wvga/debug/_ext/28088523/legato_variableheap.o
                0x23f133d4                leVariableHeap_SizeOf
 .text.leVariableHeap_Validate
                0x23f133dc        0x8 build/lcdc_rgba888_mxt_9x60_wvga/debug/_ext/28088523/legato_variableheap.o
                0x23f133dc                leVariableHeap_Validate
 .text.leRenderer_RectFill
                0x23f133e4       0x6c build/lcdc_rgba888_mxt_9x60_wvga/debug/_ext/1081070089/legato_draw_rect.o
                0x23f133e4                leRenderer_RectFill
 .text.leRenderer_HorzLine
                0x23f13450       0xe4 build/lcdc_rgba888_mxt_9x60_wvga/debug/_ext/1081070089/legato_draw_line.o
                0x23f13450                leRenderer_HorzLine
 .text.leRenderer_VertLine
                0x23f13534       0xe4 build/lcdc_rgba888_mxt_9x60_wvga/debug/_ext/1081070089/legato_draw_line.o
                0x23f13534                leRenderer_VertLine
 .text.findDirtyWidget
                0x23f13618       0x90 build/lcdc_rgba888_mxt_9x60_wvga/debug/_ext/1081070089/legato_renderer.o
 .text._nextRect
                0x23f136a8       0x34 build/lcdc_rgba888_mxt_9x60_wvga/debug/_ext/1081070089/legato_renderer.o
 .text.invalidateWidget
                0x23f136dc       0xe0 build/lcdc_rgba888_mxt_9x60_wvga/debug/_ext/1081070089/legato_renderer.o
 .text.addDamageRectToList
                0x23f137bc       0xb8 build/lcdc_rgba888_mxt_9x60_wvga/debug/_ext/1081070089/legato_renderer.o
 .text.leRenderer_IsIdle
                0x23f13874       0x18 build/lcdc_rgba888_mxt_9x60_wvga/debug/_ext/1081070089/legato_renderer.o
                0x23f13874                leRenderer_IsIdle
 .text.leGetRenderBuffer
                0x23f1388c       0x28 build/lcdc_rgba888_mxt_9x60_wvga/debug/_ext/1081070089/legato_renderer.o
                0x23f1388c                leGetRenderBuffer
 .text.leRenderer_CurrentColorMode
                0x23f138b4       0x20 build/lcdc_rgba888_mxt_9x60_wvga/debug/_ext/1081070089/legato_renderer.o
                0x23f138b4                leRenderer_CurrentColorMode
 .text.leRenderer_ConvertColor
                0x23f138d4       0x34 build/lcdc_rgba888_mxt_9x60_wvga/debug/_ext/1081070089/legato_renderer.o
                0x23f138d4                leRenderer_ConvertColor
 .text.leRenderer_DisplaySize
                0x23f13908       0x40 build/lcdc_rgba888_mxt_9x60_wvga/debug/_ext/1081070089/legato_renderer.o
                0x23f13908                leRenderer_DisplaySize
 .text.leRenderer_GetClipRect
                0x23f13948       0x18 build/lcdc_rgba888_mxt_9x60_wvga/debug/_ext/1081070089/legato_renderer.o
                0x23f13948                leRenderer_GetClipRect
 .text.leRenderer_GetFrameRect
                0x23f13960       0x28 build/lcdc_rgba888_mxt_9x60_wvga/debug/_ext/1081070089/legato_renderer.o
                0x23f13960                leRenderer_GetFrameRect
 .text.leRenderer_CullDrawRect
                0x23f13988       0x20 build/lcdc_rgba888_mxt_9x60_wvga/debug/_ext/1081070089/legato_renderer.o
                0x23f13988                leRenderer_CullDrawRect
 .text.leRenderer_CullDrawXY
                0x23f139a8       0x30 build/lcdc_rgba888_mxt_9x60_wvga/debug/_ext/1081070089/legato_renderer.o
                0x23f139a8                leRenderer_CullDrawXY
 .text.leRenderer_ClipDrawRect
                0x23f139d8       0x18 build/lcdc_rgba888_mxt_9x60_wvga/debug/_ext/1081070089/legato_renderer.o
                0x23f139d8                leRenderer_ClipDrawRect
 .text.leRenderer_Initialize
                0x23f139f0       0xb8 build/lcdc_rgba888_mxt_9x60_wvga/debug/_ext/1081070089/legato_renderer.o
                0x23f139f0                leRenderer_Initialize
 .text.leRenderer_DisplayInterface
                0x23f13aa8       0x10 build/lcdc_rgba888_mxt_9x60_wvga/debug/_ext/1081070089/legato_renderer.o
                0x23f13aa8                leRenderer_DisplayInterface
 .text.leRenderer_GPUInterface
                0x23f13ab8       0x10 build/lcdc_rgba888_mxt_9x60_wvga/debug/_ext/1081070089/legato_renderer.o
                0x23f13ab8                leRenderer_GPUInterface
 .text.leRenderer_DamageArea
                0x23f13ac8       0xa8 build/lcdc_rgba888_mxt_9x60_wvga/debug/_ext/1081070089/legato_renderer.o
                0x23f13ac8                leRenderer_DamageArea
 .text.leRenderer_Paint
                0x23f13b70      0x7b8 build/lcdc_rgba888_mxt_9x60_wvga/debug/_ext/1081070089/legato_renderer.o
                0x23f13b70                leRenderer_Paint
 .text._leRenderer_CreateLayerState
                0x23f14328       0x48 build/lcdc_rgba888_mxt_9x60_wvga/debug/_ext/1081070089/legato_renderer.o
                0x23f14328                _leRenderer_CreateLayerState
 .text._MonoFill
                0x23f14370       0x64 build/lcdc_rgba888_mxt_9x60_wvga/debug/_ext/1081070089/legato_draw.o
 .text._MonoPutPixel
                0x23f143d4       0x30 build/lcdc_rgba888_mxt_9x60_wvga/debug/_ext/1081070089/legato_draw.o
 .text._RGBPutPixel
                0x23f14404       0x2c build/lcdc_rgba888_mxt_9x60_wvga/debug/_ext/1081070089/legato_draw.o
 .text._RGBFill
                0x23f14430       0x88 build/lcdc_rgba888_mxt_9x60_wvga/debug/_ext/1081070089/legato_draw.o
 .text._RGBBlendPixel
                0x23f144b8      0x15c build/lcdc_rgba888_mxt_9x60_wvga/debug/_ext/1081070089/legato_draw.o
 .text.leRenderer_GetPixel
                0x23f14614       0x40 build/lcdc_rgba888_mxt_9x60_wvga/debug/_ext/1081070089/legato_draw.o
                0x23f14614                leRenderer_GetPixel
 .text.leRenderer_PutPixel
                0x23f14654       0x4c build/lcdc_rgba888_mxt_9x60_wvga/debug/_ext/1081070089/legato_draw.o
                0x23f14654                leRenderer_PutPixel
 .text.leRenderer_BlendPixel