Archive member included to satisfy reference by file (symbol)

c:/program files/microchip/xc32/v4.20/bin/bin/../../lib/gcc/pic32c/8.3.1/../../../../pic32c/lib/arm/v5te/nofp\libpic32c.a(data_init_wrapper.o)
                              build/lcdc_rgba888_mxt_9x60_wvga/debug/_ext/2052985144/cstartup.o (__pic32c_data_initialization)
c:/program files/microchip/xc32/v4.20/bin/bin/../../lib/gcc/pic32c/8.3.1/../../../../pic32c/lib/arm/v5te/nofp\libpic32c.a(data_init_0_1.o)
                              c:/program files/microchip/xc32/v4.20/bin/bin/../../lib/gcc/pic32c/8.3.1/../../../../pic32c/lib/arm/v5te/nofp\libpic32c.a(data_init_wrapper.o) (__pic32c_data_initialization_impl)
c:/program files/microchip/xc32/v4.20/bin/bin/../../lib/gcc/pic32c/8.3.1/arm/v5te/nofp\libgcc.a(_udivsi3.o)
                              build/lcdc_rgba888_mxt_9x60_wvga/debug/_ext/305146849/legato_math.o (__aeabi_uidiv)
c:/program files/microchip/xc32/v4.20/bin/bin/../../lib/gcc/pic32c/8.3.1/arm/v5te/nofp\libgcc.a(_divsi3.o)
                              build/lcdc_rgba888_mxt_9x60_wvga/debug/_ext/305146849/legato_math.o (__aeabi_idiv)
c:/program files/microchip/xc32/v4.20/bin/bin/../../lib/gcc/pic32c/8.3.1/arm/v5te/nofp\libgcc.a(_dvmd_tls.o)
                              c:/program files/microchip/xc32/v4.20/bin/bin/../../lib/gcc/pic32c/8.3.1/arm/v5te/nofp\libgcc.a(_udivsi3.o) (__aeabi_idiv0)
c:/program files/microchip/xc32/v4.20/bin/bin/../../lib/gcc/pic32c/8.3.1/arm/v5te/nofp\libgcc.a(_arm_addsubsf3.o)
                              build/lcdc_rgba888_mxt_9x60_wvga/debug/_ext/305146849/legato_math.o (__aeabi_fsub)
c:/program files/microchip/xc32/v4.20/bin/bin/../../lib/gcc/pic32c/8.3.1/arm/v5te/nofp\libgcc.a(_arm_muldivsf3.o)
                              build/lcdc_rgba888_mxt_9x60_wvga/debug/_ext/305146849/legato_math.o (__aeabi_fmul)
c:/program files/microchip/xc32/v4.20/bin/bin/../../lib/gcc/pic32c/8.3.1/arm/v5te/nofp\libgcc.a(_arm_cmpsf2.o)
                              build/lcdc_rgba888_mxt_9x60_wvga/debug/_ext/305146849/legato_math.o (__aeabi_fcmplt)
c:/program files/microchip/xc32/v4.20/bin/bin/../../lib/gcc/pic32c/8.3.1/arm/v5te/nofp\libgcc.a(_arm_fixsfsi.o)
                              build/lcdc_rgba888_mxt_9x60_wvga/debug/_ext/305146849/legato_math.o (__aeabi_f2iz)
c:/program files/microchip/xc32/v4.20/bin/bin/../../lib/gcc/pic32c/8.3.1/arm/v5te/nofp\libgcc.a(_arm_fixunssfsi.o)
                              build/lcdc_rgba888_mxt_9x60_wvga/debug/_ext/305146849/legato_math.o (__aeabi_f2uiz)
c:/program files/microchip/xc32/v4.20/bin/bin/../../lib/gcc/pic32c/8.3.1/arm/v5te/nofp\libgcc.a(_aeabi_uldivmod.o)
                              build/lcdc_rgba888_mxt_9x60_wvga/debug/_ext/1812361045/sys_time.o (__aeabi_uldivmod)
c:/program files/microchip/xc32/v4.20/bin/bin/../../lib/gcc/pic32c/8.3.1/arm/v5te/nofp\libgcc.a(_udivmoddi4.o)
                              c:/program files/microchip/xc32/v4.20/bin/bin/../../lib/gcc/pic32c/8.3.1/arm/v5te/nofp\libgcc.a(_aeabi_uldivmod.o) (__udivmoddi4)
c:/program files/microchip/xc32/v4.20/bin/bin/../../lib/gcc/pic32c/8.3.1/../../../../pic32c/lib/arm/v5te/nofp\libm-musl.a(atan.o)
                              build/lcdc_rgba888_mxt_9x60_wvga/debug/_ext/305146849/legato_math.o (atan)
c:/program files/microchip/xc32/v4.20/bin/bin/../../lib/gcc/pic32c/8.3.1/../../../../pic32c/lib/arm/v5te/nofp\libm-musl.a(fabs.o)
                              c:/program files/microchip/xc32/v4.20/bin/bin/../../lib/gcc/pic32c/8.3.1/../../../../pic32c/lib/arm/v5te/nofp\libm-musl.a(atan.o) (fabs)
c:/program files/microchip/xc32/v4.20/bin/bin/../../lib/gcc/pic32c/8.3.1/../../../../pic32c/lib/arm/v5te/nofp\libg-musl.a(__libc_start_main.o)
                              build/lcdc_rgba888_mxt_9x60_wvga/debug/_ext/2052985144/cstartup.o (__libc_init_array)
c:/program files/microchip/xc32/v4.20/bin/bin/../../lib/gcc/pic32c/8.3.1/../../../../pic32c/lib/arm/v5te/nofp\libg-musl.a(libc.o)
                              c:/program files/microchip/xc32/v4.20/bin/bin/../../lib/gcc/pic32c/8.3.1/../../../../pic32c/lib/arm/v5te/nofp\libg-musl.a(__libc_start_main.o) (__progname_full)
c:/program files/microchip/xc32/v4.20/bin/bin/../../lib/gcc/pic32c/8.3.1/../../../../pic32c/lib/arm/v5te/nofp\libg-musl.a(__sio_printf_doux.o)
                              (_printf_cdnopuxX)
c:/program files/microchip/xc32/v4.20/bin/bin/../../lib/gcc/pic32c/8.3.1/../../../../pic32c/lib/arm/v5te/nofp\libg-musl.a(__sio_sscanf_dosux.o)
                              (_sscanf_cdnopsuxX)
c:/program files/microchip/xc32/v4.20/bin/bin/../../lib/gcc/pic32c/8.3.1/../../../../pic32c/lib/arm/v5te/nofp\libg-musl.a(__fmt_d.o)
                              c:/program files/microchip/xc32/v4.20/bin/bin/../../lib/gcc/pic32c/8.3.1/../../../../pic32c/lib/arm/v5te/nofp\libg-musl.a(__sio_printf_doux.o) (__fmt_d_needed)
c:/program files/microchip/xc32/v4.20/bin/bin/../../lib/gcc/pic32c/8.3.1/../../../../pic32c/lib/arm/v5te/nofp\libg-musl.a(__fmt_o.o)
[...]
Memory Configuration

Name             Origin             Length             Attributes
sram             0x00300000         0x00010000         xw
ram              0x21000000         0x07000000         xwl !r
ram_nocache      0x20000000         0x01000000         !xrw
rom              0x00000000         0x00000000         xrl
*default*        0x00000000         0xffffffff

Linker script and memory map

LOAD c:/program files/microchip/xc32/v4.20/bin/bin/../../lib/gcc/pic32c/8.3.1/arm/v5te/nofp/crti.o
LOAD c:/program files/microchip/xc32/v4.20/bin/bin/../../lib/gcc/pic32c/8.3.1/arm/v5te/nofp/crtbegin.o
LOAD build/lcdc_rgba888_mxt_9x60_wvga/debug/_ext/1805132566/legato_widget_textfield.o
LOAD build/lcdc_rgba888_mxt_9x60_wvga/debug/_ext/305146849/legato_math.o
LOAD build/lcdc_rgba888_mxt_9x60_wvga/debug/_ext/1872342336/legato_imagedecoder_raw_setup.o
LOAD build/lcdc_rgba888_mxt_9x60_wvga/debug/_ext/1339002025/legato_widget_button.o
LOAD build/lcdc_rgba888_mxt_9x60_wvga/debug/_ext/1872342336/legato_imagedecoder_raw_scale.o
LOAD build/lcdc_rgba888_mxt_9x60_wvga/debug/_ext/1618103421/legato_rasterfont_liberationmono1.o
LOAD build/lcdc_rgba888_mxt_9x60_wvga/debug/_ext/1444382766/legato_widget_drawsurface.o
LOAD build/lcdc_rgba888_mxt_9x60_wvga/debug/_ext/1195110755/legato_widget_label.o
LOAD build/lcdc_rgba888_mxt_9x60_wvga/debug/_ext/261620856/legato_widget_skin_classic.o
LOAD build/lcdc_rgba888_mxt_9x60_wvga/debug/_ext/1872342336/legato_imagedecoder_raw.o
LOAD build/lcdc_rgba888_mxt_9x60_wvga/debug/_ext/305146849/legato_color_blend.o
LOAD build/lcdc_rgba888_mxt_9x60_wvga/debug/_ext/1195110755/legato_widget_label_skin_classic.o
LOAD build/lcdc_rgba888_mxt_9x60_wvga/debug/_ext/1872342336/legato_imagedecoder_raw_read_internal.o
LOAD build/lcdc_rgba888_mxt_9x60_wvga/debug/_ext/2122148963/legato_widget_circular_gauge.o
LOAD build/lcdc_rgba888_mxt_9x60_wvga/debug/_ext/1618192685/legato_state.o
LOAD build/lcdc_rgba888_mxt_9x60_wvga/debug/_ext/1381099687/legato_image_utils.o
LOAD build/lcdc_rgba888_mxt_9x60_wvga/debug/_ext/109670485/legato_rectarray.o
LOAD build/lcdc_rgba888_mxt_9x60_wvga/debug/_ext/261620856/legato_widget.o
LOAD build/lcdc_rgba888_mxt_9x60_wvga/debug/_ext/1817042520/legato_widget_slider.o
LOAD build/lcdc_rgba888_mxt_9x60_wvga/debug/_ext/1093664902/legato_widget_touchtest.o
LOAD build/lcdc_rgba888_mxt_9x60_wvga/debug/_ext/1928937831/legato_widget_window_skin_classic.o
LOAD build/lcdc_rgba888_mxt_9x60_wvga/debug/_ext/305146849/legato_color_convert.o
LOAD build/lcdc_rgba888_mxt_9x60_wvga/debug/_ext/1839659051/legato_widget_list.o
LOAD build/lcdc_rgba888_mxt_9x60_wvga/debug/_ext/1826491803/sys_int.o
LOAD build/lcdc_rgba888_mxt_9x60_wvga/debug/_ext/28088523/legato_fixedheap.o
LOAD build/lcdc_rgba888_mxt_9x60_wvga/debug/_ext/109670485/legato_array.o
LOAD build/lcdc_rgba888_mxt_9x60_wvga/debug/_ext/2015859515/legato_widget_imagesequence_skin_classic.o
LOAD build/lcdc_rgba888_mxt_9x60_wvga/debug/_ext/157682245/legato_string_renderer.o
LOAD build/lcdc_rgba888_mxt_9x60_wvga/debug/_ext/1694778207/legato_widget_imagerotate_skin_classic.o
LOAD build/lcdc_rgba888_mxt_9x60_wvga/debug/_ext/1634291878/legato_widget_listwheel.o
LOAD build/lcdc_rgba888_mxt_9x60_wvga/debug/_ext/4988870/plib_clk.o
LOAD build/lcdc_rgba888_mxt_9x60_wvga/debug/_ext/1694778207/legato_widget_imagerotate.o
LOAD build/lcdc_rgba888_mxt_9x60_wvga/debug/_ext/1872342336/legato_imagedecoder_raw_write.o
LOAD build/lcdc_rgba888_mxt_9x60_wvga/debug/_ext/644506877/le_gen_fonts.o
LOAD build/lcdc_rgba888_mxt_9x60_wvga/debug/_ext/935657338/legato_widget_checkbox_skin_classic.o
LOAD build/lcdc_rgba888_mxt_9x60_wvga/debug/_ext/2015859515/legato_widget_imagesequence.o
LOAD build/lcdc_rgba888_mxt_9x60_wvga/debug/_ext/2086794059/legato_imagedecoder_mono_read_stream.o
LOAD build/lcdc_rgba888_mxt_9x60_wvga/debug/_ext/157682245/legato_stringutils.o
LOAD build/lcdc_rgba888_mxt_9x60_wvga/debug/_ext/4998521/plib_mmu.o
LOAD build/lcdc_rgba888_mxt_9x60_wvga/debug/_ext/1618192685/legato_stream.o
LOAD build/lcdc_rgba888_mxt_9x60_wvga/debug/_ext/1643194869/legato_widget_radial_menu_state.o
LOAD build/lcdc_rgba888_mxt_9x60_wvga/debug/_ext/261620856/legato_editwidget.o
LOAD build/lcdc_rgba888_mxt_9x60_wvga/debug/_ext/1414187873/sys_input.o
LOAD build/lcdc_rgba888_mxt_9x60_wvga/debug/_ext/1817042520/legato_widget_slider_skin_classic.o
LOAD build/lcdc_rgba888_mxt_9x60_wvga/debug/_ext/261620856/legato_widget_skin_classic_common.o
LOAD build/lcdc_rgba888_mxt_9x60_wvga/debug/_ext/1582032715/legato_widget_keypad.o
LOAD build/lcdc_rgba888_mxt_9x60_wvga/debug/_ext/2122148963/legato_widget_circular_gauge_skin_classic.o
LOAD build/lcdc_rgba888_mxt_9x60_wvga/debug/_ext/1408246553/sys_cache.o
LOAD build/lcdc_rgba888_mxt_9x60_wvga/debug/_ext/1872342336/legato_imagedecoder_raw_blend.o
LOAD build/lcdc_rgba888_mxt_9x60_wvga/debug/_ext/1356472903/legato_widget_circle_skin_classic.o
LOAD build/lcdc_rgba888_mxt_9x60_wvga/debug/_ext/1338867754/legato_radiobutton_group.o
LOAD build/lcdc_rgba888_mxt_9x60_wvga/debug/_ext/1047821571/legato_widget_line_graph.o
LOAD build/lcdc_rgba888_mxt_9x60_wvga/debug/_ext/1872342336/legato_imagedecoder_raw_mask.o
LOAD build/lcdc_rgba888_mxt_9x60_wvga/debug/_ext/231973969/legato_widget_progressbar.o
LOAD build/lcdc_rgba888_mxt_9x60_wvga/debug/_ext/1946336466/legato_widget_bar_graph.o
LOAD build/lcdc_rgba888_mxt_9x60_wvga/debug/_ext/1928937831/legato_widget_window.o
LOAD build/lcdc_rgba888_mxt_9x60_wvga/debug/_ext/305146849/legato_rect.o
LOAD build/lcdc_rgba888_mxt_9x60_wvga/debug/_ext/1444382766/legato_widget_drawsurface_skin_classic.o
LOAD build/lcdc_rgba888_mxt_9x60_wvga/debug/_ext/1946336466/legato_widget_bar_graph_skin_classic.o
LOAD build/lcdc_rgba888_mxt_9x60_wvga/debug/_ext/1197524732/legato_widget_image_skin_classic.o
LOAD build/lcdc_rgba888_mxt_9x60_wvga/debug/_ext/337100648/legato_widget_rectangle.o
LOAD build/lcdc_rgba888_mxt_9x60_wvga/debug/_ext/1081070089/legato_draw_rect.o
LOAD build/lcdc_rgba888_mxt_9x60_wvga/debug/_ext/1872343871/lodepng.o
LOAD build/lcdc_rgba888_mxt_9x60_wvga/debug/_ext/1339002025/legato_widget_button_skin_classic.o
LOAD build/lcdc_rgba888_mxt_9x60_wvga/debug/_ext/1360937237/app.o
LOAD build/lcdc_rgba888_mxt_9x60_wvga/debug/_ext/5001274/plib_pio.o
LOAD build/lcdc_rgba888_mxt_9x60_wvga/debug/_ext/305146849/legato_color_value.o
LOAD build/lcdc_rgba888_mxt_9x60_wvga/debug/_ext/1081070089/legato_draw_line.o
LOAD build/lcdc_rgba888_mxt_9x60_wvga/debug/_ext/305146849/legato_utils.o
LOAD build/lcdc_rgba888_mxt_9x60_wvga/debug/_ext/1839659221/legato_widget_line.o
LOAD build/lcdc_rgba888_mxt_9x60_wvga/debug/_ext/236556520/bsp.o
LOAD build/lcdc_rgba888_mxt_9x60_wvga/debug/_ext/286729486/xc32_monitor.o
LOAD build/lcdc_rgba888_mxt_9x60_wvga/debug/_ext/1582032715/legato_widget_keypad_skin_classic.o
LOAD build/lcdc_rgba888_mxt_9x60_wvga/debug/_ext/1618103421/legato_rasterfont_stream.o
LOAD build/lcdc_rgba888_mxt_9x60_wvga/debug/_ext/1805132566/legato_widget_textfield_skin_classic.o
LOAD build/lcdc_rgba888_mxt_9x60_wvga/debug/_ext/1872342336/legato_imagedecoder_raw_convert.o
LOAD build/lcdc_rgba888_mxt_9x60_wvga/debug/_ext/28088523/legato_memory.o
LOAD build/lcdc_rgba888_mxt_9x60_wvga/debug/_ext/1381099687/legato_image.o
LOAD build/lcdc_rgba888_mxt_9x60_wvga/debug/_ext/1618103421/legato_font.o
LOAD build/lcdc_rgba888_mxt_9x60_wvga/debug/_ext/1197524732/legato_widget_image.o
LOAD build/lcdc_rgba888_mxt_9x60_wvga/debug/_ext/511583513/legato_widget_gradient_skin_classic.o
LOAD build/lcdc_rgba888_mxt_9x60_wvga/debug/_ext/1047821571/legato_widget_line_graph_skin_classic.o
LOAD build/lcdc_rgba888_mxt_9x60_wvga/debug/_ext/1414187873/sys_input_listener.o
LOAD build/lcdc_rgba888_mxt_9x60_wvga/debug/_ext/2052985144/initialization.o
LOAD build/lcdc_rgba888_mxt_9x60_wvga/debug/_ext/1165331637/gfx_driver.o
LOAD build/lcdc_rgba888_mxt_9x60_wvga/debug/_ext/1081070089/legato_renderer.o
LOAD build/lcdc_rgba888_mxt_9x60_wvga/debug/_ext/1338867754/legato_widget_radiobutton.o
LOAD build/lcdc_rgba888_mxt_9x60_wvga/debug/_ext/1360937237/main.o
LOAD build/lcdc_rgba888_mxt_9x60_wvga/debug/_ext/4986847/plib_aic.o
LOAD build/lcdc_rgba888_mxt_9x60_wvga/debug/_ext/157682245/legato_dynamicstring.o
LOAD build/lcdc_rgba888_mxt_9x60_wvga/debug/_ext/154914322/plib_lcdc.o
LOAD build/lcdc_rgba888_mxt_9x60_wvga/debug/_ext/1247087435/plib_tc0.o
LOAD build/lcdc_rgba888_mxt_9x60_wvga/debug/_ext/706129189/le_gen_init.o
LOAD build/lcdc_rgba888_mxt_9x60_wvga/debug/_ext/305146849/legato_pixelbuffer.o
LOAD build/lcdc_rgba888_mxt_9x60_wvga/debug/_ext/1618192685/legato_scheme.o
LOAD build/lcdc_rgba888_mxt_9x60_wvga/debug/_ext/305146849/legato_color_lerp.o
LOAD build/lcdc_rgba888_mxt_9x60_wvga/debug/_ext/1618103421/legato_rasterfont_liberationmono8.o
LOAD build/lcdc_rgba888_mxt_9x60_wvga/debug/_ext/1812361045/sys_time.o
LOAD build/lcdc_rgba888_mxt_9x60_wvga/debug/_ext/2086705360/legato_imagedecoder_jpeg.o
LOAD build/lcdc_rgba888_mxt_9x60_wvga/debug/_ext/1643194869/legato_widget_radial_menu.o
LOAD build/lcdc_rgba888_mxt_9x60_wvga/debug/_ext/1872343871/legato_imagedecoder_png.o
LOAD build/lcdc_rgba888_mxt_9x60_wvga/debug/_ext/1381099687/legato_palette.o
LOAD build/lcdc_rgba888_mxt_9x60_wvga/debug/_ext/1029185477/legato_widget_arc.o
LOAD build/lcdc_rgba888_mxt_9x60_wvga/debug/_ext/129784465/drv_gfx_lcdc.o
LOAD build/lcdc_rgba888_mxt_9x60_wvga/debug/_ext/2052985144/cstartup.o
LOAD build/lcdc_rgba888_mxt_9x60_wvga/debug/_ext/94869853/legato_widget_groupbox.o
LOAD build/lcdc_rgba888_mxt_9x60_wvga/debug/_ext/305146849/legato_error.o
LOAD build/lcdc_rgba888_mxt_9x60_wvga/debug/_ext/706129189/le_gen_globalpalette.o
LOAD build/lcdc_rgba888_mxt_9x60_wvga/debug/_ext/231973969/legato_widget_progressbar_skin_classic.o
LOAD build/lcdc_rgba888_mxt_9x60_wvga/debug/_ext/1872342336/legato_imagedecoder_raw_rotate.o
LOAD build/lcdc_rgba888_mxt_9x60_wvga/debug/_ext/1715456695/legato_widget_circular_slider.o
LOAD build/lcdc_rgba888_mxt_9x60_wvga/debug/_ext/2052985144/fault_handlers.o
LOAD build/lcdc_rgba888_mxt_9x60_wvga/debug/_ext/1497821479/le_gen_images.o
LOAD build/lcdc_rgba888_mxt_9x60_wvga/debug/_ext/1290198647/legato_widget_pie_chart_skin_classic.o
LOAD build/lcdc_rgba888_mxt_9x60_wvga/debug/_ext/157682245/legato_tablestring.o
LOAD build/lcdc_rgba888_mxt_9x60_wvga/debug/_ext/2052985144/interrupts.o
LOAD build/lcdc_rgba888_mxt_9x60_wvga/debug/_ext/2086794059/legato_imagedecoder_mono_read_internal.o
LOAD build/lcdc_rgba888_mxt_9x60_wvga/debug/_ext/1093664902/legato_widget_touchtest_skin_classic.o
LOAD build/lcdc_rgba888_mxt_9x60_wvga/debug/_ext/935657338/legato_widget_checkbox.o
LOAD build/lcdc_rgba888_mxt_9x60_wvga/debug/_ext/1872342336/legato_imagedecoder_raw_read_stream_rleindex.o
LOAD build/lcdc_rgba888_mxt_9x60_wvga/debug/_ext/1839659051/legato_widget_list_skin_classic.o
LOAD build/lcdc_rgba888_mxt_9x60_wvga/debug/_ext/1872342336/legato_imagedecoder_raw_palette_internal.o
LOAD build/lcdc_rgba888_mxt_9x60_wvga/debug/_ext/1634291878/legato_widget_listwheel_skin_classic.o
LOAD build/lcdc_rgba888_mxt_9x60_wvga/debug/_ext/1356472903/legato_widget_circle.o
LOAD build/lcdc_rgba888_mxt_9x60_wvga/debug/_ext/94869853/legato_widget_groupbox_skin_classic.o
LOAD build/lcdc_rgba888_mxt_9x60_wvga/debug/_ext/1040606897/legato_widget_scrollbar.o
LOAD build/lcdc_rgba888_mxt_9x60_wvga/debug/_ext/609407686/legato_widget_imagescale.o
LOAD build/lcdc_rgba888_mxt_9x60_wvga/debug/_ext/1029185477/legato_widget_arc_skin_classic.o
LOAD build/lcdc_rgba888_mxt_9x60_wvga/debug/_ext/337100648/legato_widget_rectangle_skin_classic.o
LOAD build/lcdc_rgba888_mxt_9x60_wvga/debug/_ext/706129189/le_gen_scheme.o
LOAD build/lcdc_rgba888_mxt_9x60_wvga/debug/_ext/1338867754/legato_widget_radiobutton_skin_classic.o
LOAD build/lcdc_rgba888_mxt_9x60_wvga/debug/_ext/511583513/legato_widget_gradient.o
LOAD build/lcdc_rgba888_mxt_9x60_wvga/debug/_ext/2086794059/legato_imagedecoder_mono.o
LOAD build/lcdc_rgba888_mxt_9x60_wvga/debug/_ext/109670485/legato_list.o
LOAD build/lcdc_rgba888_mxt_9x60_wvga/debug/_ext/2052985144/tasks.o
LOAD build/lcdc_rgba888_mxt_9x60_wvga/debug/_ext/1040606897/legato_widget_scrollbar_skin_classic.o
LOAD build/lcdc_rgba888_mxt_9x60_wvga/debug/_ext/157682245/legato_string.o
LOAD build/lcdc_rgba888_mxt_9x60_wvga/debug/_ext/103208383/drv_i2c.o
LOAD build/lcdc_rgba888_mxt_9x60_wvga/debug/_ext/1872342336/legato_imagedecoder_raw_read_stream_index.o
LOAD build/lcdc_rgba888_mxt_9x60_wvga/debug/_ext/1618192685/legato_event.o
LOAD build/lcdc_rgba888_mxt_9x60_wvga/debug/_ext/2086705360/legato_imagedecoder_jpeg_common.o
LOAD build/lcdc_rgba888_mxt_9x60_wvga/debug/_ext/157682245/legato_string_renderer_stream.o
LOAD build/lcdc_rgba888_mxt_9x60_wvga/debug/_ext/1959449242/drv_maxtouch.o
LOAD build/lcdc_rgba888_mxt_9x60_wvga/debug/_ext/157682245/legato_fixedstring.o
LOAD build/lcdc_rgba888_mxt_9x60_wvga/debug/_ext/1290198647/legato_widget_pie_chart.o
LOAD build/lcdc_rgba888_mxt_9x60_wvga/debug/_ext/157682245/legato_stringtable.o
LOAD build/lcdc_rgba888_mxt_9x60_wvga/debug/_ext/1715456695/legato_widget_circular_slider_skin_classic.o
LOAD build/lcdc_rgba888_mxt_9x60_wvga/debug/_ext/534613472/le_gen_screen_Screen0.o
LOAD build/lcdc_rgba888_mxt_9x60_wvga/debug/_ext/305146849/legato_color.o
LOAD build/lcdc_rgba888_mxt_9x60_wvga/debug/_ext/1872342336/legato_imagedecoder_raw_read_stream_color.o
LOAD build/lcdc_rgba888_mxt_9x60_wvga/debug/_ext/2086705360/jidctint.o
LOAD build/lcdc_rgba888_mxt_9x60_wvga/debug/_ext/1643194869/legato_widget_radial_menu_skin_classic.o
LOAD build/lcdc_rgba888_mxt_9x60_wvga/debug/_ext/28088523/legato_variableheap.o
LOAD build/lcdc_rgba888_mxt_9x60_wvga/debug/_ext/609407686/legato_widget_imagescale_skin_classic.o
LOAD build/lcdc_rgba888_mxt_9x60_wvga/debug/_ext/1081070089/legato_draw.o
LOAD build/lcdc_rgba888_mxt_9x60_wvga/debug/_ext/1618192685/legato_input.o
LOAD build/lcdc_rgba888_mxt_9x60_wvga/debug/_ext/1872342336/legato_imagedecoder_raw_read_stream_rlecolor.o
LOAD build/lcdc_rgba888_mxt_9x60_wvga/debug/_ext/1872342336/legato_imagedecoder_raw_palette_stream.o
LOAD build/lcdc_rgba888_mxt_9x60_wvga/debug/_ext/706129189/le_gen_stringtable.o
LOAD build/lcdc_rgba888_mxt_9x60_wvga/debug/_ext/706129189/le_gen_harmony.o
LOAD build/lcdc_rgba888_mxt_9x60_wvga/debug/_ext/813772974/plib_flexcom6_twi_master.o
LOAD build/lcdc_rgba888_mxt_9x60_wvga/debug/_ext/1081070089/legato_draw_arc.o
LOAD build/lcdc_rgba888_mxt_9x60_wvga/debug/_ext/1839659221/legato_widget_line_skin_classic.o
LOAD build/lcdc_rgba888_mxt_9x60_wvga/debug/_ext/1081070089/legato_gpu.o
                0x00000001                __MPLAB_BUILD = 0x1
                0x00001000                C_STACK_SIZE = 0x1000
                0x00000060                IRQ_STACK_SIZE = 0x60
                0x00000060                FIQ_STACK_SIZE = 0x60
                0x00001000                SVC_STACK_SIZE = 0x1000
                0x00000040                ABT_STACK_SIZE = 0x40
                0x00000040                UND_STACK_SIZE = 0x40

.text           0x23f00000    0x5ea1c
                0x23f00000                . = ALIGN (0x4)
                [!provide]                PROVIDE (_sfixed = .)
 *(.textEntry)
 .textEntry     0x23f00000      0x110 build/lcdc_rgba888_mxt_9x60_wvga/debug/_ext/2052985144/cstartup.o
                0x23f00000                entry
 *(.text .text.* .gnu.linkonce.t.*)
 .text          0x23f00110       0x70 c:/program files/microchip/xc32/v4.20/bin/bin/../../lib/gcc/pic32c/8.3.1/arm/v5te/nofp/crtbegin.o
 .text.leQueryArcQuadrants
                0x23f00180      0x124 build/lcdc_rgba888_mxt_9x60_wvga/debug/_ext/305146849/legato_math.o
 .text.leNormalizeAngle
                0x23f002a4       0x30 build/lcdc_rgba888_mxt_9x60_wvga/debug/_ext/305146849/legato_math.o
                0x23f002a4                leNormalizeAngle
 .text.leSin    0x23f002d4       0x80 build/lcdc_rgba888_mxt_9x60_wvga/debug/_ext/305146849/legato_math.o
                0x23f002d4                leSin
 .text.leCos    0x23f00354       0x78 build/lcdc_rgba888_mxt_9x60_wvga/debug/_ext/305146849/legato_math.o
                0x23f00354                leCos
 .text.lePolarToXY
                0x23f003cc       0x60 build/lcdc_rgba888_mxt_9x60_wvga/debug/_ext/305146849/legato_math.o
                0x23f003cc                lePolarToXY
 .text.leMini   0x23f0042c        0xc build/lcdc_rgba888_mxt_9x60_wvga/debug/_ext/305146849/legato_math.o
                0x23f0042c                leMini
 .text.leMaxi   0x23f00438        0xc build/lcdc_rgba888_mxt_9x60_wvga/debug/_ext/305146849/legato_math.o
                0x23f00438                leMaxi
 .text.leClampi
                0x23f00444       0x18 build/lcdc_rgba888_mxt_9x60_wvga/debug/_ext/305146849/legato_math.o
                0x23f00444                leClampi
 .text.lePercent
                0x23f0045c       0x1c build/lcdc_rgba888_mxt_9x60_wvga/debug/_ext/305146849/legato_math.o
                0x23f0045c                lePercent
 .text.lePercentWholeRounded
                0x23f00478       0x3c build/lcdc_rgba888_mxt_9x60_wvga/debug/_ext/305146849/legato_math.o
                0x23f00478                lePercentWholeRounded
 .text.lePercentOf
                0x23f004b4       0x58 build/lcdc_rgba888_mxt_9x60_wvga/debug/_ext/305146849/legato_math.o
                0x23f004b4                lePercentOf
 .text.leScaleInteger
                0x23f0050c       0x44 build/lcdc_rgba888_mxt_9x60_wvga/debug/_ext/305146849/legato_math.o
                0x23f0050c                leScaleInteger
 .text.leLerp   0x23f00550       0x58 build/lcdc_rgba888_mxt_9x60_wvga/debug/_ext/305146849/legato_math.o
                0x23f00550                leLerp
 .text.lePointOnLineSide
                0x23f005a8       0x60 build/lcdc_rgba888_mxt_9x60_wvga/debug/_ext/305146849/legato_math.o
                0x23f005a8                lePointOnLineSide
 .text.leRotatePoint
                0x23f00608       0xbc build/lcdc_rgba888_mxt_9x60_wvga/debug/_ext/305146849/legato_math.o
                0x23f00608                leRotatePoint
 .text.leRotatedRectBounds
                0x23f006c4      0x14c build/lcdc_rgba888_mxt_9x60_wvga/debug/_ext/305146849/legato_math.o
                0x23f006c4                leRotatedRectBounds
 .text.leSqrt   0x23f00810       0x58 build/lcdc_rgba888_mxt_9x60_wvga/debug/_ext/305146849/legato_math.o
                0x23f00810                leSqrt
 .text.lePointOnCircle
                0x23f00868       0x30 build/lcdc_rgba888_mxt_9x60_wvga/debug/_ext/305146849/legato_math.o
                0x23f00868                lePointOnCircle
 .text.leResolveAngles
                0x23f00898      0x2a8 build/lcdc_rgba888_mxt_9x60_wvga/debug/_ext/305146849/legato_math.o
                0x23f00898                leResolveAngles
 .text.leRound  0x23f00b40       0xa0 build/lcdc_rgba888_mxt_9x60_wvga/debug/_ext/305146849/legato_math.o
                0x23f00b40                leRound
 .text.stage_sourceIterateSetup
                0x23f00be0       0xb4 build/lcdc_rgba888_mxt_9x60_wvga/debug/_ext/1872342336/legato_imagedecoder_raw_setup.o
 .text.stage_targetIterateSetup
                0x23f00c94       0x94 build/lcdc_rgba888_mxt_9x60_wvga/debug/_ext/1872342336/legato_imagedecoder_raw_setup.o
 .text._leRawImageDecoder_SourceIterateSetupStage
                0x23f00d28       0x38 build/lcdc_rgba888_mxt_9x60_wvga/debug/_ext/1872342336/legato_imagedecoder_raw_setup.o
                0x23f00d28                _leRawImageDecoder_SourceIterateSetupStage
 .text._leRawImageDecoder_TargetIterateSetupStage
                0x23f00d60       0x38 build/lcdc_rgba888_mxt_9x60_wvga/debug/_ext/1872342336/legato_imagedecoder_raw_setup.o
                0x23f00d60                _leRawImageDecoder_TargetIterateSetupStage
 .text.getToggleable
                0x23f00d98        0x8 build/lcdc_rgba888_mxt_9x60_wvga/debug/_ext/1339002025/legato_widget_button.o
 .text.setToggleable
                0x23f00da0       0x14 build/lcdc_rgba888_mxt_9x60_wvga/debug/_ext/1339002025/legato_widget_button.o
 .text.getPressed
                0x23f00db4       0x18 build/lcdc_rgba888_mxt_9x60_wvga/debug/_ext/1339002025/legato_widget_button.o
 .text.setPressed
                0x23f00dcc      0x110 build/lcdc_rgba888_mxt_9x60_wvga/debug/_ext/1339002025/legato_widget_button.o
 .text.getString
                0x23f00edc        0x8 build/lcdc_rgba888_mxt_9x60_wvga/debug/_ext/1339002025/legato_widget_button.o
 .text.setString
                0x23f00ee4       0xa0 build/lcdc_rgba888_mxt_9x60_wvga/debug/_ext/1339002025/legato_widget_button.o
 .text.getPressedImage
                0x23f00f84        0x8 build/lcdc_rgba888_mxt_9x60_wvga/debug/_ext/1339002025/legato_widget_button.o
 .text.setPressedImage
                0x23f00f8c       0x1c build/lcdc_rgba888_mxt_9x60_wvga/debug/_ext/1339002025/legato_widget_button.o
 .text.getReleasedImage
                0x23f00fa8        0x8 build/lcdc_rgba888_mxt_9x60_wvga/debug/_ext/1339002025/legato_widget_button.o
 .text.setReleasedImage
                0x23f00fb0       0x1c build/lcdc_rgba888_mxt_9x60_wvga/debug/_ext/1339002025/legato_widget_button.o
 .text.getImagePosition
                0x23f00fcc        0x8 build/lcdc_rgba888_mxt_9x60_wvga/debug/_ext/1339002025/legato_widget_button.o
 .text.setImagePosition
                0x23f00fd4       0x48 build/lcdc_rgba888_mxt_9x60_wvga/debug/_ext/1339002025/legato_widget_button.o
 .text.getImageMargin
                0x23f0101c        0x8 build/lcdc_rgba888_mxt_9x60_wvga/debug/_ext/1339002025/legato_widget_button.o
 .text.setImageMargin
                0x23f01024       0x48 build/lcdc_rgba888_mxt_9x60_wvga/debug/_ext/1339002025/legato_widget_button.o
 .text.getPressedOffset
                0x23f0106c        0x8 build/lcdc_rgba888_mxt_9x60_wvga/debug/_ext/1339002025/legato_widget_button.o
 .text.setPressedOffset
                0x23f01074       0x60 build/lcdc_rgba888_mxt_9x60_wvga/debug/_ext/1339002025/legato_widget_button.o
 .text.getPressedEventCallback
                0x23f010d4        0x8 build/lcdc_rgba888_mxt_9x60_wvga/debug/_ext/1339002025/legato_widget_button.o
 .text.setPressedEventCallback
                0x23f010dc        0xc build/lcdc_rgba888_mxt_9x60_wvga/debug/_ext/1339002025/legato_widget_button.o
 .text.getReleasedEventCallback
                0x23f010e8        0x8 build/lcdc_rgba888_mxt_9x60_wvga/debug/_ext/1339002025/legato_widget_button.o
 .text.setReleasedEventCallback
                0x23f010f0        0xc build/lcdc_rgba888_mxt_9x60_wvga/debug/_ext/1339002025/legato_widget_button.o
 .text.languageChanging
                0x23f010fc       0x20 build/lcdc_rgba888_mxt_9x60_wvga/debug/_ext/1339002025/legato_widget_button.o
 .text.invalidateTextRect
                0x23f0111c       0x34 build/lcdc_rgba888_mxt_9x60_wvga/debug/_ext/1339002025/legato_widget_button.o
 .text.stringInvalidate
                0x23f01150       0x10 build/lcdc_rgba888_mxt_9x60_wvga/debug/_ext/1339002025/legato_widget_button.o
 .text.stringPreinvalidate
                0x23f01160       0x10 build/lcdc_rgba888_mxt_9x60_wvga/debug/_ext/1339002025/legato_widget_button.o
 .text.touchDown
                0x23f01170       0xac build/lcdc_rgba888_mxt_9x60_wvga/debug/_ext/1339002025/legato_widget_button.o
 .text.touchMoved
                0x23f0121c      0x168 build/lcdc_rgba888_mxt_9x60_wvga/debug/_ext/1339002025/legato_widget_button.o
 .text.touchUp  0x23f01384      0x158 build/lcdc_rgba888_mxt_9x60_wvga/debug/_ext/1339002025/legato_widget_button.o
 .text.invalidateContents
                0x23f014dc       0x8c build/lcdc_rgba888_mxt_9x60_wvga/debug/_ext/1339002025/legato_widget_button.o
 .text._leButtonWidget_Destructor
                0x23f01568       0x1c build/lcdc_rgba888_mxt_9x60_wvga/debug/_ext/1339002025/legato_widget_button.o
                0x23f01568                _leButtonWidget_Destructor
 .text.leButtonWidget_Constructor
                0x23f01584       0x70 build/lcdc_rgba888_mxt_9x60_wvga/debug/_ext/1339002025/legato_widget_button.o
                0x23f01584                leButtonWidget_Constructor
 .text.leButtonWidget_New
                0x23f015f4       0x24 build/lcdc_rgba888_mxt_9x60_wvga/debug/_ext/1339002025/legato_widget_button.o
                0x23f015f4                leButtonWidget_New
 .text.stage_postRead
                0x23f01618       0x14 build/lcdc_rgba888_mxt_9x60_wvga/debug/_ext/1872342336/legato_imagedecoder_raw_scale.o
 .text.stage_scaledNearestNeighborPreRead
                0x23f0162c       0xc4 build/lcdc_rgba888_mxt_9x60_wvga/debug/_ext/1872342336/legato_imagedecoder_raw_scale.o
 .text.stage_bilinearPreRead
                0x23f016f0      0x164 build/lcdc_rgba888_mxt_9x60_wvga/debug/_ext/1872342336/legato_imagedecoder_raw_scale.o
 .text.stage_scaledBilinearPostRead
                0x23f01854       0x8c build/lcdc_rgba888_mxt_9x60_wvga/debug/_ext/1872342336/legato_imagedecoder_raw_scale.o
 .text._leRawImageDecoder_ScaleNearestNeighborPreReadStage
                0x23f018e0       0x6c build/lcdc_rgba888_mxt_9x60_wvga/debug/_ext/1872342336/legato_imagedecoder_raw_scale.o
                0x23f018e0                _leRawImageDecoder_ScaleNearestNeighborPreReadStage
 .text._leRawImageDecoder_ScaleBilinearPreReadStage
                0x23f0194c       0x74 build/lcdc_rgba888_mxt_9x60_wvga/debug/_ext/1872342336/legato_imagedecoder_raw_scale.o
                0x23f0194c                _leRawImageDecoder_ScaleBilinearPreReadStage
 .text._leRawImageDecoder_PostReadStage
                0x23f019c0       0x30 build/lcdc_rgba888_mxt_9x60_wvga/debug/_ext/1872342336/legato_imagedecoder_raw_scale.o
                0x23f019c0                _leRawImageDecoder_PostReadStage
 .text._leRawImageDecoder_ScaleBilinearPostReadStage
                0x23f019f0       0x30 build/lcdc_rgba888_mxt_9x60_wvga/debug/_ext/1872342336/legato_imagedecoder_raw_scale.o
                0x23f019f0                _leRawImageDecoder_ScaleBilinearPostReadStage
 .text.handleLanguageChangeEvent
                0x23f01a20       0x20 build/lcdc_rgba888_mxt_9x60_wvga/debug/_ext/1195110755/legato_widget_label.o
 .text.getString
                0x23f01a40        0x8 build/lcdc_rgba888_mxt_9x60_wvga/debug/_ext/1195110755/legato_widget_label.o
 .text._leLabelWidget_Destructor
                0x23f01a48       0x14 build/lcdc_rgba888_mxt_9x60_wvga/debug/_ext/1195110755/legato_widget_label.o
 .text.invalidateContents
                0x23f01a5c       0x40 build/lcdc_rgba888_mxt_9x60_wvga/debug/_ext/1195110755/legato_widget_label.o
 .text.setString
                0x23f01a9c       0xb0 build/lcdc_rgba888_mxt_9x60_wvga/debug/_ext/1195110755/legato_widget_label.o
 .text.stringInvalidate
                0x23f01b4c       0x10 build/lcdc_rgba888_mxt_9x60_wvga/debug/_ext/1195110755/legato_widget_label.o
 .text.stringPreinvalidate
                0x23f01b5c       0x10 build/lcdc_rgba888_mxt_9x60_wvga/debug/_ext/1195110755/legato_widget_label.o
 .text.leLabelWidget_Constructor
                0x23f01b6c       0x48 build/lcdc_rgba888_mxt_9x60_wvga/debug/_ext/1195110755/legato_widget_label.o
                0x23f01b6c                leLabelWidget_Constructor
 .text.leLabelWidget_New
                0x23f01bb4       0x1c build/lcdc_rgba888_mxt_9x60_wvga/debug/_ext/1195110755/legato_widget_label.o
                0x23f01bb4                leLabelWidget_New
 .text.drawBorder
                0x23f01bd0       0x54 build/lcdc_rgba888_mxt_9x60_wvga/debug/_ext/261620856/legato_widget_skin_classic.o
 .text.drawBackground
                0x23f01c24       0xb8 build/lcdc_rgba888_mxt_9x60_wvga/debug/_ext/261620856/legato_widget_skin_classic.o
 .text._leWidget_Paint
                0x23f01cdc       0x7c build/lcdc_rgba888_mxt_9x60_wvga/debug/_ext/261620856/legato_widget_skin_classic.o
                0x23f01cdc                _leWidget_Paint
 .text._supportsImage
                0x23f01d58       0x14 build/lcdc_rgba888_mxt_9x60_wvga/debug/_ext/1872342336/legato_imagedecoder_raw.o
 .text._decoderCleanup
                0x23f01d6c       0x64 build/lcdc_rgba888_mxt_9x60_wvga/debug/_ext/1872342336/legato_imagedecoder_raw.o
 .text._decoderExec
                0x23f01dd0       0x84 build/lcdc_rgba888_mxt_9x60_wvga/debug/_ext/1872342336/legato_imagedecoder_raw.o
 .text._decoderIsDone
                0x23f01e54       0x10 build/lcdc_rgba888_mxt_9x60_wvga/debug/_ext/1872342336/legato_imagedecoder_raw.o
 .text._initReadStage
                0x23f01e64       0x1c build/lcdc_rgba888_mxt_9x60_wvga/debug/_ext/1872342336/legato_imagedecoder_raw.o
 .text._initMaskStage
                0x23f01e80       0x24 build/lcdc_rgba888_mxt_9x60_wvga/debug/_ext/1872342336/legato_imagedecoder_raw.o
 .text._initBlendStage
                0x23f01ea4       0x44 build/lcdc_rgba888_mxt_9x60_wvga/debug/_ext/1872342336/legato_imagedecoder_raw.o
 .text._initConvertStage
                0x23f01ee8       0x4c build/lcdc_rgba888_mxt_9x60_wvga/debug/_ext/1872342336/legato_imagedecoder_raw.o
 .text._rotateDraw
                0x23f01f34      0x2b0 build/lcdc_rgba888_mxt_9x60_wvga/debug/_ext/1872342336/legato_imagedecoder_raw.o
 .text._rotate  0x23f021e4      0x2f4 build/lcdc_rgba888_mxt_9x60_wvga/debug/_ext/1872342336/legato_imagedecoder_raw.o
 .text._resizeDraw
                0x23f024d8      0x294 build/lcdc_rgba888_mxt_9x60_wvga/debug/_ext/1872342336/legato_imagedecoder_raw.o
 .text._resize  0x23f0276c      0x238 build/lcdc_rgba888_mxt_9x60_wvga/debug/_ext/1872342336/legato_imagedecoder_raw.o
 .text._copy    0x23f029a4      0x1b8 build/lcdc_rgba888_mxt_9x60_wvga/debug/_ext/1872342336/legato_imagedecoder_raw.o
 .text._initLookupStage
                0x23f02b5c       0x4c build/lcdc_rgba888_mxt_9x60_wvga/debug/_ext/1872342336/legato_imagedecoder_raw.o
 .text._render  0x23f02ba8      0x260 build/lcdc_rgba888_mxt_9x60_wvga/debug/_ext/1872342336/legato_imagedecoder_raw.o
 .text._draw    0x23f02e08      0x2f4 build/lcdc_rgba888_mxt_9x60_wvga/debug/_ext/1872342336/legato_imagedecoder_raw.o
 .text._leRawImageDecoder_Init
                0x23f030fc       0xa8 build/lcdc_rgba888_mxt_9x60_wvga/debug/_ext/1872342336/legato_imagedecoder_raw.o
                0x23f030fc                _leRawImageDecoder_Init
 .text._leRawImageDecoder_InjectStage
                0x23f031a4       0x38 build/lcdc_rgba888_mxt_9x60_wvga/debug/_ext/1872342336/legato_imagedecoder_raw.o
                0x23f031a4                _leRawImageDecoder_InjectStage
 .text.leColorBlend_RGBA_8888
                0x23f031dc      0x168 build/lcdc_rgba888_mxt_9x60_wvga/debug/_ext/305146849/legato_color_blend.o
                0x23f031dc                leColorBlend_RGBA_8888
 .text.leColorBlend_ARGB_8888
                0x23f03344      0x14c build/lcdc_rgba888_mxt_9x60_wvga/debug/_ext/305146849/legato_color_blend.o
                0x23f03344                leColorBlend_ARGB_8888
 .text.nextState
                0x23f03490      0x100 build/lcdc_rgba888_mxt_9x60_wvga/debug/_ext/1195110755/legato_widget_label_skin_classic.o
 .text.drawBorder
                0x23f03590       0x4c build/lcdc_rgba888_mxt_9x60_wvga/debug/_ext/1195110755/legato_widget_label_skin_classic.o
 .text.drawBackground
                0x23f035dc       0x24 build/lcdc_rgba888_mxt_9x60_wvga/debug/_ext/1195110755/legato_widget_label_skin_classic.o
 .text._leLabelWidget_GetTextRects
                0x23f03600      0x110 build/lcdc_rgba888_mxt_9x60_wvga/debug/_ext/1195110755/legato_widget_label_skin_classic.o
                0x23f03600                _leLabelWidget_GetTextRects
 .text.drawString
                0x23f03710       0x98 build/lcdc_rgba888_mxt_9x60_wvga/debug/_ext/1195110755/legato_widget_label_skin_classic.o
 .text._leLabelWidget_Paint
                0x23f037a8       0x44 build/lcdc_rgba888_mxt_9x60_wvga/debug/_ext/1195110755/legato_widget_label_skin_classic.o
                0x23f037a8                _leLabelWidget_Paint
 .text.stage_decode
                0x23f037ec       0x74 build/lcdc_rgba888_mxt_9x60_wvga/debug/_ext/1872342336/legato_imagedecoder_raw_read_internal.o
 .text.rleRandomDecode
                0x23f03860       0x54 build/lcdc_rgba888_mxt_9x60_wvga/debug/_ext/1872342336/legato_imagedecoder_raw_read_internal.o
 .text.rleSequentialDecode
                0x23f038b4       0x48 build/lcdc_rgba888_mxt_9x60_wvga/debug/_ext/1872342336/legato_imagedecoder_raw_read_internal.o
 .text.colorDecode
                0x23f038fc       0x34 build/lcdc_rgba888_mxt_9x60_wvga/debug/_ext/1872342336/legato_imagedecoder_raw_read_internal.o
 .text.indexRLERandomDecode
                0x23f03930       0x80 build/lcdc_rgba888_mxt_9x60_wvga/debug/_ext/1872342336/legato_imagedecoder_raw_read_internal.o
 .text.indexRLESequentialDecode
                0x23f039b0       0x74 build/lcdc_rgba888_mxt_9x60_wvga/debug/_ext/1872342336/legato_imagedecoder_raw_read_internal.o
 .text.indexDecode
                0x23f03a24       0x30 build/lcdc_rgba888_mxt_9x60_wvga/debug/_ext/1872342336/legato_imagedecoder_raw_read_internal.o
 .text._leRawImageDecoder_ReadStage_Internal
                0x23f03a54      0x100 build/lcdc_rgba888_mxt_9x60_wvga/debug/_ext/1872342336/legato_imagedecoder_raw_read_internal.o
                0x23f03a54                _leRawImageDecoder_ReadStage_Internal
 .text.updateWidget
                0x23f03b54       0x4c build/lcdc_rgba888_mxt_9x60_wvga/debug/_ext/1618192685/legato_state.o
 .text.leGetState
                0x23f03ba0        0xc build/lcdc_rgba888_mxt_9x60_wvga/debug/_ext/1618192685/legato_state.o
                0x23f03ba0                leGetState
 .text.leAddLayer
                0x23f03bac       0xb8 build/lcdc_rgba888_mxt_9x60_wvga/debug/_ext/1618192685/legato_state.o
                0x23f03bac                leAddLayer
 .text.leInitialize
                0x23f03c64       0x9c build/lcdc_rgba888_mxt_9x60_wvga/debug/_ext/1618192685/legato_state.o
                0x23f03c64                leInitialize
 .text.leGetLayerState
                0x23f03d00       0x50 build/lcdc_rgba888_mxt_9x60_wvga/debug/_ext/1618192685/legato_state.o
                0x23f03d00                leGetLayerState
 .text.leGetLayerColorMode
                0x23f03d50       0x54 build/lcdc_rgba888_mxt_9x60_wvga/debug/_ext/1618192685/legato_state.o
                0x23f03d50                leGetLayerColorMode
 .text.leGetLayerRenderHorizontal
                0x23f03da4       0x54 build/lcdc_rgba888_mxt_9x60_wvga/debug/_ext/1618192685/legato_state.o
                0x23f03da4                leGetLayerRenderHorizontal
 .text.leGetFocusWidget
                0x23f03df8       0x10 build/lcdc_rgba888_mxt_9x60_wvga/debug/_ext/1618192685/legato_state.o
                0x23f03df8                leGetFocusWidget
 .text.leSetFocusWidget
                0x23f03e08       0x84 build/lcdc_rgba888_mxt_9x60_wvga/debug/_ext/1618192685/legato_state.o
                0x23f03e08                leSetFocusWidget
 .text.leGetEditWidget
                0x23f03e8c       0x10 build/lcdc_rgba888_mxt_9x60_wvga/debug/_ext/1618192685/legato_state.o
                0x23f03e8c                leGetEditWidget
 .text.leSetEditWidget
                0x23f03e9c       0x84 build/lcdc_rgba888_mxt_9x60_wvga/debug/_ext/1618192685/legato_state.o
                0x23f03e9c                leSetEditWidget
 .text.leRedrawAll
                0x23f03f20       0x50 build/lcdc_rgba888_mxt_9x60_wvga/debug/_ext/1618192685/legato_state.o
                0x23f03f20                leRedrawAll
 .text.leSetLayerColorMode
                0x23f03f70       0x74 build/lcdc_rgba888_mxt_9x60_wvga/debug/_ext/1618192685/legato_state.o
                0x23f03f70                leSetLayerColorMode
 .text.leSetStringTable
                0x23f03fe4       0x18 build/lcdc_rgba888_mxt_9x60_wvga/debug/_ext/1618192685/legato_state.o
                0x23f03fe4                leSetStringTable
 .text.leIsDrawing
                0x23f03ffc       0x14 build/lcdc_rgba888_mxt_9x60_wvga/debug/_ext/1618192685/legato_state.o
                0x23f03ffc                leIsDrawing
 .text.leUpdate
                0x23f04010      0x114 build/lcdc_rgba888_mxt_9x60_wvga/debug/_ext/1618192685/legato_state.o
                0x23f04010                leUpdate
 .text.leAddRootWidget
                0x23f04124       0x68 build/lcdc_rgba888_mxt_9x60_wvga/debug/_ext/1618192685/legato_state.o
                0x23f04124                leAddRootWidget
 .text.leRemoveRootWidget
                0x23f0418c       0x74 build/lcdc_rgba888_mxt_9x60_wvga/debug/_ext/1618192685/legato_state.o
                0x23f0418c                leRemoveRootWidget
 .text.leGetWidgetLayer
                0x23f04200       0x8c build/lcdc_rgba888_mxt_9x60_wvga/debug/_ext/1618192685/legato_state.o
                0x23f04200                leGetWidgetLayer
 .text.leWidgetIsInScene
                0x23f0428c       0x14 build/lcdc_rgba888_mxt_9x60_wvga/debug/_ext/1618192685/legato_state.o
                0x23f0428c                leWidgetIsInScene
 .text.getDiscreteValueAtIndex1
                0x23f042a0       0x18 build/lcdc_rgba888_mxt_9x60_wvga/debug/_ext/1381099687/legato_image_utils.o
 .text.getDiscreteValueAtIndex4
                0x23f042b8       0x10 build/lcdc_rgba888_mxt_9x60_wvga/debug/_ext/1381099687/legato_image_utils.o
 .text.getDiscreteValueAtIndex8
                0x23f042c8        0x8 build/lcdc_rgba888_mxt_9x60_wvga/debug/_ext/1381099687/legato_image_utils.o
 .text.calcOffset1bpp
                0x23f042d0        0x8 build/lcdc_rgba888_mxt_9x60_wvga/debug/_ext/1381099687/legato_image_utils.o
 .text.calcOffset4bpp
                0x23f042d8        0x8 build/lcdc_rgba888_mxt_9x60_wvga/debug/_ext/1381099687/legato_image_utils.o
 .text.calcOffset8bpp
                0x23f042e0        0x4 build/lcdc_rgba888_mxt_9x60_wvga/debug/_ext/1381099687/legato_image_utils.o
 .text.calcOffset16bpp
                0x23f042e4        0x8 build/lcdc_rgba888_mxt_9x60_wvga/debug/_ext/1381099687/legato_image_utils.o
 .text.calcOffset24bpp
                0x23f042ec        0x8 build/lcdc_rgba888_mxt_9x60_wvga/debug/_ext/1381099687/legato_image_utils.o
 .text.calcOffset32bpp
                0x23f042f4        0x8 build/lcdc_rgba888_mxt_9x60_wvga/debug/_ext/1381099687/legato_image_utils.o
 .text.leGetRLEDataAtIndex
                0x23f042fc       0xd8 build/lcdc_rgba888_mxt_9x60_wvga/debug/_ext/1381099687/legato_image_utils.o
                0x23f042fc                leGetRLEDataAtIndex
 .text.leGetDiscreteValueAtIndex
                0x23f043d4       0x18 build/lcdc_rgba888_mxt_9x60_wvga/debug/_ext/1381099687/legato_image_utils.o
                0x23f043d4                leGetDiscreteValueAtIndex
 .text.leGetOffsetFromIndexAndBPP
                0x23f043ec       0x18 build/lcdc_rgba888_mxt_9x60_wvga/debug/_ext/1381099687/legato_image_utils.o
                0x23f043ec                leGetOffsetFromIndexAndBPP
 .text._shuffleLeft
                0x23f04404       0xac build/lcdc_rgba888_mxt_9x60_wvga/debug/_ext/109670485/legato_rectarray.o
 .text.leRectArray_Create
                0x23f044b0       0x1c build/lcdc_rgba888_mxt_9x60_wvga/debug/_ext/109670485/legato_rectarray.o
                0x23f044b0                leRectArray_Create
 .text.leRectArray_Resize
                0x23f044cc       0x7c build/lcdc_rgba888_mxt_9x60_wvga/debug/_ext/109670485/legato_rectarray.o
                0x23f044cc                leRectArray_Resize
 .text.leRectArray_PushBack
                0x23f04548       0x70 build/lcdc_rgba888_mxt_9x60_wvga/debug/_ext/109670485/legato_rectarray.o
                0x23f04548                leRectArray_PushBack
 .text.leRectArray_RemoveAt
                0x23f045b8       0x38 build/lcdc_rgba888_mxt_9x60_wvga/debug/_ext/109670485/legato_rectarray.o
                0x23f045b8                leRectArray_RemoveAt
 .text.leRectArray_Copy
                0x23f045f0       0x74 build/lcdc_rgba888_mxt_9x60_wvga/debug/_ext/109670485/legato_rectarray.o
                0x23f045f0                leRectArray_Copy
 .text.leRectArray_Clear
                0x23f04664       0x14 build/lcdc_rgba888_mxt_9x60_wvga/debug/_ext/109670485/legato_rectarray.o
                0x23f04664                leRectArray_Clear
 .text.leRectArray_Destroy
                0x23f04678       0x3c build/lcdc_rgba888_mxt_9x60_wvga/debug/_ext/109670485/legato_rectarray.o
                0x23f04678                leRectArray_Destroy
 .text.leRectArray_RemoveDuplicates
                0x23f046b4       0x90 build/lcdc_rgba888_mxt_9x60_wvga/debug/_ext/109670485/legato_rectarray.o
                0x23f046b4                leRectArray_RemoveDuplicates
 .text.leRectArray_SortBySize
                0x23f04744       0xdc build/lcdc_rgba888_mxt_9x60_wvga/debug/_ext/109670485/legato_rectarray.o
                0x23f04744                leRectArray_SortBySize
 .text.leRectArray_SortByX
                0x23f04820       0xfc build/lcdc_rgba888_mxt_9x60_wvga/debug/_ext/109670485/legato_rectarray.o
                0x23f04820                leRectArray_SortByX
 .text.leRectArray_SortByY
                0x23f0491c       0xf4 build/lcdc_rgba888_mxt_9x60_wvga/debug/_ext/109670485/legato_rectarray.o
                0x23f0491c                leRectArray_SortByY
 .text.leRectArray_MergeSimilar
                0x23f04a10       0x98 build/lcdc_rgba888_mxt_9x60_wvga/debug/_ext/109670485/legato_rectarray.o
                0x23f04a10                leRectArray_MergeSimilar
 .text.leRectArray_RemoveOverlapping
                0x23f04aa8       0x84 build/lcdc_rgba888_mxt_9x60_wvga/debug/_ext/109670485/legato_rectarray.o
                0x23f04aa8                leRectArray_RemoveOverlapping
 .text.leRectArray_PadRectangleWidth
                0x23f04b2c      0x120 build/lcdc_rgba888_mxt_9x60_wvga/debug/_ext/109670485/legato_rectarray.o
                0x23f04b2c                leRectArray_PadRectangleWidth
 .text.leRectArray_CropToSizeY
                0x23f04c4c      0x134 build/lcdc_rgba888_mxt_9x60_wvga/debug/_ext/109670485/legato_rectarray.o
                0x23f04c4c                leRectArray_CropToSizeY
 .text.leRectArray_CropToSizeX
                0x23f04d80      0x134 build/lcdc_rgba888_mxt_9x60_wvga/debug/_ext/109670485/legato_rectarray.o
                0x23f04d80                leRectArray_CropToSizeX
 .text._leWidget_GetType
                0x23f04eb4        0x8 build/lcdc_rgba888_mxt_9x60_wvga/debug/_ext/261620856/legato_widget.o
                0x23f04eb4                _leWidget_GetType
 .text._leWidget_GetX
                0x23f04ebc        0x8 build/lcdc_rgba888_mxt_9x60_wvga/debug/_ext/261620856/legato_widget.o
                0x23f04ebc                _leWidget_GetX
 .text._leWidget_SetX
                0x23f04ec4       0x80 build/lcdc_rgba888_mxt_9x60_wvga/debug/_ext/261620856/legato_widget.o
                0x23f04ec4                _leWidget_SetX
 .text._leWidget_GetY
                0x23f04f44        0x8 build/lcdc_rgba888_mxt_9x60_wvga/debug/_ext/261620856/legato_widget.o
                0x23f04f44                _leWidget_GetY
 .text._leWidget_SetY
                0x23f04f4c       0x80 build/lcdc_rgba888_mxt_9x60_wvga/debug/_ext/261620856/legato_widget.o
                0x23f04f4c                _leWidget_SetY
 .text._leWidget_SetPosition
                0x23f04fcc       0xd0 build/lcdc_rgba888_mxt_9x60_wvga/debug/_ext/261620856/legato_widget.o
                0x23f04fcc                _leWidget_SetPosition
 .text._leWidget_Translate
                0x23f0509c       0xcc build/lcdc_rgba888_mxt_9x60_wvga/debug/_ext/261620856/legato_widget.o
                0x23f0509c                _leWidget_Translate
 .text._leWidget_GetWidth
                0x23f05168        0x8 build/lcdc_rgba888_mxt_9x60_wvga/debug/_ext/261620856/legato_widget.o
                0x23f05168                _leWidget_GetWidth
 .text._leWidget_SetWidth
                0x23f05170       0xb8 build/lcdc_rgba888_mxt_9x60_wvga/debug/_ext/261620856/legato_widget.o
                0x23f05170                _leWidget_SetWidth
 .text._leWidget_GetHeight
                0x23f05228        0x8 build/lcdc_rgba888_mxt_9x60_wvga/debug/_ext/261620856/legato_widget.o
                0x23f05228                _leWidget_GetHeight
 .text._leWidget_SetHeight
                0x23f05230       0xb8 build/lcdc_rgba888_mxt_9x60_wvga/debug/_ext/261620856/legato_widget.o
                0x23f05230                _leWidget_SetHeight
 .text._leWidget_SetSize
                0x23f052e8       0xe8 build/lcdc_rgba888_mxt_9x60_wvga/debug/_ext/261620856/legato_widget.o
                0x23f052e8                _leWidget_SetSize
 .text._leWidget_GetAlphaEnabled
                0x23f053d0       0x10 build/lcdc_rgba888_mxt_9x60_wvga/debug/_ext/261620856/legato_widget.o
                0x23f053d0                _leWidget_GetAlphaEnabled
 .text._leWidget_GetCumulativeAlphaEnabled
                0x23f053e0       0x44 build/lcdc_rgba888_mxt_9x60_wvga/debug/_ext/261620856/legato_widget.o
                0x23f053e0                _leWidget_GetCumulativeAlphaEnabled
 .text._leWidget_SetAlphaEnabled
                0x23f05424       0x44 build/lcdc_rgba888_mxt_9x60_wvga/debug/_ext/261620856/legato_widget.o
                0x23f05424                _leWidget_SetAlphaEnabled
 .text._leWidget_GetAlphaAmount
                0x23f05468        0x8 build/lcdc_rgba888_mxt_9x60_wvga/debug/_ext/261620856/legato_widget.o
                0x23f05468                _leWidget_GetAlphaAmount
 .text._leWidget_SetAlphaAmount
                0x23f05470       0x38 build/lcdc_rgba888_mxt_9x60_wvga/debug/_ext/261620856/legato_widget.o
                0x23f05470                _leWidget_SetAlphaAmount
 .text._leWidget_IsOpaque
                0x23f054a8       0x4c build/lcdc_rgba888_mxt_9x60_wvga/debug/_ext/261620856/legato_widget.o
                0x23f054a8                _leWidget_IsOpaque
 .text._leWidget_GetEnabled
                0x23f054f4        0xc build/lcdc_rgba888_mxt_9x60_wvga/debug/_ext/261620856/legato_widget.o
                0x23f054f4                _leWidget_GetEnabled
 .text._leWidget_SetEnabled
                0x23f05500       0x40 build/lcdc_rgba888_mxt_9x60_wvga/debug/_ext/261620856/legato_widget.o
                0x23f05500                _leWidget_SetEnabled
 .text._leWidget_GetVisible
                0x23f05540       0x10 build/lcdc_rgba888_mxt_9x60_wvga/debug/_ext/261620856/legato_widget.o
                0x23f05540                _leWidget_GetVisible
 .text._leWidget_SetVisible
                0x23f05550       0x44 build/lcdc_rgba888_mxt_9x60_wvga/debug/_ext/261620856/legato_widget.o
                0x23f05550                _leWidget_SetVisible
 .text._leWidget_LocalRect
                0x23f05594       0x28 build/lcdc_rgba888_mxt_9x60_wvga/debug/_ext/261620856/legato_widget.o
                0x23f05594                _leWidget_LocalRect
 .text._leWidget_RectToParentSpace
                0x23f055bc       0x40 build/lcdc_rgba888_mxt_9x60_wvga/debug/_ext/261620856/legato_widget.o
                0x23f055bc                _leWidget_RectToParentSpace
 .text.isAncestorOf
                0x23f055fc       0x44 build/lcdc_rgba888_mxt_9x60_wvga/debug/_ext/261620856/legato_widget.o
 .text._leWidget_GetRootWidget
                0x23f05640       0x24 build/lcdc_rgba888_mxt_9x60_wvga/debug/_ext/261620856/legato_widget.o
                0x23f05640                _leWidget_GetRootWidget
 .text._leWidget_SetParent
                0x23f05664       0x4c build/lcdc_rgba888_mxt_9x60_wvga/debug/_ext/261620856/legato_widget.o
                0x23f05664                _leWidget_SetParent
 .text._leWidget_GetChildCount
                0x23f056b0        0x8 build/lcdc_rgba888_mxt_9x60_wvga/debug/_ext/261620856/legato_widget.o
                0x23f056b0                _leWidget_GetChildCount
 .text._leWidget_GetChildAtIndex
                0x23f056b8       0x20 build/lcdc_rgba888_mxt_9x60_wvga/debug/_ext/261620856/legato_widget.o
                0x23f056b8                _leWidget_GetChildAtIndex
 .text._leWidget_ContainsDescendant
                0x23f056d8       0x84 build/lcdc_rgba888_mxt_9x60_wvga/debug/_ext/261620856/legato_widget.o
                0x23f056d8                _leWidget_ContainsDescendant
 .text._leWidget_GetScheme
                0x23f0575c        0x8 build/lcdc_rgba888_mxt_9x60_wvga/debug/_ext/261620856/legato_widget.o
                0x23f0575c                _leWidget_GetScheme
 .text._leWidget_SetScheme
                0x23f05764       0x30 build/lcdc_rgba888_mxt_9x60_wvga/debug/_ext/261620856/legato_widget.o
                0x23f05764                _leWidget_SetScheme
 .text._leWidget_GetBorderType
                0x23f05794        0x8 build/lcdc_rgba888_mxt_9x60_wvga/debug/_ext/261620856/legato_widget.o
                0x23f05794                _leWidget_GetBorderType
 .text._leWidget_SetBorderType
                0x23f0579c       0x30 build/lcdc_rgba888_mxt_9x60_wvga/debug/_ext/261620856/legato_widget.o
                0x23f0579c                _leWidget_SetBorderType
 .text._leWidget_GetBackgroundType
                0x23f057cc        0x8 build/lcdc_rgba888_mxt_9x60_wvga/debug/_ext/261620856/legato_widget.o
                0x23f057cc                _leWidget_GetBackgroundType
 .text._leWidget_SetBackgroundType
                0x23f057d4       0x30 build/lcdc_rgba888_mxt_9x60_wvga/debug/_ext/261620856/legato_widget.o
                0x23f057d4                _leWidget_SetBackgroundType
 .text._leWidget_GetHAlignment
                0x23f05804        0x8 build/lcdc_rgba888_mxt_9x60_wvga/debug/_ext/261620856/legato_widget.o
                0x23f05804                _leWidget_GetHAlignment
 .text._leWidget_SetHAlignment
                0x23f0580c       0x48 build/lcdc_rgba888_mxt_9x60_wvga/debug/_ext/261620856/legato_widget.o
                0x23f0580c                _leWidget_SetHAlignment
 .text._leWidget_GetVAlignment
                0x23f05854        0x8 build/lcdc_rgba888_mxt_9x60_wvga/debug/_ext/261620856/legato_widget.o
                0x23f05854                _leWidget_GetVAlignment
 .text._leWidget_SetVAlignment
                0x23f0585c       0x48 build/lcdc_rgba888_mxt_9x60_wvga/debug/_ext/261620856/legato_widget.o
                0x23f0585c                _leWidget_SetVAlignment
 .text._leWidget_GetMargins
                0x23f058a4       0x2c build/lcdc_rgba888_mxt_9x60_wvga/debug/_ext/261620856/legato_widget.o
                0x23f058a4                _leWidget_GetMargins
 .text._leWidget_SetMargins
                0x23f058d0       0x64 build/lcdc_rgba888_mxt_9x60_wvga/debug/_ext/261620856/legato_widget.o
                0x23f058d0                _leWidget_SetMargins
 .text._leWidget_GetCornerRadius
                0x23f05934        0x8 build/lcdc_rgba888_mxt_9x60_wvga/debug/_ext/261620856/legato_widget.o
                0x23f05934                _leWidget_GetCornerRadius
 .text._leWidget_SetCornerRadius
                0x23f0593c       0x44 build/lcdc_rgba888_mxt_9x60_wvga/debug/_ext/261620856/legato_widget.o
                0x23f0593c                _leWidget_SetCornerRadius
 .text._leWidget_Invalidate
                0x23f05980       0x38 build/lcdc_rgba888_mxt_9x60_wvga/debug/_ext/261620856/legato_widget.o
                0x23f05980                _leWidget_Invalidate
 .text._leWidget_InvalidateContents
                0x23f059b8        0x4 build/lcdc_rgba888_mxt_9x60_wvga/debug/_ext/261620856/legato_widget.o
                0x23f059b8                _leWidget_InvalidateContents
 .text._leWidget_InstallEventFilter
                0x23f059bc       0x68 build/lcdc_rgba888_mxt_9x60_wvga/debug/_ext/261620856/legato_widget.o
                0x23f059bc                _leWidget_InstallEventFilter
 .text._leWidget_RemoveEventFilter
                0x23f05a24       0x60 build/lcdc_rgba888_mxt_9x60_wvga/debug/_ext/261620856/legato_widget.o
                0x23f05a24                _leWidget_RemoveEventFilter
 .text._leWidget_TouchDownEvent
                0x23f05a84        0x4 build/lcdc_rgba888_mxt_9x60_wvga/debug/_ext/261620856/legato_widget.o
                0x23f05a84                _leWidget_TouchDownEvent
 .text._leWidget_TouchUpEvent
                0x23f05a88        0x4 build/lcdc_rgba888_mxt_9x60_wvga/debug/_ext/261620856/legato_widget.o
                0x23f05a88                _leWidget_TouchUpEvent
 .text._leWidget_TouchMoveEvent
                0x23f05a8c        0x4 build/lcdc_rgba888_mxt_9x60_wvga/debug/_ext/261620856/legato_widget.o
                0x23f05a8c                _leWidget_TouchMoveEvent
 .text._leWidget_MoveEvent
                0x23f05a90        0x4 build/lcdc_rgba888_mxt_9x60_wvga/debug/_ext/261620856/legato_widget.o
                0x23f05a90                _leWidget_MoveEvent
 .text._leWidget_ResizeEvent
                0x23f05a94        0x4 build/lcdc_rgba888_mxt_9x60_wvga/debug/_ext/261620856/legato_widget.o
                0x23f05a94                _leWidget_ResizeEvent
 .text._leWidget_FocusLostEvent
                0x23f05a98        0x4 build/lcdc_rgba888_mxt_9x60_wvga/debug/_ext/261620856/legato_widget.o
                0x23f05a98                _leWidget_FocusLostEvent
 .text._leWidget_FocusGainedEvent
                0x23f05a9c        0x4 build/lcdc_rgba888_mxt_9x60_wvga/debug/_ext/261620856/legato_widget.o
                0x23f05a9c                _leWidget_FocusGainedEvent
 .text._leWidget_LanguageChangeEvent
                0x23f05aa0        0x4 build/lcdc_rgba888_mxt_9x60_wvga/debug/_ext/261620856/legato_widget.o
                0x23f05aa0                _leWidget_LanguageChangeEvent
 .text.filterEvent
                0x23f05aa4       0x54 build/lcdc_rgba888_mxt_9x60_wvga/debug/_ext/261620856/legato_widget.o
 .text._leWidget_HandleEvent
                0x23f05af8      0x1a0 build/lcdc_rgba888_mxt_9x60_wvga/debug/_ext/261620856/legato_widget.o
                0x23f05af8                _leWidget_HandleEvent
 .text._leWidget_ValidateChildren
                0x23f05c98       0x54 build/lcdc_rgba888_mxt_9x60_wvga/debug/_ext/261620856/legato_widget.o
                0x23f05c98                _leWidget_ValidateChildren
 .text._leWidget_IncreaseDirtyState
                0x23f05cec       0x10 build/lcdc_rgba888_mxt_9x60_wvga/debug/_ext/261620856/legato_widget.o
                0x23f05cec                _leWidget_IncreaseDirtyState
 .text._leWidget_SetDirtyState
                0x23f05cfc        0x8 build/lcdc_rgba888_mxt_9x60_wvga/debug/_ext/261620856/legato_widget.o
                0x23f05cfc                _leWidget_SetDirtyState
 .text._leWidget_ClearDirtyState
                0x23f05d04        0xc build/lcdc_rgba888_mxt_9x60_wvga/debug/_ext/261620856/legato_widget.o
                0x23f05d04                _leWidget_ClearDirtyState
 .text._leWidget_Update
                0x23f05d10        0x4 build/lcdc_rgba888_mxt_9x60_wvga/debug/_ext/261620856/legato_widget.o
                0x23f05d10                _leWidget_Update
 .text._leWidget_HasFocus
                0x23f05d14       0x20 build/lcdc_rgba888_mxt_9x60_wvga/debug/_ext/261620856/legato_widget.o
                0x23f05d14                _leWidget_HasFocus
 .text._leWidget_SetFocus
                0x23f05d34        0xc build/lcdc_rgba888_mxt_9x60_wvga/debug/_ext/261620856/legato_widget.o
                0x23f05d34                _leWidget_SetFocus
 .text._leWidget_Destructor
                0x23f05d40       0x98 build/lcdc_rgba888_mxt_9x60_wvga/debug/_ext/261620856/legato_widget.o
                0x23f05d40                _leWidget_Destructor
 .text._leWidget_RemoveAllChildren
                0x23f05dd8       0x74 build/lcdc_rgba888_mxt_9x60_wvga/debug/_ext/261620856/legato_widget.o
                0x23f05dd8                _leWidget_RemoveAllChildren
 .text._leWidget_Resize
                0x23f05e4c      0x104 build/lcdc_rgba888_mxt_9x60_wvga/debug/_ext/261620856/legato_widget.o
                0x23f05e4c                _leWidget_Resize
 .text._leWidget_RectToScreenSpace
                0x23f05f50       0x4c build/lcdc_rgba888_mxt_9x60_wvga/debug/_ext/261620856/legato_widget.o
                0x23f05f50                _leWidget_RectToScreenSpace
 .text._leWidget_GetCumulativeAlphaAmount
                0x23f05f9c       0x94 build/lcdc_rgba888_mxt_9x60_wvga/debug/_ext/261620856/legato_widget.o
                0x23f05f9c                _leWidget_GetCumulativeAlphaAmount
 .text._leWidget_AddChild
                0x23f06030       0x8c build/lcdc_rgba888_mxt_9x60_wvga/debug/_ext/261620856/legato_widget.o
                0x23f06030                _leWidget_AddChild
 .text._leWidget_InsertChild
                0x23f060bc       0x94 build/lcdc_rgba888_mxt_9x60_wvga/debug/_ext/261620856/legato_widget.o
                0x23f060bc                _leWidget_InsertChild
 .text._leWidget_RemoveChild
                0x23f06150       0x58 build/lcdc_rgba888_mxt_9x60_wvga/debug/_ext/261620856/legato_widget.o
                0x23f06150                _leWidget_RemoveChild
 .text._leWidget_SetChildIndex
                0x23f061a8       0x44 build/lcdc_rgba888_mxt_9x60_wvga/debug/_ext/261620856/legato_widget.o
                0x23f061a8                _leWidget_SetChildIndex
 .text._leWidget_RemoveChildAt
                0x23f061ec       0x58 build/lcdc_rgba888_mxt_9x60_wvga/debug/_ext/261620856/legato_widget.o
                0x23f061ec                _leWidget_RemoveChildAt
 .text._leWidget_GetIndexOfChild
                0x23f06244       0x24 build/lcdc_rgba888_mxt_9x60_wvga/debug/_ext/261620856/legato_widget.o
                0x23f06244                _leWidget_GetIndexOfChild
 .text._leWidget_InvalidateBorderAreas
                0x23f06268        0xc build/lcdc_rgba888_mxt_9x60_wvga/debug/_ext/261620856/legato_widget.o
                0x23f06268                _leWidget_InvalidateBorderAreas
 .text._leWidget_DamageArea
                0x23f06274       0x30 build/lcdc_rgba888_mxt_9x60_wvga/debug/_ext/261620856/legato_widget.o
                0x23f06274                _leWidget_DamageArea
 .text.leWidget_Constructor
                0x23f062a4       0xb8 build/lcdc_rgba888_mxt_9x60_wvga/debug/_ext/261620856/legato_widget.o
                0x23f062a4                leWidget_Constructor
 .text.leWidget_New
                0x23f0635c       0x24 build/lcdc_rgba888_mxt_9x60_wvga/debug/_ext/261620856/legato_widget.o
                0x23f0635c                leWidget_New
 .text.leWidget_Delete
                0x23f06380       0x28 build/lcdc_rgba888_mxt_9x60_wvga/debug/_ext/261620856/legato_widget.o
                0x23f06380                leWidget_Delete
 .text.no_conv  0x23f063a8        0x4 build/lcdc_rgba888_mxt_9x60_wvga/debug/_ext/305146849/legato_color_convert.o
 .text.gs8_rgb332
                0x23f063ac       0x10 build/lcdc_rgba888_mxt_9x60_wvga/debug/_ext/305146849/legato_color_convert.o
 .text.gs8_rgb565
                0x23f063bc       0x20 build/lcdc_rgba888_mxt_9x60_wvga/debug/_ext/305146849/legato_color_convert.o
 .text.gs8_rgba5551
                0x23f063dc       0x28 build/lcdc_rgba888_mxt_9x60_wvga/debug/_ext/305146849/legato_color_convert.o
 .text.gs8_rgb888
                0x23f06404       0x10 build/lcdc_rgba888_mxt_9x60_wvga/debug/_ext/305146849/legato_color_convert.o
 .text.gs8_rgba8888
                0x23f06414       0x14 build/lcdc_rgba888_mxt_9x60_wvga/debug/_ext/305146849/legato_color_convert.o
 .text.gs8_argb8888
                0x23f06428       0x14 build/lcdc_rgba888_mxt_9x60_wvga/debug/_ext/305146849/legato_color_convert.o
 .text.gs8_mono
                0x23f0643c       0x10 build/lcdc_rgba888_mxt_9x60_wvga/debug/_ext/305146849/legato_color_convert.o
 .text.rgb332_rgb565
                0x23f0644c       0x2c build/lcdc_rgba888_mxt_9x60_wvga/debug/_ext/305146849/legato_color_convert.o
 .text.rgb332_rgba5551
                0x23f06478       0x2c build/lcdc_rgba888_mxt_9x60_wvga/debug/_ext/305146849/legato_color_convert.o
 .text.rgb332_rgb888
                0x23f064a4       0x30 build/lcdc_rgba888_mxt_9x60_wvga/debug/_ext/305146849/legato_color_convert.o
 .text.rgb332_rgba8888
                0x23f064d4       0x2c build/lcdc_rgba888_mxt_9x60_wvga/debug/_ext/305146849/legato_color_convert.o
 .text.rgb332_argb8888
                0x23f06500       0x30 build/lcdc_rgba888_mxt_9x60_wvga/debug/_ext/305146849/legato_color_convert.o
 .text.rgb565_rgb332
                0x23f06530       0x20 build/lcdc_rgba888_mxt_9x60_wvga/debug/_ext/305146849/legato_color_convert.o
 .text.rgb565_rgba5551
                0x23f06550       0x20 build/lcdc_rgba888_mxt_9x60_wvga/debug/_ext/305146849/legato_color_convert.o
 .text.rgb565_rgb888
                0x23f06570       0x24 build/lcdc_rgba888_mxt_9x60_wvga/debug/_ext/305146849/legato_color_convert.o
 .text.rgb565_rgba8888
                0x23f06594       0x24 build/lcdc_rgba888_mxt_9x60_wvga/debug/_ext/305146849/legato_color_convert.o
 .text.rgb565_argb8888
                0x23f065b8       0x28 build/lcdc_rgba888_mxt_9x60_wvga/debug/_ext/305146849/legato_color_convert.o
 .text.rgba5551_gs8
                0x23f065e0        0x4 build/lcdc_rgba888_mxt_9x60_wvga/debug/_ext/305146849/legato_color_convert.o
 .text.rgba5551_rgb332
                0x23f065e4       0x20 build/lcdc_rgba888_mxt_9x60_wvga/debug/_ext/305146849/legato_color_convert.o
 .text.rgba5551_rgb565
                0x23f06604       0x1c build/lcdc_rgba888_mxt_9x60_wvga/debug/_ext/305146849/legato_color_convert.o
 .text.rgba5551_rgb888
                0x23f06620       0x30 build/lcdc_rgba888_mxt_9x60_wvga/debug/_ext/305146849/legato_color_convert.o
 .text.rgba5551_rgba8888
                0x23f06650       0x40 build/lcdc_rgba888_mxt_9x60_wvga/debug/_ext/305146849/legato_color_convert.o
 .text.rgba5551_argb8888
                0x23f06690       0x40 build/lcdc_rgba888_mxt_9x60_wvga/debug/_ext/305146849/legato_color_convert.o
 .text.rgb888_gs8
                0x23f066d0        0x4 build/lcdc_rgba888_mxt_9x60_wvga/debug/_ext/305146849/legato_color_convert.o
 .text.rgb888_rgb332
                0x23f066d4       0x24 build/lcdc_rgba888_mxt_9x60_wvga/debug/_ext/305146849/legato_color_convert.o
 .text.rgb888_rgb565
                0x23f066f8       0x20 build/lcdc_rgba888_mxt_9x60_wvga/debug/_ext/305146849/legato_color_convert.o
 .text.rgb888_rgba5551
                0x23f06718       0x28 build/lcdc_rgba888_mxt_9x60_wvga/debug/_ext/305146849/legato_color_convert.o
 .text.rgb888_rgba8888
                0x23f06740        0xc build/lcdc_rgba888_mxt_9x60_wvga/debug/_ext/305146849/legato_color_convert.o
 .text.rgb888_argb8888
                0x23f0674c        0x8 build/lcdc_rgba888_mxt_9x60_wvga/debug/_ext/305146849/legato_color_convert.o
 .text.rgba8888_gs8
                0x23f06754        0x4 build/lcdc_rgba888_mxt_9x60_wvga/debug/_ext/305146849/legato_color_convert.o
 .text.rgba8888_rgb332
                0x23f06758       0x20 build/lcdc_rgba888_mxt_9x60_wvga/debug/_ext/305146849/legato_color_convert.o
 .text.rgba8888_rgb565
                0x23f06778       0x20 build/lcdc_rgba888_mxt_9x60_wvga/debug/_ext/305146849/legato_color_convert.o
 .text.rgba8888_rgba5551
                0x23f06798       0x34 build/lcdc_rgba888_mxt_9x60_wvga/debug/_ext/305146849/legato_color_convert.o
 .text.rgba8888_rgb888
                0x23f067cc        0x8 build/lcdc_rgba888_mxt_9x60_wvga/debug/_ext/305146849/legato_color_convert.o
 .text.rgba8888_argb8888
                0x23f067d4        0x8 build/lcdc_rgba888_mxt_9x60_wvga/debug/_ext/305146849/legato_color_convert.o
 .text.argb8888_rgba5551
                0x23f067dc       0x34 build/lcdc_rgba888_mxt_9x60_wvga/debug/_ext/305146849/legato_color_convert.o
 .text.argb8888_rgb888
                0x23f06810        0x8 build/lcdc_rgba888_mxt_9x60_wvga/debug/_ext/305146849/legato_color_convert.o
 .text.argb8888_rgba8888
                0x23f06818        0x8 build/lcdc_rgba888_mxt_9x60_wvga/debug/_ext/305146849/legato_color_convert.o
 .text.rgb565_gs8
                0x23f06820       0x54 build/lcdc_rgba888_mxt_9x60_wvga/debug/_ext/305146849/legato_color_convert.o
 .text.rgb332_gs8
                0x23f06874       0x54 build/lcdc_rgba888_mxt_9x60_wvga/debug/_ext/305146849/legato_color_convert.o
 .text.leColorConvert
                0x23f068c8       0x28 build/lcdc_rgba888_mxt_9x60_wvga/debug/_ext/305146849/legato_color_convert.o
                0x23f068c8                leColorConvert
 .text.SYS_INT_Disable
                0x23f068f0        0xc build/lcdc_rgba888_mxt_9x60_wvga/debug/_ext/1826491803/sys_int.o
                0x23f068f0                SYS_INT_Disable
 .text.SYS_INT_Restore
                0x23f068fc        0xc build/lcdc_rgba888_mxt_9x60_wvga/debug/_ext/1826491803/sys_int.o
                0x23f068fc                SYS_INT_Restore
 .text.SYS_INT_SourceIsEnabled
                0x23f06908       0x28 build/lcdc_rgba888_mxt_9x60_wvga/debug/_ext/1826491803/sys_int.o
                0x23f06908                SYS_INT_SourceIsEnabled
 .text.SYS_INT_SourceEnable
                0x23f06930       0x28 build/lcdc_rgba888_mxt_9x60_wvga/debug/_ext/1826491803/sys_int.o
                0x23f06930                SYS_INT_SourceEnable
 .text.SYS_INT_SourceDisable
                0x23f06958       0x3c build/lcdc_rgba888_mxt_9x60_wvga/debug/_ext/1826491803/sys_int.o
                0x23f06958                SYS_INT_SourceDisable
 .text.SYS_INT_SourceRestore
                0x23f06994       0x30 build/lcdc_rgba888_mxt_9x60_wvga/debug/_ext/1826491803/sys_int.o
                0x23f06994                SYS_INT_SourceRestore
 .text.leFixedHeap_Init
                0x23f069c4       0xb0 build/lcdc_rgba888_mxt_9x60_wvga/debug/_ext/28088523/legato_fixedheap.o
                0x23f069c4                leFixedHeap_Init
 .text.leFixedHeap_Alloc
                0x23f06a74       0x48 build/lcdc_rgba888_mxt_9x60_wvga/debug/_ext/28088523/legato_fixedheap.o
                0x23f06a74                leFixedHeap_Alloc
 .text.leFixedHeap_Free
                0x23f06abc       0x1c build/lcdc_rgba888_mxt_9x60_wvga/debug/_ext/28088523/legato_fixedheap.o
                0x23f06abc                leFixedHeap_Free
 .text.leFixedHeap_Contains
                0x23f06ad8       0x60 build/lcdc_rgba888_mxt_9x60_wvga/debug/_ext/28088523/legato_fixedheap.o
                0x23f06ad8                leFixedHeap_Contains
 .text._shuffleRight
                0x23f06b38       0x78 build/lcdc_rgba888_mxt_9x60_wvga/debug/_ext/109670485/legato_array.o
 .text._shuffleLeft
                0x23f06bb0       0x5c build/lcdc_rgba888_mxt_9x60_wvga/debug/_ext/109670485/legato_array.o
 .text.leArray_Create
                0x23f06c0c       0x1c build/lcdc_rgba888_mxt_9x60_wvga/debug/_ext/109670485/legato_array.o
                0x23f06c0c                leArray_Create
 .text.leArray_Resize
                0x23f06c28       0x70 build/lcdc_rgba888_mxt_9x60_wvga/debug/_ext/109670485/legato_array.o
                0x23f06c28                leArray_Resize
 .text.leArray_PushBack
                0x23f06c98       0x60 build/lcdc_rgba888_mxt_9x60_wvga/debug/_ext/109670485/legato_array.o
                0x23f06c98                leArray_PushBack
 .text.leArray_InsertAt
                0x23f06cf8       0x9c build/lcdc_rgba888_mxt_9x60_wvga/debug/_ext/109670485/legato_array.o
                0x23f06cf8                leArray_InsertAt
 .text.leArray_RemoveAt
                0x23f06d94       0x38 build/lcdc_rgba888_mxt_9x60_wvga/debug/_ext/109670485/legato_array.o
                0x23f06d94                leArray_RemoveAt
 .text.leArray_Get
                0x23f06dcc       0x18 build/lcdc_rgba888_mxt_9x60_wvga/debug/_ext/109670485/legato_array.o
                0x23f06dcc                leArray_Get
 .text.leArray_Find
                0x23f06de4       0x68 build/lcdc_rgba888_mxt_9x60_wvga/debug/_ext/109670485/legato_array.o
                0x23f06de4                leArray_Find
 .text.leArray_Remove
                0x23f06e4c       0x58 build/lcdc_rgba888_mxt_9x60_wvga/debug/_ext/109670485/legato_array.o
                0x23f06e4c                leArray_Remove
 .text.leArray_Clear
                0x23f06ea4       0x38 build/lcdc_rgba888_mxt_9x60_wvga/debug/_ext/109670485/legato_array.o
                0x23f06ea4                leArray_Clear
 .text.leStringRenderer_DrawString
                0x23f06edc      0x290 build/lcdc_rgba888_mxt_9x60_wvga/debug/_ext/157682245/legato_string_renderer.o
                0x23f06edc                leStringRenderer_DrawString
 .text.CLK_Initialize
                0x23f0716c       0xb4 build/lcdc_rgba888_mxt_9x60_wvga/debug/_ext/4988870/plib_clk.o
                0x23f0716c                CLK_Initialize
 .text.stage_FrameBufferWrite
                0x23f07220       0x24 build/lcdc_rgba888_mxt_9x60_wvga/debug/_ext/1872342336/legato_imagedecoder_raw_write.o
 .text.stage_ImageWrite
                0x23f07244       0x28 build/lcdc_rgba888_mxt_9x60_wvga/debug/_ext/1872342336/legato_imagedecoder_raw_write.o
 .text._leRawImageDecoder_FrameBufferWriteStage
                0x23f0726c       0x30 build/lcdc_rgba888_mxt_9x60_wvga/debug/_ext/1872342336/legato_imagedecoder_raw_write.o
                0x23f0726c                _leRawImageDecoder_FrameBufferWriteStage
 .text._leRawImageDecoder_ImageWriteStage
                0x23f0729c       0x30 build/lcdc_rgba888_mxt_9x60_wvga/debug/_ext/1872342336/legato_imagedecoder_raw_write.o
                0x23f0729c                _leRawImageDecoder_ImageWriteStage
 .text.decodeASCII
                0x23f072cc       0x18 build/lcdc_rgba888_mxt_9x60_wvga/debug/_ext/157682245/legato_stringutils.o
 .text.decodeUTF8
                0x23f072e4      0x1f8 build/lcdc_rgba888_mxt_9x60_wvga/debug/_ext/157682245/legato_stringutils.o
 .text.decodeUTF16
                0x23f074dc       0x80 build/lcdc_rgba888_mxt_9x60_wvga/debug/_ext/157682245/legato_stringutils.o
 .text.leDecodeCodePoint
                0x23f0755c       0x2c build/lcdc_rgba888_mxt_9x60_wvga/debug/_ext/157682245/legato_stringutils.o
                0x23f0755c                leDecodeCodePoint
 .text.leStringUtils_KerningRect
                0x23f07588       0x44 build/lcdc_rgba888_mxt_9x60_wvga/debug/_ext/157682245/legato_stringutils.o
                0x23f07588                leStringUtils_KerningRect
 .text.icache_InvalidateAll
                0x23f075cc        0xc build/lcdc_rgba888_mxt_9x60_wvga/debug/_ext/4998521/plib_mmu.o
                0x23f075cc                icache_InvalidateAll
 .text.icache_Enable
                0x23f075d8       0x20 build/lcdc_rgba888_mxt_9x60_wvga/debug/_ext/4998521/plib_mmu.o
                0x23f075d8                icache_Enable
 .text.dcache_InvalidateAll
                0x23f075f8       0x38 build/lcdc_rgba888_mxt_9x60_wvga/debug/_ext/4998521/plib_mmu.o
                0x23f075f8                dcache_InvalidateAll
 .text.dcache_Enable
                0x23f07630       0x20 build/lcdc_rgba888_mxt_9x60_wvga/debug/_ext/4998521/plib_mmu.o
                0x23f07630                dcache_Enable
 .text.MMU_Initialize
                0x23f07650      0x244 build/lcdc_rgba888_mxt_9x60_wvga/debug/_ext/4998521/plib_mmu.o
                0x23f07650                MMU_Initialize
 .text.SYS_INP_Init
                0x23f07894       0x44 build/lcdc_rgba888_mxt_9x60_wvga/debug/_ext/1414187873/sys_input.o
                0x23f07894                SYS_INP_Init
 .text.SYS_INP_Tasks
                0x23f078d8      0x1dc build/lcdc_rgba888_mxt_9x60_wvga/debug/_ext/1414187873/sys_input.o
                0x23f078d8                SYS_INP_Tasks
 .text.SYS_INP_AddListener
                0x23f07ab4       0x84 build/lcdc_rgba888_mxt_9x60_wvga/debug/_ext/1414187873/sys_input.o
                0x23f07ab4                SYS_INP_AddListener
 .text.SYS_INP_InjectTouchDown
                0x23f07b38       0x54 build/lcdc_rgba888_mxt_9x60_wvga/debug/_ext/1414187873/sys_input.o
                0x23f07b38                SYS_INP_InjectTouchDown
 .text.SYS_INP_InjectTouchUp
                0x23f07b8c       0x54 build/lcdc_rgba888_mxt_9x60_wvga/debug/_ext/1414187873/sys_input.o
                0x23f07b8c                SYS_INP_InjectTouchUp
 .text.SYS_INP_InjectTouchMove
                0x23f07be0       0x54 build/lcdc_rgba888_mxt_9x60_wvga/debug/_ext/1414187873/sys_input.o
                0x23f07be0                SYS_INP_InjectTouchMove
 .text.leWidget_SkinClassic_FillRoundCornerRect
                0x23f07c34      0x2b4 build/lcdc_rgba888_mxt_9x60_wvga/debug/_ext/261620856/legato_widget_skin_classic_common.o
                0x23f07c34                leWidget_SkinClassic_FillRoundCornerRect
 .text.leWidget_SkinClassic_DrawBackground
                0x23f07ee8       0x68 build/lcdc_rgba888_mxt_9x60_wvga/debug/_ext/261620856/legato_widget_skin_classic_common.o
                0x23f07ee8                leWidget_SkinClassic_DrawBackground
 .text.leWidget_SkinClassic_DrawRoundCornerBackground
                0x23f07f50       0x40 build/lcdc_rgba888_mxt_9x60_wvga/debug/_ext/261620856/legato_widget_skin_classic_common.o
                0x23f07f50                leWidget_SkinClassic_DrawRoundCornerBackground
 .text.leWidget_SkinClassic_DrawStandardBackground
                0x23f07f90       0x38 build/lcdc_rgba888_mxt_9x60_wvga/debug/_ext/261620856/legato_widget_skin_classic_common.o
                0x23f07f90                leWidget_SkinClassic_DrawStandardBackground
 .text.leWidget_SkinClassic_DrawRoundCornerLineBorder
                0x23f07fc8      0x250 build/lcdc_rgba888_mxt_9x60_wvga/debug/_ext/261620856/legato_widget_skin_classic_common.o
                0x23f07fc8                leWidget_SkinClassic_DrawRoundCornerLineBorder
 .text.leWidget_SkinClassic_DrawLineBorder
                0x23f08218       0xa4 build/lcdc_rgba888_mxt_9x60_wvga/debug/_ext/261620856/legato_widget_skin_classic_common.o
                0x23f08218                leWidget_SkinClassic_DrawLineBorder
 .text.leWidget_SkinClassic_Draw2x2BeveledBorder
                0x23f082bc      0x150 build/lcdc_rgba888_mxt_9x60_wvga/debug/_ext/261620856/legato_widget_skin_classic_common.o
                0x23f082bc                leWidget_SkinClassic_Draw2x2BeveledBorder
 .text.leWidget_SkinClassic_Draw1x2BeveledBorder
                0x23f0840c      0x104 build/lcdc_rgba888_mxt_9x60_wvga/debug/_ext/261620856/legato_widget_skin_classic_common.o
                0x23f0840c                leWidget_SkinClassic_Draw1x2BeveledBorder
 .text.leWidget_SkinClassic_DrawStandardLineBorder
                0x23f08510       0x74 build/lcdc_rgba888_mxt_9x60_wvga/debug/_ext/261620856/legato_widget_skin_classic_common.o
                0x23f08510                leWidget_SkinClassic_DrawStandardLineBorder
 .text.leWidget_SkinClassic_DrawStandardRaisedBorder
                0x23f08584       0x80 build/lcdc_rgba888_mxt_9x60_wvga/debug/_ext/261620856/legato_widget_skin_classic_common.o
                0x23f08584                leWidget_SkinClassic_DrawStandardRaisedBorder
 .text.leWidget_SkinClassic_DrawStandardLoweredBorder
                0x23f08604       0x80 build/lcdc_rgba888_mxt_9x60_wvga/debug/_ext/261620856/legato_widget_skin_classic_common.o
                0x23f08604                leWidget_SkinClassic_DrawStandardLoweredBorder
 .text.leWidget_SkinClassic_DrawStandardHybridBorder
                0x23f08684       0x6c build/lcdc_rgba888_mxt_9x60_wvga/debug/_ext/261620856/legato_widget_skin_classic_common.o
                0x23f08684                leWidget_SkinClassic_DrawStandardHybridBorder
 .text.leWidget_SkinClassic_InvalidateBorderAreas
                0x23f086f0      0x1a0 build/lcdc_rgba888_mxt_9x60_wvga/debug/_ext/261620856/legato_widget_skin_classic_common.o
                0x23f086f0                leWidget_SkinClassic_InvalidateBorderAreas
 .text.stage_BlendRGBA5551
                0x23f08890       0x1c build/lcdc_rgba888_mxt_9x60_wvga/debug/_ext/1872342336/legato_imagedecoder_raw_blend.o
 .text.stage_BlendARGB8888
                0x23f088ac       0x70 build/lcdc_rgba888_mxt_9x60_wvga/debug/_ext/1872342336/legato_imagedecoder_raw_blend.o
 .text.stage_BlendRGBA8888
                0x23f0891c       0x70 build/lcdc_rgba888_mxt_9x60_wvga/debug/_ext/1872342336/legato_imagedecoder_raw_blend.o
 .text._leRawImageDecoder_BlendStage_Internal
                0x23f0898c       0xa0 build/lcdc_rgba888_mxt_9x60_wvga/debug/_ext/1872342336/legato_imagedecoder_raw_blend.o
                0x23f0898c                _leRawImageDecoder_BlendStage_Internal
 .text.stage_rejectMaskedColor
                0x23f08a2c       0x24 build/lcdc_rgba888_mxt_9x60_wvga/debug/_ext/1872342336/legato_imagedecoder_raw_mask.o
 .text._leRawImageDecoder_MaskStage_Internal
                0x23f08a50       0x2c build/lcdc_rgba888_mxt_9x60_wvga/debug/_ext/1872342336/legato_imagedecoder_raw_mask.o
                0x23f08a50                _leRawImageDecoder_MaskStage_Internal
 .text.leRectContainsPoint
                0x23f08a7c       0x60 build/lcdc_rgba888_mxt_9x60_wvga/debug/_ext/305146849/legato_rect.o
                0x23f08a7c                leRectContainsPoint
 .text.leRectContainsRect
                0x23f08adc       0x70 build/lcdc_rgba888_mxt_9x60_wvga/debug/_ext/305146849/legato_rect.o
                0x23f08adc                leRectContainsRect
 .text.leRectIntersects
                0x23f08b4c       0x70 build/lcdc_rgba888_mxt_9x60_wvga/debug/_ext/305146849/legato_rect.o
                0x23f08b4c                leRectIntersects
 .text.leRectCombine
                0x23f08bbc       0x88 build/lcdc_rgba888_mxt_9x60_wvga/debug/_ext/305146849/legato_rect.o
                0x23f08bbc                leRectCombine
 .text.leRectClipAdj
                0x23f08c44      0x180 build/lcdc_rgba888_mxt_9x60_wvga/debug/_ext/305146849/legato_rect.o
                0x23f08c44                leRectClipAdj
 .text.leRectClip
                0x23f08dc4       0xa0 build/lcdc_rgba888_mxt_9x60_wvga/debug/_ext/305146849/legato_rect.o
                0x23f08dc4                leRectClip
 .text.leRectCompare
                0x23f08e64       0x60 build/lcdc_rgba888_mxt_9x60_wvga/debug/_ext/305146849/legato_rect.o
                0x23f08e64                leRectCompare
 .text.leRectsAreSimilar
                0x23f08ec4       0xcc build/lcdc_rgba888_mxt_9x60_wvga/debug/_ext/305146849/legato_rect.o
                0x23f08ec4                leRectsAreSimilar
 .text.nextState
                0x23f08f90       0xec build/lcdc_rgba888_mxt_9x60_wvga/debug/_ext/1197524732/legato_widget_image_skin_classic.o
 .text.drawBorder
                0x23f0907c       0x4c build/lcdc_rgba888_mxt_9x60_wvga/debug/_ext/1197524732/legato_widget_image_skin_classic.o
 .text.drawBackground
                0x23f090c8       0x24 build/lcdc_rgba888_mxt_9x60_wvga/debug/_ext/1197524732/legato_widget_image_skin_classic.o
 .text._leImageWidget_GetImageRect
                0x23f090ec       0xb4 build/lcdc_rgba888_mxt_9x60_wvga/debug/_ext/1197524732/legato_widget_image_skin_classic.o
                0x23f090ec                _leImageWidget_GetImageRect
 .text.drawImage
                0x23f091a0       0x74 build/lcdc_rgba888_mxt_9x60_wvga/debug/_ext/1197524732/legato_widget_image_skin_classic.o
 .text._leImageWidget_Paint
                0x23f09214       0x44 build/lcdc_rgba888_mxt_9x60_wvga/debug/_ext/1197524732/legato_widget_image_skin_classic.o
                0x23f09214                _leImageWidget_Paint
 .text.leRenderer_RectFill
                0x23f09258       0x6c build/lcdc_rgba888_mxt_9x60_wvga/debug/_ext/1081070089/legato_draw_rect.o
                0x23f09258                leRenderer_RectFill
 .text.readBitsFromStream
                0x23f092c4       0x50 build/lcdc_rgba888_mxt_9x60_wvga/debug/_ext/1872343871/lodepng.o
 .text.huffmanDecodeSymbol
                0x23f09314       0x64 build/lcdc_rgba888_mxt_9x60_wvga/debug/_ext/1872343871/lodepng.o
 .text.readBitFromReversedStream
                0x23f09378       0x24 build/lcdc_rgba888_mxt_9x60_wvga/debug/_ext/1872343871/lodepng.o
 .text.readBitsFromReversedStream
                0x23f0939c       0x48 build/lcdc_rgba888_mxt_9x60_wvga/debug/_ext/1872343871/lodepng.o
 .text.getNumColorChannels
                0x23f093e4       0x50 build/lcdc_rgba888_mxt_9x60_wvga/debug/_ext/1872343871/lodepng.o
 .text.lodepng_color_mode_equal
                0x23f09434      0x120 build/lcdc_rgba888_mxt_9x60_wvga/debug/_ext/1872343871/lodepng.o
 .text.addColorBits
                0x23f09554       0x50 build/lcdc_rgba888_mxt_9x60_wvga/debug/_ext/1872343871/lodepng.o
 .text.getPixelColorsRGBA8
                0x23f095a4      0x51c build/lcdc_rgba888_mxt_9x60_wvga/debug/_ext/1872343871/lodepng.o
 .text.Adam7_getpassvalues
                0x23f09ac0      0x18c build/lcdc_rgba888_mxt_9x60_wvga/debug/_ext/1872343871/lodepng.o
 .text.unfilter
                0x23f09c4c      0x424 build/lcdc_rgba888_mxt_9x60_wvga/debug/_ext/1872343871/lodepng.o
 .text.removePaddingBits
                0x23f0a070       0xa4 build/lcdc_rgba888_mxt_9x60_wvga/debug/_ext/1872343871/lodepng.o
 .text.ucvector_reserve
                0x23f0a114       0x58 build/lcdc_rgba888_mxt_9x60_wvga/debug/_ext/1872343871/lodepng.o
 .text.ucvector_resize
                0x23f0a16c       0x20 build/lcdc_rgba888_mxt_9x60_wvga/debug/_ext/1872343871/lodepng.o
 .text.ucvector_push_back
                0x23f0a18c       0x34 build/lcdc_rgba888_mxt_9x60_wvga/debug/_ext/1872343871/lodepng.o
 .text.color_tree_cleanup
                0x23f0a1c0       0x34 build/lcdc_rgba888_mxt_9x60_wvga/debug/_ext/1872343871/lodepng.o
 .text.LodePNGIText_cleanup
                0x23f0a1f4       0x90 build/lcdc_rgba888_mxt_9x60_wvga/debug/_ext/1872343871/lodepng.o
 .text.LodePNGText_cleanup
                0x23f0a284       0x60 build/lcdc_rgba888_mxt_9x60_wvga/debug/_ext/1872343871/lodepng.o
 .text.HuffmanTree_cleanup
                0x23f0a2e4       0x24 build/lcdc_rgba888_mxt_9x60_wvga/debug/_ext/1872343871/lodepng.o
 .text.string_set
                0x23f0a308       0x68 build/lcdc_rgba888_mxt_9x60_wvga/debug/_ext/1872343871/lodepng.o
 .text.string_init
                0x23f0a370       0x2c build/lcdc_rgba888_mxt_9x60_wvga/debug/_ext/1872343871/lodepng.o
 .text.uivector_reserve
                0x23f0a39c       0x58 build/lcdc_rgba888_mxt_9x60_wvga/debug/_ext/1872343871/lodepng.o
 .text.HuffmanTree_makeFromLengths
                0x23f0a3f4      0x424 build/lcdc_rgba888_mxt_9x60_wvga/debug/_ext/1872343871/lodepng.o
 .text.lodepng_read32bitInt
                0x23f0a818       0x24 build/lcdc_rgba888_mxt_9x60_wvga/debug/_ext/1872343871/lodepng.o
                0x23f0a818                lodepng_read32bitInt
 .text.lodepng_inflate
                0x23f0a83c      0x998 build/lcdc_rgba888_mxt_9x60_wvga/debug/_ext/1872343871/lodepng.o
                0x23f0a83c                lodepng_inflate
 .text.lodepng_zlib_decompress
                0x23f0b1d4      0x198 build/lcdc_rgba888_mxt_9x60_wvga/debug/_ext/1872343871/lodepng.o
                0x23f0b1d4                lodepng_zlib_decompress
 .text.zlib_decompress
                0x23f0b36c       0x34 build/lcdc_rgba888_mxt_9x60_wvga/debug/_ext/1872343871/lodepng.o
 .text.lodepng_crc32
                0x23f0b3a0       0x4c build/lcdc_rgba888_mxt_9x60_wvga/debug/_ext/1872343871/lodepng.o
                0x23f0b3a0                lodepng_crc32
 .text.lodepng_chunk_type_equals
                0x23f0b3ec       0x80 build/lcdc_rgba888_mxt_9x60_wvga/debug/_ext/1872343871/lodepng.o
                0x23f0b3ec                lodepng_chunk_type_equals
 .text.lodepng_chunk_check_crc
                0x23f0b46c       0x38 build/lcdc_rgba888_mxt_9x60_wvga/debug/_ext/1872343871/lodepng.o
                0x23f0b46c                lodepng_chunk_check_crc
 .text.lodepng_chunk_next_const
                0x23f0b4a4       0x18 build/lcdc_rgba888_mxt_9x60_wvga/debug/_ext/1872343871/lodepng.o
                0x23f0b4a4                lodepng_chunk_next_const
 .text.lodepng_chunk_append
                0x23f0b4bc       0xa4 build/lcdc_rgba888_mxt_9x60_wvga/debug/_ext/1872343871/lodepng.o
                0x23f0b4bc                lodepng_chunk_append
 .text.lodepng_color_mode_init
                0x23f0b560       0x30 build/lcdc_rgba888_mxt_9x60_wvga/debug/_ext/1872343871/lodepng.o
                0x23f0b560                lodepng_color_mode_init
 .text.lodepng_palette_clear
                0x23f0b590       0x28 build/lcdc_rgba888_mxt_9x60_wvga/debug/_ext/1872343871/lodepng.o
                0x23f0b590                lodepng_palette_clear
 .text.lodepng_color_mode_copy
                0x23f0b5b8       0x98 build/lcdc_rgba888_mxt_9x60_wvga/debug/_ext/1872343871/lodepng.o
                0x23f0b5b8                lodepng_color_mode_copy
 .text.lodepng_get_bpp
                0x23f0b650       0x1c build/lcdc_rgba888_mxt_9x60_wvga/debug/_ext/1872343871/lodepng.o
                0x23f0b650                lodepng_get_bpp
 .text.lodepng_get_raw_size_idat
                0x23f0b66c       0x34 build/lcdc_rgba888_mxt_9x60_wvga/debug/_ext/1872343871/lodepng.o
 .text.lodepng_get_raw_size
                0x23f0b6a0       0x38 build/lcdc_rgba888_mxt_9x60_wvga/debug/_ext/1872343871/lodepng.o
                0x23f0b6a0                lodepng_get_raw_size
 .text.lodepng_add_text
                0x23f0b6d8       0xcc build/lcdc_rgba888_mxt_9x60_wvga/debug/_ext/1872343871/lodepng.o
                0x23f0b6d8                lodepng_add_text
 .text.lodepng_add_itext
                0x23f0b7a4      0x17c build/lcdc_rgba888_mxt_9x60_wvga/debug/_ext/1872343871/lodepng.o
                0x23f0b7a4                lodepng_add_itext
 .text.lodepng_info_init
                0x23f0b920       0x74 build/lcdc_rgba888_mxt_9x60_wvga/debug/_ext/1872343871/lodepng.o
                0x23f0b920                lodepng_info_init
 .text.lodepng_info_cleanup
                0x23f0b994       0x3c build/lcdc_rgba888_mxt_9x60_wvga/debug/_ext/1872343871/lodepng.o
                0x23f0b994                lodepng_info_cleanup
 .text.lodepng_convert
                0x23f0b9d0      0xbb8 build/lcdc_rgba888_mxt_9x60_wvga/debug/_ext/1872343871/lodepng.o
                0x23f0b9d0                lodepng_convert
 .text.lodepng_inspect
                0x23f0c588      0x290 build/lcdc_rgba888_mxt_9x60_wvga/debug/_ext/1872343871/lodepng.o
                0x23f0c588                lodepng_inspect
 .text.lodepng_decode
                0x23f0c818     0x1740 build/lcdc_rgba888_mxt_9x60_wvga/debug/_ext/1872343871/lodepng.o
                0x23f0c818                lodepng_decode
 .text.lodepng_decoder_settings_init
                0x23f0df58       0x2c build/lcdc_rgba888_mxt_9x60_wvga/debug/_ext/1872343871/lodepng.o
                0x23f0df58                lodepng_decoder_settings_init
 .text.lodepng_state_init
                0x23f0df84       0x28 build/lcdc_rgba888_mxt_9x60_wvga/debug/_ext/1872343871/lodepng.o
                0x23f0df84                lodepng_state_init
 .text.lodepng_state_cleanup
                0x23f0dfac       0x1c build/lcdc_rgba888_mxt_9x60_wvga/debug/_ext/1872343871/lodepng.o
                0x23f0dfac                lodepng_state_cleanup
 .text.lodepng_decode_memory
                0x23f0dfc8       0x68 build/lcdc_rgba888_mxt_9x60_wvga/debug/_ext/1872343871/lodepng.o
                0x23f0dfc8                lodepng_decode_memory
 .text.nextState
                0x23f0e030      0x140 build/lcdc_rgba888_mxt_9x60_wvga/debug/_ext/1339002025/legato_widget_button_skin_classic.o
 .text.drawBorder
                0x23f0e170       0x68 build/lcdc_rgba888_mxt_9x60_wvga/debug/_ext/1339002025/legato_widget_button_skin_classic.o
 .text.drawBackground
                0x23f0e1d8       0x54 build/lcdc_rgba888_mxt_9x60_wvga/debug/_ext/1339002025/legato_widget_button_skin_classic.o
 .text._leButtonWidget_GetImageRect
                0x23f0e22c      0x160 build/lcdc_rgba888_mxt_9x60_wvga/debug/_ext/1339002025/legato_widget_button_skin_classic.o
                0x23f0e22c                _leButtonWidget_GetImageRect
 .text.drawImage
                0x23f0e38c       0x5c build/lcdc_rgba888_mxt_9x60_wvga/debug/_ext/1339002025/legato_widget_button_skin_classic.o
 .text._leButtonWidget_GetTextRects
                0x23f0e3e8      0x184 build/lcdc_rgba888_mxt_9x60_wvga/debug/_ext/1339002025/legato_widget_button_skin_classic.o
                0x23f0e3e8                _leButtonWidget_GetTextRects
 .text.drawString
                0x23f0e56c       0xa0 build/lcdc_rgba888_mxt_9x60_wvga/debug/_ext/1339002025/legato_widget_button_skin_classic.o
 .text._leButtonWidget_InvalidateBorderAreas
                0x23f0e60c      0x1a4 build/lcdc_rgba888_mxt_9x60_wvga/debug/_ext/1339002025/legato_widget_button_skin_classic.o
                0x23f0e60c                _leButtonWidget_InvalidateBorderAreas
 .text._leButtonWidget_Paint
                0x23f0e7b0       0x44 build/lcdc_rgba888_mxt_9x60_wvga/debug/_ext/1339002025/legato_widget_button_skin_classic.o
                0x23f0e7b0                _leButtonWidget_Paint
 .text.APP_Initialize
                0x23f0e7f4       0x14 build/lcdc_rgba888_mxt_9x60_wvga/debug/_ext/1360937237/app.o
                0x23f0e7f4                APP_Initialize
 .text.APP_Tasks
                0x23f0e808       0x20 build/lcdc_rgba888_mxt_9x60_wvga/debug/_ext/1360937237/app.o
                0x23f0e808                APP_Tasks
 .text.PIO_Initialize
                0x23f0e828       0xf0 build/lcdc_rgba888_mxt_9x60_wvga/debug/_ext/5001274/plib_pio.o
                0x23f0e828                PIO_Initialize
 .text.leRenderer_HorzLine
                0x23f0e918       0xe4 build/lcdc_rgba888_mxt_9x60_wvga/debug/_ext/1081070089/legato_draw_line.o
                0x23f0e918                leRenderer_HorzLine
 .text.leRenderer_VertLine
                0x23f0e9fc       0xe4 build/lcdc_rgba888_mxt_9x60_wvga/debug/_ext/1081070089/legato_draw_line.o
                0x23f0e9fc                leRenderer_VertLine
 .text.leUtils_PickFromWidget
                0x23f0eae0       0xe4 build/lcdc_rgba888_mxt_9x60_wvga/debug/_ext/305146849/legato_utils.o
                0x23f0eae0                leUtils_PickFromWidget
 .text.leUtils_ClipRectToParent
                0x23f0ebc4       0x84 build/lcdc_rgba888_mxt_9x60_wvga/debug/_ext/305146849/legato_utils.o
                0x23f0ebc4                leUtils_ClipRectToParent
 .text.leUtils_RectToScreenSpace
                0x23f0ec48       0x44 build/lcdc_rgba888_mxt_9x60_wvga/debug/_ext/305146849/legato_utils.o
                0x23f0ec48                leUtils_RectToScreenSpace
 .text.leUtils_ClipRectToAncestors
                0x23f0ec8c       0x94 build/lcdc_rgba888_mxt_9x60_wvga/debug/_ext/305146849/legato_utils.o
                0x23f0ec8c                leUtils_ClipRectToAncestors
 .text.leUtils_ArrangeRectangle
                0x23f0ed20      0x280 build/lcdc_rgba888_mxt_9x60_wvga/debug/_ext/305146849/legato_utils.o
                0x23f0ed20                leUtils_ArrangeRectangle
 .text.leUtils_ArrangeRectangleRelative
                0x23f0efa0      0x2b0 build/lcdc_rgba888_mxt_9x60_wvga/debug/_ext/305146849/legato_utils.o
                0x23f0efa0                leUtils_ArrangeRectangleRelative
 .text.leUtils_GetSchemeLookupTable
                0x23f0f250       0x64 build/lcdc_rgba888_mxt_9x60_wvga/debug/_ext/305146849/legato_utils.o
                0x23f0f250                leUtils_GetSchemeLookupTable
 .text.BSP_Initialize
                0x23f0f2b4       0x20 build/lcdc_rgba888_mxt_9x60_wvga/debug/_ext/236556520/bsp.o
                0x23f0f2b4                BSP_Initialize
 .text.write    0x23f0f2d4        0x8 build/lcdc_rgba888_mxt_9x60_wvga/debug/_ext/286729486/xc32_monitor.o
                0x23f0f2d4                write
 .text.stage_convertColor
                0x23f0f2dc       0x2c build/lcdc_rgba888_mxt_9x60_wvga/debug/_ext/1872342336/legato_imagedecoder_raw_convert.o
 .text._leRawImageDecoder_ConvertStage
                0x23f0f308       0x90 build/lcdc_rgba888_mxt_9x60_wvga/debug/_ext/1872342336/legato_imagedecoder_raw_convert.o
                0x23f0f308                _leRawImageDecoder_ConvertStage
 .text._fixedHeapAlloc
                0x23f0f398       0x60 build/lcdc_rgba888_mxt_9x60_wvga/debug/_ext/28088523/legato_memory.o
 .text._findFixedHeapForPointer
                0x23f0f3f8       0x5c build/lcdc_rgba888_mxt_9x60_wvga/debug/_ext/28088523/legato_memory.o
 .text.leMemory_Init
                0x23f0f454       0xb0 build/lcdc_rgba888_mxt_9x60_wvga/debug/_ext/28088523/legato_memory.o
                0x23f0f454                leMemory_Init
 .text.leMalloc
                0x23f0f504       0x28 build/lcdc_rgba888_mxt_9x60_wvga/debug/_ext/28088523/legato_memory.o
                0x23f0f504                leMalloc
 .text.leFree   0x23f0f52c       0x6c build/lcdc_rgba888_mxt_9x60_wvga/debug/_ext/28088523/legato_memory.o
                0x23f0f52c                leFree
 .text.leRealloc
                0x23f0f598      0x25c build/lcdc_rgba888_mxt_9x60_wvga/debug/_ext/28088523/legato_memory.o
                0x23f0f598                leRealloc
 .text.leImage_InitDecoders
                0x23f0f7f4       0x30 build/lcdc_rgba888_mxt_9x60_wvga/debug/_ext/1381099687/legato_image.o
                0x23f0f7f4                leImage_InitDecoders
 .text.leImage_Create
                0x23f0f824       0x94 build/lcdc_rgba888_mxt_9x60_wvga/debug/_ext/1381099687/legato_image.o
                0x23f0f824                leImage_Create
 .text.leImage_Allocate
                0x23f0f8b8       0xb4 build/lcdc_rgba888_mxt_9x60_wvga/debug/_ext/1381099687/legato_image.o
                0x23f0f8b8                leImage_Allocate
 .text.leImage_Draw
                0x23f0f96c       0xd4 build/lcdc_rgba888_mxt_9x60_wvga/debug/_ext/1381099687/legato_image.o
                0x23f0f96c                leImage_Draw
 .text.drawGlyphRow8bpp
                0x23f0fa40       0xf8 build/lcdc_rgba888_mxt_9x60_wvga/debug/_ext/1618103421/legato_font.o
 .text.drawGlyphRow1bpp
                0x23f0fb38       0xd0 build/lcdc_rgba888_mxt_9x60_wvga/debug/_ext/1618103421/legato_font.o
 .text.drawGlyphRow8bppMono
                0x23f0fc08       0x5c build/lcdc_rgba888_mxt_9x60_wvga/debug/_ext/1618103421/legato_font.o
 .text.drawGlyphRow1bppMono
                0x23f0fc64       0x64 build/lcdc_rgba888_mxt_9x60_wvga/debug/_ext/1618103421/legato_font.o
 .text._drawUnknownGlyph
                0x23f0fcc8       0xf4 build/lcdc_rgba888_mxt_9x60_wvga/debug/_ext/1618103421/legato_font.o
 .text.leFont_GetGlyphInfo
                0x23f0fdbc       0xe0 build/lcdc_rgba888_mxt_9x60_wvga/debug/_ext/1618103421/legato_font.o
                0x23f0fdbc                leFont_GetGlyphInfo
 .text.leFont_DrawGlyphData
                0x23f0fe9c      0x12c build/lcdc_rgba888_mxt_9x60_wvga/debug/_ext/1618103421/legato_font.o
                0x23f0fe9c                leFont_DrawGlyphData
 .text.leFont_DrawGlyphData_Lookup
                0x23f0ffc8      0x300 build/lcdc_rgba888_mxt_9x60_wvga/debug/_ext/1618103421/legato_font.o